2020-06-04 20:28:36.290 start loading 'fmu10/fmu/cs/win64/RLC_2.fmu'

2020-06-04 20:28:36.398 load 'fmu10/fmu/cs/win64/RLC_2.fmu' successfully

2020-06-04 20:28:36.398 start connecting to InfluxDB 127.0.0.1 : 8086

2020-06-04 20:28:36.411 connect to InfluxDB 127.0.0.1 : 8086 successfully

2020-06-04 20:28:36.411 start instantiating fmu

2020-06-04 20:28:36.412 instantiate fmu successfully

2020-06-04 20:28:36.412 start initializing fmu

2020-06-04 20:28:36.412 initialize fmu successfully

2020-06-04 20:28:36.412 start setting inputs

2020-06-04 20:28:36.412 set inputs successfully

2020-06-04 20:28:36.412 FMU Simulator: run 'fmu10/fmu/cs/win64/RLC_2.fmu' from t=0..0.5 with step size h=0.1

2020-06-04 20:28:36.416 write initial data to InfluxDB successfully, status code is 204

2020-06-04 20:28:36.416 FMU simulate a step from t=0

2020-06-04 20:28:36.416 FMU simulate the step from t=0 successfully

2020-06-04 20:28:36.416 start writing data after this step to InfluxDB

2020-06-04 20:28:36.420 write initial data to InfluxDB successfully, status code is 204

2020-06-04 20:28:36.420 start obtaining value of specified variables

2020-06-04 20:28:36.420 obtain value of specified variables successfully

2020-06-04 20:28:36.420 FMU simulate a step from t=0.1

2020-06-04 20:28:36.421 FMU simulate the step from t=0.1 successfully

2020-06-04 20:28:36.421 start writing data after this step to InfluxDB

2020-06-04 20:28:36.425 write initial data to InfluxDB successfully, status code is 204

2020-06-04 20:28:36.425 start obtaining value of specified variables

2020-06-04 20:28:36.425 obtain value of specified variables successfully

2020-06-04 20:28:36.425 FMU simulate a step from t=0.2

2020-06-04 20:28:36.425 FMU simulate the step from t=0.2 successfully

2020-06-04 20:28:36.425 start writing data after this step to InfluxDB

2020-06-04 20:28:36.434 write initial data to InfluxDB successfully, status code is 204

2020-06-04 20:28:36.434 start obtaining value of specified variables

2020-06-04 20:28:36.434 obtain value of specified variables successfully

2020-06-04 20:28:36.434 FMU simulate a step from t=0.3

2020-06-04 20:28:36.435 FMU simulate the step from t=0.3 successfully

2020-06-04 20:28:36.435 start writing data after this step to InfluxDB

2020-06-04 20:28:36.436 write initial data to InfluxDB successfully, status code is 204

2020-06-04 20:28:36.437 start obtaining value of specified variables

2020-06-04 20:28:36.437 obtain value of specified variables successfully

2020-06-04 20:28:36.437 FMU simulate a step from t=0.4

2020-06-04 20:28:36.437 FMU simulate the step from t=0.4 successfully

2020-06-04 20:28:36.437 start writing data after this step to InfluxDB

2020-06-04 20:28:36.439 write initial data to InfluxDB successfully, status code is 204

2020-06-04 20:28:36.439 start obtaining value of specified variables

2020-06-04 20:28:36.439 obtain value of specified variables successfully

2020-06-04 20:28:36.440 end simulation successfully

2020-06-04 20:28:36.476 release 'fmu10/fmu/cs/win64/RLC_2.fmu' successfully

2020-06-04 20:28:36.476 disconnect from InfluxDB  127.0.0.1 : 8086 successfully

2020-06-07 17:59:21.925 start loading '<P'

2020-06-07 18:02:29.449 start loading 'Jt'

2020-06-07 18:13:13.435 start loading 'fmu10/fmu/cs/win64/RLC_2.fmu'

2020-06-07 18:13:13.530 load 'fmu10/fmu/cs/win64/RLC_2.fmu' successfully

2020-06-07 18:13:13.530 start connecting to InfluxDB 127.0.0.1 : 8086

2020-06-07 18:13:13.540 connect to InfluxDB 127.0.0.1 : 8086 successfully

2020-06-07 18:13:13.540 start instantiating fmu

2020-06-07 18:13:13.542 instantiate fmu successfully

2020-06-07 18:13:13.542 start initializing fmu

2020-06-07 18:13:13.542 initialize fmu successfully

2020-06-07 18:13:13.542 start setting inputs

2020-06-07 18:13:13.542 set inputs successfully

2020-06-07 18:13:13.542 FMU Simulator: run 'fmu10/fmu/cs/win64/RLC_2.fmu' from t=0..0.5 with step size h=0.1

2020-06-07 18:13:13.561 write initial data to InfluxDB successfully, status code is 204

2020-06-07 18:13:13.561 FMU simulate a step from t=0

2020-06-07 18:13:13.563 FMU simulate the step from t=0 successfully

2020-06-07 18:13:13.563 start writing data after this step to InfluxDB

2020-06-07 18:13:13.566 write initial data to InfluxDB successfully, status code is 204

2020-06-07 18:13:13.566 start obtaining value of specified variables

2020-06-07 18:13:13.566 obtain value of specified variables successfully

2020-06-07 18:13:13.566 FMU simulate a step from t=0.1

2020-06-07 18:13:13.566 FMU simulate the step from t=0.1 successfully

2020-06-07 18:13:13.566 start writing data after this step to InfluxDB

2020-06-07 18:13:13.570 write initial data to InfluxDB successfully, status code is 204

2020-06-07 18:13:13.570 start obtaining value of specified variables

2020-06-07 18:13:13.570 obtain value of specified variables successfully

2020-06-07 18:13:13.570 FMU simulate a step from t=0.2

2020-06-07 18:13:13.570 FMU simulate the step from t=0.2 successfully

2020-06-07 18:13:13.570 start writing data after this step to InfluxDB

2020-06-07 18:13:13.573 write initial data to InfluxDB successfully, status code is 204

2020-06-07 18:13:13.573 start obtaining value of specified variables

2020-06-07 18:13:13.573 obtain value of specified variables successfully

2020-06-07 18:13:13.573 FMU simulate a step from t=0.3

2020-06-07 18:13:13.573 FMU simulate the step from t=0.3 successfully

2020-06-07 18:13:13.573 start writing data after this step to InfluxDB

2020-06-07 18:13:13.575 write initial data to InfluxDB successfully, status code is 204

2020-06-07 18:13:13.576 start obtaining value of specified variables

2020-06-07 18:13:13.576 obtain value of specified variables successfully

2020-06-07 18:13:13.576 FMU simulate a step from t=0.4

2020-06-07 18:13:13.576 FMU simulate the step from t=0.4 successfully

2020-06-07 18:13:13.576 start writing data after this step to InfluxDB

2020-06-07 18:13:13.577 write initial data to InfluxDB successfully, status code is 204

2020-06-07 18:13:13.577 start obtaining value of specified variables

2020-06-07 18:13:13.577 obtain value of specified variables successfully

2020-06-07 18:13:13.578 end simulation successfully

2020-06-07 18:13:13.613 release 'fmu10/fmu/cs/win64/RLC_2.fmu' successfully

2020-06-07 18:13:13.613 disconnect from InfluxDB  127.0.0.1 : 8086 successfully

2020-06-07 18:56:12.140 start loading 'fmu10/fmu/cs/win64/RLC_2.fmu'

2020-06-07 18:56:12.229 load 'fmu10/fmu/cs/win64/RLC_2.fmu' successfully

2020-06-07 18:56:12.229 start connecting to InfluxDB 127.0.0.1 : 8086

2020-06-07 18:56:12.238 connect to InfluxDB 127.0.0.1 : 8086 successfully

2020-06-07 18:56:12.238 start instantiating fmu

2020-06-07 18:56:12.240 instantiate fmu successfully

2020-06-07 18:56:12.241 start initializing fmu

2020-06-07 18:56:12.241 initialize fmu successfully

2020-06-07 18:56:12.241 start setting inputs

2020-06-07 18:56:12.241 set inputs successfully

2020-06-07 18:56:12.241 FMU Simulator: run 'fmu10/fmu/cs/win64/RLC_2.fmu' from t=0..0.5 with step size h=0.1

2020-06-07 18:56:12.245 write initial data to InfluxDB successfully, status code is 204

2020-06-07 18:56:12.245 FMU simulate a step from t=0

2020-06-07 18:56:12.245 FMU simulate the step from t=0 successfully

2020-06-07 18:56:12.245 start writing data after this step to InfluxDB

2020-06-07 18:56:12.248 write initial data to InfluxDB successfully, status code is 204

2020-06-07 18:56:12.248 start obtaining value of specified variables

2020-06-07 18:56:12.248 obtain value of specified variables successfully

2020-06-07 18:56:12.248 FMU simulate a step from t=0.1

2020-06-07 18:56:12.248 FMU simulate the step from t=0.1 successfully

2020-06-07 18:56:12.248 start writing data after this step to InfluxDB

2020-06-07 18:56:12.252 write initial data to InfluxDB successfully, status code is 204

2020-06-07 18:56:12.252 start obtaining value of specified variables

2020-06-07 18:56:12.252 obtain value of specified variables successfully

2020-06-07 18:56:12.252 FMU simulate a step from t=0.2

2020-06-07 18:56:12.252 FMU simulate the step from t=0.2 successfully

2020-06-07 18:56:12.253 start writing data after this step to InfluxDB

2020-06-07 18:56:12.255 write initial data to InfluxDB successfully, status code is 204

2020-06-07 18:56:12.256 start obtaining value of specified variables

2020-06-07 18:56:12.256 obtain value of specified variables successfully

2020-06-07 18:56:12.256 FMU simulate a step from t=0.3

2020-06-07 18:56:12.256 FMU simulate the step from t=0.3 successfully

2020-06-07 18:56:12.256 start writing data after this step to InfluxDB

2020-06-07 18:56:12.259 write initial data to InfluxDB successfully, status code is 204

2020-06-07 18:56:12.259 start obtaining value of specified variables

2020-06-07 18:56:12.259 obtain value of specified variables successfully

2020-06-07 18:56:12.259 FMU simulate a step from t=0.4

2020-06-07 18:56:12.259 FMU simulate the step from t=0.4 successfully

2020-06-07 18:56:12.259 start writing data after this step to InfluxDB

2020-06-07 18:56:12.269 write initial data to InfluxDB successfully, status code is 204

2020-06-07 18:56:12.269 start obtaining value of specified variables

2020-06-07 18:56:12.269 obtain value of specified variables successfully

2020-06-07 18:56:12.270 end simulation successfully

2020-06-07 18:56:12.306 release 'fmu10/fmu/cs/win64/RLC_2.fmu' successfully

2020-06-07 18:56:12.306 disconnect from InfluxDB  127.0.0.1 : 8086 successfully

2020-06-07 19:01:37.713 start loading 'fmu10/fmu/cs/win64/RLC_2.fmu'

2020-06-07 19:01:37.790 load 'fmu10/fmu/cs/win64/RLC_2.fmu' successfully

2020-06-07 19:01:37.791 start connecting to InfluxDB 127.0.0.1 : 8086

2020-06-07 19:01:37.800 connect to InfluxDB 127.0.0.1 : 8086 successfully

2020-06-07 19:01:37.800 start instantiating fmu

2020-06-07 19:01:37.802 instantiate fmu successfully

2020-06-07 19:01:37.802 start initializing fmu

2020-06-07 19:01:37.802 initialize fmu successfully

2020-06-07 19:01:37.802 start setting inputs

2020-06-07 19:01:37.802 set inputs successfully

2020-06-07 19:01:37.802 FMU Simulator: run 'fmu10/fmu/cs/win64/RLC_2.fmu' from t=0..0.5 with step size h=0.1

2020-06-07 19:01:37.805 write initial data to InfluxDB successfully, status code is 204

2020-06-07 19:01:37.805 FMU simulate a step from t=0

2020-06-07 19:01:37.805 FMU simulate the step from t=0 successfully

2020-06-07 19:01:37.806 start writing data after this step to InfluxDB

2020-06-07 19:01:37.807 write initial data to InfluxDB successfully, status code is 204

2020-06-07 19:01:37.808 start obtaining value of specified variables

2020-06-07 19:01:37.808 obtain value of specified variables successfully

2020-06-07 19:01:37.808 FMU simulate a step from t=0.1

2020-06-07 19:01:37.808 FMU simulate the step from t=0.1 successfully

2020-06-07 19:01:37.808 start writing data after this step to InfluxDB

2020-06-07 19:01:37.810 write initial data to InfluxDB successfully, status code is 204

2020-06-07 19:01:37.810 start obtaining value of specified variables

2020-06-07 19:01:37.810 obtain value of specified variables successfully

2020-06-07 19:01:37.810 FMU simulate a step from t=0.2

2020-06-07 19:01:37.810 FMU simulate the step from t=0.2 successfully

2020-06-07 19:01:37.810 start writing data after this step to InfluxDB

2020-06-07 19:01:37.812 write initial data to InfluxDB successfully, status code is 204

2020-06-07 19:01:37.812 start obtaining value of specified variables

2020-06-07 19:01:37.812 obtain value of specified variables successfully

2020-06-07 19:01:37.812 FMU simulate a step from t=0.3

2020-06-07 19:01:37.812 FMU simulate the step from t=0.3 successfully

2020-06-07 19:01:37.812 start writing data after this step to InfluxDB

2020-06-07 19:01:37.814 write initial data to InfluxDB successfully, status code is 204

2020-06-07 19:01:37.814 start obtaining value of specified variables

2020-06-07 19:01:37.814 obtain value of specified variables successfully

2020-06-07 19:01:37.814 FMU simulate a step from t=0.4

2020-06-07 19:01:37.814 FMU simulate the step from t=0.4 successfully

2020-06-07 19:01:37.815 start writing data after this step to InfluxDB

2020-06-07 19:01:37.817 write initial data to InfluxDB successfully, status code is 204

2020-06-07 19:01:37.817 start obtaining value of specified variables

2020-06-07 19:01:37.817 obtain value of specified variables successfully

2020-06-07 19:01:37.818 end simulation successfully

2020-06-07 19:01:37.856 release 'fmu10/fmu/cs/win64/RLC_2.fmu' successfully

2020-06-07 19:01:37.856 disconnect from InfluxDB  127.0.0.1 : 8086 successfully

2020-06-07 19:16:31.700 start loading 'fmu10/fmu/cs/win64/fullRobot_cs.fmu'

2020-06-07 19:16:31.884 load 'fmu10/fmu/cs/win64/fullRobot_cs.fmu' successfully

2020-06-07 19:16:31.884 start connecting to InfluxDB 127.0.0.1 : 8086

2020-06-07 19:16:31.892 connect to InfluxDB 127.0.0.1 : 8086 successfully

2020-06-07 19:16:31.892 start instantiating fmu

2020-06-07 19:16:31.893 instantiate fmu successfully

2020-06-07 19:16:31.893 start initializing fmu

2020-06-07 19:16:31.895 initialize fmu successfully

2020-06-07 19:16:31.895 start setting inputs

2020-06-07 19:16:31.895 set inputs successfully

2020-06-07 19:16:31.895 FMU Simulator: run 'fmu10/fmu/cs/win64/fullRobot_cs.fmu' from t=0..2 with step size h=0.1

2020-06-07 19:16:31.916 write initial data to InfluxDB successfully, status code is 204

2020-06-07 19:16:31.916 FMU simulate a step from t=0

2020-06-07 19:16:31.940 FMU simulate the step from t=0 successfully

2020-06-07 19:16:31.940 start writing data after this step to InfluxDB

2020-06-07 19:16:31.942 write initial data to InfluxDB successfully, status code is 204

2020-06-07 19:16:31.942 start obtaining value of specified variables

2020-06-07 19:16:31.943 obtain value of specified variables successfully

2020-06-07 19:16:31.943 FMU simulate a step from t=0.1

2020-06-07 19:16:31.949 FMU simulate the step from t=0.1 successfully

2020-06-07 19:16:31.949 start writing data after this step to InfluxDB

2020-06-07 19:16:31.952 write initial data to InfluxDB successfully, status code is 204

2020-06-07 19:16:31.952 start obtaining value of specified variables

2020-06-07 19:16:31.952 obtain value of specified variables successfully

2020-06-07 19:16:31.952 FMU simulate a step from t=0.2

2020-06-07 19:16:31.954 FMU simulate the step from t=0.2 successfully

2020-06-07 19:16:31.954 start writing data after this step to InfluxDB

2020-06-07 19:16:31.957 write initial data to InfluxDB successfully, status code is 204

2020-06-07 19:16:31.957 start obtaining value of specified variables

2020-06-07 19:16:31.957 obtain value of specified variables successfully

2020-06-07 19:16:31.957 FMU simulate a step from t=0.3

2020-06-07 19:16:31.960 FMU simulate the step from t=0.3 successfully

2020-06-07 19:16:31.960 start writing data after this step to InfluxDB

2020-06-07 19:16:31.961 write initial data to InfluxDB successfully, status code is 204

2020-06-07 19:16:31.961 start obtaining value of specified variables

2020-06-07 19:16:31.961 obtain value of specified variables successfully

2020-06-07 19:16:31.961 FMU simulate a step from t=0.4

2020-06-07 19:16:31.963 FMU simulate the step from t=0.4 successfully

2020-06-07 19:16:31.963 start writing data after this step to InfluxDB

2020-06-07 19:16:31.965 write initial data to InfluxDB successfully, status code is 204

2020-06-07 19:16:31.965 start obtaining value of specified variables

2020-06-07 19:16:31.965 obtain value of specified variables successfully

2020-06-07 19:16:31.965 FMU simulate a step from t=0.5

2020-06-07 19:16:31.966 FMU simulate the step from t=0.5 successfully

2020-06-07 19:16:31.966 start writing data after this step to InfluxDB

2020-06-07 19:16:31.968 write initial data to InfluxDB successfully, status code is 204

2020-06-07 19:16:31.968 start obtaining value of specified variables

2020-06-07 19:16:31.968 obtain value of specified variables successfully

2020-06-07 19:16:31.968 FMU simulate a step from t=0.6

2020-06-07 19:16:31.970 FMU simulate the step from t=0.6 successfully

2020-06-07 19:16:31.970 start writing data after this step to InfluxDB

2020-06-07 19:16:31.971 write initial data to InfluxDB successfully, status code is 204

2020-06-07 19:16:31.972 start obtaining value of specified variables

2020-06-07 19:16:31.972 obtain value of specified variables successfully

2020-06-07 19:16:31.972 FMU simulate a step from t=0.7

2020-06-07 19:16:31.973 FMU simulate the step from t=0.7 successfully

2020-06-07 19:16:31.973 start writing data after this step to InfluxDB

2020-06-07 19:16:31.982 write initial data to InfluxDB successfully, status code is 204

2020-06-07 19:16:31.983 start obtaining value of specified variables

2020-06-07 19:16:31.983 obtain value of specified variables successfully

2020-06-07 19:16:31.983 FMU simulate a step from t=0.8

2020-06-07 19:16:31.984 FMU simulate the step from t=0.8 successfully

2020-06-07 19:16:31.984 start writing data after this step to InfluxDB

2020-06-07 19:16:31.986 write initial data to InfluxDB successfully, status code is 204

2020-06-07 19:16:31.986 start obtaining value of specified variables

2020-06-07 19:16:31.986 obtain value of specified variables successfully

2020-06-07 19:16:31.986 FMU simulate a step from t=0.9

2020-06-07 19:16:31.987 FMU simulate the step from t=0.9 successfully

2020-06-07 19:16:31.987 start writing data after this step to InfluxDB

2020-06-07 19:16:31.989 write initial data to InfluxDB successfully, status code is 204

2020-06-07 19:16:31.989 start obtaining value of specified variables

2020-06-07 19:16:31.989 obtain value of specified variables successfully

2020-06-07 19:16:31.989 FMU simulate a step from t=1

2020-06-07 19:16:31.990 FMU simulate the step from t=1 successfully

2020-06-07 19:16:31.990 start writing data after this step to InfluxDB

2020-06-07 19:16:31.992 write initial data to InfluxDB successfully, status code is 204

2020-06-07 19:16:31.992 start obtaining value of specified variables

2020-06-07 19:16:31.992 obtain value of specified variables successfully

2020-06-07 19:16:31.992 FMU simulate a step from t=1.1

2020-06-07 19:16:31.993 FMU simulate the step from t=1.1 successfully

2020-06-07 19:16:31.993 start writing data after this step to InfluxDB

2020-06-07 19:16:31.994 write initial data to InfluxDB successfully, status code is 204

2020-06-07 19:16:31.994 start obtaining value of specified variables

2020-06-07 19:16:31.995 obtain value of specified variables successfully

2020-06-07 19:16:31.995 FMU simulate a step from t=1.2

2020-06-07 19:16:32.002 FMU simulate the step from t=1.2 successfully

2020-06-07 19:16:32.002 start writing data after this step to InfluxDB

2020-06-07 19:16:32.003 write initial data to InfluxDB successfully, status code is 204

2020-06-07 19:16:32.004 start obtaining value of specified variables

2020-06-07 19:16:32.004 obtain value of specified variables successfully

2020-06-07 19:16:32.004 FMU simulate a step from t=1.3

2020-06-07 19:16:32.025 FMU simulate the step from t=1.3 successfully

2020-06-07 19:16:32.025 start writing data after this step to InfluxDB

2020-06-07 19:16:32.027 write initial data to InfluxDB successfully, status code is 204

2020-06-07 19:16:32.027 start obtaining value of specified variables

2020-06-07 19:16:32.027 obtain value of specified variables successfully

2020-06-07 19:16:32.027 FMU simulate a step from t=1.4

2020-06-07 19:16:32.053 FMU simulate the step from t=1.4 successfully

2020-06-07 19:16:32.053 start writing data after this step to InfluxDB

2020-06-07 19:16:32.055 write initial data to InfluxDB successfully, status code is 204

2020-06-07 19:16:32.055 start obtaining value of specified variables

2020-06-07 19:16:32.055 obtain value of specified variables successfully

2020-06-07 19:16:32.055 FMU simulate a step from t=1.5

2020-06-07 19:16:32.067 FMU simulate the step from t=1.5 successfully

2020-06-07 19:16:32.067 start writing data after this step to InfluxDB

2020-06-07 19:16:32.069 write initial data to InfluxDB successfully, status code is 204

2020-06-07 19:16:32.069 start obtaining value of specified variables

2020-06-07 19:16:32.069 obtain value of specified variables successfully

2020-06-07 19:16:32.069 FMU simulate a step from t=1.6

2020-06-07 19:16:32.080 FMU simulate the step from t=1.6 successfully

2020-06-07 19:16:32.080 start writing data after this step to InfluxDB

2020-06-07 19:16:32.083 write initial data to InfluxDB successfully, status code is 204

2020-06-07 19:16:32.083 start obtaining value of specified variables

2020-06-07 19:16:32.083 obtain value of specified variables successfully

2020-06-07 19:16:32.083 FMU simulate a step from t=1.7

2020-06-07 19:16:32.088 FMU simulate the step from t=1.7 successfully

2020-06-07 19:16:32.088 start writing data after this step to InfluxDB

2020-06-07 19:16:32.097 write initial data to InfluxDB successfully, status code is 204

2020-06-07 19:16:32.097 start obtaining value of specified variables

2020-06-07 19:16:32.097 obtain value of specified variables successfully

2020-06-07 19:16:32.097 FMU simulate a step from t=1.8

2020-06-07 19:16:32.098 FMU simulate the step from t=1.8 successfully

2020-06-07 19:16:32.098 start writing data after this step to InfluxDB

2020-06-07 19:16:32.100 write initial data to InfluxDB successfully, status code is 204

2020-06-07 19:16:32.100 start obtaining value of specified variables

2020-06-07 19:16:32.100 obtain value of specified variables successfully

2020-06-07 19:16:32.100 FMU simulate a step from t=1.9

2020-06-07 19:16:32.100 could not simulate this step from t=1.9

2020-06-07 19:22:39.799 start loading 'fmu10/fmu/cs/win64/fullRobot_cs.fmu'

2020-06-07 19:22:39.978 load 'fmu10/fmu/cs/win64/fullRobot_cs.fmu' successfully

2020-06-07 19:22:39.978 start connecting to InfluxDB 127.0.0.1 : 8086

2020-06-07 19:22:39.988 connect to InfluxDB 127.0.0.1 : 8086 successfully

2020-06-07 19:22:39.988 start instantiating fmu

2020-06-07 19:22:39.990 instantiate fmu successfully

2020-06-07 19:22:39.990 start initializing fmu

2020-06-07 19:22:39.991 initialize fmu successfully

2020-06-07 19:22:39.991 start setting inputs

2020-06-07 19:22:39.991 set inputs successfully

2020-06-07 19:22:39.991 FMU Simulator: run 'fmu10/fmu/cs/win64/fullRobot_cs.fmu' from t=0..2 with step size h=0.1

2020-06-07 19:22:39.994 write initial data to InfluxDB successfully, status code is 204

2020-06-07 19:22:39.994 FMU simulate a step from t=0

2020-06-07 19:22:40.020 FMU simulate the step from t=0 successfully

2020-06-07 19:22:40.020 start writing data after this step to InfluxDB

2020-06-07 19:22:40.022 write initial data to InfluxDB successfully, status code is 204

2020-06-07 19:22:40.022 start obtaining value of specified variables

2020-06-07 19:22:40.022 obtain value of specified variables successfully

2020-06-07 19:22:40.022 FMU simulate a step from t=0.1

2020-06-07 19:22:40.029 FMU simulate the step from t=0.1 successfully

2020-06-07 19:22:40.029 start writing data after this step to InfluxDB

2020-06-07 19:22:40.031 write initial data to InfluxDB successfully, status code is 204

2020-06-07 19:22:40.031 start obtaining value of specified variables

2020-06-07 19:22:40.031 obtain value of specified variables successfully

2020-06-07 19:22:40.031 FMU simulate a step from t=0.2

2020-06-07 19:22:40.034 FMU simulate the step from t=0.2 successfully

2020-06-07 19:22:40.034 start writing data after this step to InfluxDB

2020-06-07 19:22:40.036 write initial data to InfluxDB successfully, status code is 204

2020-06-07 19:22:40.036 start obtaining value of specified variables

2020-06-07 19:22:40.036 obtain value of specified variables successfully

2020-06-07 19:22:40.036 FMU simulate a step from t=0.3

2020-06-07 19:22:40.038 FMU simulate the step from t=0.3 successfully

2020-06-07 19:22:40.038 start writing data after this step to InfluxDB

2020-06-07 19:22:40.040 write initial data to InfluxDB successfully, status code is 204

2020-06-07 19:22:40.040 start obtaining value of specified variables

2020-06-07 19:22:40.040 obtain value of specified variables successfully

2020-06-07 19:22:40.040 FMU simulate a step from t=0.4

2020-06-07 19:22:40.042 FMU simulate the step from t=0.4 successfully

2020-06-07 19:22:40.042 start writing data after this step to InfluxDB

2020-06-07 19:22:40.044 write initial data to InfluxDB successfully, status code is 204

2020-06-07 19:22:40.044 start obtaining value of specified variables

2020-06-07 19:22:40.044 obtain value of specified variables successfully

2020-06-07 19:22:40.044 FMU simulate a step from t=0.5

2020-06-07 19:22:40.045 FMU simulate the step from t=0.5 successfully

2020-06-07 19:22:40.045 start writing data after this step to InfluxDB

2020-06-07 19:22:40.047 write initial data to InfluxDB successfully, status code is 204

2020-06-07 19:22:40.047 start obtaining value of specified variables

2020-06-07 19:22:40.047 obtain value of specified variables successfully

2020-06-07 19:22:40.047 FMU simulate a step from t=0.6

2020-06-07 19:22:40.049 FMU simulate the step from t=0.6 successfully

2020-06-07 19:22:40.049 start writing data after this step to InfluxDB

2020-06-07 19:22:40.050 write initial data to InfluxDB successfully, status code is 204

2020-06-07 19:22:40.050 start obtaining value of specified variables

2020-06-07 19:22:40.050 obtain value of specified variables successfully

2020-06-07 19:22:40.050 FMU simulate a step from t=0.7

2020-06-07 19:22:40.052 FMU simulate the step from t=0.7 successfully

2020-06-07 19:22:40.052 start writing data after this step to InfluxDB

2020-06-07 19:22:40.053 write initial data to InfluxDB successfully, status code is 204

2020-06-07 19:22:40.054 start obtaining value of specified variables

2020-06-07 19:22:40.054 obtain value of specified variables successfully

2020-06-07 19:22:40.054 FMU simulate a step from t=0.8

2020-06-07 19:22:40.055 FMU simulate the step from t=0.8 successfully

2020-06-07 19:22:40.055 start writing data after this step to InfluxDB

2020-06-07 19:22:40.056 write initial data to InfluxDB successfully, status code is 204

2020-06-07 19:22:40.056 start obtaining value of specified variables

2020-06-07 19:22:40.056 obtain value of specified variables successfully

2020-06-07 19:22:40.056 FMU simulate a step from t=0.9

2020-06-07 19:22:40.058 FMU simulate the step from t=0.9 successfully

2020-06-07 19:22:40.058 start writing data after this step to InfluxDB

2020-06-07 19:22:40.059 write initial data to InfluxDB successfully, status code is 204

2020-06-07 19:22:40.060 start obtaining value of specified variables

2020-06-07 19:22:40.060 obtain value of specified variables successfully

2020-06-07 19:22:40.060 FMU simulate a step from t=1

2020-06-07 19:22:40.061 FMU simulate the step from t=1 successfully

2020-06-07 19:22:40.061 start writing data after this step to InfluxDB

2020-06-07 19:22:40.063 write initial data to InfluxDB successfully, status code is 204

2020-06-07 19:22:40.063 start obtaining value of specified variables

2020-06-07 19:22:40.063 obtain value of specified variables successfully

2020-06-07 19:22:40.063 FMU simulate a step from t=1.1

2020-06-07 19:22:40.064 FMU simulate the step from t=1.1 successfully

2020-06-07 19:22:40.064 start writing data after this step to InfluxDB

2020-06-07 19:22:40.073 write initial data to InfluxDB successfully, status code is 204

2020-06-07 19:22:40.074 start obtaining value of specified variables

2020-06-07 19:22:40.074 obtain value of specified variables successfully

2020-06-07 19:22:40.074 FMU simulate a step from t=1.2

2020-06-07 19:22:40.082 FMU simulate the step from t=1.2 successfully

2020-06-07 19:22:40.082 start writing data after this step to InfluxDB

2020-06-07 19:22:40.084 write initial data to InfluxDB successfully, status code is 204

2020-06-07 19:22:40.084 start obtaining value of specified variables

2020-06-07 19:22:40.084 obtain value of specified variables successfully

2020-06-07 19:22:40.084 FMU simulate a step from t=1.3

2020-06-07 19:22:40.105 FMU simulate the step from t=1.3 successfully

2020-06-07 19:22:40.105 start writing data after this step to InfluxDB

2020-06-07 19:22:40.106 write initial data to InfluxDB successfully, status code is 204

2020-06-07 19:22:40.106 start obtaining value of specified variables

2020-06-07 19:22:40.106 obtain value of specified variables successfully

2020-06-07 19:22:40.106 FMU simulate a step from t=1.4

2020-06-07 19:22:40.131 FMU simulate the step from t=1.4 successfully

2020-06-07 19:22:40.131 start writing data after this step to InfluxDB

2020-06-07 19:22:40.133 write initial data to InfluxDB successfully, status code is 204

2020-06-07 19:22:40.133 start obtaining value of specified variables

2020-06-07 19:22:40.133 obtain value of specified variables successfully

2020-06-07 19:22:40.133 FMU simulate a step from t=1.5

2020-06-07 19:22:40.144 FMU simulate the step from t=1.5 successfully

2020-06-07 19:22:40.144 start writing data after this step to InfluxDB

2020-06-07 19:22:40.146 write initial data to InfluxDB successfully, status code is 204

2020-06-07 19:22:40.146 start obtaining value of specified variables

2020-06-07 19:22:40.146 obtain value of specified variables successfully

2020-06-07 19:22:40.146 FMU simulate a step from t=1.6

2020-06-07 19:22:40.158 FMU simulate the step from t=1.6 successfully

2020-06-07 19:22:40.158 start writing data after this step to InfluxDB

2020-06-07 19:22:40.160 write initial data to InfluxDB successfully, status code is 204

2020-06-07 19:22:40.160 start obtaining value of specified variables

2020-06-07 19:22:40.160 obtain value of specified variables successfully

2020-06-07 19:22:40.160 FMU simulate a step from t=1.7

2020-06-07 19:22:40.164 FMU simulate the step from t=1.7 successfully

2020-06-07 19:22:40.164 start writing data after this step to InfluxDB

2020-06-07 19:22:40.165 write initial data to InfluxDB successfully, status code is 204

2020-06-07 19:22:40.166 start obtaining value of specified variables

2020-06-07 19:22:40.166 obtain value of specified variables successfully

2020-06-07 19:22:40.166 FMU simulate a step from t=1.8

2020-06-07 19:22:40.166 FMU simulate the step from t=1.8 successfully

2020-06-07 19:22:40.167 start writing data after this step to InfluxDB

2020-06-07 19:22:40.168 write initial data to InfluxDB successfully, status code is 204

2020-06-07 19:22:40.168 start obtaining value of specified variables

2020-06-07 19:22:40.168 obtain value of specified variables successfully

2020-06-07 19:22:40.168 FMU simulate a step from t=1.9

2020-06-07 19:22:40.168 could not simulate this step from t=1.9

2020-06-07 19:29:58.650 start loading 'fmu10/fmu/cs/win64/fullRobot_cs.fmu'

2020-06-07 19:29:58.810 load 'fmu10/fmu/cs/win64/fullRobot_cs.fmu' successfully

2020-06-07 19:29:58.810 start connecting to InfluxDB 127.0.0.1 : 8086

2020-06-07 19:29:58.819 connect to InfluxDB 127.0.0.1 : 8086 successfully

2020-06-07 19:29:58.820 start instantiating fmu

2020-06-07 19:29:58.821 instantiate fmu successfully

2020-06-07 19:29:58.821 start initializing fmu

2020-06-07 19:29:58.822 initialize fmu successfully

2020-06-07 19:29:58.822 start setting inputs

2020-06-07 19:29:58.822 set inputs successfully

2020-06-07 19:29:58.823 FMU Simulator: run 'fmu10/fmu/cs/win64/fullRobot_cs.fmu' from t=0..2 with step size h=0.1

2020-06-07 19:29:58.823 write initial data to InfluxDB failed, status code is 400

2020-06-07 19:32:04.735 start loading 'fmu10/fmu/cs/win64/fullRobot_cs.fmu'

2020-06-07 19:32:04.907 load 'fmu10/fmu/cs/win64/fullRobot_cs.fmu' successfully

2020-06-07 19:32:04.907 start connecting to InfluxDB 127.0.0.1 : 8086

2020-06-07 19:32:04.916 connect to InfluxDB 127.0.0.1 : 8086 successfully

2020-06-07 19:32:04.916 start instantiating fmu

2020-06-07 19:32:04.918 instantiate fmu successfully

2020-06-07 19:32:04.918 start initializing fmu

2020-06-07 19:32:04.919 initialize fmu successfully

2020-06-07 19:32:04.920 start setting inputs

2020-06-07 19:32:04.920 set inputs successfully

2020-06-07 19:32:04.920 FMU Simulator: run 'fmu10/fmu/cs/win64/fullRobot_cs.fmu' from t=0..0.5 with step size h=0.1

2020-06-07 19:32:04.921 write initial data to InfluxDB failed, status code is 400

2020-06-07 19:32:39.877 start loading 'fmu10/fmu/cs/win64/fullRobot_cs.fmu'

2020-06-07 19:32:40.019 load 'fmu10/fmu/cs/win64/fullRobot_cs.fmu' successfully

2020-06-07 19:32:40.019 start connecting to InfluxDB 127.0.0.1 : 8086

2020-06-07 19:32:40.027 connect to InfluxDB 127.0.0.1 : 8086 successfully

2020-06-07 19:32:40.027 start instantiating fmu

2020-06-07 19:32:40.029 instantiate fmu successfully

2020-06-07 19:32:40.029 start initializing fmu

2020-06-07 19:32:40.031 initialize fmu successfully

2020-06-07 19:32:40.031 start setting inputs

2020-06-07 19:32:40.031 set inputs successfully

2020-06-07 19:32:40.031 FMU Simulator: run 'fmu10/fmu/cs/win64/fullRobot_cs.fmu' from t=0..0.5 with step size h=0.1

2020-06-07 19:32:40.034 write initial data to InfluxDB successfully, status code is 204

2020-06-07 19:32:40.034 FMU simulate a step from t=0

2020-06-07 19:32:40.058 FMU simulate the step from t=0 successfully

2020-06-07 19:32:40.058 start writing data after this step to InfluxDB

2020-06-07 19:32:40.060 write initial data to InfluxDB successfully, status code is 204

2020-06-07 19:32:40.060 start obtaining value of specified variables

2020-06-07 19:32:40.060 obtain value of specified variables successfully

2020-06-07 19:32:40.060 FMU simulate a step from t=0.1

2020-06-07 19:32:40.065 FMU simulate the step from t=0.1 successfully

2020-06-07 19:32:40.065 start writing data after this step to InfluxDB

2020-06-07 19:32:40.068 write initial data to InfluxDB successfully, status code is 204

2020-06-07 19:32:40.068 start obtaining value of specified variables

2020-06-07 19:32:40.068 obtain value of specified variables successfully

2020-06-07 19:32:40.068 FMU simulate a step from t=0.2

2020-06-07 19:32:40.070 FMU simulate the step from t=0.2 successfully

2020-06-07 19:32:40.070 start writing data after this step to InfluxDB

2020-06-07 19:32:40.071 write initial data to InfluxDB successfully, status code is 204

2020-06-07 19:32:40.071 start obtaining value of specified variables

2020-06-07 19:32:40.071 obtain value of specified variables successfully

2020-06-07 19:32:40.071 FMU simulate a step from t=0.3

2020-06-07 19:32:40.073 FMU simulate the step from t=0.3 successfully

2020-06-07 19:32:40.073 start writing data after this step to InfluxDB

2020-06-07 19:32:40.075 write initial data to InfluxDB successfully, status code is 204

2020-06-07 19:32:40.075 start obtaining value of specified variables

2020-06-07 19:32:40.075 obtain value of specified variables successfully

2020-06-07 19:32:40.075 FMU simulate a step from t=0.4

2020-06-07 19:32:40.076 FMU simulate the step from t=0.4 successfully

2020-06-07 19:32:40.076 start writing data after this step to InfluxDB

2020-06-07 19:32:40.078 write initial data to InfluxDB successfully, status code is 204

2020-06-07 19:32:40.078 start obtaining value of specified variables

2020-06-07 19:32:40.078 obtain value of specified variables successfully

2020-06-07 19:32:40.079 end simulation successfully

2020-06-07 19:32:40.176 release 'fmu10/fmu/cs/win64/fullRobot_cs.fmu' successfully

2020-06-07 19:32:40.176 disconnect from InfluxDB  127.0.0.1 : 8086 successfully

2020-06-07 19:33:59.649 start loading 'fmu10/fmu/cs/win64/fullRobot_cs.fmu'

2020-06-07 19:33:59.802 load 'fmu10/fmu/cs/win64/fullRobot_cs.fmu' successfully

2020-06-07 19:33:59.802 start connecting to InfluxDB 127.0.0.1 : 8086

2020-06-07 19:33:59.809 connect to InfluxDB 127.0.0.1 : 8086 successfully

2020-06-07 19:33:59.809 start instantiating fmu

2020-06-07 19:33:59.811 instantiate fmu successfully

2020-06-07 19:33:59.811 start initializing fmu

2020-06-07 19:33:59.813 initialize fmu successfully

2020-06-07 19:33:59.813 start setting inputs

2020-06-07 19:33:59.813 set inputs successfully

2020-06-07 19:33:59.813 FMU Simulator: run 'fmu10/fmu/cs/win64/fullRobot_cs.fmu' from t=0..0.5 with step size h=0.1

2020-06-07 19:33:59.816 write initial data to InfluxDB successfully, status code is 204

2020-06-07 19:33:59.816 FMU simulate a step from t=0

2020-06-07 19:33:59.837 FMU simulate the step from t=0 successfully

2020-06-07 19:33:59.837 start writing data after this step to InfluxDB

2020-06-07 19:33:59.840 write initial data to InfluxDB successfully, status code is 204

2020-06-07 19:33:59.840 start obtaining value of specified variables

2020-06-07 19:33:59.840 obtain value of specified variables successfully

2020-06-07 19:33:59.840 FMU simulate a step from t=0.1

2020-06-07 19:33:59.845 FMU simulate the step from t=0.1 successfully

2020-06-07 19:33:59.845 start writing data after this step to InfluxDB

2020-06-07 19:33:59.847 write initial data to InfluxDB successfully, status code is 204

2020-06-07 19:33:59.847 start obtaining value of specified variables

2020-06-07 19:33:59.847 obtain value of specified variables successfully

2020-06-07 19:33:59.847 FMU simulate a step from t=0.2

2020-06-07 19:33:59.849 FMU simulate the step from t=0.2 successfully

2020-06-07 19:33:59.849 start writing data after this step to InfluxDB

2020-06-07 19:33:59.858 write initial data to InfluxDB successfully, status code is 204

2020-06-07 19:33:59.858 start obtaining value of specified variables

2020-06-07 19:33:59.858 obtain value of specified variables successfully

2020-06-07 19:33:59.858 FMU simulate a step from t=0.3

2020-06-07 19:33:59.860 FMU simulate the step from t=0.3 successfully

2020-06-07 19:33:59.860 start writing data after this step to InfluxDB

2020-06-07 19:33:59.862 write initial data to InfluxDB successfully, status code is 204

2020-06-07 19:33:59.863 start obtaining value of specified variables

2020-06-07 19:33:59.863 obtain value of specified variables successfully

2020-06-07 19:33:59.863 FMU simulate a step from t=0.4

2020-06-07 19:33:59.864 FMU simulate the step from t=0.4 successfully

2020-06-07 19:33:59.864 start writing data after this step to InfluxDB

2020-06-07 19:33:59.866 write initial data to InfluxDB successfully, status code is 204

2020-06-07 19:33:59.866 start obtaining value of specified variables

2020-06-07 19:33:59.866 obtain value of specified variables successfully

2020-06-07 19:33:59.867 end simulation successfully

2020-06-07 19:33:59.962 release 'fmu10/fmu/cs/win64/fullRobot_cs.fmu' successfully

2020-06-07 19:33:59.962 disconnect from InfluxDB  127.0.0.1 : 8086 successfully

2020-06-07 19:36:02.993 start loading 'fmu10/fmu/cs/win64/fullRobot_cs.fmu'

2020-06-07 19:36:03.149 load 'fmu10/fmu/cs/win64/fullRobot_cs.fmu' successfully

2020-06-07 19:36:03.149 start connecting to InfluxDB 127.0.0.1 : 8086

2020-06-07 19:36:03.159 connect to InfluxDB 127.0.0.1 : 8086 successfully

2020-06-07 19:36:03.159 start instantiating fmu

2020-06-07 19:36:03.161 instantiate fmu successfully

2020-06-07 19:36:03.161 start initializing fmu

2020-06-07 19:36:03.162 initialize fmu successfully

2020-06-07 19:36:03.163 start setting inputs

2020-06-07 19:36:03.163 set inputs successfully

2020-06-07 19:36:03.163 FMU Simulator: run 'fmu10/fmu/cs/win64/fullRobot_cs.fmu' from t=0..0.5 with step size h=0.1

2020-06-07 19:36:03.177 write initial data to InfluxDB successfully, status code is 204

2020-06-07 19:36:03.177 FMU simulate a step from t=0

2020-06-07 19:36:03.205 FMU simulate the step from t=0 successfully

2020-06-07 19:36:03.205 start writing data after this step to InfluxDB

2020-06-07 19:36:03.207 write initial data to InfluxDB successfully, status code is 204

2020-06-07 19:36:03.207 start obtaining value of specified variables

2020-06-07 19:36:03.207 obtain value of specified variables successfully

2020-06-07 19:36:03.207 FMU simulate a step from t=0.1

2020-06-07 19:36:03.213 FMU simulate the step from t=0.1 successfully

2020-06-07 19:36:03.213 start writing data after this step to InfluxDB

2020-06-07 19:36:03.215 write initial data to InfluxDB successfully, status code is 204

2020-06-07 19:36:03.215 start obtaining value of specified variables

2020-06-07 19:36:03.215 obtain value of specified variables successfully

2020-06-07 19:36:03.215 FMU simulate a step from t=0.2

2020-06-07 19:36:03.217 FMU simulate the step from t=0.2 successfully

2020-06-07 19:36:03.217 start writing data after this step to InfluxDB

2020-06-07 19:36:03.220 write initial data to InfluxDB successfully, status code is 204

2020-06-07 19:36:03.221 start obtaining value of specified variables

2020-06-07 19:36:03.221 obtain value of specified variables successfully

2020-06-07 19:36:03.221 FMU simulate a step from t=0.3

2020-06-07 19:36:03.222 FMU simulate the step from t=0.3 successfully

2020-06-07 19:36:03.222 start writing data after this step to InfluxDB

2020-06-07 19:36:03.224 write initial data to InfluxDB successfully, status code is 204

2020-06-07 19:36:03.224 start obtaining value of specified variables

2020-06-07 19:36:03.224 obtain value of specified variables successfully

2020-06-07 19:36:03.224 FMU simulate a step from t=0.4

2020-06-07 19:36:03.226 FMU simulate the step from t=0.4 successfully

2020-06-07 19:36:03.226 start writing data after this step to InfluxDB

2020-06-07 19:36:03.228 write initial data to InfluxDB successfully, status code is 204

2020-06-07 19:36:03.228 start obtaining value of specified variables

2020-06-07 19:36:03.228 obtain value of specified variables successfully

2020-06-07 19:36:03.229 end simulation successfully

2020-06-07 19:36:03.326 release 'fmu10/fmu/cs/win64/fullRobot_cs.fmu' successfully

2020-06-07 19:36:03.326 disconnect from InfluxDB  127.0.0.1 : 8086 successfully

2020-06-07 19:37:07.720 start loading 'fmu10/fmu/cs/win64/fullRobot_cs.fmu'

2020-06-07 19:37:07.865 load 'fmu10/fmu/cs/win64/fullRobot_cs.fmu' successfully

2020-06-07 19:37:07.865 start connecting to InfluxDB 127.0.0.1 : 8086

2020-06-07 19:37:07.872 connect to InfluxDB 127.0.0.1 : 8086 successfully

2020-06-07 19:37:07.873 start instantiating fmu

2020-06-07 19:37:07.875 instantiate fmu successfully

2020-06-07 19:37:07.875 start initializing fmu

2020-06-07 19:37:07.876 initialize fmu successfully

2020-06-07 19:37:07.877 start setting inputs

2020-06-07 19:37:07.877 set inputs successfully

2020-06-07 19:37:07.877 FMU Simulator: run 'fmu10/fmu/cs/win64/fullRobot_cs.fmu' from t=0..0.5 with step size h=0.1

2020-06-07 19:37:07.877 write initial data to InfluxDB failed, status code is 400

2020-06-07 19:50:28.622 start loading 'fmu10/fmu/cs/win64/fullRobot_cs.fmu'

2020-06-07 19:50:28.793 load 'fmu10/fmu/cs/win64/fullRobot_cs.fmu' successfully

2020-06-07 19:50:28.793 start connecting to InfluxDB 127.0.0.1 : 8086

2020-06-07 19:50:28.802 connect to InfluxDB 127.0.0.1 : 8086 successfully

2020-06-07 19:50:28.802 start instantiating fmu

2020-06-07 19:50:28.804 instantiate fmu successfully

2020-06-07 19:50:28.804 start initializing fmu

2020-06-07 19:50:28.805 initialize fmu successfully

2020-06-07 19:50:28.805 start setting inputs

2020-06-07 19:50:28.806 set inputs successfully

2020-06-07 19:50:28.806 FMU Simulator: run 'fmu10/fmu/cs/win64/fullRobot_cs.fmu' from t=0..0.5 with step size h=0.1

2020-06-07 19:50:29.174 write initial data to InfluxDB failed, status code is 400

2020-06-07 19:52:29.747 start loading 'fmu10/fmu/cs/win64/fullRobot_cs.fmu'

2020-06-07 19:52:29.912 load 'fmu10/fmu/cs/win64/fullRobot_cs.fmu' successfully

2020-06-07 19:52:29.912 start connecting to InfluxDB 127.0.0.1 : 8086

2020-06-07 19:52:29.919 connect to InfluxDB 127.0.0.1 : 8086 successfully

2020-06-07 19:52:29.919 start instantiating fmu

2020-06-07 19:52:29.922 instantiate fmu successfully

2020-06-07 19:52:29.922 start initializing fmu

2020-06-07 19:52:29.924 initialize fmu successfully

2020-06-07 19:52:29.924 start setting inputs

2020-06-07 19:52:29.924 set inputs successfully

2020-06-07 19:52:29.924 FMU Simulator: run 'fmu10/fmu/cs/win64/fullRobot_cs.fmu' from t=0..0.5 with step size h=0.1

2020-06-07 19:52:29.960 write initial data to InfluxDB successfully, status code is 204

2020-06-07 19:52:29.960 FMU simulate a step from t=0

2020-06-07 19:52:29.982 FMU simulate the step from t=0 successfully

2020-06-07 19:52:29.982 start writing data after this step to InfluxDB

2020-06-07 19:52:29.985 write initial data to InfluxDB successfully, status code is 204

2020-06-07 19:52:29.985 start obtaining value of specified variables

2020-06-07 19:52:29.985 obtain value of specified variables successfully

2020-06-07 19:52:29.985 FMU simulate a step from t=0.1

2020-06-07 19:52:29.991 FMU simulate the step from t=0.1 successfully

2020-06-07 19:52:29.991 start writing data after this step to InfluxDB

2020-06-07 19:52:29.994 write initial data to InfluxDB successfully, status code is 204

2020-06-07 19:52:29.994 start obtaining value of specified variables

2020-06-07 19:52:29.994 obtain value of specified variables successfully

2020-06-07 19:52:29.994 FMU simulate a step from t=0.2

2020-06-07 19:52:29.996 FMU simulate the step from t=0.2 successfully

2020-06-07 19:52:29.996 start writing data after this step to InfluxDB

2020-06-07 19:52:29.999 write initial data to InfluxDB successfully, status code is 204

2020-06-07 19:52:29.999 start obtaining value of specified variables

2020-06-07 19:52:29.999 obtain value of specified variables successfully

2020-06-07 19:52:29.999 FMU simulate a step from t=0.3

2020-06-07 19:52:30.000 FMU simulate the step from t=0.3 successfully

2020-06-07 19:52:30.000 start writing data after this step to InfluxDB

2020-06-07 19:52:30.003 write initial data to InfluxDB successfully, status code is 204

2020-06-07 19:52:30.003 start obtaining value of specified variables

2020-06-07 19:52:30.003 obtain value of specified variables successfully

2020-06-07 19:52:30.003 FMU simulate a step from t=0.4

2020-06-07 19:52:30.005 FMU simulate the step from t=0.4 successfully

2020-06-07 19:52:30.005 start writing data after this step to InfluxDB

2020-06-07 19:52:30.014 write initial data to InfluxDB successfully, status code is 204

2020-06-07 19:52:30.014 start obtaining value of specified variables

2020-06-07 19:52:30.014 obtain value of specified variables successfully

2020-06-07 19:52:30.015 end simulation successfully

2020-06-07 19:52:30.123 release 'fmu10/fmu/cs/win64/fullRobot_cs.fmu' successfully

2020-06-07 19:52:30.123 disconnect from InfluxDB  127.0.0.1 : 8086 successfully

2020-06-07 19:53:13.565 start loading 'fmu10/fmu/cs/win64/fullRobot_cs.fmu'

2020-06-07 19:53:13.717 load 'fmu10/fmu/cs/win64/fullRobot_cs.fmu' successfully

2020-06-07 19:53:13.717 start connecting to InfluxDB 127.0.0.1 : 8086

2020-06-07 19:53:13.725 connect to InfluxDB 127.0.0.1 : 8086 successfully

2020-06-07 19:53:13.725 start instantiating fmu

2020-06-07 19:53:13.727 instantiate fmu successfully

2020-06-07 19:53:13.727 start initializing fmu

2020-06-07 19:53:13.728 initialize fmu successfully

2020-06-07 19:53:13.728 start setting inputs

2020-06-07 19:53:13.729 set inputs successfully

2020-06-07 19:53:13.729 FMU Simulator: run 'fmu10/fmu/cs/win64/fullRobot_cs.fmu' from t=0..0.5 with step size h=0.1

2020-06-07 19:53:13.737 write initial data to InfluxDB successfully, status code is 204

2020-06-07 19:53:13.738 FMU simulate a step from t=0

2020-06-07 19:53:13.760 FMU simulate the step from t=0 successfully

2020-06-07 19:53:13.760 start writing data after this step to InfluxDB

2020-06-07 19:53:13.762 write initial data to InfluxDB successfully, status code is 204

2020-06-07 19:53:13.762 start obtaining value of specified variables

2020-06-07 19:53:13.762 obtain value of specified variables successfully

2020-06-07 19:53:13.762 FMU simulate a step from t=0.1

2020-06-07 19:53:13.767 FMU simulate the step from t=0.1 successfully

2020-06-07 19:53:13.768 start writing data after this step to InfluxDB

2020-06-07 19:53:13.769 write initial data to InfluxDB successfully, status code is 204

2020-06-07 19:53:13.770 start obtaining value of specified variables

2020-06-07 19:53:13.770 obtain value of specified variables successfully

2020-06-07 19:53:13.770 FMU simulate a step from t=0.2

2020-06-07 19:53:13.771 FMU simulate the step from t=0.2 successfully

2020-06-07 19:53:13.771 start writing data after this step to InfluxDB

2020-06-07 19:53:13.773 write initial data to InfluxDB successfully, status code is 204

2020-06-07 19:53:13.773 start obtaining value of specified variables

2020-06-07 19:53:13.773 obtain value of specified variables successfully

2020-06-07 19:53:13.773 FMU simulate a step from t=0.3

2020-06-07 19:53:13.775 FMU simulate the step from t=0.3 successfully

2020-06-07 19:53:13.775 start writing data after this step to InfluxDB

2020-06-07 19:53:13.777 write initial data to InfluxDB successfully, status code is 204

2020-06-07 19:53:13.777 start obtaining value of specified variables

2020-06-07 19:53:13.777 obtain value of specified variables successfully

2020-06-07 19:53:13.777 FMU simulate a step from t=0.4

2020-06-07 19:53:13.779 FMU simulate the step from t=0.4 successfully

2020-06-07 19:53:13.779 start writing data after this step to InfluxDB

2020-06-07 19:53:13.781 write initial data to InfluxDB successfully, status code is 204

2020-06-07 19:53:13.781 start obtaining value of specified variables

2020-06-07 19:53:13.781 obtain value of specified variables successfully

2020-06-07 19:53:13.782 end simulation successfully

2020-06-07 19:53:13.882 release 'fmu10/fmu/cs/win64/fullRobot_cs.fmu' successfully

2020-06-07 19:53:13.882 disconnect from InfluxDB  127.0.0.1 : 8086 successfully

2020-06-07 19:54:59.655 start loading 'fmu10/fmu/cs/win64/fullRobot_cs.fmu'

2020-06-07 19:54:59.801 load 'fmu10/fmu/cs/win64/fullRobot_cs.fmu' successfully

2020-06-07 19:54:59.801 start connecting to InfluxDB 127.0.0.1 : 8086

2020-06-07 19:54:59.808 connect to InfluxDB 127.0.0.1 : 8086 successfully

2020-06-07 19:54:59.808 start instantiating fmu

2020-06-07 19:54:59.810 instantiate fmu successfully

2020-06-07 19:54:59.810 start initializing fmu

2020-06-07 19:54:59.812 initialize fmu successfully

2020-06-07 19:54:59.812 start setting inputs

2020-06-07 19:54:59.812 set inputs successfully

2020-06-07 19:54:59.812 FMU Simulator: run 'fmu10/fmu/cs/win64/fullRobot_cs.fmu' from t=0..0.5 with step size h=0.1

2020-06-07 19:54:59.948 write initial data to InfluxDB successfully, status code is 204

2020-06-07 19:54:59.948 FMU simulate a step from t=0

2020-06-07 19:54:59.971 FMU simulate the step from t=0 successfully

2020-06-07 19:54:59.971 start writing data after this step to InfluxDB

2020-06-07 19:54:59.976 write initial data to InfluxDB successfully, status code is 204

2020-06-07 19:54:59.976 start obtaining value of specified variables

2020-06-07 19:54:59.976 obtain value of specified variables successfully

2020-06-07 19:54:59.976 FMU simulate a step from t=0.1

2020-06-07 19:54:59.982 FMU simulate the step from t=0.1 successfully

2020-06-07 19:54:59.982 start writing data after this step to InfluxDB

2020-06-07 19:54:59.984 write initial data to InfluxDB successfully, status code is 204

2020-06-07 19:54:59.984 start obtaining value of specified variables

2020-06-07 19:54:59.985 obtain value of specified variables successfully

2020-06-07 19:54:59.985 FMU simulate a step from t=0.2

2020-06-07 19:54:59.986 FMU simulate the step from t=0.2 successfully

2020-06-07 19:54:59.986 start writing data after this step to InfluxDB

2020-06-07 19:54:59.988 write initial data to InfluxDB successfully, status code is 204

2020-06-07 19:54:59.988 start obtaining value of specified variables

2020-06-07 19:54:59.988 obtain value of specified variables successfully

2020-06-07 19:54:59.988 FMU simulate a step from t=0.3

2020-06-07 19:54:59.990 FMU simulate the step from t=0.3 successfully

2020-06-07 19:54:59.990 start writing data after this step to InfluxDB

2020-06-07 19:54:59.992 write initial data to InfluxDB successfully, status code is 204

2020-06-07 19:54:59.992 start obtaining value of specified variables

2020-06-07 19:54:59.992 obtain value of specified variables successfully

2020-06-07 19:54:59.992 FMU simulate a step from t=0.4

2020-06-07 19:54:59.994 FMU simulate the step from t=0.4 successfully

2020-06-07 19:54:59.994 start writing data after this step to InfluxDB

2020-06-07 19:54:59.997 write initial data to InfluxDB successfully, status code is 204

2020-06-07 19:54:59.997 start obtaining value of specified variables

2020-06-07 19:54:59.997 obtain value of specified variables successfully

2020-06-07 19:54:59.998 end simulation successfully

2020-06-07 19:55:00.104 release 'fmu10/fmu/cs/win64/fullRobot_cs.fmu' successfully

2020-06-07 19:55:00.104 disconnect from InfluxDB  127.0.0.1 : 8086 successfully

2020-06-07 19:56:08.858 start loading 'fmu10/fmu/cs/win64/fullRobot_cs.fmu'

2020-06-07 19:56:09.008 load 'fmu10/fmu/cs/win64/fullRobot_cs.fmu' successfully

2020-06-07 19:56:09.008 start connecting to InfluxDB 127.0.0.1 : 8086

2020-06-07 19:56:09.018 connect to InfluxDB 127.0.0.1 : 8086 successfully

2020-06-07 19:56:09.018 start instantiating fmu

2020-06-07 19:56:09.019 instantiate fmu successfully

2020-06-07 19:56:09.019 start initializing fmu

2020-06-07 19:56:09.020 initialize fmu successfully

2020-06-07 19:56:09.021 start setting inputs

2020-06-07 19:56:09.021 set inputs successfully

2020-06-07 19:56:09.021 FMU Simulator: run 'fmu10/fmu/cs/win64/fullRobot_cs.fmu' from t=0..1.5 with step size h=0.1

2020-06-07 19:56:09.024 write initial data to InfluxDB successfully, status code is 204

2020-06-07 19:56:09.024 FMU simulate a step from t=0

2020-06-07 19:56:09.047 FMU simulate the step from t=0 successfully

2020-06-07 19:56:09.047 start writing data after this step to InfluxDB

2020-06-07 19:56:09.049 write initial data to InfluxDB successfully, status code is 204

2020-06-07 19:56:09.049 start obtaining value of specified variables

2020-06-07 19:56:09.049 obtain value of specified variables successfully

2020-06-07 19:56:09.049 FMU simulate a step from t=0.1

2020-06-07 19:56:09.054 FMU simulate the step from t=0.1 successfully

2020-06-07 19:56:09.054 start writing data after this step to InfluxDB

2020-06-07 19:56:09.056 write initial data to InfluxDB successfully, status code is 204

2020-06-07 19:56:09.056 start obtaining value of specified variables

2020-06-07 19:56:09.056 obtain value of specified variables successfully

2020-06-07 19:56:09.056 FMU simulate a step from t=0.2

2020-06-07 19:56:09.058 FMU simulate the step from t=0.2 successfully

2020-06-07 19:56:09.058 start writing data after this step to InfluxDB

2020-06-07 19:56:09.060 write initial data to InfluxDB successfully, status code is 204

2020-06-07 19:56:09.060 start obtaining value of specified variables

2020-06-07 19:56:09.060 obtain value of specified variables successfully

2020-06-07 19:56:09.060 FMU simulate a step from t=0.3

2020-06-07 19:56:09.061 FMU simulate the step from t=0.3 successfully

2020-06-07 19:56:09.061 start writing data after this step to InfluxDB

2020-06-07 19:56:09.064 write initial data to InfluxDB successfully, status code is 204

2020-06-07 19:56:09.064 start obtaining value of specified variables

2020-06-07 19:56:09.064 obtain value of specified variables successfully

2020-06-07 19:56:09.064 FMU simulate a step from t=0.4

2020-06-07 19:56:09.065 FMU simulate the step from t=0.4 successfully

2020-06-07 19:56:09.065 start writing data after this step to InfluxDB

2020-06-07 19:56:09.067 write initial data to InfluxDB successfully, status code is 204

2020-06-07 19:56:09.067 start obtaining value of specified variables

2020-06-07 19:56:09.067 obtain value of specified variables successfully

2020-06-07 19:56:09.067 FMU simulate a step from t=0.5

2020-06-07 19:56:09.068 FMU simulate the step from t=0.5 successfully

2020-06-07 19:56:09.068 start writing data after this step to InfluxDB

2020-06-07 19:56:09.070 write initial data to InfluxDB successfully, status code is 204

2020-06-07 19:56:09.070 start obtaining value of specified variables

2020-06-07 19:56:09.070 obtain value of specified variables successfully

2020-06-07 19:56:09.070 FMU simulate a step from t=0.6

2020-06-07 19:56:09.072 FMU simulate the step from t=0.6 successfully

2020-06-07 19:56:09.072 start writing data after this step to InfluxDB

2020-06-07 19:56:09.074 write initial data to InfluxDB successfully, status code is 204

2020-06-07 19:56:09.074 start obtaining value of specified variables

2020-06-07 19:56:09.074 obtain value of specified variables successfully

2020-06-07 19:56:09.074 FMU simulate a step from t=0.7

2020-06-07 19:56:09.076 FMU simulate the step from t=0.7 successfully

2020-06-07 19:56:09.076 start writing data after this step to InfluxDB

2020-06-07 19:56:09.077 write initial data to InfluxDB successfully, status code is 204

2020-06-07 19:56:09.077 start obtaining value of specified variables

2020-06-07 19:56:09.077 obtain value of specified variables successfully

2020-06-07 19:56:09.077 FMU simulate a step from t=0.8

2020-06-07 19:56:09.079 FMU simulate the step from t=0.8 successfully

2020-06-07 19:56:09.079 start writing data after this step to InfluxDB

2020-06-07 19:56:09.080 write initial data to InfluxDB successfully, status code is 204

2020-06-07 19:56:09.080 start obtaining value of specified variables

2020-06-07 19:56:09.080 obtain value of specified variables successfully

2020-06-07 19:56:09.080 FMU simulate a step from t=0.9

2020-06-07 19:56:09.082 FMU simulate the step from t=0.9 successfully

2020-06-07 19:56:09.082 start writing data after this step to InfluxDB

2020-06-07 19:56:09.086 write initial data to InfluxDB successfully, status code is 204

2020-06-07 19:56:09.086 start obtaining value of specified variables

2020-06-07 19:56:09.086 obtain value of specified variables successfully

2020-06-07 19:56:09.086 FMU simulate a step from t=1

2020-06-07 19:56:09.087 FMU simulate the step from t=1 successfully

2020-06-07 19:56:09.087 start writing data after this step to InfluxDB

2020-06-07 19:56:09.089 write initial data to InfluxDB successfully, status code is 204

2020-06-07 19:56:09.089 start obtaining value of specified variables

2020-06-07 19:56:09.089 obtain value of specified variables successfully

2020-06-07 19:56:09.089 FMU simulate a step from t=1.1

2020-06-07 19:56:09.090 FMU simulate the step from t=1.1 successfully

2020-06-07 19:56:09.090 start writing data after this step to InfluxDB

2020-06-07 19:56:09.092 write initial data to InfluxDB successfully, status code is 204

2020-06-07 19:56:09.092 start obtaining value of specified variables

2020-06-07 19:56:09.092 obtain value of specified variables successfully

2020-06-07 19:56:09.092 FMU simulate a step from t=1.2

2020-06-07 19:56:09.100 FMU simulate the step from t=1.2 successfully

2020-06-07 19:56:09.100 start writing data after this step to InfluxDB

2020-06-07 19:56:09.101 write initial data to InfluxDB successfully, status code is 204

2020-06-07 19:56:09.101 start obtaining value of specified variables

2020-06-07 19:56:09.102 obtain value of specified variables successfully

2020-06-07 19:56:09.102 FMU simulate a step from t=1.3

2020-06-07 19:56:09.123 FMU simulate the step from t=1.3 successfully

2020-06-07 19:56:09.123 start writing data after this step to InfluxDB

2020-06-07 19:56:09.125 write initial data to InfluxDB successfully, status code is 204

2020-06-07 19:56:09.125 start obtaining value of specified variables

2020-06-07 19:56:09.125 obtain value of specified variables successfully

2020-06-07 19:56:09.125 FMU simulate a step from t=1.4

2020-06-07 19:56:09.150 FMU simulate the step from t=1.4 successfully

2020-06-07 19:56:09.150 start writing data after this step to InfluxDB

2020-06-07 19:56:09.152 write initial data to InfluxDB successfully, status code is 204

2020-06-07 19:56:09.152 start obtaining value of specified variables

2020-06-07 19:56:09.152 obtain value of specified variables successfully

2020-06-07 19:56:09.153 end simulation successfully

2020-06-07 19:56:09.252 release 'fmu10/fmu/cs/win64/fullRobot_cs.fmu' successfully

2020-06-07 19:56:09.253 disconnect from InfluxDB  127.0.0.1 : 8086 successfully

2020-06-07 19:56:27.028 start loading 'fmu10/fmu/cs/win64/fullRobot_cs.fmu'

2020-06-07 19:56:27.178 load 'fmu10/fmu/cs/win64/fullRobot_cs.fmu' successfully

2020-06-07 19:56:27.178 start connecting to InfluxDB 127.0.0.1 : 8086

2020-06-07 19:56:27.186 connect to InfluxDB 127.0.0.1 : 8086 successfully

2020-06-07 19:56:27.186 start instantiating fmu

2020-06-07 19:56:27.187 instantiate fmu successfully

2020-06-07 19:56:27.187 start initializing fmu

2020-06-07 19:56:27.189 initialize fmu successfully

2020-06-07 19:56:27.189 start setting inputs

2020-06-07 19:56:27.189 set inputs successfully

2020-06-07 19:56:27.189 FMU Simulator: run 'fmu10/fmu/cs/win64/fullRobot_cs.fmu' from t=0..1.5 with step size h=0.1

2020-06-07 19:56:27.192 write initial data to InfluxDB successfully, status code is 204

2020-06-07 19:56:27.192 FMU simulate a step from t=0

2020-06-07 19:56:27.214 FMU simulate the step from t=0 successfully

2020-06-07 19:56:27.215 start writing data after this step to InfluxDB

2020-06-07 19:56:27.217 write initial data to InfluxDB successfully, status code is 204

2020-06-07 19:56:27.217 start obtaining value of specified variables

2020-06-07 19:56:27.217 obtain value of specified variables successfully

2020-06-07 19:56:27.218 FMU simulate a step from t=0.1

2020-06-07 19:56:27.223 FMU simulate the step from t=0.1 successfully

2020-06-07 19:56:27.223 start writing data after this step to InfluxDB

2020-06-07 19:56:27.225 write initial data to InfluxDB successfully, status code is 204

2020-06-07 19:56:27.225 start obtaining value of specified variables

2020-06-07 19:56:27.225 obtain value of specified variables successfully

2020-06-07 19:56:27.225 FMU simulate a step from t=0.2

2020-06-07 19:56:27.227 FMU simulate the step from t=0.2 successfully

2020-06-07 19:56:27.227 start writing data after this step to InfluxDB

2020-06-07 19:56:27.229 write initial data to InfluxDB successfully, status code is 204

2020-06-07 19:56:27.229 start obtaining value of specified variables

2020-06-07 19:56:27.229 obtain value of specified variables successfully

2020-06-07 19:56:27.229 FMU simulate a step from t=0.3

2020-06-07 19:56:27.230 FMU simulate the step from t=0.3 successfully

2020-06-07 19:56:27.230 start writing data after this step to InfluxDB

2020-06-07 19:56:27.233 write initial data to InfluxDB successfully, status code is 204

2020-06-07 19:56:27.233 start obtaining value of specified variables

2020-06-07 19:56:27.234 obtain value of specified variables successfully

2020-06-07 19:56:27.234 FMU simulate a step from t=0.4

2020-06-07 19:56:27.235 FMU simulate the step from t=0.4 successfully

2020-06-07 19:56:27.235 start writing data after this step to InfluxDB

2020-06-07 19:56:27.237 write initial data to InfluxDB successfully, status code is 204

2020-06-07 19:56:27.237 start obtaining value of specified variables

2020-06-07 19:56:27.237 obtain value of specified variables successfully

2020-06-07 19:56:27.237 FMU simulate a step from t=0.5

2020-06-07 19:56:27.239 FMU simulate the step from t=0.5 successfully

2020-06-07 19:56:27.239 start writing data after this step to InfluxDB

2020-06-07 19:56:27.240 write initial data to InfluxDB successfully, status code is 204

2020-06-07 19:56:27.240 start obtaining value of specified variables

2020-06-07 19:56:27.240 obtain value of specified variables successfully

2020-06-07 19:56:27.240 FMU simulate a step from t=0.6

2020-06-07 19:56:27.242 FMU simulate the step from t=0.6 successfully

2020-06-07 19:56:27.242 start writing data after this step to InfluxDB

2020-06-07 19:56:27.244 write initial data to InfluxDB successfully, status code is 204

2020-06-07 19:56:27.244 start obtaining value of specified variables

2020-06-07 19:56:27.244 obtain value of specified variables successfully

2020-06-07 19:56:27.244 FMU simulate a step from t=0.7

2020-06-07 19:56:27.245 FMU simulate the step from t=0.7 successfully

2020-06-07 19:56:27.245 start writing data after this step to InfluxDB

2020-06-07 19:56:27.248 write initial data to InfluxDB successfully, status code is 204

2020-06-07 19:56:27.248 start obtaining value of specified variables

2020-06-07 19:56:27.248 obtain value of specified variables successfully

2020-06-07 19:56:27.248 FMU simulate a step from t=0.8

2020-06-07 19:56:27.250 FMU simulate the step from t=0.8 successfully

2020-06-07 19:56:27.250 start writing data after this step to InfluxDB

2020-06-07 19:56:27.252 write initial data to InfluxDB successfully, status code is 204

2020-06-07 19:56:27.252 start obtaining value of specified variables

2020-06-07 19:56:27.252 obtain value of specified variables successfully

2020-06-07 19:56:27.252 FMU simulate a step from t=0.9

2020-06-07 19:56:27.253 FMU simulate the step from t=0.9 successfully

2020-06-07 19:56:27.253 start writing data after this step to InfluxDB

2020-06-07 19:56:27.255 write initial data to InfluxDB successfully, status code is 204

2020-06-07 19:56:27.255 start obtaining value of specified variables

2020-06-07 19:56:27.255 obtain value of specified variables successfully

2020-06-07 19:56:27.255 FMU simulate a step from t=1

2020-06-07 19:56:27.256 FMU simulate the step from t=1 successfully

2020-06-07 19:56:27.256 start writing data after this step to InfluxDB

2020-06-07 19:56:27.258 write initial data to InfluxDB successfully, status code is 204

2020-06-07 19:56:27.258 start obtaining value of specified variables

2020-06-07 19:56:27.258 obtain value of specified variables successfully

2020-06-07 19:56:27.258 FMU simulate a step from t=1.1

2020-06-07 19:56:27.260 FMU simulate the step from t=1.1 successfully

2020-06-07 19:56:27.260 start writing data after this step to InfluxDB

2020-06-07 19:56:27.261 write initial data to InfluxDB successfully, status code is 204

2020-06-07 19:56:27.262 start obtaining value of specified variables

2020-06-07 19:56:27.262 obtain value of specified variables successfully

2020-06-07 19:56:27.262 FMU simulate a step from t=1.2

2020-06-07 19:56:27.269 FMU simulate the step from t=1.2 successfully

2020-06-07 19:56:27.269 start writing data after this step to InfluxDB

2020-06-07 19:56:27.271 write initial data to InfluxDB successfully, status code is 204

2020-06-07 19:56:27.271 start obtaining value of specified variables

2020-06-07 19:56:27.271 obtain value of specified variables successfully

2020-06-07 19:56:27.271 FMU simulate a step from t=1.3

2020-06-07 19:56:27.292 FMU simulate the step from t=1.3 successfully

2020-06-07 19:56:27.292 start writing data after this step to InfluxDB

2020-06-07 19:56:27.294 write initial data to InfluxDB successfully, status code is 204

2020-06-07 19:56:27.294 start obtaining value of specified variables

2020-06-07 19:56:27.294 obtain value of specified variables successfully

2020-06-07 19:56:27.294 FMU simulate a step from t=1.4

2020-06-07 19:56:27.318 FMU simulate the step from t=1.4 successfully

2020-06-07 19:56:27.318 start writing data after this step to InfluxDB

2020-06-07 19:56:27.320 write initial data to InfluxDB successfully, status code is 204

2020-06-07 19:56:27.320 start obtaining value of specified variables

2020-06-07 19:56:27.320 obtain value of specified variables successfully

2020-06-07 19:56:27.321 end simulation successfully

2020-06-07 19:56:27.435 release 'fmu10/fmu/cs/win64/fullRobot_cs.fmu' successfully

2020-06-07 19:56:27.435 disconnect from InfluxDB  127.0.0.1 : 8086 successfully

2020-06-07 19:59:09.174 start loading 'fmu10/fmu/cs/win64/fullRobot_cs.fmu'

2020-06-07 19:59:09.335 load 'fmu10/fmu/cs/win64/fullRobot_cs.fmu' successfully

2020-06-07 19:59:09.335 start connecting to InfluxDB 127.0.0.1 : 8086

2020-06-07 19:59:09.343 connect to InfluxDB 127.0.0.1 : 8086 successfully

2020-06-07 19:59:09.343 start instantiating fmu

2020-06-07 19:59:09.345 instantiate fmu successfully

2020-06-07 19:59:09.345 start initializing fmu

2020-06-07 19:59:09.346 initialize fmu successfully

2020-06-07 19:59:09.347 start setting inputs

2020-06-07 19:59:09.347 set inputs successfully

2020-06-07 19:59:09.347 FMU Simulator: run 'fmu10/fmu/cs/win64/fullRobot_cs.fmu' from t=0..2 with step size h=0.1

2020-06-07 19:59:09.349 write initial data to InfluxDB successfully, status code is 204

2020-06-07 19:59:09.349 FMU simulate a step from t=0

2020-06-07 19:59:09.378 FMU simulate the step from t=0 successfully

2020-06-07 19:59:09.378 start writing data after this step to InfluxDB

2020-06-07 19:59:09.380 write initial data to InfluxDB successfully, status code is 204

2020-06-07 19:59:09.380 start obtaining value of specified variables

2020-06-07 19:59:09.381 obtain value of specified variables successfully

2020-06-07 19:59:09.381 FMU simulate a step from t=0.1

2020-06-07 19:59:09.387 FMU simulate the step from t=0.1 successfully

2020-06-07 19:59:09.387 start writing data after this step to InfluxDB

2020-06-07 19:59:09.389 write initial data to InfluxDB successfully, status code is 204

2020-06-07 19:59:09.389 start obtaining value of specified variables

2020-06-07 19:59:09.389 obtain value of specified variables successfully

2020-06-07 19:59:09.389 FMU simulate a step from t=0.2

2020-06-07 19:59:09.391 FMU simulate the step from t=0.2 successfully

2020-06-07 19:59:09.391 start writing data after this step to InfluxDB

2020-06-07 19:59:09.393 write initial data to InfluxDB successfully, status code is 204

2020-06-07 19:59:09.393 start obtaining value of specified variables

2020-06-07 19:59:09.393 obtain value of specified variables successfully

2020-06-07 19:59:09.393 FMU simulate a step from t=0.3

2020-06-07 19:59:09.395 FMU simulate the step from t=0.3 successfully

2020-06-07 19:59:09.395 start writing data after this step to InfluxDB

2020-06-07 19:59:09.405 write initial data to InfluxDB successfully, status code is 204

2020-06-07 19:59:09.405 start obtaining value of specified variables

2020-06-07 19:59:09.405 obtain value of specified variables successfully

2020-06-07 19:59:09.405 FMU simulate a step from t=0.4

2020-06-07 19:59:09.408 FMU simulate the step from t=0.4 successfully

2020-06-07 19:59:09.408 start writing data after this step to InfluxDB

2020-06-07 19:59:09.410 write initial data to InfluxDB successfully, status code is 204

2020-06-07 19:59:09.410 start obtaining value of specified variables

2020-06-07 19:59:09.410 obtain value of specified variables successfully

2020-06-07 19:59:09.410 FMU simulate a step from t=0.5

2020-06-07 19:59:09.412 FMU simulate the step from t=0.5 successfully

2020-06-07 19:59:09.412 start writing data after this step to InfluxDB

2020-06-07 19:59:09.414 write initial data to InfluxDB successfully, status code is 204

2020-06-07 19:59:09.414 start obtaining value of specified variables

2020-06-07 19:59:09.414 obtain value of specified variables successfully

2020-06-07 19:59:09.414 FMU simulate a step from t=0.6

2020-06-07 19:59:09.415 FMU simulate the step from t=0.6 successfully

2020-06-07 19:59:09.415 start writing data after this step to InfluxDB

2020-06-07 19:59:09.417 write initial data to InfluxDB successfully, status code is 204

2020-06-07 19:59:09.417 start obtaining value of specified variables

2020-06-07 19:59:09.417 obtain value of specified variables successfully

2020-06-07 19:59:09.418 FMU simulate a step from t=0.7

2020-06-07 19:59:09.420 FMU simulate the step from t=0.7 successfully

2020-06-07 19:59:09.420 start writing data after this step to InfluxDB

2020-06-07 19:59:09.422 write initial data to InfluxDB successfully, status code is 204

2020-06-07 19:59:09.422 start obtaining value of specified variables

2020-06-07 19:59:09.422 obtain value of specified variables successfully

2020-06-07 19:59:09.422 FMU simulate a step from t=0.8

2020-06-07 19:59:09.424 FMU simulate the step from t=0.8 successfully

2020-06-07 19:59:09.424 start writing data after this step to InfluxDB

2020-06-07 19:59:09.426 write initial data to InfluxDB successfully, status code is 204

2020-06-07 19:59:09.426 start obtaining value of specified variables

2020-06-07 19:59:09.426 obtain value of specified variables successfully

2020-06-07 19:59:09.426 FMU simulate a step from t=0.9

2020-06-07 19:59:09.428 FMU simulate the step from t=0.9 successfully

2020-06-07 19:59:09.428 start writing data after this step to InfluxDB

2020-06-07 19:59:09.429 write initial data to InfluxDB successfully, status code is 204

2020-06-07 19:59:09.430 start obtaining value of specified variables

2020-06-07 19:59:09.430 obtain value of specified variables successfully

2020-06-07 19:59:09.430 FMU simulate a step from t=1

2020-06-07 19:59:09.431 FMU simulate the step from t=1 successfully

2020-06-07 19:59:09.431 start writing data after this step to InfluxDB

2020-06-07 19:59:09.433 write initial data to InfluxDB successfully, status code is 204

2020-06-07 19:59:09.433 start obtaining value of specified variables

2020-06-07 19:59:09.433 obtain value of specified variables successfully

2020-06-07 19:59:09.433 FMU simulate a step from t=1.1

2020-06-07 19:59:09.435 FMU simulate the step from t=1.1 successfully

2020-06-07 19:59:09.435 start writing data after this step to InfluxDB

2020-06-07 19:59:09.437 write initial data to InfluxDB successfully, status code is 204

2020-06-07 19:59:09.437 start obtaining value of specified variables

2020-06-07 19:59:09.437 obtain value of specified variables successfully

2020-06-07 19:59:09.437 FMU simulate a step from t=1.2

2020-06-07 19:59:09.447 FMU simulate the step from t=1.2 successfully

2020-06-07 19:59:09.447 start writing data after this step to InfluxDB

2020-06-07 19:59:09.457 write initial data to InfluxDB successfully, status code is 204

2020-06-07 19:59:09.457 start obtaining value of specified variables

2020-06-07 19:59:09.457 obtain value of specified variables successfully

2020-06-07 19:59:09.457 FMU simulate a step from t=1.3

2020-06-07 19:59:09.478 FMU simulate the step from t=1.3 successfully

2020-06-07 19:59:09.478 start writing data after this step to InfluxDB

2020-06-07 19:59:09.480 write initial data to InfluxDB successfully, status code is 204

2020-06-07 19:59:09.480 start obtaining value of specified variables

2020-06-07 19:59:09.480 obtain value of specified variables successfully

2020-06-07 19:59:09.480 FMU simulate a step from t=1.4

2020-06-07 19:59:09.505 FMU simulate the step from t=1.4 successfully

2020-06-07 19:59:09.505 start writing data after this step to InfluxDB

2020-06-07 19:59:09.507 write initial data to InfluxDB successfully, status code is 204

2020-06-07 19:59:09.507 start obtaining value of specified variables

2020-06-07 19:59:09.507 obtain value of specified variables successfully

2020-06-07 19:59:09.507 FMU simulate a step from t=1.5

2020-06-07 19:59:09.518 FMU simulate the step from t=1.5 successfully

2020-06-07 19:59:09.518 start writing data after this step to InfluxDB

2020-06-07 19:59:09.520 write initial data to InfluxDB successfully, status code is 204

2020-06-07 19:59:09.520 start obtaining value of specified variables

2020-06-07 19:59:09.520 obtain value of specified variables successfully

2020-06-07 19:59:09.520 FMU simulate a step from t=1.6

2020-06-07 19:59:09.531 FMU simulate the step from t=1.6 successfully

2020-06-07 19:59:09.531 start writing data after this step to InfluxDB

2020-06-07 19:59:09.533 write initial data to InfluxDB successfully, status code is 204

2020-06-07 19:59:09.533 start obtaining value of specified variables

2020-06-07 19:59:09.533 obtain value of specified variables successfully

2020-06-07 19:59:09.533 FMU simulate a step from t=1.7

2020-06-07 19:59:09.537 FMU simulate the step from t=1.7 successfully

2020-06-07 19:59:09.537 start writing data after this step to InfluxDB

2020-06-07 19:59:09.539 write initial data to InfluxDB successfully, status code is 204

2020-06-07 19:59:09.539 start obtaining value of specified variables

2020-06-07 19:59:09.539 obtain value of specified variables successfully

2020-06-07 19:59:09.539 FMU simulate a step from t=1.8

2020-06-07 19:59:09.540 FMU simulate the step from t=1.8 successfully

2020-06-07 19:59:09.541 start writing data after this step to InfluxDB

2020-06-07 19:59:09.542 write initial data to InfluxDB successfully, status code is 204

2020-06-07 19:59:09.542 start obtaining value of specified variables

2020-06-07 19:59:09.543 obtain value of specified variables successfully

2020-06-07 19:59:09.543 FMU simulate a step from t=1.9

2020-06-07 19:59:09.543 could not simulate this step from t=1.9

2020-06-07 19:59:15.622 start loading 'fmu10/fmu/cs/win64/fullRobot_cs.fmu'

2020-06-07 19:59:15.776 load 'fmu10/fmu/cs/win64/fullRobot_cs.fmu' successfully

2020-06-07 19:59:15.776 start connecting to InfluxDB 127.0.0.1 : 8086

2020-06-07 19:59:15.785 connect to InfluxDB 127.0.0.1 : 8086 successfully

2020-06-07 19:59:15.785 start instantiating fmu

2020-06-07 19:59:15.786 instantiate fmu successfully

2020-06-07 19:59:15.786 start initializing fmu

2020-06-07 19:59:15.788 initialize fmu successfully

2020-06-07 19:59:15.788 start setting inputs

2020-06-07 19:59:15.788 set inputs successfully

2020-06-07 19:59:15.788 FMU Simulator: run 'fmu10/fmu/cs/win64/fullRobot_cs.fmu' from t=0..2 with step size h=0.1

2020-06-07 19:59:15.803 write initial data to InfluxDB successfully, status code is 204

2020-06-07 19:59:15.803 FMU simulate a step from t=0

2020-06-07 19:59:15.825 FMU simulate the step from t=0 successfully

2020-06-07 19:59:15.825 start writing data after this step to InfluxDB

2020-06-07 19:59:15.827 write initial data to InfluxDB successfully, status code is 204

2020-06-07 19:59:15.827 start obtaining value of specified variables

2020-06-07 19:59:15.827 obtain value of specified variables successfully

2020-06-07 19:59:15.827 FMU simulate a step from t=0.1

2020-06-07 19:59:15.833 FMU simulate the step from t=0.1 successfully

2020-06-07 19:59:15.833 start writing data after this step to InfluxDB

2020-06-07 19:59:15.834 write initial data to InfluxDB successfully, status code is 204

2020-06-07 19:59:15.834 start obtaining value of specified variables

2020-06-07 19:59:15.834 obtain value of specified variables successfully

2020-06-07 19:59:15.834 FMU simulate a step from t=0.2

2020-06-07 19:59:15.836 FMU simulate the step from t=0.2 successfully

2020-06-07 19:59:15.836 start writing data after this step to InfluxDB

2020-06-07 19:59:15.838 write initial data to InfluxDB successfully, status code is 204

2020-06-07 19:59:15.838 start obtaining value of specified variables

2020-06-07 19:59:15.838 obtain value of specified variables successfully

2020-06-07 19:59:15.838 FMU simulate a step from t=0.3

2020-06-07 19:59:15.840 FMU simulate the step from t=0.3 successfully

2020-06-07 19:59:15.840 start writing data after this step to InfluxDB

2020-06-07 19:59:15.842 write initial data to InfluxDB successfully, status code is 204

2020-06-07 19:59:15.842 start obtaining value of specified variables

2020-06-07 19:59:15.842 obtain value of specified variables successfully

2020-06-07 19:59:15.842 FMU simulate a step from t=0.4

2020-06-07 19:59:15.844 FMU simulate the step from t=0.4 successfully

2020-06-07 19:59:15.844 start writing data after this step to InfluxDB

2020-06-07 19:59:15.845 write initial data to InfluxDB successfully, status code is 204

2020-06-07 19:59:15.845 start obtaining value of specified variables

2020-06-07 19:59:15.845 obtain value of specified variables successfully

2020-06-07 19:59:15.845 FMU simulate a step from t=0.5

2020-06-07 19:59:15.847 FMU simulate the step from t=0.5 successfully

2020-06-07 19:59:15.847 start writing data after this step to InfluxDB

2020-06-07 19:59:15.849 write initial data to InfluxDB successfully, status code is 204

2020-06-07 19:59:15.849 start obtaining value of specified variables

2020-06-07 19:59:15.849 obtain value of specified variables successfully

2020-06-07 19:59:15.850 FMU simulate a step from t=0.6

2020-06-07 19:59:15.851 FMU simulate the step from t=0.6 successfully

2020-06-07 19:59:15.851 start writing data after this step to InfluxDB

2020-06-07 19:59:15.853 write initial data to InfluxDB successfully, status code is 204

2020-06-07 19:59:15.853 start obtaining value of specified variables

2020-06-07 19:59:15.853 obtain value of specified variables successfully

2020-06-07 19:59:15.853 FMU simulate a step from t=0.7

2020-06-07 19:59:15.855 FMU simulate the step from t=0.7 successfully

2020-06-07 19:59:15.855 start writing data after this step to InfluxDB

2020-06-07 19:59:15.858 write initial data to InfluxDB successfully, status code is 204

2020-06-07 19:59:15.858 start obtaining value of specified variables

2020-06-07 19:59:15.858 obtain value of specified variables successfully

2020-06-07 19:59:15.858 FMU simulate a step from t=0.8

2020-06-07 19:59:15.860 FMU simulate the step from t=0.8 successfully

2020-06-07 19:59:15.861 start writing data after this step to InfluxDB

2020-06-07 19:59:15.864 write initial data to InfluxDB successfully, status code is 204

2020-06-07 19:59:15.864 start obtaining value of specified variables

2020-06-07 19:59:15.864 obtain value of specified variables successfully

2020-06-07 19:59:15.864 FMU simulate a step from t=0.9

2020-06-07 19:59:15.867 FMU simulate the step from t=0.9 successfully

2020-06-07 19:59:15.867 start writing data after this step to InfluxDB

2020-06-07 19:59:15.870 write initial data to InfluxDB successfully, status code is 204

2020-06-07 19:59:15.870 start obtaining value of specified variables

2020-06-07 19:59:15.870 obtain value of specified variables successfully

2020-06-07 19:59:15.870 FMU simulate a step from t=1

2020-06-07 19:59:15.873 FMU simulate the step from t=1 successfully

2020-06-07 19:59:15.873 start writing data after this step to InfluxDB

2020-06-07 19:59:15.877 write initial data to InfluxDB successfully, status code is 204

2020-06-07 19:59:15.877 start obtaining value of specified variables

2020-06-07 19:59:15.877 obtain value of specified variables successfully

2020-06-07 19:59:15.877 FMU simulate a step from t=1.1

2020-06-07 19:59:15.880 FMU simulate the step from t=1.1 successfully

2020-06-07 19:59:15.880 start writing data after this step to InfluxDB

2020-06-07 19:59:15.882 write initial data to InfluxDB successfully, status code is 204

2020-06-07 19:59:15.882 start obtaining value of specified variables

2020-06-07 19:59:15.882 obtain value of specified variables successfully

2020-06-07 19:59:15.882 FMU simulate a step from t=1.2

2020-06-07 19:59:15.897 FMU simulate the step from t=1.2 successfully

2020-06-07 19:59:15.897 start writing data after this step to InfluxDB

2020-06-07 19:59:15.899 write initial data to InfluxDB successfully, status code is 204

2020-06-07 19:59:15.900 start obtaining value of specified variables

2020-06-07 19:59:15.900 obtain value of specified variables successfully

2020-06-07 19:59:15.900 FMU simulate a step from t=1.3

2020-06-07 19:59:15.933 FMU simulate the step from t=1.3 successfully

2020-06-07 19:59:15.933 start writing data after this step to InfluxDB

2020-06-07 19:59:15.937 write initial data to InfluxDB successfully, status code is 204

2020-06-07 19:59:15.937 start obtaining value of specified variables

2020-06-07 19:59:15.937 obtain value of specified variables successfully

2020-06-07 19:59:15.937 FMU simulate a step from t=1.4

2020-06-07 19:59:15.963 FMU simulate the step from t=1.4 successfully

2020-06-07 19:59:15.963 start writing data after this step to InfluxDB

2020-06-07 19:59:15.965 write initial data to InfluxDB successfully, status code is 204

2020-06-07 19:59:15.965 start obtaining value of specified variables

2020-06-07 19:59:15.965 obtain value of specified variables successfully

2020-06-07 19:59:15.965 FMU simulate a step from t=1.5

2020-06-07 19:59:15.977 FMU simulate the step from t=1.5 successfully

2020-06-07 19:59:15.977 start writing data after this step to InfluxDB

2020-06-07 19:59:15.979 write initial data to InfluxDB successfully, status code is 204

2020-06-07 19:59:15.979 start obtaining value of specified variables

2020-06-07 19:59:15.979 obtain value of specified variables successfully

2020-06-07 19:59:15.979 FMU simulate a step from t=1.6

2020-06-07 19:59:15.990 FMU simulate the step from t=1.6 successfully

2020-06-07 19:59:15.990 start writing data after this step to InfluxDB

2020-06-07 19:59:15.992 write initial data to InfluxDB successfully, status code is 204

2020-06-07 19:59:15.992 start obtaining value of specified variables

2020-06-07 19:59:15.992 obtain value of specified variables successfully

2020-06-07 19:59:15.992 FMU simulate a step from t=1.7

2020-06-07 19:59:15.996 FMU simulate the step from t=1.7 successfully

2020-06-07 19:59:15.996 start writing data after this step to InfluxDB

2020-06-07 19:59:15.998 write initial data to InfluxDB successfully, status code is 204

2020-06-07 19:59:15.998 start obtaining value of specified variables

2020-06-07 19:59:15.999 obtain value of specified variables successfully

2020-06-07 19:59:15.999 FMU simulate a step from t=1.8

2020-06-07 19:59:15.999 FMU simulate the step from t=1.8 successfully

2020-06-07 19:59:15.999 start writing data after this step to InfluxDB

2020-06-07 19:59:16.001 write initial data to InfluxDB successfully, status code is 204

2020-06-07 19:59:16.001 start obtaining value of specified variables

2020-06-07 19:59:16.001 obtain value of specified variables successfully

2020-06-07 19:59:16.001 FMU simulate a step from t=1.9

2020-06-07 19:59:16.001 could not simulate this step from t=1.9

2020-06-07 20:00:23.721 start loading 'fmu10/fmu/cs/win64/RLC_2.fmu'

2020-06-07 20:00:23.807 load 'fmu10/fmu/cs/win64/RLC_2.fmu' successfully

2020-06-07 20:00:23.808 start connecting to InfluxDB 127.0.0.1 : 8086

2020-06-07 20:00:23.817 connect to InfluxDB 127.0.0.1 : 8086 successfully

2020-06-07 20:00:23.817 start instantiating fmu

2020-06-07 20:00:23.819 instantiate fmu successfully

2020-06-07 20:00:23.819 start initializing fmu

2020-06-07 20:00:23.819 initialize fmu successfully

2020-06-07 20:00:23.819 start setting inputs

2020-06-07 20:00:23.819 set inputs successfully

2020-06-07 20:00:23.819 FMU Simulator: run 'fmu10/fmu/cs/win64/RLC_2.fmu' from t=0..0.5 with step size h=0.1

2020-06-07 20:00:23.822 write initial data to InfluxDB successfully, status code is 204

2020-06-07 20:00:23.822 FMU simulate a step from t=0

2020-06-07 20:00:23.822 FMU simulate the step from t=0 successfully

2020-06-07 20:00:23.822 start writing data after this step to InfluxDB

2020-06-07 20:00:23.825 write initial data to InfluxDB successfully, status code is 204

2020-06-07 20:00:23.825 start obtaining value of specified variables

2020-06-07 20:00:23.825 obtain value of specified variables successfully

2020-06-07 20:00:23.825 FMU simulate a step from t=0.1

2020-06-07 20:00:23.825 FMU simulate the step from t=0.1 successfully

2020-06-07 20:00:23.825 start writing data after this step to InfluxDB

2020-06-07 20:00:23.830 write initial data to InfluxDB successfully, status code is 204

2020-06-07 20:00:23.830 start obtaining value of specified variables

2020-06-07 20:00:23.830 obtain value of specified variables successfully

2020-06-07 20:00:23.830 FMU simulate a step from t=0.2

2020-06-07 20:00:23.830 FMU simulate the step from t=0.2 successfully

2020-06-07 20:00:23.830 start writing data after this step to InfluxDB

2020-06-07 20:00:23.832 write initial data to InfluxDB successfully, status code is 204

2020-06-07 20:00:23.832 start obtaining value of specified variables

2020-06-07 20:00:23.832 obtain value of specified variables successfully

2020-06-07 20:00:23.832 FMU simulate a step from t=0.3

2020-06-07 20:00:23.832 FMU simulate the step from t=0.3 successfully

2020-06-07 20:00:23.832 start writing data after this step to InfluxDB

2020-06-07 20:00:23.834 write initial data to InfluxDB successfully, status code is 204

2020-06-07 20:00:23.834 start obtaining value of specified variables

2020-06-07 20:00:23.834 obtain value of specified variables successfully

2020-06-07 20:00:23.834 FMU simulate a step from t=0.4

2020-06-07 20:00:23.834 FMU simulate the step from t=0.4 successfully

2020-06-07 20:00:23.834 start writing data after this step to InfluxDB

2020-06-07 20:00:23.835 write initial data to InfluxDB successfully, status code is 204

2020-06-07 20:00:23.835 start obtaining value of specified variables

2020-06-07 20:00:23.836 obtain value of specified variables successfully

2020-06-07 20:00:23.836 end simulation successfully

2020-06-07 20:00:23.940 release 'fmu10/fmu/cs/win64/RLC_2.fmu' successfully

2020-06-07 20:00:23.940 disconnect from InfluxDB  127.0.0.1 : 8086 successfully

2020-06-07 20:02:31.127 start loading 'fmu10/fmu/cs/win64/fullRobot_cs.fmu'

2020-06-07 20:02:31.287 load 'fmu10/fmu/cs/win64/fullRobot_cs.fmu' successfully

2020-06-07 20:02:31.287 start connecting to InfluxDB 127.0.0.1 : 8086

2020-06-07 20:02:31.294 connect to InfluxDB 127.0.0.1 : 8086 successfully

2020-06-07 20:02:31.294 start instantiating fmu

2020-06-07 20:02:31.296 instantiate fmu successfully

2020-06-07 20:02:31.296 start initializing fmu

2020-06-07 20:02:31.298 initialize fmu successfully

2020-06-07 20:02:31.298 start setting inputs

2020-06-07 20:02:31.298 set inputs successfully

2020-06-07 20:02:31.298 FMU Simulator: run 'fmu10/fmu/cs/win64/fullRobot_cs.fmu' from t=0..2 with step size h=0.1

2020-06-07 20:02:31.313 write initial data to InfluxDB successfully, status code is 204

2020-06-07 20:02:31.313 FMU simulate a step from t=0

2020-06-07 20:02:31.337 FMU simulate the step from t=0 successfully

2020-06-07 20:02:31.337 start writing data after this step to InfluxDB

2020-06-07 20:02:31.339 write initial data to InfluxDB successfully, status code is 204

2020-06-07 20:02:31.339 start obtaining value of specified variables

2020-06-07 20:02:31.339 obtain value of specified variables successfully

2020-06-07 20:02:31.339 FMU simulate a step from t=0.1

2020-06-07 20:02:31.345 FMU simulate the step from t=0.1 successfully

2020-06-07 20:02:31.345 start writing data after this step to InfluxDB

2020-06-07 20:02:31.347 write initial data to InfluxDB successfully, status code is 204

2020-06-07 20:02:31.347 start obtaining value of specified variables

2020-06-07 20:02:31.347 obtain value of specified variables successfully

2020-06-07 20:02:31.347 FMU simulate a step from t=0.2

2020-06-07 20:02:31.349 FMU simulate the step from t=0.2 successfully

2020-06-07 20:02:31.349 start writing data after this step to InfluxDB

2020-06-07 20:02:31.350 write initial data to InfluxDB successfully, status code is 204

2020-06-07 20:02:31.350 start obtaining value of specified variables

2020-06-07 20:02:31.351 obtain value of specified variables successfully

2020-06-07 20:02:31.351 FMU simulate a step from t=0.3

2020-06-07 20:02:31.352 FMU simulate the step from t=0.3 successfully

2020-06-07 20:02:31.352 start writing data after this step to InfluxDB

2020-06-07 20:02:31.354 write initial data to InfluxDB successfully, status code is 204

2020-06-07 20:02:31.354 start obtaining value of specified variables

2020-06-07 20:02:31.354 obtain value of specified variables successfully

2020-06-07 20:02:31.354 FMU simulate a step from t=0.4

2020-06-07 20:02:31.355 FMU simulate the step from t=0.4 successfully

2020-06-07 20:02:31.356 start writing data after this step to InfluxDB

2020-06-07 20:02:31.358 write initial data to InfluxDB successfully, status code is 204

2020-06-07 20:02:31.358 start obtaining value of specified variables

2020-06-07 20:02:31.358 obtain value of specified variables successfully

2020-06-07 20:02:31.358 FMU simulate a step from t=0.5

2020-06-07 20:02:31.360 FMU simulate the step from t=0.5 successfully

2020-06-07 20:02:31.360 start writing data after this step to InfluxDB

2020-06-07 20:02:31.362 write initial data to InfluxDB successfully, status code is 204

2020-06-07 20:02:31.363 start obtaining value of specified variables

2020-06-07 20:02:31.363 obtain value of specified variables successfully

2020-06-07 20:02:31.363 FMU simulate a step from t=0.6

2020-06-07 20:02:31.364 FMU simulate the step from t=0.6 successfully

2020-06-07 20:02:31.364 start writing data after this step to InfluxDB

2020-06-07 20:02:31.366 write initial data to InfluxDB successfully, status code is 204

2020-06-07 20:02:31.366 start obtaining value of specified variables

2020-06-07 20:02:31.366 obtain value of specified variables successfully

2020-06-07 20:02:31.366 FMU simulate a step from t=0.7

2020-06-07 20:02:31.367 FMU simulate the step from t=0.7 successfully

2020-06-07 20:02:31.367 start writing data after this step to InfluxDB

2020-06-07 20:02:31.369 write initial data to InfluxDB successfully, status code is 204

2020-06-07 20:02:31.369 start obtaining value of specified variables

2020-06-07 20:02:31.369 obtain value of specified variables successfully

2020-06-07 20:02:31.369 FMU simulate a step from t=0.8

2020-06-07 20:02:31.370 FMU simulate the step from t=0.8 successfully

2020-06-07 20:02:31.370 start writing data after this step to InfluxDB

2020-06-07 20:02:31.372 write initial data to InfluxDB successfully, status code is 204

2020-06-07 20:02:31.372 start obtaining value of specified variables

2020-06-07 20:02:31.372 obtain value of specified variables successfully

2020-06-07 20:02:31.372 FMU simulate a step from t=0.9

2020-06-07 20:02:31.374 FMU simulate the step from t=0.9 successfully

2020-06-07 20:02:31.374 start writing data after this step to InfluxDB

2020-06-07 20:02:31.377 write initial data to InfluxDB successfully, status code is 204

2020-06-07 20:02:31.377 start obtaining value of specified variables

2020-06-07 20:02:31.377 obtain value of specified variables successfully

2020-06-07 20:02:31.377 FMU simulate a step from t=1

2020-06-07 20:02:31.378 FMU simulate the step from t=1 successfully

2020-06-07 20:02:31.378 start writing data after this step to InfluxDB

2020-06-07 20:02:31.380 write initial data to InfluxDB successfully, status code is 204

2020-06-07 20:02:31.380 start obtaining value of specified variables

2020-06-07 20:02:31.380 obtain value of specified variables successfully

2020-06-07 20:02:31.380 FMU simulate a step from t=1.1

2020-06-07 20:02:31.381 FMU simulate the step from t=1.1 successfully

2020-06-07 20:02:31.381 start writing data after this step to InfluxDB

2020-06-07 20:02:31.383 write initial data to InfluxDB successfully, status code is 204

2020-06-07 20:02:31.383 start obtaining value of specified variables

2020-06-07 20:02:31.383 obtain value of specified variables successfully

2020-06-07 20:02:31.383 FMU simulate a step from t=1.2

2020-06-07 20:02:31.391 FMU simulate the step from t=1.2 successfully

2020-06-07 20:02:31.391 start writing data after this step to InfluxDB

2020-06-07 20:02:31.393 write initial data to InfluxDB successfully, status code is 204

2020-06-07 20:02:31.393 start obtaining value of specified variables

2020-06-07 20:02:31.393 obtain value of specified variables successfully

2020-06-07 20:02:31.393 FMU simulate a step from t=1.3

2020-06-07 20:02:31.414 FMU simulate the step from t=1.3 successfully

2020-06-07 20:02:31.414 start writing data after this step to InfluxDB

2020-06-07 20:02:31.416 write initial data to InfluxDB successfully, status code is 204

2020-06-07 20:02:31.417 start obtaining value of specified variables

2020-06-07 20:02:31.417 obtain value of specified variables successfully

2020-06-07 20:02:31.417 FMU simulate a step from t=1.4

2020-06-07 20:02:31.441 FMU simulate the step from t=1.4 successfully

2020-06-07 20:02:31.441 start writing data after this step to InfluxDB

2020-06-07 20:02:31.452 write initial data to InfluxDB successfully, status code is 204

2020-06-07 20:02:31.452 start obtaining value of specified variables

2020-06-07 20:02:31.452 obtain value of specified variables successfully

2020-06-07 20:02:31.452 FMU simulate a step from t=1.5

2020-06-07 20:02:31.463 FMU simulate the step from t=1.5 successfully

2020-06-07 20:02:31.463 start writing data after this step to InfluxDB

2020-06-07 20:02:31.465 write initial data to InfluxDB successfully, status code is 204

2020-06-07 20:02:31.465 start obtaining value of specified variables

2020-06-07 20:02:31.465 obtain value of specified variables successfully

2020-06-07 20:02:31.465 FMU simulate a step from t=1.6

2020-06-07 20:02:31.476 FMU simulate the step from t=1.6 successfully

2020-06-07 20:02:31.476 start writing data after this step to InfluxDB

2020-06-07 20:02:31.478 write initial data to InfluxDB successfully, status code is 204

2020-06-07 20:02:31.478 start obtaining value of specified variables

2020-06-07 20:02:31.478 obtain value of specified variables successfully

2020-06-07 20:02:31.478 FMU simulate a step from t=1.7

2020-06-07 20:02:31.482 FMU simulate the step from t=1.7 successfully

2020-06-07 20:02:31.482 start writing data after this step to InfluxDB

2020-06-07 20:02:31.484 write initial data to InfluxDB successfully, status code is 204

2020-06-07 20:02:31.485 start obtaining value of specified variables

2020-06-07 20:02:31.485 obtain value of specified variables successfully

2020-06-07 20:02:31.485 FMU simulate a step from t=1.8

2020-06-07 20:02:31.485 FMU simulate the step from t=1.8 successfully

2020-06-07 20:02:31.486 start writing data after this step to InfluxDB

2020-06-07 20:02:31.487 write initial data to InfluxDB successfully, status code is 204

2020-06-07 20:02:31.487 start obtaining value of specified variables

2020-06-07 20:02:31.487 obtain value of specified variables successfully

2020-06-07 20:02:31.487 FMU simulate a step from t=1.9

2020-06-07 20:02:31.488 could not simulate this step from t=1.9

2020-06-07 20:02:58.247 start loading 'fmu10/fmu/cs/win64/fullRobot_cs.fmu'

2020-06-07 20:02:58.401 load 'fmu10/fmu/cs/win64/fullRobot_cs.fmu' successfully

2020-06-07 20:02:58.401 start connecting to InfluxDB 127.0.0.1 : 8086

2020-06-07 20:02:58.412 connect to InfluxDB 127.0.0.1 : 8086 successfully

2020-06-07 20:02:58.412 start instantiating fmu

2020-06-07 20:02:58.413 instantiate fmu successfully

2020-06-07 20:02:58.413 start initializing fmu

2020-06-07 20:02:58.415 initialize fmu successfully

2020-06-07 20:02:58.415 start setting inputs

2020-06-07 20:02:58.415 set inputs successfully

2020-06-07 20:02:58.415 FMU Simulator: run 'fmu10/fmu/cs/win64/fullRobot_cs.fmu' from t=0..0.5 with step size h=0.1

2020-06-07 20:02:58.417 write initial data to InfluxDB successfully, status code is 204

2020-06-07 20:02:58.417 FMU simulate a step from t=0

2020-06-07 20:02:58.440 FMU simulate the step from t=0 successfully

2020-06-07 20:02:58.440 start writing data after this step to InfluxDB

2020-06-07 20:02:58.442 write initial data to InfluxDB successfully, status code is 204

2020-06-07 20:02:58.442 start obtaining value of specified variables

2020-06-07 20:02:58.442 obtain value of specified variables successfully

2020-06-07 20:02:58.442 FMU simulate a step from t=0.1

2020-06-07 20:02:58.447 FMU simulate the step from t=0.1 successfully

2020-06-07 20:02:58.447 start writing data after this step to InfluxDB

2020-06-07 20:02:58.449 write initial data to InfluxDB successfully, status code is 204

2020-06-07 20:02:58.449 start obtaining value of specified variables

2020-06-07 20:02:58.449 obtain value of specified variables successfully

2020-06-07 20:02:58.449 FMU simulate a step from t=0.2

2020-06-07 20:02:58.451 FMU simulate the step from t=0.2 successfully

2020-06-07 20:02:58.451 start writing data after this step to InfluxDB

2020-06-07 20:02:58.591 write initial data to InfluxDB successfully, status code is 204

2020-06-07 20:02:58.591 start obtaining value of specified variables

2020-06-07 20:02:58.591 obtain value of specified variables successfully

2020-06-07 20:02:58.592 FMU simulate a step from t=0.3

2020-06-07 20:02:58.593 FMU simulate the step from t=0.3 successfully

2020-06-07 20:02:58.593 start writing data after this step to InfluxDB

2020-06-07 20:02:58.597 write initial data to InfluxDB successfully, status code is 204

2020-06-07 20:02:58.597 start obtaining value of specified variables

2020-06-07 20:02:58.597 obtain value of specified variables successfully

2020-06-07 20:02:58.597 FMU simulate a step from t=0.4

2020-06-07 20:02:58.598 FMU simulate the step from t=0.4 successfully

2020-06-07 20:02:58.598 start writing data after this step to InfluxDB

2020-06-07 20:02:58.600 write initial data to InfluxDB successfully, status code is 204

2020-06-07 20:02:58.600 start obtaining value of specified variables

2020-06-07 20:02:58.600 obtain value of specified variables successfully

2020-06-07 20:02:58.600 end simulation successfully

2020-06-07 20:02:58.708 release 'fmu10/fmu/cs/win64/fullRobot_cs.fmu' successfully

2020-06-07 20:02:58.708 disconnect from InfluxDB  127.0.0.1 : 8086 successfully

2020-06-07 20:03:27.563 start loading 'fmu10/fmu/cs/win64/fullRobot_cs.fmu'

2020-06-07 20:03:27.733 load 'fmu10/fmu/cs/win64/fullRobot_cs.fmu' successfully

2020-06-07 20:03:27.733 start connecting to InfluxDB 127.0.0.1 : 8086

2020-06-07 20:03:27.741 connect to InfluxDB 127.0.0.1 : 8086 successfully

2020-06-07 20:03:27.741 start instantiating fmu

2020-06-07 20:03:27.743 instantiate fmu successfully

2020-06-07 20:03:27.743 start initializing fmu

2020-06-07 20:03:27.744 initialize fmu successfully

2020-06-07 20:03:27.744 start setting inputs

2020-06-07 20:03:27.744 set inputs successfully

2020-06-07 20:03:27.744 FMU Simulator: run 'fmu10/fmu/cs/win64/fullRobot_cs.fmu' from t=0..0.5 with step size h=0.1

2020-06-07 20:03:27.747 write initial data to InfluxDB successfully, status code is 204

2020-06-07 20:03:27.747 FMU simulate a step from t=0

2020-06-07 20:03:27.773 FMU simulate the step from t=0 successfully

2020-06-07 20:03:27.773 start writing data after this step to InfluxDB

2020-06-07 20:03:27.775 write initial data to InfluxDB successfully, status code is 204

2020-06-07 20:03:27.775 start obtaining value of specified variables

2020-06-07 20:03:27.775 obtain value of specified variables successfully

2020-06-07 20:03:27.775 FMU simulate a step from t=0.1

2020-06-07 20:03:27.782 FMU simulate the step from t=0.1 successfully

2020-06-07 20:03:27.782 start writing data after this step to InfluxDB

2020-06-07 20:03:27.784 write initial data to InfluxDB successfully, status code is 204

2020-06-07 20:03:27.784 start obtaining value of specified variables

2020-06-07 20:03:27.784 obtain value of specified variables successfully

2020-06-07 20:03:27.784 FMU simulate a step from t=0.2

2020-06-07 20:03:27.786 FMU simulate the step from t=0.2 successfully

2020-06-07 20:03:27.786 start writing data after this step to InfluxDB

2020-06-07 20:03:27.788 write initial data to InfluxDB successfully, status code is 204

2020-06-07 20:03:27.788 start obtaining value of specified variables

2020-06-07 20:03:27.788 obtain value of specified variables successfully

2020-06-07 20:03:27.788 FMU simulate a step from t=0.3

2020-06-07 20:03:27.791 FMU simulate the step from t=0.3 successfully

2020-06-07 20:03:27.791 start writing data after this step to InfluxDB

2020-06-07 20:03:27.793 write initial data to InfluxDB successfully, status code is 204

2020-06-07 20:03:27.793 start obtaining value of specified variables

2020-06-07 20:03:27.793 obtain value of specified variables successfully

2020-06-07 20:03:27.793 FMU simulate a step from t=0.4

2020-06-07 20:03:27.795 FMU simulate the step from t=0.4 successfully

2020-06-07 20:03:27.795 start writing data after this step to InfluxDB

2020-06-07 20:03:27.797 write initial data to InfluxDB successfully, status code is 204

2020-06-07 20:03:27.797 start obtaining value of specified variables

2020-06-07 20:03:27.797 obtain value of specified variables successfully

2020-06-07 20:03:27.798 end simulation successfully

2020-06-07 20:03:27.902 release 'fmu10/fmu/cs/win64/fullRobot_cs.fmu' successfully

2020-06-07 20:03:27.902 disconnect from InfluxDB  127.0.0.1 : 8086 successfully

2020-06-07 20:03:49.145 start loading 'fmu10/fmu/cs/win64/fullRobot_cs.fmu'

2020-06-07 20:03:49.322 load 'fmu10/fmu/cs/win64/fullRobot_cs.fmu' successfully

2020-06-07 20:03:49.322 start connecting to InfluxDB 127.0.0.1 : 8086

2020-06-07 20:03:49.331 connect to InfluxDB 127.0.0.1 : 8086 successfully

2020-06-07 20:03:49.331 start instantiating fmu

2020-06-07 20:03:49.333 instantiate fmu successfully

2020-06-07 20:03:49.333 start initializing fmu

2020-06-07 20:03:49.334 initialize fmu successfully

2020-06-07 20:03:49.334 start setting inputs

2020-06-07 20:03:49.334 set inputs successfully

2020-06-07 20:03:49.335 FMU Simulator: run 'fmu10/fmu/cs/win64/fullRobot_cs.fmu' from t=0..0.5 with step size h=0.1

2020-06-07 20:03:49.335 write initial data to InfluxDB failed, status code is 400

2020-06-07 20:26:22.033 start loading 'fmu10/fmu/cs/win64/fullRobot_cs.fmu'

2020-06-07 20:26:22.179 load 'fmu10/fmu/cs/win64/fullRobot_cs.fmu' successfully

2020-06-07 20:26:22.179 start connecting to InfluxDB 127.0.0.1 : 8086

2020-06-07 20:26:22.187 connect to InfluxDB 127.0.0.1 : 8086 successfully

2020-06-07 20:26:22.188 start instantiating fmu

2020-06-07 20:26:22.189 instantiate fmu successfully

2020-06-07 20:26:22.189 start initializing fmu

2020-06-07 20:26:22.191 initialize fmu successfully

2020-06-07 20:26:22.191 start setting inputs

2020-06-07 20:26:22.191 set inputs successfully

2020-06-07 20:26:22.191 FMU Simulator: run 'fmu10/fmu/cs/win64/fullRobot_cs.fmu' from t=0..0.5 with step size h=0.1

2020-06-07 20:26:22.192 write initial data to InfluxDB failed, status code is 400

2020-06-07 20:35:53.354 start loading 'fmu10/fmu/cs/win64/fullRobot_cs.fmu'

2020-06-07 20:35:53.566 load 'fmu10/fmu/cs/win64/fullRobot_cs.fmu' successfully

2020-06-07 20:35:53.566 start connecting to InfluxDB 127.0.0.1 : 8086

2020-06-07 20:35:53.573 connect to InfluxDB 127.0.0.1 : 8086 successfully

2020-06-07 20:35:53.573 start instantiating fmu

2020-06-07 20:35:53.575 instantiate fmu successfully

2020-06-07 20:35:53.575 start initializing fmu

2020-06-07 20:35:53.578 initialize fmu successfully

2020-06-07 20:35:53.578 start setting inputs

2020-06-07 20:35:53.578 set inputs successfully

2020-06-07 20:35:53.578 FMU Simulator: run 'fmu10/fmu/cs/win64/fullRobot_cs.fmu' from t=0..0.5 with step size h=0.1

2020-06-07 20:35:53.592 write initial data to InfluxDB successfully, status code is 204

2020-06-07 20:35:53.592 FMU simulate a step from t=0

2020-06-07 20:35:53.616 FMU simulate the step from t=0 successfully

2020-06-07 20:35:53.616 start writing data after this step to InfluxDB

2020-06-07 20:35:53.619 write initial data to InfluxDB successfully, status code is 204

2020-06-07 20:35:53.619 start obtaining value of specified variables

2020-06-07 20:35:53.619 obtain value of specified variables successfully

2020-06-07 20:35:53.619 FMU simulate a step from t=0.1

2020-06-07 20:35:53.626 FMU simulate the step from t=0.1 successfully

2020-06-07 20:35:53.626 start writing data after this step to InfluxDB

2020-06-07 20:35:53.630 write initial data to InfluxDB successfully, status code is 204

2020-06-07 20:35:53.630 start obtaining value of specified variables

2020-06-07 20:35:53.630 obtain value of specified variables successfully

2020-06-07 20:35:53.630 FMU simulate a step from t=0.2

2020-06-07 20:35:53.632 FMU simulate the step from t=0.2 successfully

2020-06-07 20:35:53.632 start writing data after this step to InfluxDB

2020-06-07 20:35:53.636 write initial data to InfluxDB successfully, status code is 204

2020-06-07 20:35:53.636 start obtaining value of specified variables

2020-06-07 20:35:53.636 obtain value of specified variables successfully

2020-06-07 20:35:53.636 FMU simulate a step from t=0.3

2020-06-07 20:35:53.637 FMU simulate the step from t=0.3 successfully

2020-06-07 20:35:53.637 start writing data after this step to InfluxDB

2020-06-07 20:35:53.648 write initial data to InfluxDB successfully, status code is 204

2020-06-07 20:35:53.648 start obtaining value of specified variables

2020-06-07 20:35:53.648 obtain value of specified variables successfully

2020-06-07 20:35:53.648 FMU simulate a step from t=0.4

2020-06-07 20:35:53.650 FMU simulate the step from t=0.4 successfully

2020-06-07 20:35:53.650 start writing data after this step to InfluxDB

2020-06-07 20:35:53.652 write initial data to InfluxDB successfully, status code is 204

2020-06-07 20:35:53.652 start obtaining value of specified variables

2020-06-07 20:35:53.652 obtain value of specified variables successfully

2020-06-07 20:35:53.652 end simulation successfully

2020-06-07 20:35:53.752 release 'fmu10/fmu/cs/win64/fullRobot_cs.fmu' successfully

2020-06-07 20:35:53.752 disconnect from InfluxDB  127.0.0.1 : 8086 successfully

2020-06-07 20:36:31.540 start loading 'fmu10/fmu/cs/win64/fullRobot_cs.fmu'

2020-06-07 20:36:31.683 load 'fmu10/fmu/cs/win64/fullRobot_cs.fmu' successfully

2020-06-07 20:36:31.683 start connecting to InfluxDB 127.0.0.1 : 8086

2020-06-07 20:36:31.692 connect to InfluxDB 127.0.0.1 : 8086 successfully

2020-06-07 20:36:31.692 start instantiating fmu

2020-06-07 20:36:31.694 instantiate fmu successfully

2020-06-07 20:36:31.694 start initializing fmu

2020-06-07 20:36:31.696 initialize fmu successfully

2020-06-07 20:36:31.696 start setting inputs

2020-06-07 20:36:31.696 set inputs successfully

2020-06-07 20:36:31.696 FMU Simulator: run 'fmu10/fmu/cs/win64/fullRobot_cs.fmu' from t=0..0.5 with step size h=0.1

2020-06-07 20:36:31.706 write initial data to InfluxDB successfully, status code is 204

2020-06-07 20:36:31.706 FMU simulate a step from t=0

2020-06-07 20:36:31.729 FMU simulate the step from t=0 successfully

2020-06-07 20:36:31.729 start writing data after this step to InfluxDB

2020-06-07 20:36:31.731 write initial data to InfluxDB successfully, status code is 204

2020-06-07 20:36:31.731 start obtaining value of specified variables

2020-06-07 20:36:31.731 obtain value of specified variables successfully

2020-06-07 20:36:31.731 FMU simulate a step from t=0.1

2020-06-07 20:36:31.737 FMU simulate the step from t=0.1 successfully

2020-06-07 20:36:31.737 start writing data after this step to InfluxDB

2020-06-07 20:36:31.739 write initial data to InfluxDB successfully, status code is 204

2020-06-07 20:36:31.739 start obtaining value of specified variables

2020-06-07 20:36:31.739 obtain value of specified variables successfully

2020-06-07 20:36:31.739 FMU simulate a step from t=0.2

2020-06-07 20:36:31.740 FMU simulate the step from t=0.2 successfully

2020-06-07 20:36:31.740 start writing data after this step to InfluxDB

2020-06-07 20:36:31.742 write initial data to InfluxDB successfully, status code is 204

2020-06-07 20:36:31.742 start obtaining value of specified variables

2020-06-07 20:36:31.742 obtain value of specified variables successfully

2020-06-07 20:36:31.742 FMU simulate a step from t=0.3

2020-06-07 20:36:31.744 FMU simulate the step from t=0.3 successfully

2020-06-07 20:36:31.744 start writing data after this step to InfluxDB

2020-06-07 20:36:31.746 write initial data to InfluxDB successfully, status code is 204

2020-06-07 20:36:31.746 start obtaining value of specified variables

2020-06-07 20:36:31.746 obtain value of specified variables successfully

2020-06-07 20:36:31.746 FMU simulate a step from t=0.4

2020-06-07 20:36:31.748 FMU simulate the step from t=0.4 successfully

2020-06-07 20:36:31.748 start writing data after this step to InfluxDB

2020-06-07 20:36:31.750 write initial data to InfluxDB successfully, status code is 204

2020-06-07 20:36:31.750 start obtaining value of specified variables

2020-06-07 20:36:31.750 obtain value of specified variables successfully

2020-06-07 20:36:31.751 end simulation successfully

2020-06-07 20:36:31.847 release 'fmu10/fmu/cs/win64/fullRobot_cs.fmu' successfully

2020-06-07 20:36:31.848 disconnect from InfluxDB  127.0.0.1 : 8086 successfully

2020-06-07 20:38:05.620 start loading 'fmu10/fmu/cs/win64/fullRobot_cs.fmu'

2020-06-07 20:38:05.772 load 'fmu10/fmu/cs/win64/fullRobot_cs.fmu' successfully

2020-06-07 20:38:05.772 start connecting to InfluxDB 127.0.0.1 : 8086

2020-06-07 20:38:05.780 connect to InfluxDB 127.0.0.1 : 8086 successfully

2020-06-07 20:38:05.780 start instantiating fmu

2020-06-07 20:38:05.782 instantiate fmu successfully

2020-06-07 20:38:05.782 start initializing fmu

2020-06-07 20:38:05.783 initialize fmu successfully

2020-06-07 20:38:05.783 start setting inputs

2020-06-07 20:38:05.784 set inputs successfully

2020-06-07 20:38:05.784 FMU Simulator: run 'fmu10/fmu/cs/win64/fullRobot_cs.fmu' from t=0..0.5 with step size h=0.1

2020-06-07 20:38:05.800 write initial data to InfluxDB successfully, status code is 204

2020-06-07 20:38:05.800 FMU simulate a step from t=0

2020-06-07 20:38:05.837 FMU simulate the step from t=0 successfully

2020-06-07 20:38:05.837 start writing data after this step to InfluxDB

2020-06-07 20:38:05.839 write initial data to InfluxDB successfully, status code is 204

2020-06-07 20:38:05.839 start obtaining value of specified variables

2020-06-07 20:38:05.839 obtain value of specified variables successfully

2020-06-07 20:38:05.839 FMU simulate a step from t=0.1

2020-06-07 20:38:05.848 FMU simulate the step from t=0.1 successfully

2020-06-07 20:38:05.848 start writing data after this step to InfluxDB

2020-06-07 20:38:05.850 write initial data to InfluxDB successfully, status code is 204

2020-06-07 20:38:05.850 start obtaining value of specified variables

2020-06-07 20:38:05.850 obtain value of specified variables successfully

2020-06-07 20:38:05.850 FMU simulate a step from t=0.2

2020-06-07 20:38:05.852 FMU simulate the step from t=0.2 successfully

2020-06-07 20:38:05.852 start writing data after this step to InfluxDB

2020-06-07 20:38:05.854 write initial data to InfluxDB successfully, status code is 204

2020-06-07 20:38:05.854 start obtaining value of specified variables

2020-06-07 20:38:05.854 obtain value of specified variables successfully

2020-06-07 20:38:05.854 FMU simulate a step from t=0.3

2020-06-07 20:38:05.857 FMU simulate the step from t=0.3 successfully

2020-06-07 20:38:05.857 start writing data after this step to InfluxDB

2020-06-07 20:38:05.860 write initial data to InfluxDB successfully, status code is 204

2020-06-07 20:38:05.860 start obtaining value of specified variables

2020-06-07 20:38:05.860 obtain value of specified variables successfully

2020-06-07 20:38:05.860 FMU simulate a step from t=0.4

2020-06-07 20:38:05.862 FMU simulate the step from t=0.4 successfully

2020-06-07 20:38:05.862 start writing data after this step to InfluxDB

2020-06-07 20:38:05.864 write initial data to InfluxDB successfully, status code is 204

2020-06-07 20:38:05.864 start obtaining value of specified variables

2020-06-07 20:38:05.865 obtain value of specified variables successfully

2020-06-07 20:38:05.865 end simulation successfully

2020-06-07 20:38:05.958 release 'fmu10/fmu/cs/win64/fullRobot_cs.fmu' successfully

2020-06-07 20:38:05.959 disconnect from InfluxDB  127.0.0.1 : 8086 successfully

2020-06-07 20:38:39.627 start loading 'fmu10/fmu/cs/win64/fullRobot_cs.fmu'

2020-06-07 20:38:39.774 load 'fmu10/fmu/cs/win64/fullRobot_cs.fmu' successfully

2020-06-07 20:38:39.774 start connecting to InfluxDB 127.0.0.1 : 8086

2020-06-07 20:38:39.783 connect to InfluxDB 127.0.0.1 : 8086 successfully

2020-06-07 20:38:39.783 start instantiating fmu

2020-06-07 20:38:39.785 instantiate fmu successfully

2020-06-07 20:38:39.785 start initializing fmu

2020-06-07 20:38:39.786 initialize fmu successfully

2020-06-07 20:38:39.786 start setting inputs

2020-06-07 20:38:39.786 set inputs successfully

2020-06-07 20:38:39.786 FMU Simulator: run 'fmu10/fmu/cs/win64/fullRobot_cs.fmu' from t=0..0.5 with step size h=0.1

2020-06-07 20:38:39.789 write initial data to InfluxDB successfully, status code is 204

2020-06-07 20:38:39.789 FMU simulate a step from t=0

2020-06-07 20:38:39.812 FMU simulate the step from t=0 successfully

2020-06-07 20:38:39.812 start writing data after this step to InfluxDB

2020-06-07 20:38:39.813 write initial data to InfluxDB successfully, status code is 204

2020-06-07 20:38:39.814 start obtaining value of specified variables

2020-06-07 20:38:39.814 obtain value of specified variables successfully

2020-06-07 20:38:39.814 FMU simulate a step from t=0.1

2020-06-07 20:38:39.819 FMU simulate the step from t=0.1 successfully

2020-06-07 20:38:39.819 start writing data after this step to InfluxDB

2020-06-07 20:38:39.821 write initial data to InfluxDB successfully, status code is 204

2020-06-07 20:38:39.821 start obtaining value of specified variables

2020-06-07 20:38:39.821 obtain value of specified variables successfully

2020-06-07 20:38:39.821 FMU simulate a step from t=0.2

2020-06-07 20:38:39.822 FMU simulate the step from t=0.2 successfully

2020-06-07 20:38:39.823 start writing data after this step to InfluxDB

2020-06-07 20:38:39.825 write initial data to InfluxDB successfully, status code is 204

2020-06-07 20:38:39.826 start obtaining value of specified variables

2020-06-07 20:38:39.826 obtain value of specified variables successfully

2020-06-07 20:38:39.826 FMU simulate a step from t=0.3

2020-06-07 20:38:39.827 FMU simulate the step from t=0.3 successfully

2020-06-07 20:38:39.827 start writing data after this step to InfluxDB

2020-06-07 20:38:39.829 write initial data to InfluxDB successfully, status code is 204

2020-06-07 20:38:39.829 start obtaining value of specified variables

2020-06-07 20:38:39.829 obtain value of specified variables successfully

2020-06-07 20:38:39.829 FMU simulate a step from t=0.4

2020-06-07 20:38:39.831 FMU simulate the step from t=0.4 successfully

2020-06-07 20:38:39.831 start writing data after this step to InfluxDB

2020-06-07 20:38:39.832 write initial data to InfluxDB successfully, status code is 204

2020-06-07 20:38:39.832 start obtaining value of specified variables

2020-06-07 20:38:39.833 obtain value of specified variables successfully

2020-06-07 20:38:39.833 end simulation successfully

2020-06-07 20:38:39.932 release 'fmu10/fmu/cs/win64/fullRobot_cs.fmu' successfully

2020-06-07 20:38:39.932 disconnect from InfluxDB  127.0.0.1 : 8086 successfully

2020-06-07 20:39:52.050 start loading 'fmu10/fmu/cs/win64/fullRobot_cs.fmu'

2020-06-07 20:39:52.208 load 'fmu10/fmu/cs/win64/fullRobot_cs.fmu' successfully

2020-06-07 20:39:52.208 start connecting to InfluxDB 127.0.0.1 : 8086

2020-06-07 20:39:52.216 connect to InfluxDB 127.0.0.1 : 8086 successfully

2020-06-07 20:39:52.216 start instantiating fmu

2020-06-07 20:39:52.219 instantiate fmu successfully

2020-06-07 20:39:52.219 start initializing fmu

2020-06-07 20:39:52.220 initialize fmu successfully

2020-06-07 20:39:52.220 start setting inputs

2020-06-07 20:39:52.221 set inputs successfully

2020-06-07 20:39:52.221 FMU Simulator: run 'fmu10/fmu/cs/win64/fullRobot_cs.fmu' from t=0..0.5 with step size h=0.1

2020-06-07 20:39:52.223 write initial data to InfluxDB successfully, status code is 204

2020-06-07 20:39:52.223 FMU simulate a step from t=0

2020-06-07 20:39:52.246 FMU simulate the step from t=0 successfully

2020-06-07 20:39:52.246 start writing data after this step to InfluxDB

2020-06-07 20:39:52.249 write initial data to InfluxDB successfully, status code is 204

2020-06-07 20:39:52.249 start obtaining value of specified variables

2020-06-07 20:39:52.249 obtain value of specified variables successfully

2020-06-07 20:39:52.250 FMU simulate a step from t=0.1

2020-06-07 20:39:52.255 FMU simulate the step from t=0.1 successfully

2020-06-07 20:39:52.255 start writing data after this step to InfluxDB

2020-06-07 20:39:52.264 write initial data to InfluxDB successfully, status code is 204

2020-06-07 20:39:52.264 start obtaining value of specified variables

2020-06-07 20:39:52.264 obtain value of specified variables successfully

2020-06-07 20:39:52.264 FMU simulate a step from t=0.2

2020-06-07 20:39:52.265 FMU simulate the step from t=0.2 successfully

2020-06-07 20:39:52.265 start writing data after this step to InfluxDB

2020-06-07 20:39:52.268 write initial data to InfluxDB successfully, status code is 204

2020-06-07 20:39:52.268 start obtaining value of specified variables

2020-06-07 20:39:52.268 obtain value of specified variables successfully

2020-06-07 20:39:52.268 FMU simulate a step from t=0.3

2020-06-07 20:39:52.270 FMU simulate the step from t=0.3 successfully

2020-06-07 20:39:52.270 start writing data after this step to InfluxDB

2020-06-07 20:39:52.271 write initial data to InfluxDB successfully, status code is 204

2020-06-07 20:39:52.271 start obtaining value of specified variables

2020-06-07 20:39:52.271 obtain value of specified variables successfully

2020-06-07 20:39:52.271 FMU simulate a step from t=0.4

2020-06-07 20:39:52.273 FMU simulate the step from t=0.4 successfully

2020-06-07 20:39:52.273 start writing data after this step to InfluxDB

2020-06-07 20:39:52.275 write initial data to InfluxDB successfully, status code is 204

2020-06-07 20:39:52.275 start obtaining value of specified variables

2020-06-07 20:39:52.275 obtain value of specified variables successfully

2020-06-07 20:39:52.276 end simulation successfully

2020-06-07 20:39:52.376 release 'fmu10/fmu/cs/win64/fullRobot_cs.fmu' successfully

2020-06-07 20:39:52.376 disconnect from InfluxDB  127.0.0.1 : 8086 successfully

2020-06-07 20:40:18.785 start loading 'fmu10/fmu/cs/win64/fullRobot_cs.fmu'

2020-06-07 20:40:18.928 load 'fmu10/fmu/cs/win64/fullRobot_cs.fmu' successfully

2020-06-07 20:40:18.928 start connecting to InfluxDB 127.0.0.1 : 8086

2020-06-07 20:40:18.935 connect to InfluxDB 127.0.0.1 : 8086 successfully

2020-06-07 20:40:18.935 start instantiating fmu

2020-06-07 20:40:18.937 instantiate fmu successfully

2020-06-07 20:40:18.937 start initializing fmu

2020-06-07 20:40:18.939 initialize fmu successfully

2020-06-07 20:40:18.939 start setting inputs

2020-06-07 20:40:18.939 set inputs successfully

2020-06-07 20:40:18.939 FMU Simulator: run 'fmu10/fmu/cs/win64/fullRobot_cs.fmu' from t=0..0.5 with step size h=0.1

2020-06-07 20:40:18.953 write initial data to InfluxDB successfully, status code is 204

2020-06-07 20:40:18.953 FMU simulate a step from t=0

2020-06-07 20:40:18.978 FMU simulate the step from t=0 successfully

2020-06-07 20:40:18.978 start writing data after this step to InfluxDB

2020-06-07 20:40:18.980 write initial data to InfluxDB successfully, status code is 204

2020-06-07 20:40:18.980 start obtaining value of specified variables

2020-06-07 20:40:18.980 obtain value of specified variables successfully

2020-06-07 20:40:18.980 FMU simulate a step from t=0.1

2020-06-07 20:40:18.991 FMU simulate the step from t=0.1 successfully

2020-06-07 20:40:18.991 start writing data after this step to InfluxDB

2020-06-07 20:40:18.993 write initial data to InfluxDB successfully, status code is 204

2020-06-07 20:40:18.993 start obtaining value of specified variables

2020-06-07 20:40:18.993 obtain value of specified variables successfully

2020-06-07 20:40:18.993 FMU simulate a step from t=0.2

2020-06-07 20:40:18.994 FMU simulate the step from t=0.2 successfully

2020-06-07 20:40:18.995 start writing data after this step to InfluxDB

2020-06-07 20:40:18.996 write initial data to InfluxDB successfully, status code is 204

2020-06-07 20:40:18.996 start obtaining value of specified variables

2020-06-07 20:40:18.996 obtain value of specified variables successfully

2020-06-07 20:40:18.997 FMU simulate a step from t=0.3

2020-06-07 20:40:18.998 FMU simulate the step from t=0.3 successfully

2020-06-07 20:40:18.998 start writing data after this step to InfluxDB

2020-06-07 20:40:19.001 write initial data to InfluxDB successfully, status code is 204

2020-06-07 20:40:19.001 start obtaining value of specified variables

2020-06-07 20:40:19.001 obtain value of specified variables successfully

2020-06-07 20:40:19.002 FMU simulate a step from t=0.4

2020-06-07 20:40:19.004 FMU simulate the step from t=0.4 successfully

2020-06-07 20:40:19.004 start writing data after this step to InfluxDB

2020-06-07 20:40:19.006 write initial data to InfluxDB successfully, status code is 204

2020-06-07 20:40:19.006 start obtaining value of specified variables

2020-06-07 20:40:19.006 obtain value of specified variables successfully

2020-06-07 20:40:19.007 end simulation successfully

2020-06-07 20:40:19.088 release 'fmu10/fmu/cs/win64/fullRobot_cs.fmu' successfully

2020-06-07 20:40:19.089 disconnect from InfluxDB  127.0.0.1 : 8086 successfully

2020-06-07 20:40:37.241 start loading 'fmu10/fmu/cs/win64/fullRobot_cs.fmu'

2020-06-07 20:40:37.393 load 'fmu10/fmu/cs/win64/fullRobot_cs.fmu' successfully

2020-06-07 20:40:37.393 start connecting to InfluxDB 127.0.0.1 : 8086

2020-06-07 20:40:37.401 connect to InfluxDB 127.0.0.1 : 8086 successfully

2020-06-07 20:40:37.401 start instantiating fmu

2020-06-07 20:40:37.403 instantiate fmu successfully

2020-06-07 20:40:37.403 start initializing fmu

2020-06-07 20:40:37.405 initialize fmu successfully

2020-06-07 20:40:37.405 start setting inputs

2020-06-07 20:40:37.405 set inputs successfully

2020-06-07 20:40:37.405 FMU Simulator: run 'fmu10/fmu/cs/win64/fullRobot_cs.fmu' from t=0..0.5 with step size h=0.1

2020-06-07 20:40:37.416 write initial data to InfluxDB successfully, status code is 204

2020-06-07 20:40:37.416 FMU simulate a step from t=0

2020-06-07 20:40:37.438 FMU simulate the step from t=0 successfully

2020-06-07 20:40:37.438 start writing data after this step to InfluxDB

2020-06-07 20:40:37.440 write initial data to InfluxDB successfully, status code is 204

2020-06-07 20:40:37.440 start obtaining value of specified variables

2020-06-07 20:40:37.440 obtain value of specified variables successfully

2020-06-07 20:40:37.440 FMU simulate a step from t=0.1

2020-06-07 20:40:37.446 FMU simulate the step from t=0.1 successfully

2020-06-07 20:40:37.446 start writing data after this step to InfluxDB

2020-06-07 20:40:37.448 write initial data to InfluxDB successfully, status code is 204

2020-06-07 20:40:37.448 start obtaining value of specified variables

2020-06-07 20:40:37.448 obtain value of specified variables successfully

2020-06-07 20:40:37.448 FMU simulate a step from t=0.2

2020-06-07 20:40:37.449 FMU simulate the step from t=0.2 successfully

2020-06-07 20:40:37.450 start writing data after this step to InfluxDB

2020-06-07 20:40:37.452 write initial data to InfluxDB successfully, status code is 204

2020-06-07 20:40:37.452 start obtaining value of specified variables

2020-06-07 20:40:37.452 obtain value of specified variables successfully

2020-06-07 20:40:37.452 FMU simulate a step from t=0.3

2020-06-07 20:40:37.453 FMU simulate the step from t=0.3 successfully

2020-06-07 20:40:37.453 start writing data after this step to InfluxDB

2020-06-07 20:40:37.455 write initial data to InfluxDB successfully, status code is 204

2020-06-07 20:40:37.455 start obtaining value of specified variables

2020-06-07 20:40:37.455 obtain value of specified variables successfully

2020-06-07 20:40:37.455 FMU simulate a step from t=0.4

2020-06-07 20:40:37.456 FMU simulate the step from t=0.4 successfully

2020-06-07 20:40:37.456 start writing data after this step to InfluxDB

2020-06-07 20:40:37.459 write initial data to InfluxDB successfully, status code is 204

2020-06-07 20:40:37.459 start obtaining value of specified variables

2020-06-07 20:40:37.459 obtain value of specified variables successfully

2020-06-07 20:40:37.460 end simulation successfully

2020-06-07 20:40:37.557 release 'fmu10/fmu/cs/win64/fullRobot_cs.fmu' successfully

2020-06-07 20:40:37.557 disconnect from InfluxDB  127.0.0.1 : 8086 successfully

2020-06-07 20:42:35.830 start loading 'fmu10/fmu/cs/win64/fullRobot_cs.fmu'

2020-06-07 20:42:35.999 load 'fmu10/fmu/cs/win64/fullRobot_cs.fmu' successfully

2020-06-07 20:42:35.999 start connecting to InfluxDB 127.0.0.1 : 8086

2020-06-07 20:42:36.007 connect to InfluxDB 127.0.0.1 : 8086 successfully

2020-06-07 20:42:36.007 start instantiating fmu

2020-06-07 20:42:36.009 instantiate fmu successfully

2020-06-07 20:42:36.009 start initializing fmu

2020-06-07 20:42:36.011 initialize fmu successfully

2020-06-07 20:42:36.011 start setting inputs

2020-06-07 20:42:36.011 set inputs successfully

2020-06-07 20:42:36.011 FMU Simulator: run 'fmu10/fmu/cs/win64/fullRobot_cs.fmu' from t=0..2 with step size h=0.1

2020-06-07 20:42:36.014 write initial data to InfluxDB successfully, status code is 204

2020-06-07 20:42:36.014 FMU simulate a step from t=0

2020-06-07 20:42:36.042 FMU simulate the step from t=0 successfully

2020-06-07 20:42:36.042 start writing data after this step to InfluxDB

2020-06-07 20:42:36.044 write initial data to InfluxDB successfully, status code is 204

2020-06-07 20:42:36.044 start obtaining value of specified variables

2020-06-07 20:42:36.044 obtain value of specified variables successfully

2020-06-07 20:42:36.044 FMU simulate a step from t=0.1

2020-06-07 20:42:36.050 FMU simulate the step from t=0.1 successfully

2020-06-07 20:42:36.050 start writing data after this step to InfluxDB

2020-06-07 20:42:36.052 write initial data to InfluxDB successfully, status code is 204

2020-06-07 20:42:36.052 start obtaining value of specified variables

2020-06-07 20:42:36.052 obtain value of specified variables successfully

2020-06-07 20:42:36.053 FMU simulate a step from t=0.2

2020-06-07 20:42:36.054 FMU simulate the step from t=0.2 successfully

2020-06-07 20:42:36.054 start writing data after this step to InfluxDB

2020-06-07 20:42:36.056 write initial data to InfluxDB successfully, status code is 204

2020-06-07 20:42:36.056 start obtaining value of specified variables

2020-06-07 20:42:36.056 obtain value of specified variables successfully

2020-06-07 20:42:36.056 FMU simulate a step from t=0.3

2020-06-07 20:42:36.057 FMU simulate the step from t=0.3 successfully

2020-06-07 20:42:36.057 start writing data after this step to InfluxDB

2020-06-07 20:42:36.060 write initial data to InfluxDB successfully, status code is 204

2020-06-07 20:42:36.060 start obtaining value of specified variables

2020-06-07 20:42:36.060 obtain value of specified variables successfully

2020-06-07 20:42:36.060 FMU simulate a step from t=0.4

2020-06-07 20:42:36.062 FMU simulate the step from t=0.4 successfully

2020-06-07 20:42:36.062 start writing data after this step to InfluxDB

2020-06-07 20:42:36.064 write initial data to InfluxDB successfully, status code is 204

2020-06-07 20:42:36.064 start obtaining value of specified variables

2020-06-07 20:42:36.064 obtain value of specified variables successfully

2020-06-07 20:42:36.064 FMU simulate a step from t=0.5

2020-06-07 20:42:36.066 FMU simulate the step from t=0.5 successfully

2020-06-07 20:42:36.066 start writing data after this step to InfluxDB

2020-06-07 20:42:36.067 write initial data to InfluxDB successfully, status code is 204

2020-06-07 20:42:36.067 start obtaining value of specified variables

2020-06-07 20:42:36.067 obtain value of specified variables successfully

2020-06-07 20:42:36.067 FMU simulate a step from t=0.6

2020-06-07 20:42:36.069 FMU simulate the step from t=0.6 successfully

2020-06-07 20:42:36.069 start writing data after this step to InfluxDB

2020-06-07 20:42:36.071 write initial data to InfluxDB successfully, status code is 204

2020-06-07 20:42:36.071 start obtaining value of specified variables

2020-06-07 20:42:36.071 obtain value of specified variables successfully

2020-06-07 20:42:36.071 FMU simulate a step from t=0.7

2020-06-07 20:42:36.072 FMU simulate the step from t=0.7 successfully

2020-06-07 20:42:36.072 start writing data after this step to InfluxDB

2020-06-07 20:42:36.074 write initial data to InfluxDB successfully, status code is 204

2020-06-07 20:42:36.074 start obtaining value of specified variables

2020-06-07 20:42:36.074 obtain value of specified variables successfully

2020-06-07 20:42:36.074 FMU simulate a step from t=0.8

2020-06-07 20:42:36.075 FMU simulate the step from t=0.8 successfully

2020-06-07 20:42:36.075 start writing data after this step to InfluxDB

2020-06-07 20:42:36.078 write initial data to InfluxDB successfully, status code is 204

2020-06-07 20:42:36.078 start obtaining value of specified variables

2020-06-07 20:42:36.078 obtain value of specified variables successfully

2020-06-07 20:42:36.078 FMU simulate a step from t=0.9

2020-06-07 20:42:36.079 FMU simulate the step from t=0.9 successfully

2020-06-07 20:42:36.079 start writing data after this step to InfluxDB

2020-06-07 20:42:36.083 write initial data to InfluxDB successfully, status code is 204

2020-06-07 20:42:36.083 start obtaining value of specified variables

2020-06-07 20:42:36.083 obtain value of specified variables successfully

2020-06-07 20:42:36.083 FMU simulate a step from t=1

2020-06-07 20:42:36.084 FMU simulate the step from t=1 successfully

2020-06-07 20:42:36.084 start writing data after this step to InfluxDB

2020-06-07 20:42:36.086 write initial data to InfluxDB successfully, status code is 204

2020-06-07 20:42:36.086 start obtaining value of specified variables

2020-06-07 20:42:36.086 obtain value of specified variables successfully

2020-06-07 20:42:36.086 FMU simulate a step from t=1.1

2020-06-07 20:42:36.088 FMU simulate the step from t=1.1 successfully

2020-06-07 20:42:36.088 start writing data after this step to InfluxDB

2020-06-07 20:42:36.089 write initial data to InfluxDB successfully, status code is 204

2020-06-07 20:42:36.089 start obtaining value of specified variables

2020-06-07 20:42:36.089 obtain value of specified variables successfully

2020-06-07 20:42:36.090 FMU simulate a step from t=1.2

2020-06-07 20:42:36.097 FMU simulate the step from t=1.2 successfully

2020-06-07 20:42:36.097 start writing data after this step to InfluxDB

2020-06-07 20:42:36.099 write initial data to InfluxDB successfully, status code is 204

2020-06-07 20:42:36.099 start obtaining value of specified variables

2020-06-07 20:42:36.099 obtain value of specified variables successfully

2020-06-07 20:42:36.099 FMU simulate a step from t=1.3

2020-06-07 20:42:36.120 FMU simulate the step from t=1.3 successfully

2020-06-07 20:42:36.120 start writing data after this step to InfluxDB

2020-06-07 20:42:36.123 write initial data to InfluxDB successfully, status code is 204

2020-06-07 20:42:36.124 start obtaining value of specified variables

2020-06-07 20:42:36.124 obtain value of specified variables successfully

2020-06-07 20:42:36.124 FMU simulate a step from t=1.4

2020-06-07 20:42:36.148 FMU simulate the step from t=1.4 successfully

2020-06-07 20:42:36.148 start writing data after this step to InfluxDB

2020-06-07 20:42:36.150 write initial data to InfluxDB successfully, status code is 204

2020-06-07 20:42:36.150 start obtaining value of specified variables

2020-06-07 20:42:36.150 obtain value of specified variables successfully

2020-06-07 20:42:36.150 FMU simulate a step from t=1.5

2020-06-07 20:42:36.161 FMU simulate the step from t=1.5 successfully

2020-06-07 20:42:36.162 start writing data after this step to InfluxDB

2020-06-07 20:42:36.163 write initial data to InfluxDB successfully, status code is 204

2020-06-07 20:42:36.163 start obtaining value of specified variables

2020-06-07 20:42:36.163 obtain value of specified variables successfully

2020-06-07 20:42:36.164 FMU simulate a step from t=1.6

2020-06-07 20:42:36.174 FMU simulate the step from t=1.6 successfully

2020-06-07 20:42:36.174 start writing data after this step to InfluxDB

2020-06-07 20:42:36.176 write initial data to InfluxDB successfully, status code is 204

2020-06-07 20:42:36.176 start obtaining value of specified variables

2020-06-07 20:42:36.177 obtain value of specified variables successfully

2020-06-07 20:42:36.177 FMU simulate a step from t=1.7

2020-06-07 20:42:36.181 FMU simulate the step from t=1.7 successfully

2020-06-07 20:42:36.181 start writing data after this step to InfluxDB

2020-06-07 20:42:36.183 write initial data to InfluxDB successfully, status code is 204

2020-06-07 20:42:36.183 start obtaining value of specified variables

2020-06-07 20:42:36.183 obtain value of specified variables successfully

2020-06-07 20:42:36.183 FMU simulate a step from t=1.8

2020-06-07 20:42:36.184 FMU simulate the step from t=1.8 successfully

2020-06-07 20:42:36.184 start writing data after this step to InfluxDB

2020-06-07 20:42:36.187 write initial data to InfluxDB successfully, status code is 204

2020-06-07 20:42:36.187 start obtaining value of specified variables

2020-06-07 20:42:36.187 obtain value of specified variables successfully

2020-06-07 20:42:36.187 FMU simulate a step from t=1.9

2020-06-07 20:42:36.187 could not simulate this step from t=1.9

2020-06-07 20:42:44.875 start loading 'fmu10/fmu/cs/win64/fullRobot_cs.fmu'

2020-06-07 20:42:45.022 load 'fmu10/fmu/cs/win64/fullRobot_cs.fmu' successfully

2020-06-07 20:42:45.022 start connecting to InfluxDB 127.0.0.1 : 8086

2020-06-07 20:42:45.029 connect to InfluxDB 127.0.0.1 : 8086 successfully

2020-06-07 20:42:45.029 start instantiating fmu

2020-06-07 20:42:45.031 instantiate fmu successfully

2020-06-07 20:42:45.031 start initializing fmu

2020-06-07 20:42:45.033 initialize fmu successfully

2020-06-07 20:42:45.033 start setting inputs

2020-06-07 20:42:45.033 set inputs successfully

2020-06-07 20:42:45.033 FMU Simulator: run 'fmu10/fmu/cs/win64/fullRobot_cs.fmu' from t=0..2 with step size h=0.1

2020-06-07 20:42:45.036 write initial data to InfluxDB successfully, status code is 204

2020-06-07 20:42:45.036 FMU simulate a step from t=0

2020-06-07 20:42:45.060 FMU simulate the step from t=0 successfully

2020-06-07 20:42:45.060 start writing data after this step to InfluxDB

2020-06-07 20:42:45.070 write initial data to InfluxDB successfully, status code is 204

2020-06-07 20:42:45.070 start obtaining value of specified variables

2020-06-07 20:42:45.070 obtain value of specified variables successfully

2020-06-07 20:42:45.070 FMU simulate a step from t=0.1

2020-06-07 20:42:45.076 FMU simulate the step from t=0.1 successfully

2020-06-07 20:42:45.076 start writing data after this step to InfluxDB

2020-06-07 20:42:45.078 write initial data to InfluxDB successfully, status code is 204

2020-06-07 20:42:45.078 start obtaining value of specified variables

2020-06-07 20:42:45.078 obtain value of specified variables successfully

2020-06-07 20:42:45.078 FMU simulate a step from t=0.2

2020-06-07 20:42:45.080 FMU simulate the step from t=0.2 successfully

2020-06-07 20:42:45.080 start writing data after this step to InfluxDB

2020-06-07 20:42:45.082 write initial data to InfluxDB successfully, status code is 204

2020-06-07 20:42:45.082 start obtaining value of specified variables

2020-06-07 20:42:45.082 obtain value of specified variables successfully

2020-06-07 20:42:45.082 FMU simulate a step from t=0.3

2020-06-07 20:42:45.084 FMU simulate the step from t=0.3 successfully

2020-06-07 20:42:45.084 start writing data after this step to InfluxDB

2020-06-07 20:42:45.086 write initial data to InfluxDB successfully, status code is 204

2020-06-07 20:42:45.086 start obtaining value of specified variables

2020-06-07 20:42:45.086 obtain value of specified variables successfully

2020-06-07 20:42:45.086 FMU simulate a step from t=0.4

2020-06-07 20:42:45.087 FMU simulate the step from t=0.4 successfully

2020-06-07 20:42:45.087 start writing data after this step to InfluxDB

2020-06-07 20:42:45.089 write initial data to InfluxDB successfully, status code is 204

2020-06-07 20:42:45.089 start obtaining value of specified variables

2020-06-07 20:42:45.089 obtain value of specified variables successfully

2020-06-07 20:42:45.089 FMU simulate a step from t=0.5

2020-06-07 20:42:45.091 FMU simulate the step from t=0.5 successfully

2020-06-07 20:42:45.091 start writing data after this step to InfluxDB

2020-06-07 20:42:45.092 write initial data to InfluxDB successfully, status code is 204

2020-06-07 20:42:45.092 start obtaining value of specified variables

2020-06-07 20:42:45.093 obtain value of specified variables successfully

2020-06-07 20:42:45.093 FMU simulate a step from t=0.6

2020-06-07 20:42:45.094 FMU simulate the step from t=0.6 successfully

2020-06-07 20:42:45.094 start writing data after this step to InfluxDB

2020-06-07 20:42:45.097 write initial data to InfluxDB successfully, status code is 204

2020-06-07 20:42:45.097 start obtaining value of specified variables

2020-06-07 20:42:45.097 obtain value of specified variables successfully

2020-06-07 20:42:45.098 FMU simulate a step from t=0.7

2020-06-07 20:42:45.099 FMU simulate the step from t=0.7 successfully

2020-06-07 20:42:45.099 start writing data after this step to InfluxDB

2020-06-07 20:42:45.101 write initial data to InfluxDB successfully, status code is 204

2020-06-07 20:42:45.101 start obtaining value of specified variables

2020-06-07 20:42:45.101 obtain value of specified variables successfully

2020-06-07 20:42:45.101 FMU simulate a step from t=0.8

2020-06-07 20:42:45.102 FMU simulate the step from t=0.8 successfully

2020-06-07 20:42:45.102 start writing data after this step to InfluxDB

2020-06-07 20:42:45.104 write initial data to InfluxDB successfully, status code is 204

2020-06-07 20:42:45.104 start obtaining value of specified variables

2020-06-07 20:42:45.104 obtain value of specified variables successfully

2020-06-07 20:42:45.104 FMU simulate a step from t=0.9

2020-06-07 20:42:45.105 FMU simulate the step from t=0.9 successfully

2020-06-07 20:42:45.105 start writing data after this step to InfluxDB

2020-06-07 20:42:45.108 write initial data to InfluxDB successfully, status code is 204

2020-06-07 20:42:45.108 start obtaining value of specified variables

2020-06-07 20:42:45.108 obtain value of specified variables successfully

2020-06-07 20:42:45.108 FMU simulate a step from t=1

2020-06-07 20:42:45.110 FMU simulate the step from t=1 successfully

2020-06-07 20:42:45.110 start writing data after this step to InfluxDB

2020-06-07 20:42:45.112 write initial data to InfluxDB successfully, status code is 204

2020-06-07 20:42:45.112 start obtaining value of specified variables

2020-06-07 20:42:45.112 obtain value of specified variables successfully

2020-06-07 20:42:45.112 FMU simulate a step from t=1.1

2020-06-07 20:42:45.113 FMU simulate the step from t=1.1 successfully

2020-06-07 20:42:45.113 start writing data after this step to InfluxDB

2020-06-07 20:42:45.115 write initial data to InfluxDB successfully, status code is 204

2020-06-07 20:42:45.115 start obtaining value of specified variables

2020-06-07 20:42:45.115 obtain value of specified variables successfully

2020-06-07 20:42:45.115 FMU simulate a step from t=1.2

2020-06-07 20:42:45.122 FMU simulate the step from t=1.2 successfully

2020-06-07 20:42:45.122 start writing data after this step to InfluxDB

2020-06-07 20:42:45.124 write initial data to InfluxDB successfully, status code is 204

2020-06-07 20:42:45.124 start obtaining value of specified variables

2020-06-07 20:42:45.124 obtain value of specified variables successfully

2020-06-07 20:42:45.124 FMU simulate a step from t=1.3

2020-06-07 20:42:45.146 FMU simulate the step from t=1.3 successfully

2020-06-07 20:42:45.146 start writing data after this step to InfluxDB

2020-06-07 20:42:45.148 write initial data to InfluxDB successfully, status code is 204

2020-06-07 20:42:45.148 start obtaining value of specified variables

2020-06-07 20:42:45.148 obtain value of specified variables successfully

2020-06-07 20:42:45.148 FMU simulate a step from t=1.4

2020-06-07 20:42:45.172 FMU simulate the step from t=1.4 successfully

2020-06-07 20:42:45.172 start writing data after this step to InfluxDB

2020-06-07 20:42:45.174 write initial data to InfluxDB successfully, status code is 204

2020-06-07 20:42:45.174 start obtaining value of specified variables

2020-06-07 20:42:45.174 obtain value of specified variables successfully

2020-06-07 20:42:45.174 FMU simulate a step from t=1.5

2020-06-07 20:42:45.186 FMU simulate the step from t=1.5 successfully

2020-06-07 20:42:45.186 start writing data after this step to InfluxDB

2020-06-07 20:42:45.188 write initial data to InfluxDB successfully, status code is 204

2020-06-07 20:42:45.188 start obtaining value of specified variables

2020-06-07 20:42:45.188 obtain value of specified variables successfully

2020-06-07 20:42:45.188 FMU simulate a step from t=1.6

2020-06-07 20:42:45.199 FMU simulate the step from t=1.6 successfully

2020-06-07 20:42:45.199 start writing data after this step to InfluxDB

2020-06-07 20:42:45.202 write initial data to InfluxDB successfully, status code is 204

2020-06-07 20:42:45.202 start obtaining value of specified variables

2020-06-07 20:42:45.202 obtain value of specified variables successfully

2020-06-07 20:42:45.202 FMU simulate a step from t=1.7

2020-06-07 20:42:45.206 FMU simulate the step from t=1.7 successfully

2020-06-07 20:42:45.206 start writing data after this step to InfluxDB

2020-06-07 20:42:45.208 write initial data to InfluxDB successfully, status code is 204

2020-06-07 20:42:45.208 start obtaining value of specified variables

2020-06-07 20:42:45.208 obtain value of specified variables successfully

2020-06-07 20:42:45.208 FMU simulate a step from t=1.8

2020-06-07 20:42:45.210 FMU simulate the step from t=1.8 successfully

2020-06-07 20:42:45.210 start writing data after this step to InfluxDB

2020-06-07 20:42:45.212 write initial data to InfluxDB successfully, status code is 204

2020-06-07 20:42:45.212 start obtaining value of specified variables

2020-06-07 20:42:45.212 obtain value of specified variables successfully

2020-06-07 20:42:45.212 FMU simulate a step from t=1.9

2020-06-07 20:42:45.212 could not simulate this step from t=1.9

2020-06-07 20:45:41.833 start loading 'fmu10/fmu/cs/win64/fullRobot_cs.fmu'

2020-06-07 20:45:41.992 load 'fmu10/fmu/cs/win64/fullRobot_cs.fmu' successfully

2020-06-07 20:45:41.992 start connecting to InfluxDB 127.0.0.1 : 8086

2020-06-07 20:45:42.002 connect to InfluxDB 127.0.0.1 : 8086 successfully

2020-06-07 20:45:42.002 start instantiating fmu

2020-06-07 20:45:42.004 instantiate fmu successfully

2020-06-07 20:45:42.004 start initializing fmu

2020-06-07 20:45:42.005 initialize fmu successfully

2020-06-07 20:45:42.005 start setting inputs

2020-06-07 20:45:42.005 set inputs successfully

2020-06-07 20:45:42.005 FMU Simulator: run 'fmu10/fmu/cs/win64/fullRobot_cs.fmu' from t=0..2 with step size h=0.1

2020-06-07 20:45:42.021 write initial data to InfluxDB successfully, status code is 204

2020-06-07 20:45:42.021 FMU simulate a step from t=0

2020-06-07 20:45:42.044 FMU simulate the step from t=0 successfully

2020-06-07 20:45:42.044 start writing data after this step to InfluxDB

2020-06-07 20:45:42.046 write initial data to InfluxDB successfully, status code is 204

2020-06-07 20:45:42.046 start obtaining value of specified variables

2020-06-07 20:45:42.046 obtain value of specified variables successfully

2020-06-07 20:45:42.046 FMU simulate a step from t=0.1

2020-06-07 20:45:42.052 FMU simulate the step from t=0.1 successfully

2020-06-07 20:45:42.052 start writing data after this step to InfluxDB

2020-06-07 20:45:42.054 write initial data to InfluxDB successfully, status code is 204

2020-06-07 20:45:42.054 start obtaining value of specified variables

2020-06-07 20:45:42.054 obtain value of specified variables successfully

2020-06-07 20:45:42.054 FMU simulate a step from t=0.2

2020-06-07 20:45:42.055 FMU simulate the step from t=0.2 successfully

2020-06-07 20:45:42.055 start writing data after this step to InfluxDB

2020-06-07 20:45:42.057 write initial data to InfluxDB successfully, status code is 204

2020-06-07 20:45:42.057 start obtaining value of specified variables

2020-06-07 20:45:42.057 obtain value of specified variables successfully

2020-06-07 20:45:42.057 FMU simulate a step from t=0.3

2020-06-07 20:45:42.059 FMU simulate the step from t=0.3 successfully

2020-06-07 20:45:42.059 start writing data after this step to InfluxDB

2020-06-07 20:45:42.062 write initial data to InfluxDB successfully, status code is 204

2020-06-07 20:45:42.062 start obtaining value of specified variables

2020-06-07 20:45:42.062 obtain value of specified variables successfully

2020-06-07 20:45:42.062 FMU simulate a step from t=0.4

2020-06-07 20:45:42.064 FMU simulate the step from t=0.4 successfully

2020-06-07 20:45:42.064 start writing data after this step to InfluxDB

2020-06-07 20:45:42.066 write initial data to InfluxDB successfully, status code is 204

2020-06-07 20:45:42.066 start obtaining value of specified variables

2020-06-07 20:45:42.066 obtain value of specified variables successfully

2020-06-07 20:45:42.066 FMU simulate a step from t=0.5

2020-06-07 20:45:42.068 FMU simulate the step from t=0.5 successfully

2020-06-07 20:45:42.068 start writing data after this step to InfluxDB

2020-06-07 20:45:42.069 write initial data to InfluxDB successfully, status code is 204

2020-06-07 20:45:42.069 start obtaining value of specified variables

2020-06-07 20:45:42.069 obtain value of specified variables successfully

2020-06-07 20:45:42.069 FMU simulate a step from t=0.6

2020-06-07 20:45:42.071 FMU simulate the step from t=0.6 successfully

2020-06-07 20:45:42.071 start writing data after this step to InfluxDB

2020-06-07 20:45:42.072 write initial data to InfluxDB successfully, status code is 204

2020-06-07 20:45:42.072 start obtaining value of specified variables

2020-06-07 20:45:42.073 obtain value of specified variables successfully

2020-06-07 20:45:42.073 FMU simulate a step from t=0.7

2020-06-07 20:45:42.074 FMU simulate the step from t=0.7 successfully

2020-06-07 20:45:42.074 start writing data after this step to InfluxDB

2020-06-07 20:45:42.076 write initial data to InfluxDB successfully, status code is 204

2020-06-07 20:45:42.076 start obtaining value of specified variables

2020-06-07 20:45:42.076 obtain value of specified variables successfully

2020-06-07 20:45:42.076 FMU simulate a step from t=0.8

2020-06-07 20:45:42.078 FMU simulate the step from t=0.8 successfully

2020-06-07 20:45:42.078 start writing data after this step to InfluxDB

2020-06-07 20:45:42.080 write initial data to InfluxDB successfully, status code is 204

2020-06-07 20:45:42.080 start obtaining value of specified variables

2020-06-07 20:45:42.080 obtain value of specified variables successfully

2020-06-07 20:45:42.080 FMU simulate a step from t=0.9

2020-06-07 20:45:42.081 FMU simulate the step from t=0.9 successfully

2020-06-07 20:45:42.081 start writing data after this step to InfluxDB

2020-06-07 20:45:42.084 write initial data to InfluxDB successfully, status code is 204

2020-06-07 20:45:42.084 start obtaining value of specified variables

2020-06-07 20:45:42.084 obtain value of specified variables successfully

2020-06-07 20:45:42.085 FMU simulate a step from t=1

2020-06-07 20:45:42.086 FMU simulate the step from t=1 successfully

2020-06-07 20:45:42.086 start writing data after this step to InfluxDB

2020-06-07 20:45:42.088 write initial data to InfluxDB successfully, status code is 204

2020-06-07 20:45:42.088 start obtaining value of specified variables

2020-06-07 20:45:42.088 obtain value of specified variables successfully

2020-06-07 20:45:42.088 FMU simulate a step from t=1.1

2020-06-07 20:45:42.089 FMU simulate the step from t=1.1 successfully

2020-06-07 20:45:42.089 start writing data after this step to InfluxDB

2020-06-07 20:45:42.091 write initial data to InfluxDB successfully, status code is 204

2020-06-07 20:45:42.091 start obtaining value of specified variables

2020-06-07 20:45:42.091 obtain value of specified variables successfully

2020-06-07 20:45:42.091 FMU simulate a step from t=1.2

2020-06-07 20:45:42.098 FMU simulate the step from t=1.2 successfully

2020-06-07 20:45:42.099 start writing data after this step to InfluxDB

2020-06-07 20:45:42.101 write initial data to InfluxDB successfully, status code is 204

2020-06-07 20:45:42.101 start obtaining value of specified variables

2020-06-07 20:45:42.101 obtain value of specified variables successfully

2020-06-07 20:45:42.101 FMU simulate a step from t=1.3

2020-06-07 20:45:42.122 FMU simulate the step from t=1.3 successfully

2020-06-07 20:45:42.122 start writing data after this step to InfluxDB

2020-06-07 20:45:42.168 write initial data to InfluxDB successfully, status code is 204

2020-06-07 20:45:42.168 start obtaining value of specified variables

2020-06-07 20:45:42.168 obtain value of specified variables successfully

2020-06-07 20:45:42.168 FMU simulate a step from t=1.4

2020-06-07 20:45:42.192 FMU simulate the step from t=1.4 successfully

2020-06-07 20:45:42.192 start writing data after this step to InfluxDB

2020-06-07 20:45:42.194 write initial data to InfluxDB successfully, status code is 204

2020-06-07 20:45:42.194 start obtaining value of specified variables

2020-06-07 20:45:42.194 obtain value of specified variables successfully

2020-06-07 20:45:42.194 FMU simulate a step from t=1.5

2020-06-07 20:45:42.205 FMU simulate the step from t=1.5 successfully

2020-06-07 20:45:42.205 start writing data after this step to InfluxDB

2020-06-07 20:45:42.208 write initial data to InfluxDB successfully, status code is 204

2020-06-07 20:45:42.208 start obtaining value of specified variables

2020-06-07 20:45:42.208 obtain value of specified variables successfully

2020-06-07 20:45:42.208 FMU simulate a step from t=1.6

2020-06-07 20:45:42.220 FMU simulate the step from t=1.6 successfully

2020-06-07 20:45:42.220 start writing data after this step to InfluxDB

2020-06-07 20:45:42.222 write initial data to InfluxDB successfully, status code is 204

2020-06-07 20:45:42.222 start obtaining value of specified variables

2020-06-07 20:45:42.222 obtain value of specified variables successfully

2020-06-07 20:45:42.222 FMU simulate a step from t=1.7

2020-06-07 20:45:42.226 FMU simulate the step from t=1.7 successfully

2020-06-07 20:45:42.226 start writing data after this step to InfluxDB

2020-06-07 20:45:42.228 write initial data to InfluxDB successfully, status code is 204

2020-06-07 20:45:42.228 start obtaining value of specified variables

2020-06-07 20:45:42.228 obtain value of specified variables successfully

2020-06-07 20:45:42.228 FMU simulate a step from t=1.8

2020-06-07 20:45:42.229 FMU simulate the step from t=1.8 successfully

2020-06-07 20:45:42.229 start writing data after this step to InfluxDB

2020-06-07 20:45:42.231 write initial data to InfluxDB successfully, status code is 204

2020-06-07 20:45:42.231 start obtaining value of specified variables

2020-06-07 20:45:42.231 obtain value of specified variables successfully

2020-06-07 20:45:42.231 FMU simulate a step from t=1.9

2020-06-07 20:45:42.231 could not simulate this step from t=1.9

2020-06-07 20:47:05.167 start loading 'fmu10/fmu/cs/win64/fullRobot_cs.fmu'

2020-06-07 20:47:05.313 load 'fmu10/fmu/cs/win64/fullRobot_cs.fmu' successfully

2020-06-07 20:47:05.313 start connecting to InfluxDB 127.0.0.1 : 8086

2020-06-07 20:47:05.320 connect to InfluxDB 127.0.0.1 : 8086 successfully

2020-06-07 20:47:05.320 start instantiating fmu

2020-06-07 20:47:05.322 instantiate fmu successfully

2020-06-07 20:47:05.322 start initializing fmu

2020-06-07 20:47:05.323 initialize fmu successfully

2020-06-07 20:47:05.323 start setting inputs

2020-06-07 20:47:05.324 set inputs successfully

2020-06-07 20:47:05.324 FMU Simulator: run 'fmu10/fmu/cs/win64/fullRobot_cs.fmu' from t=0..1.5 with step size h=0.1

2020-06-07 20:47:05.346 write initial data to InfluxDB successfully, status code is 204

2020-06-07 20:47:05.346 FMU simulate a step from t=0

2020-06-07 20:47:05.370 FMU simulate the step from t=0 successfully

2020-06-07 20:47:05.370 start writing data after this step to InfluxDB

2020-06-07 20:47:05.374 write initial data to InfluxDB successfully, status code is 204

2020-06-07 20:47:05.374 start obtaining value of specified variables

2020-06-07 20:47:05.374 obtain value of specified variables successfully

2020-06-07 20:47:05.374 FMU simulate a step from t=0.1

2020-06-07 20:47:05.380 FMU simulate the step from t=0.1 successfully

2020-06-07 20:47:05.380 start writing data after this step to InfluxDB

2020-06-07 20:47:05.382 write initial data to InfluxDB successfully, status code is 204

2020-06-07 20:47:05.382 start obtaining value of specified variables

2020-06-07 20:47:05.382 obtain value of specified variables successfully

2020-06-07 20:47:05.382 FMU simulate a step from t=0.2

2020-06-07 20:47:05.384 FMU simulate the step from t=0.2 successfully

2020-06-07 20:47:05.384 start writing data after this step to InfluxDB

2020-06-07 20:47:05.386 write initial data to InfluxDB successfully, status code is 204

2020-06-07 20:47:05.386 start obtaining value of specified variables

2020-06-07 20:47:05.386 obtain value of specified variables successfully

2020-06-07 20:47:05.386 FMU simulate a step from t=0.3

2020-06-07 20:47:05.387 FMU simulate the step from t=0.3 successfully

2020-06-07 20:47:05.387 start writing data after this step to InfluxDB

2020-06-07 20:47:05.390 write initial data to InfluxDB successfully, status code is 204

2020-06-07 20:47:05.390 start obtaining value of specified variables

2020-06-07 20:47:05.391 obtain value of specified variables successfully

2020-06-07 20:47:05.391 FMU simulate a step from t=0.4

2020-06-07 20:47:05.392 FMU simulate the step from t=0.4 successfully

2020-06-07 20:47:05.393 start writing data after this step to InfluxDB

2020-06-07 20:47:05.395 write initial data to InfluxDB successfully, status code is 204

2020-06-07 20:47:05.395 start obtaining value of specified variables

2020-06-07 20:47:05.395 obtain value of specified variables successfully

2020-06-07 20:47:05.395 FMU simulate a step from t=0.5

2020-06-07 20:47:05.397 FMU simulate the step from t=0.5 successfully

2020-06-07 20:47:05.397 start writing data after this step to InfluxDB

2020-06-07 20:47:05.398 write initial data to InfluxDB successfully, status code is 204

2020-06-07 20:47:05.398 start obtaining value of specified variables

2020-06-07 20:47:05.399 obtain value of specified variables successfully

2020-06-07 20:47:05.399 FMU simulate a step from t=0.6

2020-06-07 20:47:05.400 FMU simulate the step from t=0.6 successfully

2020-06-07 20:47:05.400 start writing data after this step to InfluxDB

2020-06-07 20:47:05.402 write initial data to InfluxDB successfully, status code is 204

2020-06-07 20:47:05.402 start obtaining value of specified variables

2020-06-07 20:47:05.402 obtain value of specified variables successfully

2020-06-07 20:47:05.402 FMU simulate a step from t=0.7

2020-06-07 20:47:05.404 FMU simulate the step from t=0.7 successfully

2020-06-07 20:47:05.404 start writing data after this step to InfluxDB

2020-06-07 20:47:05.405 write initial data to InfluxDB successfully, status code is 204

2020-06-07 20:47:05.406 start obtaining value of specified variables

2020-06-07 20:47:05.406 obtain value of specified variables successfully

2020-06-07 20:47:05.406 FMU simulate a step from t=0.8

2020-06-07 20:47:05.407 FMU simulate the step from t=0.8 successfully

2020-06-07 20:47:05.407 start writing data after this step to InfluxDB

2020-06-07 20:47:05.411 write initial data to InfluxDB successfully, status code is 204

2020-06-07 20:47:05.411 start obtaining value of specified variables

2020-06-07 20:47:05.411 obtain value of specified variables successfully

2020-06-07 20:47:05.411 FMU simulate a step from t=0.9

2020-06-07 20:47:05.413 FMU simulate the step from t=0.9 successfully

2020-06-07 20:47:05.413 start writing data after this step to InfluxDB

2020-06-07 20:47:05.415 write initial data to InfluxDB successfully, status code is 204

2020-06-07 20:47:05.415 start obtaining value of specified variables

2020-06-07 20:47:05.415 obtain value of specified variables successfully

2020-06-07 20:47:05.415 FMU simulate a step from t=1

2020-06-07 20:47:05.416 FMU simulate the step from t=1 successfully

2020-06-07 20:47:05.416 start writing data after this step to InfluxDB

2020-06-07 20:47:05.418 write initial data to InfluxDB successfully, status code is 204

2020-06-07 20:47:05.418 start obtaining value of specified variables

2020-06-07 20:47:05.418 obtain value of specified variables successfully

2020-06-07 20:47:05.418 FMU simulate a step from t=1.1

2020-06-07 20:47:05.419 FMU simulate the step from t=1.1 successfully

2020-06-07 20:47:05.419 start writing data after this step to InfluxDB

2020-06-07 20:47:05.421 write initial data to InfluxDB successfully, status code is 204

2020-06-07 20:47:05.421 start obtaining value of specified variables

2020-06-07 20:47:05.421 obtain value of specified variables successfully

2020-06-07 20:47:05.421 FMU simulate a step from t=1.2

2020-06-07 20:47:05.428 FMU simulate the step from t=1.2 successfully

2020-06-07 20:47:05.428 start writing data after this step to InfluxDB

2020-06-07 20:47:05.430 write initial data to InfluxDB successfully, status code is 204

2020-06-07 20:47:05.431 start obtaining value of specified variables

2020-06-07 20:47:05.431 obtain value of specified variables successfully

2020-06-07 20:47:05.431 FMU simulate a step from t=1.3

2020-06-07 20:47:05.451 FMU simulate the step from t=1.3 successfully

2020-06-07 20:47:05.451 start writing data after this step to InfluxDB

2020-06-07 20:47:05.453 write initial data to InfluxDB successfully, status code is 204

2020-06-07 20:47:05.454 start obtaining value of specified variables

2020-06-07 20:47:05.454 obtain value of specified variables successfully

2020-06-07 20:47:05.454 FMU simulate a step from t=1.4

2020-06-07 20:47:05.478 FMU simulate the step from t=1.4 successfully

2020-06-07 20:47:05.478 start writing data after this step to InfluxDB

2020-06-07 20:47:05.480 write initial data to InfluxDB successfully, status code is 204

2020-06-07 20:47:05.480 start obtaining value of specified variables

2020-06-07 20:47:05.480 obtain value of specified variables successfully

2020-06-07 20:47:05.480 end simulation successfully

2020-06-07 20:47:05.579 release 'fmu10/fmu/cs/win64/fullRobot_cs.fmu' successfully

2020-06-07 20:47:05.579 disconnect from InfluxDB  127.0.0.1 : 8086 successfully

2020-06-07 20:47:14.145 start loading 'fmu10/fmu/cs/win64/fullRobot_cs.fmu'

2020-06-07 20:47:14.303 load 'fmu10/fmu/cs/win64/fullRobot_cs.fmu' successfully

2020-06-07 20:47:14.303 start connecting to InfluxDB 127.0.0.1 : 8086

2020-06-07 20:47:14.311 connect to InfluxDB 127.0.0.1 : 8086 successfully

2020-06-07 20:47:14.311 start instantiating fmu

2020-06-07 20:47:14.313 instantiate fmu successfully

2020-06-07 20:47:14.313 start initializing fmu

2020-06-07 20:47:14.315 initialize fmu successfully

2020-06-07 20:47:14.315 start setting inputs

2020-06-07 20:47:14.315 set inputs successfully

2020-06-07 20:47:14.315 FMU Simulator: run 'fmu10/fmu/cs/win64/fullRobot_cs.fmu' from t=0..1.5 with step size h=0.1

2020-06-07 20:47:14.329 write initial data to InfluxDB successfully, status code is 204

2020-06-07 20:47:14.329 FMU simulate a step from t=0

2020-06-07 20:47:14.351 FMU simulate the step from t=0 successfully

2020-06-07 20:47:14.351 start writing data after this step to InfluxDB

2020-06-07 20:47:14.353 write initial data to InfluxDB successfully, status code is 204

2020-06-07 20:47:14.353 start obtaining value of specified variables

2020-06-07 20:47:14.353 obtain value of specified variables successfully

2020-06-07 20:47:14.353 FMU simulate a step from t=0.1

2020-06-07 20:47:14.359 FMU simulate the step from t=0.1 successfully

2020-06-07 20:47:14.359 start writing data after this step to InfluxDB

2020-06-07 20:47:14.362 write initial data to InfluxDB successfully, status code is 204

2020-06-07 20:47:14.362 start obtaining value of specified variables

2020-06-07 20:47:14.362 obtain value of specified variables successfully

2020-06-07 20:47:14.362 FMU simulate a step from t=0.2

2020-06-07 20:47:14.363 FMU simulate the step from t=0.2 successfully

2020-06-07 20:47:14.363 start writing data after this step to InfluxDB

2020-06-07 20:47:14.366 write initial data to InfluxDB successfully, status code is 204

2020-06-07 20:47:14.366 start obtaining value of specified variables

2020-06-07 20:47:14.366 obtain value of specified variables successfully

2020-06-07 20:47:14.366 FMU simulate a step from t=0.3

2020-06-07 20:47:14.368 FMU simulate the step from t=0.3 successfully

2020-06-07 20:47:14.368 start writing data after this step to InfluxDB

2020-06-07 20:47:14.369 write initial data to InfluxDB successfully, status code is 204

2020-06-07 20:47:14.369 start obtaining value of specified variables

2020-06-07 20:47:14.370 obtain value of specified variables successfully

2020-06-07 20:47:14.370 FMU simulate a step from t=0.4

2020-06-07 20:47:14.371 FMU simulate the step from t=0.4 successfully

2020-06-07 20:47:14.371 start writing data after this step to InfluxDB

2020-06-07 20:47:14.380 write initial data to InfluxDB successfully, status code is 204

2020-06-07 20:47:14.380 start obtaining value of specified variables

2020-06-07 20:47:14.380 obtain value of specified variables successfully

2020-06-07 20:47:14.380 FMU simulate a step from t=0.5

2020-06-07 20:47:14.381 FMU simulate the step from t=0.5 successfully

2020-06-07 20:47:14.381 start writing data after this step to InfluxDB

2020-06-07 20:47:14.384 write initial data to InfluxDB successfully, status code is 204

2020-06-07 20:47:14.384 start obtaining value of specified variables

2020-06-07 20:47:14.384 obtain value of specified variables successfully

2020-06-07 20:47:14.384 FMU simulate a step from t=0.6

2020-06-07 20:47:14.385 FMU simulate the step from t=0.6 successfully

2020-06-07 20:47:14.385 start writing data after this step to InfluxDB

2020-06-07 20:47:14.387 write initial data to InfluxDB successfully, status code is 204

2020-06-07 20:47:14.387 start obtaining value of specified variables

2020-06-07 20:47:14.387 obtain value of specified variables successfully

2020-06-07 20:47:14.387 FMU simulate a step from t=0.7

2020-06-07 20:47:14.389 FMU simulate the step from t=0.7 successfully

2020-06-07 20:47:14.389 start writing data after this step to InfluxDB

2020-06-07 20:47:14.394 write initial data to InfluxDB successfully, status code is 204

2020-06-07 20:47:14.394 start obtaining value of specified variables

2020-06-07 20:47:14.394 obtain value of specified variables successfully

2020-06-07 20:47:14.394 FMU simulate a step from t=0.8

2020-06-07 20:47:14.395 FMU simulate the step from t=0.8 successfully

2020-06-07 20:47:14.395 start writing data after this step to InfluxDB

2020-06-07 20:47:14.397 write initial data to InfluxDB successfully, status code is 204

2020-06-07 20:47:14.397 start obtaining value of specified variables

2020-06-07 20:47:14.397 obtain value of specified variables successfully

2020-06-07 20:47:14.397 FMU simulate a step from t=0.9

2020-06-07 20:47:14.398 FMU simulate the step from t=0.9 successfully

2020-06-07 20:47:14.398 start writing data after this step to InfluxDB

2020-06-07 20:47:14.400 write initial data to InfluxDB successfully, status code is 204

2020-06-07 20:47:14.400 start obtaining value of specified variables

2020-06-07 20:47:14.400 obtain value of specified variables successfully

2020-06-07 20:47:14.400 FMU simulate a step from t=1

2020-06-07 20:47:14.401 FMU simulate the step from t=1 successfully

2020-06-07 20:47:14.401 start writing data after this step to InfluxDB

2020-06-07 20:47:14.403 write initial data to InfluxDB successfully, status code is 204

2020-06-07 20:47:14.403 start obtaining value of specified variables

2020-06-07 20:47:14.403 obtain value of specified variables successfully

2020-06-07 20:47:14.403 FMU simulate a step from t=1.1

2020-06-07 20:47:14.406 FMU simulate the step from t=1.1 successfully

2020-06-07 20:47:14.406 start writing data after this step to InfluxDB

2020-06-07 20:47:14.408 write initial data to InfluxDB successfully, status code is 204

2020-06-07 20:47:14.408 start obtaining value of specified variables

2020-06-07 20:47:14.408 obtain value of specified variables successfully

2020-06-07 20:47:14.408 FMU simulate a step from t=1.2

2020-06-07 20:47:14.416 FMU simulate the step from t=1.2 successfully

2020-06-07 20:47:14.416 start writing data after this step to InfluxDB

2020-06-07 20:47:14.418 write initial data to InfluxDB successfully, status code is 204

2020-06-07 20:47:14.418 start obtaining value of specified variables

2020-06-07 20:47:14.418 obtain value of specified variables successfully

2020-06-07 20:47:14.418 FMU simulate a step from t=1.3

2020-06-07 20:47:14.439 FMU simulate the step from t=1.3 successfully

2020-06-07 20:47:14.439 start writing data after this step to InfluxDB

2020-06-07 20:47:14.450 write initial data to InfluxDB successfully, status code is 204

2020-06-07 20:47:14.450 start obtaining value of specified variables

2020-06-07 20:47:14.450 obtain value of specified variables successfully

2020-06-07 20:47:14.450 FMU simulate a step from t=1.4

2020-06-07 20:47:14.475 FMU simulate the step from t=1.4 successfully

2020-06-07 20:47:14.475 start writing data after this step to InfluxDB

2020-06-07 20:47:14.477 write initial data to InfluxDB successfully, status code is 204

2020-06-07 20:47:14.478 start obtaining value of specified variables

2020-06-07 20:47:14.478 obtain value of specified variables successfully

2020-06-07 20:47:14.479 end simulation successfully

2020-06-07 20:47:14.589 release 'fmu10/fmu/cs/win64/fullRobot_cs.fmu' successfully

2020-06-07 20:47:14.589 disconnect from InfluxDB  127.0.0.1 : 8086 successfully

2020-06-07 20:47:40.999 start loading 'fmu10/fmu/cs/win64/fullRobot_cs.fmu'

2020-06-07 20:47:41.139 load 'fmu10/fmu/cs/win64/fullRobot_cs.fmu' successfully

2020-06-07 20:47:41.139 start connecting to InfluxDB 127.0.0.1 : 8086

2020-06-07 20:47:41.146 connect to InfluxDB 127.0.0.1 : 8086 successfully

2020-06-07 20:47:41.146 start instantiating fmu

2020-06-07 20:47:41.148 instantiate fmu successfully

2020-06-07 20:47:41.148 start initializing fmu

2020-06-07 20:47:41.149 initialize fmu successfully

2020-06-07 20:47:41.149 start setting inputs

2020-06-07 20:47:41.149 set inputs successfully

2020-06-07 20:47:41.149 FMU Simulator: run 'fmu10/fmu/cs/win64/fullRobot_cs.fmu' from t=0..1.5 with step size h=0.1

2020-06-07 20:47:41.152 write initial data to InfluxDB successfully, status code is 204

2020-06-07 20:47:41.152 FMU simulate a step from t=0

2020-06-07 20:47:41.175 FMU simulate the step from t=0 successfully

2020-06-07 20:47:41.175 start writing data after this step to InfluxDB

2020-06-07 20:47:41.177 write initial data to InfluxDB successfully, status code is 204

2020-06-07 20:47:41.177 start obtaining value of specified variables

2020-06-07 20:47:41.177 obtain value of specified variables successfully

2020-06-07 20:47:41.177 FMU simulate a step from t=0.1

2020-06-07 20:47:41.183 FMU simulate the step from t=0.1 successfully

2020-06-07 20:47:41.183 start writing data after this step to InfluxDB

2020-06-07 20:47:41.186 write initial data to InfluxDB successfully, status code is 204

2020-06-07 20:47:41.186 start obtaining value of specified variables

2020-06-07 20:47:41.187 obtain value of specified variables successfully

2020-06-07 20:47:41.187 FMU simulate a step from t=0.2

2020-06-07 20:47:41.188 FMU simulate the step from t=0.2 successfully

2020-06-07 20:47:41.188 start writing data after this step to InfluxDB

2020-06-07 20:47:41.190 write initial data to InfluxDB successfully, status code is 204

2020-06-07 20:47:41.190 start obtaining value of specified variables

2020-06-07 20:47:41.191 obtain value of specified variables successfully

2020-06-07 20:47:41.191 FMU simulate a step from t=0.3

2020-06-07 20:47:41.192 FMU simulate the step from t=0.3 successfully

2020-06-07 20:47:41.192 start writing data after this step to InfluxDB

2020-06-07 20:47:41.194 write initial data to InfluxDB successfully, status code is 204

2020-06-07 20:47:41.194 start obtaining value of specified variables

2020-06-07 20:47:41.194 obtain value of specified variables successfully

2020-06-07 20:47:41.194 FMU simulate a step from t=0.4

2020-06-07 20:47:41.196 FMU simulate the step from t=0.4 successfully

2020-06-07 20:47:41.196 start writing data after this step to InfluxDB

2020-06-07 20:47:41.198 write initial data to InfluxDB successfully, status code is 204

2020-06-07 20:47:41.198 start obtaining value of specified variables

2020-06-07 20:47:41.198 obtain value of specified variables successfully

2020-06-07 20:47:41.198 FMU simulate a step from t=0.5

2020-06-07 20:47:41.200 FMU simulate the step from t=0.5 successfully

2020-06-07 20:47:41.200 start writing data after this step to InfluxDB

2020-06-07 20:47:41.203 write initial data to InfluxDB successfully, status code is 204

2020-06-07 20:47:41.203 start obtaining value of specified variables

2020-06-07 20:47:41.203 obtain value of specified variables successfully

2020-06-07 20:47:41.203 FMU simulate a step from t=0.6

2020-06-07 20:47:41.204 FMU simulate the step from t=0.6 successfully

2020-06-07 20:47:41.204 start writing data after this step to InfluxDB

2020-06-07 20:47:41.207 write initial data to InfluxDB successfully, status code is 204

2020-06-07 20:47:41.207 start obtaining value of specified variables

2020-06-07 20:47:41.207 obtain value of specified variables successfully

2020-06-07 20:47:41.207 FMU simulate a step from t=0.7

2020-06-07 20:47:41.208 FMU simulate the step from t=0.7 successfully

2020-06-07 20:47:41.208 start writing data after this step to InfluxDB

2020-06-07 20:47:41.210 write initial data to InfluxDB successfully, status code is 204

2020-06-07 20:47:41.211 start obtaining value of specified variables

2020-06-07 20:47:41.211 obtain value of specified variables successfully

2020-06-07 20:47:41.211 FMU simulate a step from t=0.8

2020-06-07 20:47:41.212 FMU simulate the step from t=0.8 successfully

2020-06-07 20:47:41.212 start writing data after this step to InfluxDB

2020-06-07 20:47:41.214 write initial data to InfluxDB successfully, status code is 204

2020-06-07 20:47:41.214 start obtaining value of specified variables

2020-06-07 20:47:41.214 obtain value of specified variables successfully

2020-06-07 20:47:41.214 FMU simulate a step from t=0.9

2020-06-07 20:47:41.216 FMU simulate the step from t=0.9 successfully

2020-06-07 20:47:41.216 start writing data after this step to InfluxDB

2020-06-07 20:47:41.217 write initial data to InfluxDB successfully, status code is 204

2020-06-07 20:47:41.218 start obtaining value of specified variables

2020-06-07 20:47:41.218 obtain value of specified variables successfully

2020-06-07 20:47:41.218 FMU simulate a step from t=1

2020-06-07 20:47:41.219 FMU simulate the step from t=1 successfully

2020-06-07 20:47:41.219 start writing data after this step to InfluxDB

2020-06-07 20:47:41.222 write initial data to InfluxDB successfully, status code is 204

2020-06-07 20:47:41.222 start obtaining value of specified variables

2020-06-07 20:47:41.222 obtain value of specified variables successfully

2020-06-07 20:47:41.223 FMU simulate a step from t=1.1

2020-06-07 20:47:41.224 FMU simulate the step from t=1.1 successfully

2020-06-07 20:47:41.224 start writing data after this step to InfluxDB

2020-06-07 20:47:41.226 write initial data to InfluxDB successfully, status code is 204

2020-06-07 20:47:41.226 start obtaining value of specified variables

2020-06-07 20:47:41.226 obtain value of specified variables successfully

2020-06-07 20:47:41.226 FMU simulate a step from t=1.2

2020-06-07 20:47:41.234 FMU simulate the step from t=1.2 successfully

2020-06-07 20:47:41.234 start writing data after this step to InfluxDB

2020-06-07 20:47:41.237 write initial data to InfluxDB successfully, status code is 204

2020-06-07 20:47:41.237 start obtaining value of specified variables

2020-06-07 20:47:41.237 obtain value of specified variables successfully

2020-06-07 20:47:41.237 FMU simulate a step from t=1.3

2020-06-07 20:47:41.258 FMU simulate the step from t=1.3 successfully

2020-06-07 20:47:41.258 start writing data after this step to InfluxDB

2020-06-07 20:47:41.261 write initial data to InfluxDB successfully, status code is 204

2020-06-07 20:47:41.261 start obtaining value of specified variables

2020-06-07 20:47:41.261 obtain value of specified variables successfully

2020-06-07 20:47:41.261 FMU simulate a step from t=1.4

2020-06-07 20:47:41.286 FMU simulate the step from t=1.4 successfully

2020-06-07 20:47:41.286 start writing data after this step to InfluxDB

2020-06-07 20:47:41.288 write initial data to InfluxDB successfully, status code is 204

2020-06-07 20:47:41.288 start obtaining value of specified variables

2020-06-07 20:47:41.288 obtain value of specified variables successfully

2020-06-07 20:47:41.289 end simulation successfully

2020-06-07 20:47:41.386 release 'fmu10/fmu/cs/win64/fullRobot_cs.fmu' successfully

2020-06-07 20:47:41.387 disconnect from InfluxDB  127.0.0.1 : 8086 successfully

2020-06-07 20:51:09.009 start loading 'fmu10/fmu/cs/win64/fullRobot_cs.fmu'

2020-06-07 20:51:09.175 load 'fmu10/fmu/cs/win64/fullRobot_cs.fmu' successfully

2020-06-07 20:51:09.175 start connecting to InfluxDB 127.0.0.1 : 8086

2020-06-07 20:51:09.185 connect to InfluxDB 127.0.0.1 : 8086 successfully

2020-06-07 20:51:09.185 start instantiating fmu

2020-06-07 20:51:09.187 instantiate fmu successfully

2020-06-07 20:51:09.187 start initializing fmu

2020-06-07 20:51:09.189 initialize fmu successfully

2020-06-07 20:51:09.189 start setting inputs

2020-06-07 20:51:09.189 set inputs successfully

2020-06-07 20:51:09.189 FMU Simulator: run 'fmu10/fmu/cs/win64/fullRobot_cs.fmu' from t=0..1.5 with step size h=0.01

2020-06-07 20:51:09.205 write initial data to InfluxDB successfully, status code is 204

2020-06-07 20:51:09.205 FMU simulate a step from t=0

2020-06-07 20:51:09.225 FMU simulate the step from t=0 successfully

2020-06-07 20:51:09.225 start writing data after this step to InfluxDB

2020-06-07 20:51:09.227 write initial data to InfluxDB successfully, status code is 204

2020-06-07 20:51:09.227 start obtaining value of specified variables

2020-06-07 20:51:09.227 obtain value of specified variables successfully

2020-06-07 20:51:09.227 FMU simulate a step from t=0.01

2020-06-07 20:51:09.230 FMU simulate the step from t=0.01 successfully

2020-06-07 20:51:09.230 start writing data after this step to InfluxDB

2020-06-07 20:51:09.232 write initial data to InfluxDB successfully, status code is 204

2020-06-07 20:51:09.232 start obtaining value of specified variables

2020-06-07 20:51:09.232 obtain value of specified variables successfully

2020-06-07 20:51:09.232 FMU simulate a step from t=0.02

2020-06-07 20:51:09.233 FMU simulate the step from t=0.02 successfully

2020-06-07 20:51:09.233 start writing data after this step to InfluxDB

2020-06-07 20:51:09.235 write initial data to InfluxDB successfully, status code is 204

2020-06-07 20:51:09.235 start obtaining value of specified variables

2020-06-07 20:51:09.235 obtain value of specified variables successfully

2020-06-07 20:51:09.235 FMU simulate a step from t=0.03

2020-06-07 20:51:09.235 FMU simulate the step from t=0.03 successfully

2020-06-07 20:51:09.235 start writing data after this step to InfluxDB

2020-06-07 20:51:09.237 write initial data to InfluxDB successfully, status code is 204

2020-06-07 20:51:09.237 start obtaining value of specified variables

2020-06-07 20:51:09.237 obtain value of specified variables successfully

2020-06-07 20:51:09.237 FMU simulate a step from t=0.04

2020-06-07 20:51:09.237 FMU simulate the step from t=0.04 successfully

2020-06-07 20:51:09.237 start writing data after this step to InfluxDB

2020-06-07 20:51:09.240 write initial data to InfluxDB successfully, status code is 204

2020-06-07 20:51:09.240 start obtaining value of specified variables

2020-06-07 20:51:09.240 obtain value of specified variables successfully

2020-06-07 20:51:09.240 FMU simulate a step from t=0.05

2020-06-07 20:51:09.240 FMU simulate the step from t=0.05 successfully

2020-06-07 20:51:09.240 start writing data after this step to InfluxDB

2020-06-07 20:51:09.242 write initial data to InfluxDB successfully, status code is 204

2020-06-07 20:51:09.242 start obtaining value of specified variables

2020-06-07 20:51:09.242 obtain value of specified variables successfully

2020-06-07 20:51:09.242 FMU simulate a step from t=0.06

2020-06-07 20:51:09.242 FMU simulate the step from t=0.06 successfully

2020-06-07 20:51:09.242 start writing data after this step to InfluxDB

2020-06-07 20:51:09.244 write initial data to InfluxDB successfully, status code is 204

2020-06-07 20:51:09.244 start obtaining value of specified variables

2020-06-07 20:51:09.244 obtain value of specified variables successfully

2020-06-07 20:51:09.244 FMU simulate a step from t=0.07

2020-06-07 20:51:09.244 FMU simulate the step from t=0.07 successfully

2020-06-07 20:51:09.245 start writing data after this step to InfluxDB

2020-06-07 20:51:09.246 write initial data to InfluxDB successfully, status code is 204

2020-06-07 20:51:09.247 start obtaining value of specified variables

2020-06-07 20:51:09.247 obtain value of specified variables successfully

2020-06-07 20:51:09.247 FMU simulate a step from t=0.08

2020-06-07 20:51:09.247 FMU simulate the step from t=0.08 successfully

2020-06-07 20:51:09.247 start writing data after this step to InfluxDB

2020-06-07 20:51:09.249 write initial data to InfluxDB successfully, status code is 204

2020-06-07 20:51:09.249 start obtaining value of specified variables

2020-06-07 20:51:09.249 obtain value of specified variables successfully

2020-06-07 20:51:09.249 FMU simulate a step from t=0.09

2020-06-07 20:51:09.250 FMU simulate the step from t=0.09 successfully

2020-06-07 20:51:09.250 start writing data after this step to InfluxDB

2020-06-07 20:51:09.252 write initial data to InfluxDB successfully, status code is 204

2020-06-07 20:51:09.252 start obtaining value of specified variables

2020-06-07 20:51:09.252 obtain value of specified variables successfully

2020-06-07 20:51:09.252 FMU simulate a step from t=0.1

2020-06-07 20:51:09.252 FMU simulate the step from t=0.1 successfully

2020-06-07 20:51:09.252 start writing data after this step to InfluxDB

2020-06-07 20:51:09.254 write initial data to InfluxDB successfully, status code is 204

2020-06-07 20:51:09.254 start obtaining value of specified variables

2020-06-07 20:51:09.254 obtain value of specified variables successfully

2020-06-07 20:51:09.254 FMU simulate a step from t=0.11

2020-06-07 20:51:09.257 FMU simulate the step from t=0.11 successfully

2020-06-07 20:51:09.257 start writing data after this step to InfluxDB

2020-06-07 20:51:09.258 write initial data to InfluxDB successfully, status code is 204

2020-06-07 20:51:09.258 start obtaining value of specified variables

2020-06-07 20:51:09.259 obtain value of specified variables successfully

2020-06-07 20:51:09.259 FMU simulate a step from t=0.12

2020-06-07 20:51:09.260 FMU simulate the step from t=0.12 successfully

2020-06-07 20:51:09.260 start writing data after this step to InfluxDB

2020-06-07 20:51:09.262 write initial data to InfluxDB successfully, status code is 204

2020-06-07 20:51:09.262 start obtaining value of specified variables

2020-06-07 20:51:09.262 obtain value of specified variables successfully

2020-06-07 20:51:09.263 FMU simulate a step from t=0.13

2020-06-07 20:51:09.264 FMU simulate the step from t=0.13 successfully

2020-06-07 20:51:09.264 start writing data after this step to InfluxDB

2020-06-07 20:51:09.267 write initial data to InfluxDB successfully, status code is 204

2020-06-07 20:51:09.267 start obtaining value of specified variables

2020-06-07 20:51:09.267 obtain value of specified variables successfully

2020-06-07 20:51:09.267 FMU simulate a step from t=0.14

2020-06-07 20:51:09.267 FMU simulate the step from t=0.14 successfully

2020-06-07 20:51:09.268 start writing data after this step to InfluxDB

2020-06-07 20:51:09.271 write initial data to InfluxDB successfully, status code is 204

2020-06-07 20:51:09.271 start obtaining value of specified variables

2020-06-07 20:51:09.271 obtain value of specified variables successfully

2020-06-07 20:51:09.271 FMU simulate a step from t=0.15

2020-06-07 20:51:09.272 FMU simulate the step from t=0.15 successfully

2020-06-07 20:51:09.272 start writing data after this step to InfluxDB

2020-06-07 20:51:09.274 write initial data to InfluxDB successfully, status code is 204

2020-06-07 20:51:09.274 start obtaining value of specified variables

2020-06-07 20:51:09.274 obtain value of specified variables successfully

2020-06-07 20:51:09.274 FMU simulate a step from t=0.16

2020-06-07 20:51:09.274 FMU simulate the step from t=0.16 successfully

2020-06-07 20:51:09.275 start writing data after this step to InfluxDB

2020-06-07 20:51:09.278 write initial data to InfluxDB successfully, status code is 204

2020-06-07 20:51:09.278 start obtaining value of specified variables

2020-06-07 20:51:09.278 obtain value of specified variables successfully

2020-06-07 20:51:09.278 FMU simulate a step from t=0.17

2020-06-07 20:51:09.279 FMU simulate the step from t=0.17 successfully

2020-06-07 20:51:09.279 start writing data after this step to InfluxDB

2020-06-07 20:51:09.281 write initial data to InfluxDB successfully, status code is 204

2020-06-07 20:51:09.281 start obtaining value of specified variables

2020-06-07 20:51:09.281 obtain value of specified variables successfully

2020-06-07 20:51:09.281 FMU simulate a step from t=0.18

2020-06-07 20:51:09.281 FMU simulate the step from t=0.18 successfully

2020-06-07 20:51:09.282 start writing data after this step to InfluxDB

2020-06-07 20:51:09.284 write initial data to InfluxDB successfully, status code is 204

2020-06-07 20:51:09.284 start obtaining value of specified variables

2020-06-07 20:51:09.284 obtain value of specified variables successfully

2020-06-07 20:51:09.284 FMU simulate a step from t=0.19

2020-06-07 20:51:09.284 FMU simulate the step from t=0.19 successfully

2020-06-07 20:51:09.284 start writing data after this step to InfluxDB

2020-06-07 20:51:09.288 write initial data to InfluxDB successfully, status code is 204

2020-06-07 20:51:09.288 start obtaining value of specified variables

2020-06-07 20:51:09.288 obtain value of specified variables successfully

2020-06-07 20:51:09.288 FMU simulate a step from t=0.2

2020-06-07 20:51:09.289 FMU simulate the step from t=0.2 successfully

2020-06-07 20:51:09.289 start writing data after this step to InfluxDB

2020-06-07 20:51:09.292 write initial data to InfluxDB successfully, status code is 204

2020-06-07 20:51:09.292 start obtaining value of specified variables

2020-06-07 20:51:09.292 obtain value of specified variables successfully

2020-06-07 20:51:09.292 FMU simulate a step from t=0.21

2020-06-07 20:51:09.293 FMU simulate the step from t=0.21 successfully

2020-06-07 20:51:09.293 start writing data after this step to InfluxDB

2020-06-07 20:51:09.295 write initial data to InfluxDB successfully, status code is 204

2020-06-07 20:51:09.295 start obtaining value of specified variables

2020-06-07 20:51:09.295 obtain value of specified variables successfully

2020-06-07 20:51:09.295 FMU simulate a step from t=0.22

2020-06-07 20:51:09.296 FMU simulate the step from t=0.22 successfully

2020-06-07 20:51:09.296 start writing data after this step to InfluxDB

2020-06-07 20:51:09.299 write initial data to InfluxDB successfully, status code is 204

2020-06-07 20:51:09.299 start obtaining value of specified variables

2020-06-07 20:51:09.299 obtain value of specified variables successfully

2020-06-07 20:51:09.299 FMU simulate a step from t=0.23

2020-06-07 20:51:09.299 FMU simulate the step from t=0.23 successfully

2020-06-07 20:51:09.300 start writing data after this step to InfluxDB

2020-06-07 20:51:09.302 write initial data to InfluxDB successfully, status code is 204

2020-06-07 20:51:09.302 start obtaining value of specified variables

2020-06-07 20:51:09.302 obtain value of specified variables successfully

2020-06-07 20:51:09.302 FMU simulate a step from t=0.24

2020-06-07 20:51:09.302 FMU simulate the step from t=0.24 successfully

2020-06-07 20:51:09.302 start writing data after this step to InfluxDB

2020-06-07 20:51:09.304 write initial data to InfluxDB successfully, status code is 204

2020-06-07 20:51:09.305 start obtaining value of specified variables

2020-06-07 20:51:09.305 obtain value of specified variables successfully

2020-06-07 20:51:09.305 FMU simulate a step from t=0.25

2020-06-07 20:51:09.305 FMU simulate the step from t=0.25 successfully

2020-06-07 20:51:09.305 start writing data after this step to InfluxDB

2020-06-07 20:51:09.307 write initial data to InfluxDB successfully, status code is 204

2020-06-07 20:51:09.307 start obtaining value of specified variables

2020-06-07 20:51:09.307 obtain value of specified variables successfully

2020-06-07 20:51:09.307 FMU simulate a step from t=0.26

2020-06-07 20:51:09.308 FMU simulate the step from t=0.26 successfully

2020-06-07 20:51:09.308 start writing data after this step to InfluxDB

2020-06-07 20:51:09.312 write initial data to InfluxDB successfully, status code is 204

2020-06-07 20:51:09.312 start obtaining value of specified variables

2020-06-07 20:51:09.313 obtain value of specified variables successfully

2020-06-07 20:51:09.313 FMU simulate a step from t=0.27

2020-06-07 20:51:09.313 FMU simulate the step from t=0.27 successfully

2020-06-07 20:51:09.313 start writing data after this step to InfluxDB

2020-06-07 20:51:09.315 write initial data to InfluxDB successfully, status code is 204

2020-06-07 20:51:09.315 start obtaining value of specified variables

2020-06-07 20:51:09.315 obtain value of specified variables successfully

2020-06-07 20:51:09.315 FMU simulate a step from t=0.28

2020-06-07 20:51:09.316 FMU simulate the step from t=0.28 successfully

2020-06-07 20:51:09.316 start writing data after this step to InfluxDB

2020-06-07 20:51:09.318 write initial data to InfluxDB successfully, status code is 204

2020-06-07 20:51:09.318 start obtaining value of specified variables

2020-06-07 20:51:09.318 obtain value of specified variables successfully

2020-06-07 20:51:09.318 FMU simulate a step from t=0.29

2020-06-07 20:51:09.318 FMU simulate the step from t=0.29 successfully

2020-06-07 20:51:09.318 start writing data after this step to InfluxDB

2020-06-07 20:51:09.320 write initial data to InfluxDB successfully, status code is 204

2020-06-07 20:51:09.320 start obtaining value of specified variables

2020-06-07 20:51:09.320 obtain value of specified variables successfully

2020-06-07 20:51:09.320 FMU simulate a step from t=0.3

2020-06-07 20:51:09.321 FMU simulate the step from t=0.3 successfully

2020-06-07 20:51:09.321 start writing data after this step to InfluxDB

2020-06-07 20:51:09.322 write initial data to InfluxDB successfully, status code is 204

2020-06-07 20:51:09.322 start obtaining value of specified variables

2020-06-07 20:51:09.322 obtain value of specified variables successfully

2020-06-07 20:51:09.322 FMU simulate a step from t=0.31

2020-06-07 20:51:09.323 FMU simulate the step from t=0.31 successfully

2020-06-07 20:51:09.323 start writing data after this step to InfluxDB

2020-06-07 20:51:09.324 write initial data to InfluxDB successfully, status code is 204

2020-06-07 20:51:09.325 start obtaining value of specified variables

2020-06-07 20:51:09.325 obtain value of specified variables successfully

2020-06-07 20:51:09.325 FMU simulate a step from t=0.32

2020-06-07 20:51:09.325 FMU simulate the step from t=0.32 successfully

2020-06-07 20:51:09.325 start writing data after this step to InfluxDB

2020-06-07 20:51:09.330 write initial data to InfluxDB successfully, status code is 204

2020-06-07 20:51:09.330 start obtaining value of specified variables

2020-06-07 20:51:09.330 obtain value of specified variables successfully

2020-06-07 20:51:09.330 FMU simulate a step from t=0.33

2020-06-07 20:51:09.330 FMU simulate the step from t=0.33 successfully

2020-06-07 20:51:09.330 start writing data after this step to InfluxDB

2020-06-07 20:51:09.332 write initial data to InfluxDB successfully, status code is 204

2020-06-07 20:51:09.333 start obtaining value of specified variables

2020-06-07 20:51:09.333 obtain value of specified variables successfully

2020-06-07 20:51:09.333 FMU simulate a step from t=0.34

2020-06-07 20:51:09.333 FMU simulate the step from t=0.34 successfully

2020-06-07 20:51:09.333 start writing data after this step to InfluxDB

2020-06-07 20:51:09.335 write initial data to InfluxDB successfully, status code is 204

2020-06-07 20:51:09.335 start obtaining value of specified variables

2020-06-07 20:51:09.335 obtain value of specified variables successfully

2020-06-07 20:51:09.335 FMU simulate a step from t=0.35

2020-06-07 20:51:09.335 FMU simulate the step from t=0.35 successfully

2020-06-07 20:51:09.336 start writing data after this step to InfluxDB

2020-06-07 20:51:09.337 write initial data to InfluxDB successfully, status code is 204

2020-06-07 20:51:09.337 start obtaining value of specified variables

2020-06-07 20:51:09.337 obtain value of specified variables successfully

2020-06-07 20:51:09.338 FMU simulate a step from t=0.36

2020-06-07 20:51:09.338 FMU simulate the step from t=0.36 successfully

2020-06-07 20:51:09.338 start writing data after this step to InfluxDB

2020-06-07 20:51:09.340 write initial data to InfluxDB successfully, status code is 204

2020-06-07 20:51:09.340 start obtaining value of specified variables

2020-06-07 20:51:09.340 obtain value of specified variables successfully

2020-06-07 20:51:09.340 FMU simulate a step from t=0.37

2020-06-07 20:51:09.341 FMU simulate the step from t=0.37 successfully

2020-06-07 20:51:09.341 start writing data after this step to InfluxDB

2020-06-07 20:51:09.343 write initial data to InfluxDB successfully, status code is 204

2020-06-07 20:51:09.343 start obtaining value of specified variables

2020-06-07 20:51:09.343 obtain value of specified variables successfully

2020-06-07 20:51:09.343 FMU simulate a step from t=0.38

2020-06-07 20:51:09.344 FMU simulate the step from t=0.38 successfully

2020-06-07 20:51:09.344 start writing data after this step to InfluxDB

2020-06-07 20:51:09.347 write initial data to InfluxDB successfully, status code is 204

2020-06-07 20:51:09.347 start obtaining value of specified variables

2020-06-07 20:51:09.347 obtain value of specified variables successfully

2020-06-07 20:51:09.347 FMU simulate a step from t=0.39

2020-06-07 20:51:09.347 FMU simulate the step from t=0.39 successfully

2020-06-07 20:51:09.347 start writing data after this step to InfluxDB

2020-06-07 20:51:09.349 write initial data to InfluxDB successfully, status code is 204

2020-06-07 20:51:09.349 start obtaining value of specified variables

2020-06-07 20:51:09.349 obtain value of specified variables successfully

2020-06-07 20:51:09.349 FMU simulate a step from t=0.4

2020-06-07 20:51:09.350 FMU simulate the step from t=0.4 successfully

2020-06-07 20:51:09.350 start writing data after this step to InfluxDB

2020-06-07 20:51:09.352 write initial data to InfluxDB successfully, status code is 204

2020-06-07 20:51:09.352 start obtaining value of specified variables

2020-06-07 20:51:09.352 obtain value of specified variables successfully

2020-06-07 20:51:09.352 FMU simulate a step from t=0.41

2020-06-07 20:51:09.352 FMU simulate the step from t=0.41 successfully

2020-06-07 20:51:09.352 start writing data after this step to InfluxDB

2020-06-07 20:51:09.354 write initial data to InfluxDB successfully, status code is 204

2020-06-07 20:51:09.354 start obtaining value of specified variables

2020-06-07 20:51:09.354 obtain value of specified variables successfully

2020-06-07 20:51:09.354 FMU simulate a step from t=0.42

2020-06-07 20:51:09.354 FMU simulate the step from t=0.42 successfully

2020-06-07 20:51:09.354 start writing data after this step to InfluxDB

2020-06-07 20:51:09.364 write initial data to InfluxDB successfully, status code is 204

2020-06-07 20:51:09.364 start obtaining value of specified variables

2020-06-07 20:51:09.364 obtain value of specified variables successfully

2020-06-07 20:51:09.364 FMU simulate a step from t=0.43

2020-06-07 20:51:09.364 FMU simulate the step from t=0.43 successfully

2020-06-07 20:51:09.364 start writing data after this step to InfluxDB

2020-06-07 20:51:09.366 write initial data to InfluxDB successfully, status code is 204

2020-06-07 20:51:09.366 start obtaining value of specified variables

2020-06-07 20:51:09.366 obtain value of specified variables successfully

2020-06-07 20:51:09.366 FMU simulate a step from t=0.44

2020-06-07 20:51:09.366 FMU simulate the step from t=0.44 successfully

2020-06-07 20:51:09.366 start writing data after this step to InfluxDB

2020-06-07 20:51:09.368 write initial data to InfluxDB successfully, status code is 204

2020-06-07 20:51:09.369 start obtaining value of specified variables

2020-06-07 20:51:09.369 obtain value of specified variables successfully

2020-06-07 20:51:09.369 FMU simulate a step from t=0.45

2020-06-07 20:51:09.369 FMU simulate the step from t=0.45 successfully

2020-06-07 20:51:09.369 start writing data after this step to InfluxDB

2020-06-07 20:51:09.371 write initial data to InfluxDB successfully, status code is 204

2020-06-07 20:51:09.371 start obtaining value of specified variables

2020-06-07 20:51:09.371 obtain value of specified variables successfully

2020-06-07 20:51:09.371 FMU simulate a step from t=0.46

2020-06-07 20:51:09.372 FMU simulate the step from t=0.46 successfully

2020-06-07 20:51:09.372 start writing data after this step to InfluxDB

2020-06-07 20:51:09.374 write initial data to InfluxDB successfully, status code is 204

2020-06-07 20:51:09.374 start obtaining value of specified variables

2020-06-07 20:51:09.374 obtain value of specified variables successfully

2020-06-07 20:51:09.374 FMU simulate a step from t=0.47

2020-06-07 20:51:09.374 FMU simulate the step from t=0.47 successfully

2020-06-07 20:51:09.374 start writing data after this step to InfluxDB

2020-06-07 20:51:09.376 write initial data to InfluxDB successfully, status code is 204

2020-06-07 20:51:09.376 start obtaining value of specified variables

2020-06-07 20:51:09.376 obtain value of specified variables successfully

2020-06-07 20:51:09.376 FMU simulate a step from t=0.48

2020-06-07 20:51:09.377 FMU simulate the step from t=0.48 successfully

2020-06-07 20:51:09.377 start writing data after this step to InfluxDB

2020-06-07 20:51:09.378 write initial data to InfluxDB successfully, status code is 204

2020-06-07 20:51:09.379 start obtaining value of specified variables

2020-06-07 20:51:09.379 obtain value of specified variables successfully

2020-06-07 20:51:09.379 FMU simulate a step from t=0.49

2020-06-07 20:51:09.379 FMU simulate the step from t=0.49 successfully

2020-06-07 20:51:09.379 start writing data after this step to InfluxDB

2020-06-07 20:51:09.381 write initial data to InfluxDB successfully, status code is 204

2020-06-07 20:51:09.381 start obtaining value of specified variables

2020-06-07 20:51:09.381 obtain value of specified variables successfully

2020-06-07 20:51:09.381 FMU simulate a step from t=0.5

2020-06-07 20:51:09.381 FMU simulate the step from t=0.5 successfully

2020-06-07 20:51:09.381 start writing data after this step to InfluxDB

2020-06-07 20:51:09.383 write initial data to InfluxDB successfully, status code is 204

2020-06-07 20:51:09.383 start obtaining value of specified variables

2020-06-07 20:51:09.383 obtain value of specified variables successfully

2020-06-07 20:51:09.383 FMU simulate a step from t=0.51

2020-06-07 20:51:09.383 FMU simulate the step from t=0.51 successfully

2020-06-07 20:51:09.383 start writing data after this step to InfluxDB

2020-06-07 20:51:09.385 write initial data to InfluxDB successfully, status code is 204

2020-06-07 20:51:09.385 start obtaining value of specified variables

2020-06-07 20:51:09.385 obtain value of specified variables successfully

2020-06-07 20:51:09.385 FMU simulate a step from t=0.52

2020-06-07 20:51:09.385 FMU simulate the step from t=0.52 successfully

2020-06-07 20:51:09.385 start writing data after this step to InfluxDB

2020-06-07 20:51:09.388 write initial data to InfluxDB successfully, status code is 204

2020-06-07 20:51:09.388 start obtaining value of specified variables

2020-06-07 20:51:09.388 obtain value of specified variables successfully

2020-06-07 20:51:09.388 FMU simulate a step from t=0.53

2020-06-07 20:51:09.388 FMU simulate the step from t=0.53 successfully

2020-06-07 20:51:09.388 start writing data after this step to InfluxDB

2020-06-07 20:51:09.390 write initial data to InfluxDB successfully, status code is 204

2020-06-07 20:51:09.390 start obtaining value of specified variables

2020-06-07 20:51:09.391 obtain value of specified variables successfully

2020-06-07 20:51:09.391 FMU simulate a step from t=0.54

2020-06-07 20:51:09.391 FMU simulate the step from t=0.54 successfully

2020-06-07 20:51:09.391 start writing data after this step to InfluxDB

2020-06-07 20:51:09.393 write initial data to InfluxDB successfully, status code is 204

2020-06-07 20:51:09.393 start obtaining value of specified variables

2020-06-07 20:51:09.393 obtain value of specified variables successfully

2020-06-07 20:51:09.393 FMU simulate a step from t=0.55

2020-06-07 20:51:09.394 FMU simulate the step from t=0.55 successfully

2020-06-07 20:51:09.394 start writing data after this step to InfluxDB

2020-06-07 20:51:09.396 write initial data to InfluxDB successfully, status code is 204

2020-06-07 20:51:09.396 start obtaining value of specified variables

2020-06-07 20:51:09.396 obtain value of specified variables successfully

2020-06-07 20:51:09.396 FMU simulate a step from t=0.56

2020-06-07 20:51:09.396 FMU simulate the step from t=0.56 successfully

2020-06-07 20:51:09.396 start writing data after this step to InfluxDB

2020-06-07 20:51:09.398 write initial data to InfluxDB successfully, status code is 204

2020-06-07 20:51:09.398 start obtaining value of specified variables

2020-06-07 20:51:09.398 obtain value of specified variables successfully

2020-06-07 20:51:09.398 FMU simulate a step from t=0.57

2020-06-07 20:51:09.398 FMU simulate the step from t=0.57 successfully

2020-06-07 20:51:09.398 start writing data after this step to InfluxDB

2020-06-07 20:51:09.400 write initial data to InfluxDB successfully, status code is 204

2020-06-07 20:51:09.400 start obtaining value of specified variables

2020-06-07 20:51:09.400 obtain value of specified variables successfully

2020-06-07 20:51:09.400 FMU simulate a step from t=0.58

2020-06-07 20:51:09.400 FMU simulate the step from t=0.58 successfully

2020-06-07 20:51:09.400 start writing data after this step to InfluxDB

2020-06-07 20:51:09.402 write initial data to InfluxDB successfully, status code is 204

2020-06-07 20:51:09.402 start obtaining value of specified variables

2020-06-07 20:51:09.402 obtain value of specified variables successfully

2020-06-07 20:51:09.402 FMU simulate a step from t=0.59

2020-06-07 20:51:09.402 FMU simulate the step from t=0.59 successfully

2020-06-07 20:51:09.402 start writing data after this step to InfluxDB

2020-06-07 20:51:09.404 write initial data to InfluxDB successfully, status code is 204

2020-06-07 20:51:09.404 start obtaining value of specified variables

2020-06-07 20:51:09.404 obtain value of specified variables successfully

2020-06-07 20:51:09.404 FMU simulate a step from t=0.6

2020-06-07 20:51:09.404 FMU simulate the step from t=0.6 successfully

2020-06-07 20:51:09.404 start writing data after this step to InfluxDB

2020-06-07 20:51:09.408 write initial data to InfluxDB successfully, status code is 204

2020-06-07 20:51:09.408 start obtaining value of specified variables

2020-06-07 20:51:09.408 obtain value of specified variables successfully

2020-06-07 20:51:09.408 FMU simulate a step from t=0.61

2020-06-07 20:51:09.409 FMU simulate the step from t=0.61 successfully

2020-06-07 20:51:09.409 start writing data after this step to InfluxDB

2020-06-07 20:51:09.411 write initial data to InfluxDB successfully, status code is 204

2020-06-07 20:51:09.411 start obtaining value of specified variables

2020-06-07 20:51:09.411 obtain value of specified variables successfully

2020-06-07 20:51:09.412 FMU simulate a step from t=0.62

2020-06-07 20:51:09.412 FMU simulate the step from t=0.62 successfully

2020-06-07 20:51:09.412 start writing data after this step to InfluxDB

2020-06-07 20:51:09.414 write initial data to InfluxDB successfully, status code is 204

2020-06-07 20:51:09.414 start obtaining value of specified variables

2020-06-07 20:51:09.414 obtain value of specified variables successfully

2020-06-07 20:51:09.414 FMU simulate a step from t=0.63

2020-06-07 20:51:09.414 FMU simulate the step from t=0.63 successfully

2020-06-07 20:51:09.414 start writing data after this step to InfluxDB

2020-06-07 20:51:09.416 write initial data to InfluxDB successfully, status code is 204

2020-06-07 20:51:09.416 start obtaining value of specified variables

2020-06-07 20:51:09.416 obtain value of specified variables successfully

2020-06-07 20:51:09.416 FMU simulate a step from t=0.64

2020-06-07 20:51:09.417 FMU simulate the step from t=0.64 successfully

2020-06-07 20:51:09.417 start writing data after this step to InfluxDB

2020-06-07 20:51:09.419 write initial data to InfluxDB successfully, status code is 204

2020-06-07 20:51:09.419 start obtaining value of specified variables

2020-06-07 20:51:09.419 obtain value of specified variables successfully

2020-06-07 20:51:09.419 FMU simulate a step from t=0.65

2020-06-07 20:51:09.419 FMU simulate the step from t=0.65 successfully

2020-06-07 20:51:09.419 start writing data after this step to InfluxDB

2020-06-07 20:51:09.421 write initial data to InfluxDB successfully, status code is 204

2020-06-07 20:51:09.421 start obtaining value of specified variables

2020-06-07 20:51:09.421 obtain value of specified variables successfully

2020-06-07 20:51:09.421 FMU simulate a step from t=0.66

2020-06-07 20:51:09.421 FMU simulate the step from t=0.66 successfully

2020-06-07 20:51:09.421 start writing data after this step to InfluxDB

2020-06-07 20:51:09.423 write initial data to InfluxDB successfully, status code is 204

2020-06-07 20:51:09.423 start obtaining value of specified variables

2020-06-07 20:51:09.423 obtain value of specified variables successfully

2020-06-07 20:51:09.423 FMU simulate a step from t=0.67

2020-06-07 20:51:09.423 FMU simulate the step from t=0.67 successfully

2020-06-07 20:51:09.423 start writing data after this step to InfluxDB

2020-06-07 20:51:09.426 write initial data to InfluxDB successfully, status code is 204

2020-06-07 20:51:09.426 start obtaining value of specified variables

2020-06-07 20:51:09.426 obtain value of specified variables successfully

2020-06-07 20:51:09.426 FMU simulate a step from t=0.68

2020-06-07 20:51:09.427 FMU simulate the step from t=0.68 successfully

2020-06-07 20:51:09.427 start writing data after this step to InfluxDB

2020-06-07 20:51:09.431 write initial data to InfluxDB successfully, status code is 204

2020-06-07 20:51:09.431 start obtaining value of specified variables

2020-06-07 20:51:09.431 obtain value of specified variables successfully

2020-06-07 20:51:09.431 FMU simulate a step from t=0.69

2020-06-07 20:51:09.432 FMU simulate the step from t=0.69 successfully

2020-06-07 20:51:09.432 start writing data after this step to InfluxDB

2020-06-07 20:51:09.434 write initial data to InfluxDB successfully, status code is 204

2020-06-07 20:51:09.434 start obtaining value of specified variables

2020-06-07 20:51:09.434 obtain value of specified variables successfully

2020-06-07 20:51:09.434 FMU simulate a step from t=0.7

2020-06-07 20:51:09.434 FMU simulate the step from t=0.7 successfully

2020-06-07 20:51:09.434 start writing data after this step to InfluxDB

2020-06-07 20:51:09.437 write initial data to InfluxDB successfully, status code is 204

2020-06-07 20:51:09.437 start obtaining value of specified variables

2020-06-07 20:51:09.437 obtain value of specified variables successfully

2020-06-07 20:51:09.437 FMU simulate a step from t=0.71

2020-06-07 20:51:09.438 FMU simulate the step from t=0.71 successfully

2020-06-07 20:51:09.438 start writing data after this step to InfluxDB

2020-06-07 20:51:09.440 write initial data to InfluxDB successfully, status code is 204

2020-06-07 20:51:09.440 start obtaining value of specified variables

2020-06-07 20:51:09.440 obtain value of specified variables successfully

2020-06-07 20:51:09.440 FMU simulate a step from t=0.72

2020-06-07 20:51:09.440 FMU simulate the step from t=0.72 successfully

2020-06-07 20:51:09.441 start writing data after this step to InfluxDB

2020-06-07 20:51:09.442 write initial data to InfluxDB successfully, status code is 204

2020-06-07 20:51:09.442 start obtaining value of specified variables

2020-06-07 20:51:09.442 obtain value of specified variables successfully

2020-06-07 20:51:09.442 FMU simulate a step from t=0.73

2020-06-07 20:51:09.442 FMU simulate the step from t=0.73 successfully

2020-06-07 20:51:09.442 start writing data after this step to InfluxDB

2020-06-07 20:51:09.444 write initial data to InfluxDB successfully, status code is 204

2020-06-07 20:51:09.444 start obtaining value of specified variables

2020-06-07 20:51:09.444 obtain value of specified variables successfully

2020-06-07 20:51:09.444 FMU simulate a step from t=0.74

2020-06-07 20:51:09.445 FMU simulate the step from t=0.74 successfully

2020-06-07 20:51:09.445 start writing data after this step to InfluxDB

2020-06-07 20:51:09.446 write initial data to InfluxDB successfully, status code is 204

2020-06-07 20:51:09.446 start obtaining value of specified variables

2020-06-07 20:51:09.446 obtain value of specified variables successfully

2020-06-07 20:51:09.446 FMU simulate a step from t=0.75

2020-06-07 20:51:09.447 FMU simulate the step from t=0.75 successfully

2020-06-07 20:51:09.447 start writing data after this step to InfluxDB

2020-06-07 20:51:09.449 write initial data to InfluxDB successfully, status code is 204

2020-06-07 20:51:09.449 start obtaining value of specified variables

2020-06-07 20:51:09.449 obtain value of specified variables successfully

2020-06-07 20:51:09.449 FMU simulate a step from t=0.76

2020-06-07 20:51:09.449 FMU simulate the step from t=0.76 successfully

2020-06-07 20:51:09.449 start writing data after this step to InfluxDB

2020-06-07 20:51:09.451 write initial data to InfluxDB successfully, status code is 204

2020-06-07 20:51:09.451 start obtaining value of specified variables

2020-06-07 20:51:09.451 obtain value of specified variables successfully

2020-06-07 20:51:09.451 FMU simulate a step from t=0.77

2020-06-07 20:51:09.451 FMU simulate the step from t=0.77 successfully

2020-06-07 20:51:09.451 start writing data after this step to InfluxDB

2020-06-07 20:51:09.453 write initial data to InfluxDB successfully, status code is 204

2020-06-07 20:51:09.453 start obtaining value of specified variables

2020-06-07 20:51:09.453 obtain value of specified variables successfully

2020-06-07 20:51:09.453 FMU simulate a step from t=0.78

2020-06-07 20:51:09.453 FMU simulate the step from t=0.78 successfully

2020-06-07 20:51:09.453 start writing data after this step to InfluxDB

2020-06-07 20:51:09.455 write initial data to InfluxDB successfully, status code is 204

2020-06-07 20:51:09.455 start obtaining value of specified variables

2020-06-07 20:51:09.455 obtain value of specified variables successfully

2020-06-07 20:51:09.455 FMU simulate a step from t=0.79

2020-06-07 20:51:09.455 FMU simulate the step from t=0.79 successfully

2020-06-07 20:51:09.455 start writing data after this step to InfluxDB

2020-06-07 20:51:09.457 write initial data to InfluxDB successfully, status code is 204

2020-06-07 20:51:09.457 start obtaining value of specified variables

2020-06-07 20:51:09.457 obtain value of specified variables successfully

2020-06-07 20:51:09.457 FMU simulate a step from t=0.8

2020-06-07 20:51:09.457 FMU simulate the step from t=0.8 successfully

2020-06-07 20:51:09.457 start writing data after this step to InfluxDB

2020-06-07 20:51:09.459 write initial data to InfluxDB successfully, status code is 204

2020-06-07 20:51:09.459 start obtaining value of specified variables

2020-06-07 20:51:09.459 obtain value of specified variables successfully

2020-06-07 20:51:09.459 FMU simulate a step from t=0.81

2020-06-07 20:51:09.460 FMU simulate the step from t=0.81 successfully

2020-06-07 20:51:09.460 start writing data after this step to InfluxDB

2020-06-07 20:51:09.463 write initial data to InfluxDB successfully, status code is 204

2020-06-07 20:51:09.463 start obtaining value of specified variables

2020-06-07 20:51:09.463 obtain value of specified variables successfully

2020-06-07 20:51:09.463 FMU simulate a step from t=0.82

2020-06-07 20:51:09.463 FMU simulate the step from t=0.82 successfully

2020-06-07 20:51:09.463 start writing data after this step to InfluxDB

2020-06-07 20:51:09.465 write initial data to InfluxDB successfully, status code is 204

2020-06-07 20:51:09.465 start obtaining value of specified variables

2020-06-07 20:51:09.465 obtain value of specified variables successfully

2020-06-07 20:51:09.465 FMU simulate a step from t=0.83

2020-06-07 20:51:09.466 FMU simulate the step from t=0.83 successfully

2020-06-07 20:51:09.466 start writing data after this step to InfluxDB

2020-06-07 20:51:09.468 write initial data to InfluxDB successfully, status code is 204

2020-06-07 20:51:09.468 start obtaining value of specified variables

2020-06-07 20:51:09.468 obtain value of specified variables successfully

2020-06-07 20:51:09.468 FMU simulate a step from t=0.84

2020-06-07 20:51:09.468 FMU simulate the step from t=0.84 successfully

2020-06-07 20:51:09.468 start writing data after this step to InfluxDB

2020-06-07 20:51:09.472 write initial data to InfluxDB successfully, status code is 204

2020-06-07 20:51:09.472 start obtaining value of specified variables

2020-06-07 20:51:09.473 obtain value of specified variables successfully

2020-06-07 20:51:09.473 FMU simulate a step from t=0.85

2020-06-07 20:51:09.473 FMU simulate the step from t=0.85 successfully

2020-06-07 20:51:09.473 start writing data after this step to InfluxDB

2020-06-07 20:51:09.478 write initial data to InfluxDB successfully, status code is 204

2020-06-07 20:51:09.478 start obtaining value of specified variables

2020-06-07 20:51:09.478 obtain value of specified variables successfully

2020-06-07 20:51:09.478 FMU simulate a step from t=0.86

2020-06-07 20:51:09.479 FMU simulate the step from t=0.86 successfully

2020-06-07 20:51:09.479 start writing data after this step to InfluxDB

2020-06-07 20:51:09.481 write initial data to InfluxDB successfully, status code is 204

2020-06-07 20:51:09.481 start obtaining value of specified variables

2020-06-07 20:51:09.481 obtain value of specified variables successfully

2020-06-07 20:51:09.481 FMU simulate a step from t=0.87

2020-06-07 20:51:09.481 FMU simulate the step from t=0.87 successfully

2020-06-07 20:51:09.481 start writing data after this step to InfluxDB

2020-06-07 20:51:09.484 write initial data to InfluxDB successfully, status code is 204

2020-06-07 20:51:09.484 start obtaining value of specified variables

2020-06-07 20:51:09.484 obtain value of specified variables successfully

2020-06-07 20:51:09.484 FMU simulate a step from t=0.88

2020-06-07 20:51:09.485 FMU simulate the step from t=0.88 successfully

2020-06-07 20:51:09.485 start writing data after this step to InfluxDB

2020-06-07 20:51:09.488 write initial data to InfluxDB successfully, status code is 204

2020-06-07 20:51:09.489 start obtaining value of specified variables

2020-06-07 20:51:09.489 obtain value of specified variables successfully

2020-06-07 20:51:09.489 FMU simulate a step from t=0.89

2020-06-07 20:51:09.489 FMU simulate the step from t=0.89 successfully

2020-06-07 20:51:09.489 start writing data after this step to InfluxDB

2020-06-07 20:51:09.492 write initial data to InfluxDB successfully, status code is 204

2020-06-07 20:51:09.492 start obtaining value of specified variables

2020-06-07 20:51:09.492 obtain value of specified variables successfully

2020-06-07 20:51:09.492 FMU simulate a step from t=0.9

2020-06-07 20:51:09.492 FMU simulate the step from t=0.9 successfully

2020-06-07 20:51:09.492 start writing data after this step to InfluxDB

2020-06-07 20:51:09.495 write initial data to InfluxDB successfully, status code is 204

2020-06-07 20:51:09.495 start obtaining value of specified variables

2020-06-07 20:51:09.495 obtain value of specified variables successfully

2020-06-07 20:51:09.495 FMU simulate a step from t=0.91

2020-06-07 20:51:09.495 FMU simulate the step from t=0.91 successfully

2020-06-07 20:51:09.496 start writing data after this step to InfluxDB

2020-06-07 20:51:09.499 write initial data to InfluxDB successfully, status code is 204

2020-06-07 20:51:09.499 start obtaining value of specified variables

2020-06-07 20:51:09.499 obtain value of specified variables successfully

2020-06-07 20:51:09.499 FMU simulate a step from t=0.92

2020-06-07 20:51:09.500 FMU simulate the step from t=0.92 successfully

2020-06-07 20:51:09.500 start writing data after this step to InfluxDB

2020-06-07 20:51:09.502 write initial data to InfluxDB successfully, status code is 204

2020-06-07 20:51:09.502 start obtaining value of specified variables

2020-06-07 20:51:09.502 obtain value of specified variables successfully

2020-06-07 20:51:09.502 FMU simulate a step from t=0.93

2020-06-07 20:51:09.502 FMU simulate the step from t=0.93 successfully

2020-06-07 20:51:09.502 start writing data after this step to InfluxDB

2020-06-07 20:51:09.505 write initial data to InfluxDB successfully, status code is 204

2020-06-07 20:51:09.505 start obtaining value of specified variables

2020-06-07 20:51:09.505 obtain value of specified variables successfully

2020-06-07 20:51:09.505 FMU simulate a step from t=0.94

2020-06-07 20:51:09.505 FMU simulate the step from t=0.94 successfully

2020-06-07 20:51:09.505 start writing data after this step to InfluxDB

2020-06-07 20:51:09.508 write initial data to InfluxDB successfully, status code is 204

2020-06-07 20:51:09.508 start obtaining value of specified variables

2020-06-07 20:51:09.508 obtain value of specified variables successfully

2020-06-07 20:51:09.508 FMU simulate a step from t=0.95

2020-06-07 20:51:09.509 FMU simulate the step from t=0.95 successfully

2020-06-07 20:51:09.509 start writing data after this step to InfluxDB

2020-06-07 20:51:09.512 write initial data to InfluxDB successfully, status code is 204

2020-06-07 20:51:09.512 start obtaining value of specified variables

2020-06-07 20:51:09.512 obtain value of specified variables successfully

2020-06-07 20:51:09.513 FMU simulate a step from t=0.96

2020-06-07 20:51:09.513 FMU simulate the step from t=0.96 successfully

2020-06-07 20:51:09.513 start writing data after this step to InfluxDB

2020-06-07 20:51:09.515 write initial data to InfluxDB successfully, status code is 204

2020-06-07 20:51:09.515 start obtaining value of specified variables

2020-06-07 20:51:09.515 obtain value of specified variables successfully

2020-06-07 20:51:09.515 FMU simulate a step from t=0.97

2020-06-07 20:51:09.515 FMU simulate the step from t=0.97 successfully

2020-06-07 20:51:09.515 start writing data after this step to InfluxDB

2020-06-07 20:51:09.519 write initial data to InfluxDB successfully, status code is 204

2020-06-07 20:51:09.519 start obtaining value of specified variables

2020-06-07 20:51:09.519 obtain value of specified variables successfully

2020-06-07 20:51:09.519 FMU simulate a step from t=0.98

2020-06-07 20:51:09.519 FMU simulate the step from t=0.98 successfully

2020-06-07 20:51:09.520 start writing data after this step to InfluxDB

2020-06-07 20:51:09.521 write initial data to InfluxDB successfully, status code is 204

2020-06-07 20:51:09.521 start obtaining value of specified variables

2020-06-07 20:51:09.521 obtain value of specified variables successfully

2020-06-07 20:51:09.521 FMU simulate a step from t=0.99

2020-06-07 20:51:09.522 FMU simulate the step from t=0.99 successfully

2020-06-07 20:51:09.522 start writing data after this step to InfluxDB

2020-06-07 20:51:09.523 write initial data to InfluxDB successfully, status code is 204

2020-06-07 20:51:09.523 start obtaining value of specified variables

2020-06-07 20:51:09.523 obtain value of specified variables successfully

2020-06-07 20:51:09.523 FMU simulate a step from t=1

2020-06-07 20:51:09.524 FMU simulate the step from t=1 successfully

2020-06-07 20:51:09.524 start writing data after this step to InfluxDB

2020-06-07 20:51:09.525 write initial data to InfluxDB successfully, status code is 204

2020-06-07 20:51:09.525 start obtaining value of specified variables

2020-06-07 20:51:09.525 obtain value of specified variables successfully

2020-06-07 20:51:09.525 FMU simulate a step from t=1.01

2020-06-07 20:51:09.525 FMU simulate the step from t=1.01 successfully

2020-06-07 20:51:09.525 start writing data after this step to InfluxDB

2020-06-07 20:51:09.528 write initial data to InfluxDB successfully, status code is 204

2020-06-07 20:51:09.528 start obtaining value of specified variables

2020-06-07 20:51:09.528 obtain value of specified variables successfully

2020-06-07 20:51:09.528 FMU simulate a step from t=1.02

2020-06-07 20:51:09.529 FMU simulate the step from t=1.02 successfully

2020-06-07 20:51:09.529 start writing data after this step to InfluxDB

2020-06-07 20:51:09.531 write initial data to InfluxDB successfully, status code is 204

2020-06-07 20:51:09.531 start obtaining value of specified variables

2020-06-07 20:51:09.531 obtain value of specified variables successfully

2020-06-07 20:51:09.531 FMU simulate a step from t=1.03

2020-06-07 20:51:09.531 FMU simulate the step from t=1.03 successfully

2020-06-07 20:51:09.531 start writing data after this step to InfluxDB

2020-06-07 20:51:09.533 write initial data to InfluxDB successfully, status code is 204

2020-06-07 20:51:09.533 start obtaining value of specified variables

2020-06-07 20:51:09.533 obtain value of specified variables successfully

2020-06-07 20:51:09.533 FMU simulate a step from t=1.04

2020-06-07 20:51:09.533 FMU simulate the step from t=1.04 successfully

2020-06-07 20:51:09.533 start writing data after this step to InfluxDB

2020-06-07 20:51:09.535 write initial data to InfluxDB successfully, status code is 204

2020-06-07 20:51:09.535 start obtaining value of specified variables

2020-06-07 20:51:09.535 obtain value of specified variables successfully

2020-06-07 20:51:09.535 FMU simulate a step from t=1.05

2020-06-07 20:51:09.535 FMU simulate the step from t=1.05 successfully

2020-06-07 20:51:09.535 start writing data after this step to InfluxDB

2020-06-07 20:51:09.538 write initial data to InfluxDB successfully, status code is 204

2020-06-07 20:51:09.538 start obtaining value of specified variables

2020-06-07 20:51:09.538 obtain value of specified variables successfully

2020-06-07 20:51:09.538 FMU simulate a step from t=1.06

2020-06-07 20:51:09.538 FMU simulate the step from t=1.06 successfully

2020-06-07 20:51:09.538 start writing data after this step to InfluxDB

2020-06-07 20:51:09.540 write initial data to InfluxDB successfully, status code is 204

2020-06-07 20:51:09.540 start obtaining value of specified variables

2020-06-07 20:51:09.540 obtain value of specified variables successfully

2020-06-07 20:51:09.540 FMU simulate a step from t=1.07

2020-06-07 20:51:09.540 FMU simulate the step from t=1.07 successfully

2020-06-07 20:51:09.540 start writing data after this step to InfluxDB

2020-06-07 20:51:09.542 write initial data to InfluxDB successfully, status code is 204

2020-06-07 20:51:09.542 start obtaining value of specified variables

2020-06-07 20:51:09.542 obtain value of specified variables successfully

2020-06-07 20:51:09.542 FMU simulate a step from t=1.08

2020-06-07 20:51:09.542 FMU simulate the step from t=1.08 successfully

2020-06-07 20:51:09.542 start writing data after this step to InfluxDB

2020-06-07 20:51:09.544 write initial data to InfluxDB successfully, status code is 204

2020-06-07 20:51:09.544 start obtaining value of specified variables

2020-06-07 20:51:09.544 obtain value of specified variables successfully

2020-06-07 20:51:09.544 FMU simulate a step from t=1.09

2020-06-07 20:51:09.545 FMU simulate the step from t=1.09 successfully

2020-06-07 20:51:09.545 start writing data after this step to InfluxDB

2020-06-07 20:51:09.547 write initial data to InfluxDB successfully, status code is 204

2020-06-07 20:51:09.547 start obtaining value of specified variables

2020-06-07 20:51:09.547 obtain value of specified variables successfully

2020-06-07 20:51:09.547 FMU simulate a step from t=1.1

2020-06-07 20:51:09.547 FMU simulate the step from t=1.1 successfully

2020-06-07 20:51:09.547 start writing data after this step to InfluxDB

2020-06-07 20:51:09.550 write initial data to InfluxDB successfully, status code is 204

2020-06-07 20:51:09.550 start obtaining value of specified variables

2020-06-07 20:51:09.550 obtain value of specified variables successfully

2020-06-07 20:51:09.550 FMU simulate a step from t=1.11

2020-06-07 20:51:09.551 FMU simulate the step from t=1.11 successfully

2020-06-07 20:51:09.551 start writing data after this step to InfluxDB

2020-06-07 20:51:09.552 write initial data to InfluxDB successfully, status code is 204

2020-06-07 20:51:09.552 start obtaining value of specified variables

2020-06-07 20:51:09.552 obtain value of specified variables successfully

2020-06-07 20:51:09.552 FMU simulate a step from t=1.12

2020-06-07 20:51:09.553 FMU simulate the step from t=1.12 successfully

2020-06-07 20:51:09.553 start writing data after this step to InfluxDB

2020-06-07 20:51:09.554 write initial data to InfluxDB successfully, status code is 204

2020-06-07 20:51:09.554 start obtaining value of specified variables

2020-06-07 20:51:09.554 obtain value of specified variables successfully

2020-06-07 20:51:09.554 FMU simulate a step from t=1.13

2020-06-07 20:51:09.555 FMU simulate the step from t=1.13 successfully

2020-06-07 20:51:09.555 start writing data after this step to InfluxDB

2020-06-07 20:51:09.556 write initial data to InfluxDB successfully, status code is 204

2020-06-07 20:51:09.556 start obtaining value of specified variables

2020-06-07 20:51:09.556 obtain value of specified variables successfully

2020-06-07 20:51:09.556 FMU simulate a step from t=1.14

2020-06-07 20:51:09.557 FMU simulate the step from t=1.14 successfully

2020-06-07 20:51:09.557 start writing data after this step to InfluxDB

2020-06-07 20:51:09.558 write initial data to InfluxDB successfully, status code is 204

2020-06-07 20:51:09.558 start obtaining value of specified variables

2020-06-07 20:51:09.558 obtain value of specified variables successfully

2020-06-07 20:51:09.558 FMU simulate a step from t=1.15

2020-06-07 20:51:09.559 FMU simulate the step from t=1.15 successfully

2020-06-07 20:51:09.559 start writing data after this step to InfluxDB

2020-06-07 20:51:09.560 write initial data to InfluxDB successfully, status code is 204

2020-06-07 20:51:09.560 start obtaining value of specified variables

2020-06-07 20:51:09.560 obtain value of specified variables successfully

2020-06-07 20:51:09.561 FMU simulate a step from t=1.16

2020-06-07 20:51:09.561 FMU simulate the step from t=1.16 successfully

2020-06-07 20:51:09.561 start writing data after this step to InfluxDB

2020-06-07 20:51:09.562 write initial data to InfluxDB successfully, status code is 204

2020-06-07 20:51:09.563 start obtaining value of specified variables

2020-06-07 20:51:09.563 obtain value of specified variables successfully

2020-06-07 20:51:09.563 FMU simulate a step from t=1.17

2020-06-07 20:51:09.563 FMU simulate the step from t=1.17 successfully

2020-06-07 20:51:09.563 start writing data after this step to InfluxDB

2020-06-07 20:51:09.564 write initial data to InfluxDB successfully, status code is 204

2020-06-07 20:51:09.565 start obtaining value of specified variables

2020-06-07 20:51:09.565 obtain value of specified variables successfully

2020-06-07 20:51:09.565 FMU simulate a step from t=1.18

2020-06-07 20:51:09.565 FMU simulate the step from t=1.18 successfully

2020-06-07 20:51:09.565 start writing data after this step to InfluxDB

2020-06-07 20:51:09.567 write initial data to InfluxDB successfully, status code is 204

2020-06-07 20:51:09.567 start obtaining value of specified variables

2020-06-07 20:51:09.567 obtain value of specified variables successfully

2020-06-07 20:51:09.567 FMU simulate a step from t=1.19

2020-06-07 20:51:09.567 FMU simulate the step from t=1.19 successfully

2020-06-07 20:51:09.567 start writing data after this step to InfluxDB

2020-06-07 20:51:09.569 write initial data to InfluxDB successfully, status code is 204

2020-06-07 20:51:09.569 start obtaining value of specified variables

2020-06-07 20:51:09.569 obtain value of specified variables successfully

2020-06-07 20:51:09.569 FMU simulate a step from t=1.2

2020-06-07 20:51:09.569 FMU simulate the step from t=1.2 successfully

2020-06-07 20:51:09.569 start writing data after this step to InfluxDB

2020-06-07 20:51:09.571 write initial data to InfluxDB successfully, status code is 204

2020-06-07 20:51:09.571 start obtaining value of specified variables

2020-06-07 20:51:09.571 obtain value of specified variables successfully

2020-06-07 20:51:09.571 FMU simulate a step from t=1.21

2020-06-07 20:51:09.571 FMU simulate the step from t=1.21 successfully

2020-06-07 20:51:09.571 start writing data after this step to InfluxDB

2020-06-07 20:51:09.573 write initial data to InfluxDB successfully, status code is 204

2020-06-07 20:51:09.573 start obtaining value of specified variables

2020-06-07 20:51:09.573 obtain value of specified variables successfully

2020-06-07 20:51:09.573 FMU simulate a step from t=1.22

2020-06-07 20:51:09.573 FMU simulate the step from t=1.22 successfully

2020-06-07 20:51:09.573 start writing data after this step to InfluxDB

2020-06-07 20:51:09.577 write initial data to InfluxDB successfully, status code is 204

2020-06-07 20:51:09.577 start obtaining value of specified variables

2020-06-07 20:51:09.577 obtain value of specified variables successfully

2020-06-07 20:51:09.577 FMU simulate a step from t=1.23

2020-06-07 20:51:09.581 FMU simulate the step from t=1.23 successfully

2020-06-07 20:51:09.582 start writing data after this step to InfluxDB

2020-06-07 20:51:09.583 write initial data to InfluxDB successfully, status code is 204

2020-06-07 20:51:09.583 start obtaining value of specified variables

2020-06-07 20:51:09.584 obtain value of specified variables successfully

2020-06-07 20:51:09.584 FMU simulate a step from t=1.24

2020-06-07 20:51:09.586 FMU simulate the step from t=1.24 successfully

2020-06-07 20:51:09.586 start writing data after this step to InfluxDB

2020-06-07 20:51:09.587 write initial data to InfluxDB successfully, status code is 204

2020-06-07 20:51:09.588 start obtaining value of specified variables

2020-06-07 20:51:09.588 obtain value of specified variables successfully

2020-06-07 20:51:09.588 FMU simulate a step from t=1.25

2020-06-07 20:51:09.588 FMU simulate the step from t=1.25 successfully

2020-06-07 20:51:09.588 start writing data after this step to InfluxDB

2020-06-07 20:51:09.590 write initial data to InfluxDB successfully, status code is 204

2020-06-07 20:51:09.590 start obtaining value of specified variables

2020-06-07 20:51:09.590 obtain value of specified variables successfully

2020-06-07 20:51:09.590 FMU simulate a step from t=1.26

2020-06-07 20:51:09.591 FMU simulate the step from t=1.26 successfully

2020-06-07 20:51:09.591 start writing data after this step to InfluxDB

2020-06-07 20:51:09.593 write initial data to InfluxDB successfully, status code is 204

2020-06-07 20:51:09.593 start obtaining value of specified variables

2020-06-07 20:51:09.593 obtain value of specified variables successfully

2020-06-07 20:51:09.593 FMU simulate a step from t=1.27

2020-06-07 20:51:09.594 FMU simulate the step from t=1.27 successfully

2020-06-07 20:51:09.594 start writing data after this step to InfluxDB

2020-06-07 20:51:09.597 write initial data to InfluxDB successfully, status code is 204

2020-06-07 20:51:09.597 start obtaining value of specified variables

2020-06-07 20:51:09.597 obtain value of specified variables successfully

2020-06-07 20:51:09.597 FMU simulate a step from t=1.28

2020-06-07 20:51:09.597 FMU simulate the step from t=1.28 successfully

2020-06-07 20:51:09.597 start writing data after this step to InfluxDB

2020-06-07 20:51:09.599 write initial data to InfluxDB successfully, status code is 204

2020-06-07 20:51:09.599 start obtaining value of specified variables

2020-06-07 20:51:09.599 obtain value of specified variables successfully

2020-06-07 20:51:09.599 FMU simulate a step from t=1.29

2020-06-07 20:51:09.599 FMU simulate the step from t=1.29 successfully

2020-06-07 20:51:09.599 start writing data after this step to InfluxDB

2020-06-07 20:51:09.601 write initial data to InfluxDB successfully, status code is 204

2020-06-07 20:51:09.601 start obtaining value of specified variables

2020-06-07 20:51:09.601 obtain value of specified variables successfully

2020-06-07 20:51:09.601 FMU simulate a step from t=1.3

2020-06-07 20:51:09.601 FMU simulate the step from t=1.3 successfully

2020-06-07 20:51:09.601 start writing data after this step to InfluxDB

2020-06-07 20:51:09.602 write initial data to InfluxDB successfully, status code is 204

2020-06-07 20:51:09.602 start obtaining value of specified variables

2020-06-07 20:51:09.603 obtain value of specified variables successfully

2020-06-07 20:51:09.603 FMU simulate a step from t=1.31

2020-06-07 20:51:09.603 FMU simulate the step from t=1.31 successfully

2020-06-07 20:51:09.603 start writing data after this step to InfluxDB

2020-06-07 20:51:09.611 write initial data to InfluxDB successfully, status code is 204

2020-06-07 20:51:09.611 start obtaining value of specified variables

2020-06-07 20:51:09.611 obtain value of specified variables successfully

2020-06-07 20:51:09.612 FMU simulate a step from t=1.32

2020-06-07 20:51:09.612 FMU simulate the step from t=1.32 successfully

2020-06-07 20:51:09.612 start writing data after this step to InfluxDB

2020-06-07 20:51:09.614 write initial data to InfluxDB successfully, status code is 204

2020-06-07 20:51:09.614 start obtaining value of specified variables

2020-06-07 20:51:09.614 obtain value of specified variables successfully

2020-06-07 20:51:09.614 FMU simulate a step from t=1.33

2020-06-07 20:51:09.614 FMU simulate the step from t=1.33 successfully

2020-06-07 20:51:09.614 start writing data after this step to InfluxDB

2020-06-07 20:51:09.616 write initial data to InfluxDB successfully, status code is 204

2020-06-07 20:51:09.616 start obtaining value of specified variables

2020-06-07 20:51:09.616 obtain value of specified variables successfully

2020-06-07 20:51:09.616 FMU simulate a step from t=1.34

2020-06-07 20:51:09.621 FMU simulate the step from t=1.34 successfully

2020-06-07 20:51:09.622 start writing data after this step to InfluxDB

2020-06-07 20:51:09.624 write initial data to InfluxDB successfully, status code is 204

2020-06-07 20:51:09.624 start obtaining value of specified variables

2020-06-07 20:51:09.624 obtain value of specified variables successfully

2020-06-07 20:51:09.624 FMU simulate a step from t=1.35

2020-06-07 20:51:09.638 FMU simulate the step from t=1.35 successfully

2020-06-07 20:51:09.638 start writing data after this step to InfluxDB

2020-06-07 20:51:09.640 write initial data to InfluxDB successfully, status code is 204

2020-06-07 20:51:09.640 start obtaining value of specified variables

2020-06-07 20:51:09.640 obtain value of specified variables successfully

2020-06-07 20:51:09.640 FMU simulate a step from t=1.36

2020-06-07 20:51:09.642 FMU simulate the step from t=1.36 successfully

2020-06-07 20:51:09.642 start writing data after this step to InfluxDB

2020-06-07 20:51:09.646 write initial data to InfluxDB successfully, status code is 204

2020-06-07 20:51:09.646 start obtaining value of specified variables

2020-06-07 20:51:09.646 obtain value of specified variables successfully

2020-06-07 20:51:09.646 FMU simulate a step from t=1.37

2020-06-07 20:51:09.647 FMU simulate the step from t=1.37 successfully

2020-06-07 20:51:09.647 start writing data after this step to InfluxDB

2020-06-07 20:51:09.649 write initial data to InfluxDB successfully, status code is 204

2020-06-07 20:51:09.649 start obtaining value of specified variables

2020-06-07 20:51:09.649 obtain value of specified variables successfully

2020-06-07 20:51:09.649 FMU simulate a step from t=1.38

2020-06-07 20:51:09.649 FMU simulate the step from t=1.38 successfully

2020-06-07 20:51:09.649 start writing data after this step to InfluxDB

2020-06-07 20:51:09.652 write initial data to InfluxDB successfully, status code is 204

2020-06-07 20:51:09.652 start obtaining value of specified variables

2020-06-07 20:51:09.652 obtain value of specified variables successfully

2020-06-07 20:51:09.652 FMU simulate a step from t=1.39

2020-06-07 20:51:09.652 FMU simulate the step from t=1.39 successfully

2020-06-07 20:51:09.652 start writing data after this step to InfluxDB

2020-06-07 20:51:09.654 write initial data to InfluxDB successfully, status code is 204

2020-06-07 20:51:09.654 start obtaining value of specified variables

2020-06-07 20:51:09.654 obtain value of specified variables successfully

2020-06-07 20:51:09.654 FMU simulate a step from t=1.4

2020-06-07 20:51:09.659 FMU simulate the step from t=1.4 successfully

2020-06-07 20:51:09.659 start writing data after this step to InfluxDB

2020-06-07 20:51:09.661 write initial data to InfluxDB successfully, status code is 204

2020-06-07 20:51:09.661 start obtaining value of specified variables

2020-06-07 20:51:09.661 obtain value of specified variables successfully

2020-06-07 20:51:09.662 FMU simulate a step from t=1.41

2020-06-07 20:51:09.662 FMU simulate the step from t=1.41 successfully

2020-06-07 20:51:09.662 start writing data after this step to InfluxDB

2020-06-07 20:51:09.665 write initial data to InfluxDB successfully, status code is 204

2020-06-07 20:51:09.665 start obtaining value of specified variables

2020-06-07 20:51:09.665 obtain value of specified variables successfully

2020-06-07 20:51:09.665 FMU simulate a step from t=1.42

2020-06-07 20:51:09.665 FMU simulate the step from t=1.42 successfully

2020-06-07 20:51:09.665 start writing data after this step to InfluxDB

2020-06-07 20:51:09.667 write initial data to InfluxDB successfully, status code is 204

2020-06-07 20:51:09.667 start obtaining value of specified variables

2020-06-07 20:51:09.667 obtain value of specified variables successfully

2020-06-07 20:51:09.667 FMU simulate a step from t=1.43

2020-06-07 20:51:09.668 FMU simulate the step from t=1.43 successfully

2020-06-07 20:51:09.668 start writing data after this step to InfluxDB

2020-06-07 20:51:09.669 write initial data to InfluxDB successfully, status code is 204

2020-06-07 20:51:09.670 start obtaining value of specified variables

2020-06-07 20:51:09.670 obtain value of specified variables successfully

2020-06-07 20:51:09.670 FMU simulate a step from t=1.44

2020-06-07 20:51:09.670 FMU simulate the step from t=1.44 successfully

2020-06-07 20:51:09.670 start writing data after this step to InfluxDB

2020-06-07 20:51:09.672 write initial data to InfluxDB successfully, status code is 204

2020-06-07 20:51:09.672 start obtaining value of specified variables

2020-06-07 20:51:09.672 obtain value of specified variables successfully

2020-06-07 20:51:09.672 FMU simulate a step from t=1.45

2020-06-07 20:51:09.672 FMU simulate the step from t=1.45 successfully

2020-06-07 20:51:09.672 start writing data after this step to InfluxDB

2020-06-07 20:51:09.675 write initial data to InfluxDB successfully, status code is 204

2020-06-07 20:51:09.675 start obtaining value of specified variables

2020-06-07 20:51:09.675 obtain value of specified variables successfully

2020-06-07 20:51:09.675 FMU simulate a step from t=1.46

2020-06-07 20:51:09.686 FMU simulate the step from t=1.46 successfully

2020-06-07 20:51:09.686 start writing data after this step to InfluxDB

2020-06-07 20:51:09.689 write initial data to InfluxDB successfully, status code is 204

2020-06-07 20:51:09.689 start obtaining value of specified variables

2020-06-07 20:51:09.689 obtain value of specified variables successfully

2020-06-07 20:51:09.689 FMU simulate a step from t=1.47

2020-06-07 20:51:09.693 FMU simulate the step from t=1.47 successfully

2020-06-07 20:51:09.693 start writing data after this step to InfluxDB

2020-06-07 20:51:09.695 write initial data to InfluxDB successfully, status code is 204

2020-06-07 20:51:09.695 start obtaining value of specified variables

2020-06-07 20:51:09.695 obtain value of specified variables successfully

2020-06-07 20:51:09.695 FMU simulate a step from t=1.48

2020-06-07 20:51:09.696 FMU simulate the step from t=1.48 successfully

2020-06-07 20:51:09.696 start writing data after this step to InfluxDB

2020-06-07 20:51:09.699 write initial data to InfluxDB successfully, status code is 204

2020-06-07 20:51:09.699 start obtaining value of specified variables

2020-06-07 20:51:09.699 obtain value of specified variables successfully

2020-06-07 20:51:09.699 FMU simulate a step from t=1.49

2020-06-07 20:51:09.704 FMU simulate the step from t=1.49 successfully

2020-06-07 20:51:09.704 start writing data after this step to InfluxDB

2020-06-07 20:51:09.705 write initial data to InfluxDB successfully, status code is 204

2020-06-07 20:51:09.705 start obtaining value of specified variables

2020-06-07 20:51:09.705 obtain value of specified variables successfully

2020-06-07 20:51:09.706 end simulation successfully

2020-06-07 20:51:09.804 release 'fmu10/fmu/cs/win64/fullRobot_cs.fmu' successfully

2020-06-07 20:51:09.804 disconnect from InfluxDB  127.0.0.1 : 8086 successfully

2020-06-07 20:51:22.603 start loading 'fmu10/fmu/cs/win64/fullRobot_cs.fmu'

2020-06-07 20:51:22.746 load 'fmu10/fmu/cs/win64/fullRobot_cs.fmu' successfully

2020-06-07 20:51:22.746 start connecting to InfluxDB 127.0.0.1 : 8086

2020-06-07 20:51:22.755 connect to InfluxDB 127.0.0.1 : 8086 successfully

2020-06-07 20:51:22.755 start instantiating fmu

2020-06-07 20:51:22.757 instantiate fmu successfully

2020-06-07 20:51:22.757 start initializing fmu

2020-06-07 20:51:22.758 initialize fmu successfully

2020-06-07 20:51:22.758 start setting inputs

2020-06-07 20:51:22.758 set inputs successfully

2020-06-07 20:51:22.758 FMU Simulator: run 'fmu10/fmu/cs/win64/fullRobot_cs.fmu' from t=0..1.5 with step size h=0.01

2020-06-07 20:51:22.761 write initial data to InfluxDB successfully, status code is 204

2020-06-07 20:51:22.761 FMU simulate a step from t=0

2020-06-07 20:51:22.784 FMU simulate the step from t=0 successfully

2020-06-07 20:51:22.784 start writing data after this step to InfluxDB

2020-06-07 20:51:22.786 write initial data to InfluxDB successfully, status code is 204

2020-06-07 20:51:22.786 start obtaining value of specified variables

2020-06-07 20:51:22.786 obtain value of specified variables successfully

2020-06-07 20:51:22.786 FMU simulate a step from t=0.01

2020-06-07 20:51:22.789 FMU simulate the step from t=0.01 successfully

2020-06-07 20:51:22.790 start writing data after this step to InfluxDB

2020-06-07 20:51:22.792 write initial data to InfluxDB successfully, status code is 204

2020-06-07 20:51:22.792 start obtaining value of specified variables

2020-06-07 20:51:22.792 obtain value of specified variables successfully

2020-06-07 20:51:22.792 FMU simulate a step from t=0.02

2020-06-07 20:51:22.792 FMU simulate the step from t=0.02 successfully

2020-06-07 20:51:22.792 start writing data after this step to InfluxDB

2020-06-07 20:51:22.794 write initial data to InfluxDB successfully, status code is 204

2020-06-07 20:51:22.795 start obtaining value of specified variables

2020-06-07 20:51:22.795 obtain value of specified variables successfully

2020-06-07 20:51:22.795 FMU simulate a step from t=0.03

2020-06-07 20:51:22.795 FMU simulate the step from t=0.03 successfully

2020-06-07 20:51:22.795 start writing data after this step to InfluxDB

2020-06-07 20:51:22.797 write initial data to InfluxDB successfully, status code is 204

2020-06-07 20:51:22.797 start obtaining value of specified variables

2020-06-07 20:51:22.797 obtain value of specified variables successfully

2020-06-07 20:51:22.797 FMU simulate a step from t=0.04

2020-06-07 20:51:22.797 FMU simulate the step from t=0.04 successfully

2020-06-07 20:51:22.797 start writing data after this step to InfluxDB

2020-06-07 20:51:22.800 write initial data to InfluxDB successfully, status code is 204

2020-06-07 20:51:22.800 start obtaining value of specified variables

2020-06-07 20:51:22.800 obtain value of specified variables successfully

2020-06-07 20:51:22.800 FMU simulate a step from t=0.05

2020-06-07 20:51:22.800 FMU simulate the step from t=0.05 successfully

2020-06-07 20:51:22.800 start writing data after this step to InfluxDB

2020-06-07 20:51:22.802 write initial data to InfluxDB successfully, status code is 204

2020-06-07 20:51:22.802 start obtaining value of specified variables

2020-06-07 20:51:22.802 obtain value of specified variables successfully

2020-06-07 20:51:22.802 FMU simulate a step from t=0.06

2020-06-07 20:51:22.802 FMU simulate the step from t=0.06 successfully

2020-06-07 20:51:22.802 start writing data after this step to InfluxDB

2020-06-07 20:51:22.804 write initial data to InfluxDB successfully, status code is 204

2020-06-07 20:51:22.804 start obtaining value of specified variables

2020-06-07 20:51:22.804 obtain value of specified variables successfully

2020-06-07 20:51:22.804 FMU simulate a step from t=0.07

2020-06-07 20:51:22.804 FMU simulate the step from t=0.07 successfully

2020-06-07 20:51:22.804 start writing data after this step to InfluxDB

2020-06-07 20:51:22.806 write initial data to InfluxDB successfully, status code is 204

2020-06-07 20:51:22.806 start obtaining value of specified variables

2020-06-07 20:51:22.806 obtain value of specified variables successfully

2020-06-07 20:51:22.806 FMU simulate a step from t=0.08

2020-06-07 20:51:22.806 FMU simulate the step from t=0.08 successfully

2020-06-07 20:51:22.806 start writing data after this step to InfluxDB

2020-06-07 20:51:22.808 write initial data to InfluxDB successfully, status code is 204

2020-06-07 20:51:22.808 start obtaining value of specified variables

2020-06-07 20:51:22.808 obtain value of specified variables successfully

2020-06-07 20:51:22.808 FMU simulate a step from t=0.09

2020-06-07 20:51:22.808 FMU simulate the step from t=0.09 successfully

2020-06-07 20:51:22.808 start writing data after this step to InfluxDB

2020-06-07 20:51:22.810 write initial data to InfluxDB successfully, status code is 204

2020-06-07 20:51:22.810 start obtaining value of specified variables

2020-06-07 20:51:22.810 obtain value of specified variables successfully

2020-06-07 20:51:22.810 FMU simulate a step from t=0.1

2020-06-07 20:51:22.811 FMU simulate the step from t=0.1 successfully

2020-06-07 20:51:22.811 start writing data after this step to InfluxDB

2020-06-07 20:51:22.812 write initial data to InfluxDB successfully, status code is 204

2020-06-07 20:51:22.813 start obtaining value of specified variables

2020-06-07 20:51:22.813 obtain value of specified variables successfully

2020-06-07 20:51:22.813 FMU simulate a step from t=0.11

2020-06-07 20:51:22.815 FMU simulate the step from t=0.11 successfully

2020-06-07 20:51:22.815 start writing data after this step to InfluxDB

2020-06-07 20:51:22.817 write initial data to InfluxDB successfully, status code is 204

2020-06-07 20:51:22.817 start obtaining value of specified variables

2020-06-07 20:51:22.817 obtain value of specified variables successfully

2020-06-07 20:51:22.817 FMU simulate a step from t=0.12

2020-06-07 20:51:22.819 FMU simulate the step from t=0.12 successfully

2020-06-07 20:51:22.819 start writing data after this step to InfluxDB

2020-06-07 20:51:22.820 write initial data to InfluxDB successfully, status code is 204

2020-06-07 20:51:22.820 start obtaining value of specified variables

2020-06-07 20:51:22.820 obtain value of specified variables successfully

2020-06-07 20:51:22.820 FMU simulate a step from t=0.13

2020-06-07 20:51:22.821 FMU simulate the step from t=0.13 successfully

2020-06-07 20:51:22.821 start writing data after this step to InfluxDB

2020-06-07 20:51:22.823 write initial data to InfluxDB successfully, status code is 204

2020-06-07 20:51:22.823 start obtaining value of specified variables

2020-06-07 20:51:22.823 obtain value of specified variables successfully

2020-06-07 20:51:22.823 FMU simulate a step from t=0.14

2020-06-07 20:51:22.823 FMU simulate the step from t=0.14 successfully

2020-06-07 20:51:22.823 start writing data after this step to InfluxDB

2020-06-07 20:51:22.826 write initial data to InfluxDB successfully, status code is 204

2020-06-07 20:51:22.826 start obtaining value of specified variables

2020-06-07 20:51:22.826 obtain value of specified variables successfully

2020-06-07 20:51:22.826 FMU simulate a step from t=0.15

2020-06-07 20:51:22.826 FMU simulate the step from t=0.15 successfully

2020-06-07 20:51:22.826 start writing data after this step to InfluxDB

2020-06-07 20:51:22.830 write initial data to InfluxDB successfully, status code is 204

2020-06-07 20:51:22.830 start obtaining value of specified variables

2020-06-07 20:51:22.830 obtain value of specified variables successfully

2020-06-07 20:51:22.830 FMU simulate a step from t=0.16

2020-06-07 20:51:22.831 FMU simulate the step from t=0.16 successfully

2020-06-07 20:51:22.831 start writing data after this step to InfluxDB

2020-06-07 20:51:22.832 write initial data to InfluxDB successfully, status code is 204

2020-06-07 20:51:22.832 start obtaining value of specified variables

2020-06-07 20:51:22.832 obtain value of specified variables successfully

2020-06-07 20:51:22.832 FMU simulate a step from t=0.17

2020-06-07 20:51:22.833 FMU simulate the step from t=0.17 successfully

2020-06-07 20:51:22.833 start writing data after this step to InfluxDB

2020-06-07 20:51:22.834 write initial data to InfluxDB successfully, status code is 204

2020-06-07 20:51:22.834 start obtaining value of specified variables

2020-06-07 20:51:22.834 obtain value of specified variables successfully

2020-06-07 20:51:22.834 FMU simulate a step from t=0.18

2020-06-07 20:51:22.835 FMU simulate the step from t=0.18 successfully

2020-06-07 20:51:22.835 start writing data after this step to InfluxDB

2020-06-07 20:51:22.836 write initial data to InfluxDB successfully, status code is 204

2020-06-07 20:51:22.836 start obtaining value of specified variables

2020-06-07 20:51:22.836 obtain value of specified variables successfully

2020-06-07 20:51:22.836 FMU simulate a step from t=0.19

2020-06-07 20:51:22.836 FMU simulate the step from t=0.19 successfully

2020-06-07 20:51:22.836 start writing data after this step to InfluxDB

2020-06-07 20:51:22.838 write initial data to InfluxDB successfully, status code is 204

2020-06-07 20:51:22.838 start obtaining value of specified variables

2020-06-07 20:51:22.838 obtain value of specified variables successfully

2020-06-07 20:51:22.838 FMU simulate a step from t=0.2

2020-06-07 20:51:22.838 FMU simulate the step from t=0.2 successfully

2020-06-07 20:51:22.838 start writing data after this step to InfluxDB

2020-06-07 20:51:22.840 write initial data to InfluxDB successfully, status code is 204

2020-06-07 20:51:22.840 start obtaining value of specified variables

2020-06-07 20:51:22.840 obtain value of specified variables successfully

2020-06-07 20:51:22.840 FMU simulate a step from t=0.21

2020-06-07 20:51:22.840 FMU simulate the step from t=0.21 successfully

2020-06-07 20:51:22.840 start writing data after this step to InfluxDB

2020-06-07 20:51:22.841 write initial data to InfluxDB successfully, status code is 204

2020-06-07 20:51:22.841 start obtaining value of specified variables

2020-06-07 20:51:22.842 obtain value of specified variables successfully

2020-06-07 20:51:22.842 FMU simulate a step from t=0.22

2020-06-07 20:51:22.842 FMU simulate the step from t=0.22 successfully

2020-06-07 20:51:22.842 start writing data after this step to InfluxDB

2020-06-07 20:51:22.845 write initial data to InfluxDB successfully, status code is 204

2020-06-07 20:51:22.845 start obtaining value of specified variables

2020-06-07 20:51:22.845 obtain value of specified variables successfully

2020-06-07 20:51:22.845 FMU simulate a step from t=0.23

2020-06-07 20:51:22.846 FMU simulate the step from t=0.23 successfully

2020-06-07 20:51:22.846 start writing data after this step to InfluxDB

2020-06-07 20:51:22.848 write initial data to InfluxDB successfully, status code is 204

2020-06-07 20:51:22.848 start obtaining value of specified variables

2020-06-07 20:51:22.848 obtain value of specified variables successfully

2020-06-07 20:51:22.848 FMU simulate a step from t=0.24

2020-06-07 20:51:22.848 FMU simulate the step from t=0.24 successfully

2020-06-07 20:51:22.848 start writing data after this step to InfluxDB

2020-06-07 20:51:22.850 write initial data to InfluxDB successfully, status code is 204

2020-06-07 20:51:22.850 start obtaining value of specified variables

2020-06-07 20:51:22.850 obtain value of specified variables successfully

2020-06-07 20:51:22.850 FMU simulate a step from t=0.25

2020-06-07 20:51:22.850 FMU simulate the step from t=0.25 successfully

2020-06-07 20:51:22.850 start writing data after this step to InfluxDB

2020-06-07 20:51:22.852 write initial data to InfluxDB successfully, status code is 204

2020-06-07 20:51:22.852 start obtaining value of specified variables

2020-06-07 20:51:22.852 obtain value of specified variables successfully

2020-06-07 20:51:22.852 FMU simulate a step from t=0.26

2020-06-07 20:51:22.852 FMU simulate the step from t=0.26 successfully

2020-06-07 20:51:22.852 start writing data after this step to InfluxDB

2020-06-07 20:51:22.854 write initial data to InfluxDB successfully, status code is 204

2020-06-07 20:51:22.854 start obtaining value of specified variables

2020-06-07 20:51:22.854 obtain value of specified variables successfully

2020-06-07 20:51:22.854 FMU simulate a step from t=0.27

2020-06-07 20:51:22.854 FMU simulate the step from t=0.27 successfully

2020-06-07 20:51:22.854 start writing data after this step to InfluxDB

2020-06-07 20:51:22.856 write initial data to InfluxDB successfully, status code is 204

2020-06-07 20:51:22.856 start obtaining value of specified variables

2020-06-07 20:51:22.856 obtain value of specified variables successfully

2020-06-07 20:51:22.856 FMU simulate a step from t=0.28

2020-06-07 20:51:22.856 FMU simulate the step from t=0.28 successfully

2020-06-07 20:51:22.856 start writing data after this step to InfluxDB

2020-06-07 20:51:22.858 write initial data to InfluxDB successfully, status code is 204

2020-06-07 20:51:22.858 start obtaining value of specified variables

2020-06-07 20:51:22.858 obtain value of specified variables successfully

2020-06-07 20:51:22.858 FMU simulate a step from t=0.29

2020-06-07 20:51:22.858 FMU simulate the step from t=0.29 successfully

2020-06-07 20:51:22.858 start writing data after this step to InfluxDB

2020-06-07 20:51:22.860 write initial data to InfluxDB successfully, status code is 204

2020-06-07 20:51:22.860 start obtaining value of specified variables

2020-06-07 20:51:22.860 obtain value of specified variables successfully

2020-06-07 20:51:22.860 FMU simulate a step from t=0.3

2020-06-07 20:51:22.861 FMU simulate the step from t=0.3 successfully

2020-06-07 20:51:22.861 start writing data after this step to InfluxDB

2020-06-07 20:51:22.862 write initial data to InfluxDB successfully, status code is 204

2020-06-07 20:51:22.862 start obtaining value of specified variables

2020-06-07 20:51:22.862 obtain value of specified variables successfully

2020-06-07 20:51:22.862 FMU simulate a step from t=0.31

2020-06-07 20:51:22.863 FMU simulate the step from t=0.31 successfully

2020-06-07 20:51:22.863 start writing data after this step to InfluxDB

2020-06-07 20:51:22.865 write initial data to InfluxDB successfully, status code is 204

2020-06-07 20:51:22.865 start obtaining value of specified variables

2020-06-07 20:51:22.865 obtain value of specified variables successfully

2020-06-07 20:51:22.865 FMU simulate a step from t=0.32

2020-06-07 20:51:22.865 FMU simulate the step from t=0.32 successfully

2020-06-07 20:51:22.865 start writing data after this step to InfluxDB

2020-06-07 20:51:22.867 write initial data to InfluxDB successfully, status code is 204

2020-06-07 20:51:22.867 start obtaining value of specified variables

2020-06-07 20:51:22.867 obtain value of specified variables successfully

2020-06-07 20:51:22.867 FMU simulate a step from t=0.33

2020-06-07 20:51:22.867 FMU simulate the step from t=0.33 successfully

2020-06-07 20:51:22.867 start writing data after this step to InfluxDB

2020-06-07 20:51:22.869 write initial data to InfluxDB successfully, status code is 204

2020-06-07 20:51:22.869 start obtaining value of specified variables

2020-06-07 20:51:22.869 obtain value of specified variables successfully

2020-06-07 20:51:22.869 FMU simulate a step from t=0.34

2020-06-07 20:51:22.869 FMU simulate the step from t=0.34 successfully

2020-06-07 20:51:22.869 start writing data after this step to InfluxDB

2020-06-07 20:51:22.871 write initial data to InfluxDB successfully, status code is 204

2020-06-07 20:51:22.871 start obtaining value of specified variables

2020-06-07 20:51:22.871 obtain value of specified variables successfully

2020-06-07 20:51:22.871 FMU simulate a step from t=0.35

2020-06-07 20:51:22.871 FMU simulate the step from t=0.35 successfully

2020-06-07 20:51:22.871 start writing data after this step to InfluxDB

2020-06-07 20:51:22.875 write initial data to InfluxDB successfully, status code is 204

2020-06-07 20:51:22.875 start obtaining value of specified variables

2020-06-07 20:51:22.875 obtain value of specified variables successfully

2020-06-07 20:51:22.875 FMU simulate a step from t=0.36

2020-06-07 20:51:22.875 FMU simulate the step from t=0.36 successfully

2020-06-07 20:51:22.875 start writing data after this step to InfluxDB

2020-06-07 20:51:22.877 write initial data to InfluxDB successfully, status code is 204

2020-06-07 20:51:22.877 start obtaining value of specified variables

2020-06-07 20:51:22.877 obtain value of specified variables successfully

2020-06-07 20:51:22.877 FMU simulate a step from t=0.37

2020-06-07 20:51:22.878 FMU simulate the step from t=0.37 successfully

2020-06-07 20:51:22.878 start writing data after this step to InfluxDB

2020-06-07 20:51:22.879 write initial data to InfluxDB successfully, status code is 204

2020-06-07 20:51:22.879 start obtaining value of specified variables

2020-06-07 20:51:22.879 obtain value of specified variables successfully

2020-06-07 20:51:22.879 FMU simulate a step from t=0.38

2020-06-07 20:51:22.880 FMU simulate the step from t=0.38 successfully

2020-06-07 20:51:22.880 start writing data after this step to InfluxDB

2020-06-07 20:51:22.881 write initial data to InfluxDB successfully, status code is 204

2020-06-07 20:51:22.881 start obtaining value of specified variables

2020-06-07 20:51:22.881 obtain value of specified variables successfully

2020-06-07 20:51:22.881 FMU simulate a step from t=0.39

2020-06-07 20:51:22.882 FMU simulate the step from t=0.39 successfully

2020-06-07 20:51:22.882 start writing data after this step to InfluxDB

2020-06-07 20:51:22.884 write initial data to InfluxDB successfully, status code is 204

2020-06-07 20:51:22.884 start obtaining value of specified variables

2020-06-07 20:51:22.884 obtain value of specified variables successfully

2020-06-07 20:51:22.884 FMU simulate a step from t=0.4

2020-06-07 20:51:22.884 FMU simulate the step from t=0.4 successfully

2020-06-07 20:51:22.884 start writing data after this step to InfluxDB

2020-06-07 20:51:22.886 write initial data to InfluxDB successfully, status code is 204

2020-06-07 20:51:22.886 start obtaining value of specified variables

2020-06-07 20:51:22.886 obtain value of specified variables successfully

2020-06-07 20:51:22.886 FMU simulate a step from t=0.41

2020-06-07 20:51:22.886 FMU simulate the step from t=0.41 successfully

2020-06-07 20:51:22.886 start writing data after this step to InfluxDB

2020-06-07 20:51:22.888 write initial data to InfluxDB successfully, status code is 204

2020-06-07 20:51:22.888 start obtaining value of specified variables

2020-06-07 20:51:22.888 obtain value of specified variables successfully

2020-06-07 20:51:22.888 FMU simulate a step from t=0.42

2020-06-07 20:51:22.888 FMU simulate the step from t=0.42 successfully

2020-06-07 20:51:22.888 start writing data after this step to InfluxDB

2020-06-07 20:51:22.890 write initial data to InfluxDB successfully, status code is 204

2020-06-07 20:51:22.890 start obtaining value of specified variables

2020-06-07 20:51:22.890 obtain value of specified variables successfully

2020-06-07 20:51:22.890 FMU simulate a step from t=0.43

2020-06-07 20:51:22.890 FMU simulate the step from t=0.43 successfully

2020-06-07 20:51:22.890 start writing data after this step to InfluxDB

2020-06-07 20:51:22.892 write initial data to InfluxDB successfully, status code is 204

2020-06-07 20:51:22.892 start obtaining value of specified variables

2020-06-07 20:51:22.892 obtain value of specified variables successfully

2020-06-07 20:51:22.892 FMU simulate a step from t=0.44

2020-06-07 20:51:22.892 FMU simulate the step from t=0.44 successfully

2020-06-07 20:51:22.892 start writing data after this step to InfluxDB

2020-06-07 20:51:22.894 write initial data to InfluxDB successfully, status code is 204

2020-06-07 20:51:22.895 start obtaining value of specified variables

2020-06-07 20:51:22.895 obtain value of specified variables successfully

2020-06-07 20:51:22.895 FMU simulate a step from t=0.45

2020-06-07 20:51:22.895 FMU simulate the step from t=0.45 successfully

2020-06-07 20:51:22.895 start writing data after this step to InfluxDB

2020-06-07 20:51:22.897 write initial data to InfluxDB successfully, status code is 204

2020-06-07 20:51:22.897 start obtaining value of specified variables

2020-06-07 20:51:22.897 obtain value of specified variables successfully

2020-06-07 20:51:22.897 FMU simulate a step from t=0.46

2020-06-07 20:51:22.897 FMU simulate the step from t=0.46 successfully

2020-06-07 20:51:22.897 start writing data after this step to InfluxDB

2020-06-07 20:51:22.898 write initial data to InfluxDB successfully, status code is 204

2020-06-07 20:51:22.899 start obtaining value of specified variables

2020-06-07 20:51:22.899 obtain value of specified variables successfully

2020-06-07 20:51:22.899 FMU simulate a step from t=0.47

2020-06-07 20:51:22.899 FMU simulate the step from t=0.47 successfully

2020-06-07 20:51:22.899 start writing data after this step to InfluxDB

2020-06-07 20:51:22.900 write initial data to InfluxDB successfully, status code is 204

2020-06-07 20:51:22.900 start obtaining value of specified variables

2020-06-07 20:51:22.900 obtain value of specified variables successfully

2020-06-07 20:51:22.900 FMU simulate a step from t=0.48

2020-06-07 20:51:22.901 FMU simulate the step from t=0.48 successfully

2020-06-07 20:51:22.901 start writing data after this step to InfluxDB

2020-06-07 20:51:22.903 write initial data to InfluxDB successfully, status code is 204

2020-06-07 20:51:22.903 start obtaining value of specified variables

2020-06-07 20:51:22.903 obtain value of specified variables successfully

2020-06-07 20:51:22.903 FMU simulate a step from t=0.49

2020-06-07 20:51:22.903 FMU simulate the step from t=0.49 successfully

2020-06-07 20:51:22.903 start writing data after this step to InfluxDB

2020-06-07 20:51:22.905 write initial data to InfluxDB successfully, status code is 204

2020-06-07 20:51:22.905 start obtaining value of specified variables

2020-06-07 20:51:22.905 obtain value of specified variables successfully

2020-06-07 20:51:22.905 FMU simulate a step from t=0.5

2020-06-07 20:51:22.905 FMU simulate the step from t=0.5 successfully

2020-06-07 20:51:22.905 start writing data after this step to InfluxDB

2020-06-07 20:51:22.907 write initial data to InfluxDB successfully, status code is 204

2020-06-07 20:51:22.907 start obtaining value of specified variables

2020-06-07 20:51:22.907 obtain value of specified variables successfully

2020-06-07 20:51:22.907 FMU simulate a step from t=0.51

2020-06-07 20:51:22.907 FMU simulate the step from t=0.51 successfully

2020-06-07 20:51:22.907 start writing data after this step to InfluxDB

2020-06-07 20:51:22.909 write initial data to InfluxDB successfully, status code is 204

2020-06-07 20:51:22.909 start obtaining value of specified variables

2020-06-07 20:51:22.909 obtain value of specified variables successfully

2020-06-07 20:51:22.909 FMU simulate a step from t=0.52

2020-06-07 20:51:22.910 FMU simulate the step from t=0.52 successfully

2020-06-07 20:51:22.910 start writing data after this step to InfluxDB

2020-06-07 20:51:22.912 write initial data to InfluxDB successfully, status code is 204

2020-06-07 20:51:22.912 start obtaining value of specified variables

2020-06-07 20:51:22.912 obtain value of specified variables successfully

2020-06-07 20:51:22.912 FMU simulate a step from t=0.53

2020-06-07 20:51:22.912 FMU simulate the step from t=0.53 successfully

2020-06-07 20:51:22.912 start writing data after this step to InfluxDB

2020-06-07 20:51:22.914 write initial data to InfluxDB successfully, status code is 204

2020-06-07 20:51:22.914 start obtaining value of specified variables

2020-06-07 20:51:22.914 obtain value of specified variables successfully

2020-06-07 20:51:22.914 FMU simulate a step from t=0.54

2020-06-07 20:51:22.914 FMU simulate the step from t=0.54 successfully

2020-06-07 20:51:22.914 start writing data after this step to InfluxDB

2020-06-07 20:51:22.915 write initial data to InfluxDB successfully, status code is 204

2020-06-07 20:51:22.916 start obtaining value of specified variables

2020-06-07 20:51:22.916 obtain value of specified variables successfully

2020-06-07 20:51:22.916 FMU simulate a step from t=0.55

2020-06-07 20:51:22.916 FMU simulate the step from t=0.55 successfully

2020-06-07 20:51:22.916 start writing data after this step to InfluxDB

2020-06-07 20:51:22.917 write initial data to InfluxDB successfully, status code is 204

2020-06-07 20:51:22.917 start obtaining value of specified variables

2020-06-07 20:51:22.917 obtain value of specified variables successfully

2020-06-07 20:51:22.917 FMU simulate a step from t=0.56

2020-06-07 20:51:22.918 FMU simulate the step from t=0.56 successfully

2020-06-07 20:51:22.918 start writing data after this step to InfluxDB

2020-06-07 20:51:22.919 write initial data to InfluxDB successfully, status code is 204

2020-06-07 20:51:22.919 start obtaining value of specified variables

2020-06-07 20:51:22.919 obtain value of specified variables successfully

2020-06-07 20:51:22.919 FMU simulate a step from t=0.57

2020-06-07 20:51:22.919 FMU simulate the step from t=0.57 successfully

2020-06-07 20:51:22.920 start writing data after this step to InfluxDB

2020-06-07 20:51:22.921 write initial data to InfluxDB successfully, status code is 204

2020-06-07 20:51:22.921 start obtaining value of specified variables

2020-06-07 20:51:22.921 obtain value of specified variables successfully

2020-06-07 20:51:22.921 FMU simulate a step from t=0.58

2020-06-07 20:51:22.921 FMU simulate the step from t=0.58 successfully

2020-06-07 20:51:22.921 start writing data after this step to InfluxDB

2020-06-07 20:51:22.924 write initial data to InfluxDB successfully, status code is 204

2020-06-07 20:51:22.924 start obtaining value of specified variables

2020-06-07 20:51:22.924 obtain value of specified variables successfully

2020-06-07 20:51:22.924 FMU simulate a step from t=0.59

2020-06-07 20:51:22.924 FMU simulate the step from t=0.59 successfully

2020-06-07 20:51:22.924 start writing data after this step to InfluxDB

2020-06-07 20:51:22.926 write initial data to InfluxDB successfully, status code is 204

2020-06-07 20:51:22.926 start obtaining value of specified variables

2020-06-07 20:51:22.926 obtain value of specified variables successfully

2020-06-07 20:51:22.926 FMU simulate a step from t=0.6

2020-06-07 20:51:22.926 FMU simulate the step from t=0.6 successfully

2020-06-07 20:51:22.926 start writing data after this step to InfluxDB

2020-06-07 20:51:22.928 write initial data to InfluxDB successfully, status code is 204

2020-06-07 20:51:22.928 start obtaining value of specified variables

2020-06-07 20:51:22.928 obtain value of specified variables successfully

2020-06-07 20:51:22.928 FMU simulate a step from t=0.61

2020-06-07 20:51:22.928 FMU simulate the step from t=0.61 successfully

2020-06-07 20:51:22.928 start writing data after this step to InfluxDB

2020-06-07 20:51:22.931 write initial data to InfluxDB successfully, status code is 204

2020-06-07 20:51:22.931 start obtaining value of specified variables

2020-06-07 20:51:22.931 obtain value of specified variables successfully

2020-06-07 20:51:22.931 FMU simulate a step from t=0.62

2020-06-07 20:51:22.931 FMU simulate the step from t=0.62 successfully

2020-06-07 20:51:22.931 start writing data after this step to InfluxDB

2020-06-07 20:51:22.933 write initial data to InfluxDB successfully, status code is 204

2020-06-07 20:51:22.933 start obtaining value of specified variables

2020-06-07 20:51:22.933 obtain value of specified variables successfully

2020-06-07 20:51:22.933 FMU simulate a step from t=0.63

2020-06-07 20:51:22.933 FMU simulate the step from t=0.63 successfully

2020-06-07 20:51:22.933 start writing data after this step to InfluxDB

2020-06-07 20:51:22.934 write initial data to InfluxDB successfully, status code is 204

2020-06-07 20:51:22.934 start obtaining value of specified variables

2020-06-07 20:51:22.935 obtain value of specified variables successfully

2020-06-07 20:51:22.935 FMU simulate a step from t=0.64

2020-06-07 20:51:22.935 FMU simulate the step from t=0.64 successfully

2020-06-07 20:51:22.935 start writing data after this step to InfluxDB

2020-06-07 20:51:22.937 write initial data to InfluxDB successfully, status code is 204

2020-06-07 20:51:22.937 start obtaining value of specified variables

2020-06-07 20:51:22.937 obtain value of specified variables successfully

2020-06-07 20:51:22.937 FMU simulate a step from t=0.65

2020-06-07 20:51:22.937 FMU simulate the step from t=0.65 successfully

2020-06-07 20:51:22.937 start writing data after this step to InfluxDB

2020-06-07 20:51:22.939 write initial data to InfluxDB successfully, status code is 204

2020-06-07 20:51:22.939 start obtaining value of specified variables

2020-06-07 20:51:22.939 obtain value of specified variables successfully

2020-06-07 20:51:22.939 FMU simulate a step from t=0.66

2020-06-07 20:51:22.939 FMU simulate the step from t=0.66 successfully

2020-06-07 20:51:22.939 start writing data after this step to InfluxDB

2020-06-07 20:51:22.941 write initial data to InfluxDB successfully, status code is 204

2020-06-07 20:51:22.941 start obtaining value of specified variables

2020-06-07 20:51:22.941 obtain value of specified variables successfully

2020-06-07 20:51:22.941 FMU simulate a step from t=0.67

2020-06-07 20:51:22.941 FMU simulate the step from t=0.67 successfully

2020-06-07 20:51:22.941 start writing data after this step to InfluxDB

2020-06-07 20:51:22.943 write initial data to InfluxDB successfully, status code is 204

2020-06-07 20:51:22.943 start obtaining value of specified variables

2020-06-07 20:51:22.944 obtain value of specified variables successfully

2020-06-07 20:51:22.944 FMU simulate a step from t=0.68

2020-06-07 20:51:22.944 FMU simulate the step from t=0.68 successfully

2020-06-07 20:51:22.944 start writing data after this step to InfluxDB

2020-06-07 20:51:22.945 write initial data to InfluxDB successfully, status code is 204

2020-06-07 20:51:22.946 start obtaining value of specified variables

2020-06-07 20:51:22.946 obtain value of specified variables successfully

2020-06-07 20:51:22.946 FMU simulate a step from t=0.69

2020-06-07 20:51:22.946 FMU simulate the step from t=0.69 successfully

2020-06-07 20:51:22.946 start writing data after this step to InfluxDB

2020-06-07 20:51:22.947 write initial data to InfluxDB successfully, status code is 204

2020-06-07 20:51:22.947 start obtaining value of specified variables

2020-06-07 20:51:22.947 obtain value of specified variables successfully

2020-06-07 20:51:22.947 FMU simulate a step from t=0.7

2020-06-07 20:51:22.948 FMU simulate the step from t=0.7 successfully

2020-06-07 20:51:22.948 start writing data after this step to InfluxDB

2020-06-07 20:51:22.950 write initial data to InfluxDB successfully, status code is 204

2020-06-07 20:51:22.950 start obtaining value of specified variables

2020-06-07 20:51:22.950 obtain value of specified variables successfully

2020-06-07 20:51:22.950 FMU simulate a step from t=0.71

2020-06-07 20:51:22.950 FMU simulate the step from t=0.71 successfully

2020-06-07 20:51:22.950 start writing data after this step to InfluxDB

2020-06-07 20:51:22.952 write initial data to InfluxDB successfully, status code is 204

2020-06-07 20:51:22.952 start obtaining value of specified variables

2020-06-07 20:51:22.952 obtain value of specified variables successfully

2020-06-07 20:51:22.952 FMU simulate a step from t=0.72

2020-06-07 20:51:22.952 FMU simulate the step from t=0.72 successfully

2020-06-07 20:51:22.952 start writing data after this step to InfluxDB

2020-06-07 20:51:22.954 write initial data to InfluxDB successfully, status code is 204

2020-06-07 20:51:22.954 start obtaining value of specified variables

2020-06-07 20:51:22.954 obtain value of specified variables successfully

2020-06-07 20:51:22.954 FMU simulate a step from t=0.73

2020-06-07 20:51:22.955 FMU simulate the step from t=0.73 successfully

2020-06-07 20:51:22.955 start writing data after this step to InfluxDB

2020-06-07 20:51:22.956 write initial data to InfluxDB successfully, status code is 204

2020-06-07 20:51:22.956 start obtaining value of specified variables

2020-06-07 20:51:22.956 obtain value of specified variables successfully

2020-06-07 20:51:22.956 FMU simulate a step from t=0.74

2020-06-07 20:51:22.957 FMU simulate the step from t=0.74 successfully

2020-06-07 20:51:22.957 start writing data after this step to InfluxDB

2020-06-07 20:51:22.958 write initial data to InfluxDB successfully, status code is 204

2020-06-07 20:51:22.959 start obtaining value of specified variables

2020-06-07 20:51:22.959 obtain value of specified variables successfully

2020-06-07 20:51:22.959 FMU simulate a step from t=0.75

2020-06-07 20:51:22.959 FMU simulate the step from t=0.75 successfully

2020-06-07 20:51:22.959 start writing data after this step to InfluxDB

2020-06-07 20:51:22.961 write initial data to InfluxDB successfully, status code is 204

2020-06-07 20:51:22.961 start obtaining value of specified variables

2020-06-07 20:51:22.961 obtain value of specified variables successfully

2020-06-07 20:51:22.961 FMU simulate a step from t=0.76

2020-06-07 20:51:22.962 FMU simulate the step from t=0.76 successfully

2020-06-07 20:51:22.962 start writing data after this step to InfluxDB

2020-06-07 20:51:22.963 write initial data to InfluxDB successfully, status code is 204

2020-06-07 20:51:22.963 start obtaining value of specified variables

2020-06-07 20:51:22.963 obtain value of specified variables successfully

2020-06-07 20:51:22.963 FMU simulate a step from t=0.77

2020-06-07 20:51:22.964 FMU simulate the step from t=0.77 successfully

2020-06-07 20:51:22.964 start writing data after this step to InfluxDB

2020-06-07 20:51:22.965 write initial data to InfluxDB successfully, status code is 204

2020-06-07 20:51:22.965 start obtaining value of specified variables

2020-06-07 20:51:22.965 obtain value of specified variables successfully

2020-06-07 20:51:22.965 FMU simulate a step from t=0.78

2020-06-07 20:51:22.965 FMU simulate the step from t=0.78 successfully

2020-06-07 20:51:22.965 start writing data after this step to InfluxDB

2020-06-07 20:51:22.968 write initial data to InfluxDB successfully, status code is 204

2020-06-07 20:51:22.968 start obtaining value of specified variables

2020-06-07 20:51:22.968 obtain value of specified variables successfully

2020-06-07 20:51:22.968 FMU simulate a step from t=0.79

2020-06-07 20:51:22.969 FMU simulate the step from t=0.79 successfully

2020-06-07 20:51:22.969 start writing data after this step to InfluxDB

2020-06-07 20:51:22.970 write initial data to InfluxDB successfully, status code is 204

2020-06-07 20:51:22.971 start obtaining value of specified variables

2020-06-07 20:51:22.971 obtain value of specified variables successfully

2020-06-07 20:51:22.971 FMU simulate a step from t=0.8

2020-06-07 20:51:22.971 FMU simulate the step from t=0.8 successfully

2020-06-07 20:51:22.971 start writing data after this step to InfluxDB

2020-06-07 20:51:22.972 write initial data to InfluxDB successfully, status code is 204

2020-06-07 20:51:22.972 start obtaining value of specified variables

2020-06-07 20:51:22.972 obtain value of specified variables successfully

2020-06-07 20:51:22.972 FMU simulate a step from t=0.81

2020-06-07 20:51:22.973 FMU simulate the step from t=0.81 successfully

2020-06-07 20:51:22.973 start writing data after this step to InfluxDB

2020-06-07 20:51:22.974 write initial data to InfluxDB successfully, status code is 204

2020-06-07 20:51:22.974 start obtaining value of specified variables

2020-06-07 20:51:22.974 obtain value of specified variables successfully

2020-06-07 20:51:22.974 FMU simulate a step from t=0.82

2020-06-07 20:51:22.974 FMU simulate the step from t=0.82 successfully

2020-06-07 20:51:22.975 start writing data after this step to InfluxDB

2020-06-07 20:51:22.976 write initial data to InfluxDB successfully, status code is 204

2020-06-07 20:51:22.976 start obtaining value of specified variables

2020-06-07 20:51:22.976 obtain value of specified variables successfully

2020-06-07 20:51:22.976 FMU simulate a step from t=0.83

2020-06-07 20:51:22.976 FMU simulate the step from t=0.83 successfully

2020-06-07 20:51:22.976 start writing data after this step to InfluxDB

2020-06-07 20:51:22.979 write initial data to InfluxDB successfully, status code is 204

2020-06-07 20:51:22.979 start obtaining value of specified variables

2020-06-07 20:51:22.979 obtain value of specified variables successfully

2020-06-07 20:51:22.979 FMU simulate a step from t=0.84

2020-06-07 20:51:22.979 FMU simulate the step from t=0.84 successfully

2020-06-07 20:51:22.979 start writing data after this step to InfluxDB

2020-06-07 20:51:22.981 write initial data to InfluxDB successfully, status code is 204

2020-06-07 20:51:22.981 start obtaining value of specified variables

2020-06-07 20:51:22.982 obtain value of specified variables successfully

2020-06-07 20:51:22.982 FMU simulate a step from t=0.85

2020-06-07 20:51:22.982 FMU simulate the step from t=0.85 successfully

2020-06-07 20:51:22.982 start writing data after this step to InfluxDB

2020-06-07 20:51:22.984 write initial data to InfluxDB successfully, status code is 204

2020-06-07 20:51:22.984 start obtaining value of specified variables

2020-06-07 20:51:22.984 obtain value of specified variables successfully

2020-06-07 20:51:22.984 FMU simulate a step from t=0.86

2020-06-07 20:51:22.984 FMU simulate the step from t=0.86 successfully

2020-06-07 20:51:22.984 start writing data after this step to InfluxDB

2020-06-07 20:51:22.986 write initial data to InfluxDB successfully, status code is 204

2020-06-07 20:51:22.986 start obtaining value of specified variables

2020-06-07 20:51:22.986 obtain value of specified variables successfully

2020-06-07 20:51:22.986 FMU simulate a step from t=0.87

2020-06-07 20:51:22.986 FMU simulate the step from t=0.87 successfully

2020-06-07 20:51:22.986 start writing data after this step to InfluxDB

2020-06-07 20:51:22.988 write initial data to InfluxDB successfully, status code is 204

2020-06-07 20:51:22.988 start obtaining value of specified variables

2020-06-07 20:51:22.988 obtain value of specified variables successfully

2020-06-07 20:51:22.988 FMU simulate a step from t=0.88

2020-06-07 20:51:22.988 FMU simulate the step from t=0.88 successfully

2020-06-07 20:51:22.988 start writing data after this step to InfluxDB

2020-06-07 20:51:22.991 write initial data to InfluxDB successfully, status code is 204

2020-06-07 20:51:22.991 start obtaining value of specified variables

2020-06-07 20:51:22.991 obtain value of specified variables successfully

2020-06-07 20:51:22.991 FMU simulate a step from t=0.89

2020-06-07 20:51:22.991 FMU simulate the step from t=0.89 successfully

2020-06-07 20:51:22.991 start writing data after this step to InfluxDB

2020-06-07 20:51:22.993 write initial data to InfluxDB successfully, status code is 204

2020-06-07 20:51:22.993 start obtaining value of specified variables

2020-06-07 20:51:22.993 obtain value of specified variables successfully

2020-06-07 20:51:22.993 FMU simulate a step from t=0.9

2020-06-07 20:51:22.993 FMU simulate the step from t=0.9 successfully

2020-06-07 20:51:22.994 start writing data after this step to InfluxDB

2020-06-07 20:51:22.995 write initial data to InfluxDB successfully, status code is 204

2020-06-07 20:51:22.996 start obtaining value of specified variables

2020-06-07 20:51:22.996 obtain value of specified variables successfully

2020-06-07 20:51:22.996 FMU simulate a step from t=0.91

2020-06-07 20:51:22.996 FMU simulate the step from t=0.91 successfully

2020-06-07 20:51:22.996 start writing data after this step to InfluxDB

2020-06-07 20:51:22.998 write initial data to InfluxDB successfully, status code is 204

2020-06-07 20:51:22.998 start obtaining value of specified variables

2020-06-07 20:51:22.998 obtain value of specified variables successfully

2020-06-07 20:51:22.998 FMU simulate a step from t=0.92

2020-06-07 20:51:22.998 FMU simulate the step from t=0.92 successfully

2020-06-07 20:51:22.998 start writing data after this step to InfluxDB

2020-06-07 20:51:23.000 write initial data to InfluxDB successfully, status code is 204

2020-06-07 20:51:23.000 start obtaining value of specified variables

2020-06-07 20:51:23.000 obtain value of specified variables successfully

2020-06-07 20:51:23.000 FMU simulate a step from t=0.93

2020-06-07 20:51:23.000 FMU simulate the step from t=0.93 successfully

2020-06-07 20:51:23.000 start writing data after this step to InfluxDB

2020-06-07 20:51:23.003 write initial data to InfluxDB successfully, status code is 204

2020-06-07 20:51:23.003 start obtaining value of specified variables

2020-06-07 20:51:23.003 obtain value of specified variables successfully

2020-06-07 20:51:23.003 FMU simulate a step from t=0.94

2020-06-07 20:51:23.003 FMU simulate the step from t=0.94 successfully

2020-06-07 20:51:23.003 start writing data after this step to InfluxDB

2020-06-07 20:51:23.005 write initial data to InfluxDB successfully, status code is 204

2020-06-07 20:51:23.005 start obtaining value of specified variables

2020-06-07 20:51:23.005 obtain value of specified variables successfully

2020-06-07 20:51:23.005 FMU simulate a step from t=0.95

2020-06-07 20:51:23.005 FMU simulate the step from t=0.95 successfully

2020-06-07 20:51:23.005 start writing data after this step to InfluxDB

2020-06-07 20:51:23.007 write initial data to InfluxDB successfully, status code is 204

2020-06-07 20:51:23.007 start obtaining value of specified variables

2020-06-07 20:51:23.007 obtain value of specified variables successfully

2020-06-07 20:51:23.007 FMU simulate a step from t=0.96

2020-06-07 20:51:23.007 FMU simulate the step from t=0.96 successfully

2020-06-07 20:51:23.007 start writing data after this step to InfluxDB

2020-06-07 20:51:23.009 write initial data to InfluxDB successfully, status code is 204

2020-06-07 20:51:23.009 start obtaining value of specified variables

2020-06-07 20:51:23.009 obtain value of specified variables successfully

2020-06-07 20:51:23.009 FMU simulate a step from t=0.97

2020-06-07 20:51:23.009 FMU simulate the step from t=0.97 successfully

2020-06-07 20:51:23.009 start writing data after this step to InfluxDB

2020-06-07 20:51:23.011 write initial data to InfluxDB successfully, status code is 204

2020-06-07 20:51:23.011 start obtaining value of specified variables

2020-06-07 20:51:23.011 obtain value of specified variables successfully

2020-06-07 20:51:23.011 FMU simulate a step from t=0.98

2020-06-07 20:51:23.011 FMU simulate the step from t=0.98 successfully

2020-06-07 20:51:23.011 start writing data after this step to InfluxDB

2020-06-07 20:51:23.013 write initial data to InfluxDB successfully, status code is 204

2020-06-07 20:51:23.013 start obtaining value of specified variables

2020-06-07 20:51:23.013 obtain value of specified variables successfully

2020-06-07 20:51:23.013 FMU simulate a step from t=0.99

2020-06-07 20:51:23.013 FMU simulate the step from t=0.99 successfully

2020-06-07 20:51:23.013 start writing data after this step to InfluxDB

2020-06-07 20:51:23.016 write initial data to InfluxDB successfully, status code is 204

2020-06-07 20:51:23.016 start obtaining value of specified variables

2020-06-07 20:51:23.016 obtain value of specified variables successfully

2020-06-07 20:51:23.016 FMU simulate a step from t=1

2020-06-07 20:51:23.016 FMU simulate the step from t=1 successfully

2020-06-07 20:51:23.016 start writing data after this step to InfluxDB

2020-06-07 20:51:23.019 write initial data to InfluxDB successfully, status code is 204

2020-06-07 20:51:23.019 start obtaining value of specified variables

2020-06-07 20:51:23.019 obtain value of specified variables successfully

2020-06-07 20:51:23.019 FMU simulate a step from t=1.01

2020-06-07 20:51:23.019 FMU simulate the step from t=1.01 successfully

2020-06-07 20:51:23.019 start writing data after this step to InfluxDB

2020-06-07 20:51:23.021 write initial data to InfluxDB successfully, status code is 204

2020-06-07 20:51:23.021 start obtaining value of specified variables

2020-06-07 20:51:23.021 obtain value of specified variables successfully

2020-06-07 20:51:23.021 FMU simulate a step from t=1.02

2020-06-07 20:51:23.021 FMU simulate the step from t=1.02 successfully

2020-06-07 20:51:23.021 start writing data after this step to InfluxDB

2020-06-07 20:51:23.023 write initial data to InfluxDB successfully, status code is 204

2020-06-07 20:51:23.023 start obtaining value of specified variables

2020-06-07 20:51:23.023 obtain value of specified variables successfully

2020-06-07 20:51:23.023 FMU simulate a step from t=1.03

2020-06-07 20:51:23.023 FMU simulate the step from t=1.03 successfully

2020-06-07 20:51:23.023 start writing data after this step to InfluxDB

2020-06-07 20:51:23.025 write initial data to InfluxDB successfully, status code is 204

2020-06-07 20:51:23.025 start obtaining value of specified variables

2020-06-07 20:51:23.025 obtain value of specified variables successfully

2020-06-07 20:51:23.025 FMU simulate a step from t=1.04

2020-06-07 20:51:23.025 FMU simulate the step from t=1.04 successfully

2020-06-07 20:51:23.025 start writing data after this step to InfluxDB

2020-06-07 20:51:23.027 write initial data to InfluxDB successfully, status code is 204

2020-06-07 20:51:23.027 start obtaining value of specified variables

2020-06-07 20:51:23.027 obtain value of specified variables successfully

2020-06-07 20:51:23.027 FMU simulate a step from t=1.05

2020-06-07 20:51:23.027 FMU simulate the step from t=1.05 successfully

2020-06-07 20:51:23.027 start writing data after this step to InfluxDB

2020-06-07 20:51:23.029 write initial data to InfluxDB successfully, status code is 204

2020-06-07 20:51:23.029 start obtaining value of specified variables

2020-06-07 20:51:23.029 obtain value of specified variables successfully

2020-06-07 20:51:23.029 FMU simulate a step from t=1.06

2020-06-07 20:51:23.030 FMU simulate the step from t=1.06 successfully

2020-06-07 20:51:23.030 start writing data after this step to InfluxDB

2020-06-07 20:51:23.032 write initial data to InfluxDB successfully, status code is 204

2020-06-07 20:51:23.032 start obtaining value of specified variables

2020-06-07 20:51:23.032 obtain value of specified variables successfully

2020-06-07 20:51:23.032 FMU simulate a step from t=1.07

2020-06-07 20:51:23.032 FMU simulate the step from t=1.07 successfully

2020-06-07 20:51:23.032 start writing data after this step to InfluxDB

2020-06-07 20:51:23.034 write initial data to InfluxDB successfully, status code is 204

2020-06-07 20:51:23.034 start obtaining value of specified variables

2020-06-07 20:51:23.034 obtain value of specified variables successfully

2020-06-07 20:51:23.034 FMU simulate a step from t=1.08

2020-06-07 20:51:23.034 FMU simulate the step from t=1.08 successfully

2020-06-07 20:51:23.034 start writing data after this step to InfluxDB

2020-06-07 20:51:23.036 write initial data to InfluxDB successfully, status code is 204

2020-06-07 20:51:23.036 start obtaining value of specified variables

2020-06-07 20:51:23.036 obtain value of specified variables successfully

2020-06-07 20:51:23.036 FMU simulate a step from t=1.09

2020-06-07 20:51:23.037 FMU simulate the step from t=1.09 successfully

2020-06-07 20:51:23.037 start writing data after this step to InfluxDB

2020-06-07 20:51:23.038 write initial data to InfluxDB successfully, status code is 204

2020-06-07 20:51:23.038 start obtaining value of specified variables

2020-06-07 20:51:23.038 obtain value of specified variables successfully

2020-06-07 20:51:23.038 FMU simulate a step from t=1.1

2020-06-07 20:51:23.039 FMU simulate the step from t=1.1 successfully

2020-06-07 20:51:23.039 start writing data after this step to InfluxDB

2020-06-07 20:51:23.040 write initial data to InfluxDB successfully, status code is 204

2020-06-07 20:51:23.040 start obtaining value of specified variables

2020-06-07 20:51:23.040 obtain value of specified variables successfully

2020-06-07 20:51:23.040 FMU simulate a step from t=1.11

2020-06-07 20:51:23.041 FMU simulate the step from t=1.11 successfully

2020-06-07 20:51:23.041 start writing data after this step to InfluxDB

2020-06-07 20:51:23.042 write initial data to InfluxDB successfully, status code is 204

2020-06-07 20:51:23.042 start obtaining value of specified variables

2020-06-07 20:51:23.042 obtain value of specified variables successfully

2020-06-07 20:51:23.042 FMU simulate a step from t=1.12

2020-06-07 20:51:23.043 FMU simulate the step from t=1.12 successfully

2020-06-07 20:51:23.043 start writing data after this step to InfluxDB

2020-06-07 20:51:23.045 write initial data to InfluxDB successfully, status code is 204

2020-06-07 20:51:23.045 start obtaining value of specified variables

2020-06-07 20:51:23.045 obtain value of specified variables successfully

2020-06-07 20:51:23.045 FMU simulate a step from t=1.13

2020-06-07 20:51:23.046 FMU simulate the step from t=1.13 successfully

2020-06-07 20:51:23.046 start writing data after this step to InfluxDB

2020-06-07 20:51:23.047 write initial data to InfluxDB successfully, status code is 204

2020-06-07 20:51:23.047 start obtaining value of specified variables

2020-06-07 20:51:23.047 obtain value of specified variables successfully

2020-06-07 20:51:23.047 FMU simulate a step from t=1.14

2020-06-07 20:51:23.048 FMU simulate the step from t=1.14 successfully

2020-06-07 20:51:23.048 start writing data after this step to InfluxDB

2020-06-07 20:51:23.050 write initial data to InfluxDB successfully, status code is 204

2020-06-07 20:51:23.050 start obtaining value of specified variables

2020-06-07 20:51:23.050 obtain value of specified variables successfully

2020-06-07 20:51:23.050 FMU simulate a step from t=1.15

2020-06-07 20:51:23.050 FMU simulate the step from t=1.15 successfully

2020-06-07 20:51:23.050 start writing data after this step to InfluxDB

2020-06-07 20:51:23.052 write initial data to InfluxDB successfully, status code is 204

2020-06-07 20:51:23.052 start obtaining value of specified variables

2020-06-07 20:51:23.052 obtain value of specified variables successfully

2020-06-07 20:51:23.052 FMU simulate a step from t=1.16

2020-06-07 20:51:23.052 FMU simulate the step from t=1.16 successfully

2020-06-07 20:51:23.052 start writing data after this step to InfluxDB

2020-06-07 20:51:23.055 write initial data to InfluxDB successfully, status code is 204

2020-06-07 20:51:23.055 start obtaining value of specified variables

2020-06-07 20:51:23.055 obtain value of specified variables successfully

2020-06-07 20:51:23.055 FMU simulate a step from t=1.17

2020-06-07 20:51:23.055 FMU simulate the step from t=1.17 successfully

2020-06-07 20:51:23.055 start writing data after this step to InfluxDB

2020-06-07 20:51:23.057 write initial data to InfluxDB successfully, status code is 204

2020-06-07 20:51:23.057 start obtaining value of specified variables

2020-06-07 20:51:23.057 obtain value of specified variables successfully

2020-06-07 20:51:23.057 FMU simulate a step from t=1.18

2020-06-07 20:51:23.057 FMU simulate the step from t=1.18 successfully

2020-06-07 20:51:23.057 start writing data after this step to InfluxDB

2020-06-07 20:51:23.059 write initial data to InfluxDB successfully, status code is 204

2020-06-07 20:51:23.059 start obtaining value of specified variables

2020-06-07 20:51:23.059 obtain value of specified variables successfully

2020-06-07 20:51:23.059 FMU simulate a step from t=1.19

2020-06-07 20:51:23.060 FMU simulate the step from t=1.19 successfully

2020-06-07 20:51:23.060 start writing data after this step to InfluxDB

2020-06-07 20:51:23.061 write initial data to InfluxDB successfully, status code is 204

2020-06-07 20:51:23.061 start obtaining value of specified variables

2020-06-07 20:51:23.061 obtain value of specified variables successfully

2020-06-07 20:51:23.061 FMU simulate a step from t=1.2

2020-06-07 20:51:23.062 FMU simulate the step from t=1.2 successfully

2020-06-07 20:51:23.062 start writing data after this step to InfluxDB

2020-06-07 20:51:23.064 write initial data to InfluxDB successfully, status code is 204

2020-06-07 20:51:23.064 start obtaining value of specified variables

2020-06-07 20:51:23.064 obtain value of specified variables successfully

2020-06-07 20:51:23.064 FMU simulate a step from t=1.21

2020-06-07 20:51:23.064 FMU simulate the step from t=1.21 successfully

2020-06-07 20:51:23.064 start writing data after this step to InfluxDB

2020-06-07 20:51:23.072 write initial data to InfluxDB successfully, status code is 204

2020-06-07 20:51:23.072 start obtaining value of specified variables

2020-06-07 20:51:23.072 obtain value of specified variables successfully

2020-06-07 20:51:23.072 FMU simulate a step from t=1.22

2020-06-07 20:51:23.072 FMU simulate the step from t=1.22 successfully

2020-06-07 20:51:23.072 start writing data after this step to InfluxDB

2020-06-07 20:51:23.074 write initial data to InfluxDB successfully, status code is 204

2020-06-07 20:51:23.074 start obtaining value of specified variables

2020-06-07 20:51:23.074 obtain value of specified variables successfully

2020-06-07 20:51:23.074 FMU simulate a step from t=1.23

2020-06-07 20:51:23.078 FMU simulate the step from t=1.23 successfully

2020-06-07 20:51:23.079 start writing data after this step to InfluxDB

2020-06-07 20:51:23.080 write initial data to InfluxDB successfully, status code is 204

2020-06-07 20:51:23.080 start obtaining value of specified variables

2020-06-07 20:51:23.081 obtain value of specified variables successfully

2020-06-07 20:51:23.081 FMU simulate a step from t=1.24

2020-06-07 20:51:23.084 FMU simulate the step from t=1.24 successfully

2020-06-07 20:51:23.084 start writing data after this step to InfluxDB

2020-06-07 20:51:23.086 write initial data to InfluxDB successfully, status code is 204

2020-06-07 20:51:23.086 start obtaining value of specified variables

2020-06-07 20:51:23.086 obtain value of specified variables successfully

2020-06-07 20:51:23.086 FMU simulate a step from t=1.25

2020-06-07 20:51:23.087 FMU simulate the step from t=1.25 successfully

2020-06-07 20:51:23.087 start writing data after this step to InfluxDB

2020-06-07 20:51:23.089 write initial data to InfluxDB successfully, status code is 204

2020-06-07 20:51:23.089 start obtaining value of specified variables

2020-06-07 20:51:23.089 obtain value of specified variables successfully

2020-06-07 20:51:23.089 FMU simulate a step from t=1.26

2020-06-07 20:51:23.089 FMU simulate the step from t=1.26 successfully

2020-06-07 20:51:23.089 start writing data after this step to InfluxDB

2020-06-07 20:51:23.092 write initial data to InfluxDB successfully, status code is 204

2020-06-07 20:51:23.092 start obtaining value of specified variables

2020-06-07 20:51:23.092 obtain value of specified variables successfully

2020-06-07 20:51:23.092 FMU simulate a step from t=1.27

2020-06-07 20:51:23.092 FMU simulate the step from t=1.27 successfully

2020-06-07 20:51:23.092 start writing data after this step to InfluxDB

2020-06-07 20:51:23.096 write initial data to InfluxDB successfully, status code is 204

2020-06-07 20:51:23.096 start obtaining value of specified variables

2020-06-07 20:51:23.096 obtain value of specified variables successfully

2020-06-07 20:51:23.096 FMU simulate a step from t=1.28

2020-06-07 20:51:23.096 FMU simulate the step from t=1.28 successfully

2020-06-07 20:51:23.096 start writing data after this step to InfluxDB

2020-06-07 20:51:23.098 write initial data to InfluxDB successfully, status code is 204

2020-06-07 20:51:23.098 start obtaining value of specified variables

2020-06-07 20:51:23.099 obtain value of specified variables successfully

2020-06-07 20:51:23.099 FMU simulate a step from t=1.29

2020-06-07 20:51:23.099 FMU simulate the step from t=1.29 successfully

2020-06-07 20:51:23.099 start writing data after this step to InfluxDB

2020-06-07 20:51:23.100 write initial data to InfluxDB successfully, status code is 204

2020-06-07 20:51:23.100 start obtaining value of specified variables

2020-06-07 20:51:23.100 obtain value of specified variables successfully

2020-06-07 20:51:23.101 FMU simulate a step from t=1.3

2020-06-07 20:51:23.101 FMU simulate the step from t=1.3 successfully

2020-06-07 20:51:23.101 start writing data after this step to InfluxDB

2020-06-07 20:51:23.102 write initial data to InfluxDB successfully, status code is 204

2020-06-07 20:51:23.102 start obtaining value of specified variables

2020-06-07 20:51:23.103 obtain value of specified variables successfully

2020-06-07 20:51:23.103 FMU simulate a step from t=1.31

2020-06-07 20:51:23.103 FMU simulate the step from t=1.31 successfully

2020-06-07 20:51:23.103 start writing data after this step to InfluxDB

2020-06-07 20:51:23.105 write initial data to InfluxDB successfully, status code is 204

2020-06-07 20:51:23.105 start obtaining value of specified variables

2020-06-07 20:51:23.105 obtain value of specified variables successfully

2020-06-07 20:51:23.105 FMU simulate a step from t=1.32

2020-06-07 20:51:23.105 FMU simulate the step from t=1.32 successfully

2020-06-07 20:51:23.105 start writing data after this step to InfluxDB

2020-06-07 20:51:23.107 write initial data to InfluxDB successfully, status code is 204

2020-06-07 20:51:23.107 start obtaining value of specified variables

2020-06-07 20:51:23.107 obtain value of specified variables successfully

2020-06-07 20:51:23.107 FMU simulate a step from t=1.33

2020-06-07 20:51:23.107 FMU simulate the step from t=1.33 successfully

2020-06-07 20:51:23.107 start writing data after this step to InfluxDB

2020-06-07 20:51:23.109 write initial data to InfluxDB successfully, status code is 204

2020-06-07 20:51:23.109 start obtaining value of specified variables

2020-06-07 20:51:23.109 obtain value of specified variables successfully

2020-06-07 20:51:23.109 FMU simulate a step from t=1.34

2020-06-07 20:51:23.115 FMU simulate the step from t=1.34 successfully

2020-06-07 20:51:23.115 start writing data after this step to InfluxDB

2020-06-07 20:51:23.117 write initial data to InfluxDB successfully, status code is 204

2020-06-07 20:51:23.117 start obtaining value of specified variables

2020-06-07 20:51:23.117 obtain value of specified variables successfully

2020-06-07 20:51:23.117 FMU simulate a step from t=1.35

2020-06-07 20:51:23.131 FMU simulate the step from t=1.35 successfully

2020-06-07 20:51:23.131 start writing data after this step to InfluxDB

2020-06-07 20:51:23.133 write initial data to InfluxDB successfully, status code is 204

2020-06-07 20:51:23.133 start obtaining value of specified variables

2020-06-07 20:51:23.133 obtain value of specified variables successfully

2020-06-07 20:51:23.134 FMU simulate a step from t=1.36

2020-06-07 20:51:23.136 FMU simulate the step from t=1.36 successfully

2020-06-07 20:51:23.136 start writing data after this step to InfluxDB

2020-06-07 20:51:23.137 write initial data to InfluxDB successfully, status code is 204

2020-06-07 20:51:23.137 start obtaining value of specified variables

2020-06-07 20:51:23.138 obtain value of specified variables successfully

2020-06-07 20:51:23.138 FMU simulate a step from t=1.37

2020-06-07 20:51:23.138 FMU simulate the step from t=1.37 successfully

2020-06-07 20:51:23.138 start writing data after this step to InfluxDB

2020-06-07 20:51:23.140 write initial data to InfluxDB successfully, status code is 204

2020-06-07 20:51:23.140 start obtaining value of specified variables

2020-06-07 20:51:23.140 obtain value of specified variables successfully

2020-06-07 20:51:23.140 FMU simulate a step from t=1.38

2020-06-07 20:51:23.140 FMU simulate the step from t=1.38 successfully

2020-06-07 20:51:23.141 start writing data after this step to InfluxDB

2020-06-07 20:51:23.144 write initial data to InfluxDB successfully, status code is 204

2020-06-07 20:51:23.144 start obtaining value of specified variables

2020-06-07 20:51:23.144 obtain value of specified variables successfully

2020-06-07 20:51:23.144 FMU simulate a step from t=1.39

2020-06-07 20:51:23.144 FMU simulate the step from t=1.39 successfully

2020-06-07 20:51:23.144 start writing data after this step to InfluxDB

2020-06-07 20:51:23.148 write initial data to InfluxDB successfully, status code is 204

2020-06-07 20:51:23.148 start obtaining value of specified variables

2020-06-07 20:51:23.148 obtain value of specified variables successfully

2020-06-07 20:51:23.148 FMU simulate a step from t=1.4

2020-06-07 20:51:23.153 FMU simulate the step from t=1.4 successfully

2020-06-07 20:51:23.153 start writing data after this step to InfluxDB

2020-06-07 20:51:23.155 write initial data to InfluxDB successfully, status code is 204

2020-06-07 20:51:23.155 start obtaining value of specified variables

2020-06-07 20:51:23.155 obtain value of specified variables successfully

2020-06-07 20:51:23.155 FMU simulate a step from t=1.41

2020-06-07 20:51:23.156 FMU simulate the step from t=1.41 successfully

2020-06-07 20:51:23.156 start writing data after this step to InfluxDB

2020-06-07 20:51:23.160 write initial data to InfluxDB successfully, status code is 204

2020-06-07 20:51:23.160 start obtaining value of specified variables

2020-06-07 20:51:23.160 obtain value of specified variables successfully

2020-06-07 20:51:23.160 FMU simulate a step from t=1.42

2020-06-07 20:51:23.161 FMU simulate the step from t=1.42 successfully

2020-06-07 20:51:23.161 start writing data after this step to InfluxDB

2020-06-07 20:51:23.163 write initial data to InfluxDB successfully, status code is 204

2020-06-07 20:51:23.163 start obtaining value of specified variables

2020-06-07 20:51:23.163 obtain value of specified variables successfully

2020-06-07 20:51:23.163 FMU simulate a step from t=1.43

2020-06-07 20:51:23.163 FMU simulate the step from t=1.43 successfully

2020-06-07 20:51:23.163 start writing data after this step to InfluxDB

2020-06-07 20:51:23.165 write initial data to InfluxDB successfully, status code is 204

2020-06-07 20:51:23.165 start obtaining value of specified variables

2020-06-07 20:51:23.165 obtain value of specified variables successfully

2020-06-07 20:51:23.165 FMU simulate a step from t=1.44

2020-06-07 20:51:23.165 FMU simulate the step from t=1.44 successfully

2020-06-07 20:51:23.165 start writing data after this step to InfluxDB

2020-06-07 20:51:23.167 write initial data to InfluxDB successfully, status code is 204

2020-06-07 20:51:23.167 start obtaining value of specified variables

2020-06-07 20:51:23.167 obtain value of specified variables successfully

2020-06-07 20:51:23.167 FMU simulate a step from t=1.45

2020-06-07 20:51:23.167 FMU simulate the step from t=1.45 successfully

2020-06-07 20:51:23.167 start writing data after this step to InfluxDB

2020-06-07 20:51:23.169 write initial data to InfluxDB successfully, status code is 204

2020-06-07 20:51:23.169 start obtaining value of specified variables

2020-06-07 20:51:23.169 obtain value of specified variables successfully

2020-06-07 20:51:23.169 FMU simulate a step from t=1.46

2020-06-07 20:51:23.180 FMU simulate the step from t=1.46 successfully

2020-06-07 20:51:23.180 start writing data after this step to InfluxDB

2020-06-07 20:51:23.182 write initial data to InfluxDB successfully, status code is 204

2020-06-07 20:51:23.182 start obtaining value of specified variables

2020-06-07 20:51:23.182 obtain value of specified variables successfully

2020-06-07 20:51:23.182 FMU simulate a step from t=1.47

2020-06-07 20:51:23.186 FMU simulate the step from t=1.47 successfully

2020-06-07 20:51:23.186 start writing data after this step to InfluxDB

2020-06-07 20:51:23.188 write initial data to InfluxDB successfully, status code is 204

2020-06-07 20:51:23.188 start obtaining value of specified variables

2020-06-07 20:51:23.188 obtain value of specified variables successfully

2020-06-07 20:51:23.188 FMU simulate a step from t=1.48

2020-06-07 20:51:23.189 FMU simulate the step from t=1.48 successfully

2020-06-07 20:51:23.189 start writing data after this step to InfluxDB

2020-06-07 20:51:23.191 write initial data to InfluxDB successfully, status code is 204

2020-06-07 20:51:23.191 start obtaining value of specified variables

2020-06-07 20:51:23.192 obtain value of specified variables successfully

2020-06-07 20:51:23.192 FMU simulate a step from t=1.49

2020-06-07 20:51:23.196 FMU simulate the step from t=1.49 successfully

2020-06-07 20:51:23.196 start writing data after this step to InfluxDB

2020-06-07 20:51:23.198 write initial data to InfluxDB successfully, status code is 204

2020-06-07 20:51:23.198 start obtaining value of specified variables

2020-06-07 20:51:23.198 obtain value of specified variables successfully

2020-06-07 20:51:23.199 end simulation successfully

2020-06-07 20:51:23.296 release 'fmu10/fmu/cs/win64/fullRobot_cs.fmu' successfully

2020-06-07 20:51:23.296 disconnect from InfluxDB  127.0.0.1 : 8086 successfully

2020-06-07 20:57:26.795 start loading 'fmu10/fmu/cs/win64/fullRobot_cs.fmu'

2020-06-07 20:57:26.946 load 'fmu10/fmu/cs/win64/fullRobot_cs.fmu' successfully

2020-06-07 20:57:26.946 start connecting to InfluxDB 127.0.0.1 : 8086

2020-06-07 20:57:26.955 connect to InfluxDB 127.0.0.1 : 8086 successfully

2020-06-07 20:57:26.955 start instantiating fmu

2020-06-07 20:57:26.957 instantiate fmu successfully

2020-06-07 20:57:26.957 start initializing fmu

2020-06-07 20:57:26.958 initialize fmu successfully

2020-06-07 20:57:26.958 start setting inputs

2020-06-07 20:57:26.959 set inputs successfully

2020-06-07 20:57:26.959 FMU Simulator: run 'fmu10/fmu/cs/win64/fullRobot_cs.fmu' from t=0..1.5 with step size h=0.01

2020-06-07 20:57:26.980 write initial data to InfluxDB successfully, status code is 204

2020-06-07 20:57:26.980 FMU simulate a step from t=0

2020-06-07 20:57:26.999 FMU simulate the step from t=0 successfully

2020-06-07 20:57:26.999 start writing data after this step to InfluxDB

2020-06-07 20:57:27.001 write initial data to InfluxDB successfully, status code is 204

2020-06-07 20:57:27.001 start obtaining value of specified variables

2020-06-07 20:57:27.001 obtain value of specified variables successfully

2020-06-07 20:57:27.001 FMU simulate a step from t=0.01

2020-06-07 20:57:27.004 FMU simulate the step from t=0.01 successfully

2020-06-07 20:57:27.004 start writing data after this step to InfluxDB

2020-06-07 20:57:27.006 write initial data to InfluxDB successfully, status code is 204

2020-06-07 20:57:27.006 start obtaining value of specified variables

2020-06-07 20:57:27.006 obtain value of specified variables successfully

2020-06-07 20:57:27.006 FMU simulate a step from t=0.02

2020-06-07 20:57:27.007 FMU simulate the step from t=0.02 successfully

2020-06-07 20:57:27.007 start writing data after this step to InfluxDB

2020-06-07 20:57:27.009 write initial data to InfluxDB successfully, status code is 204

2020-06-07 20:57:27.009 start obtaining value of specified variables

2020-06-07 20:57:27.009 obtain value of specified variables successfully

2020-06-07 20:57:27.009 FMU simulate a step from t=0.03

2020-06-07 20:57:27.009 FMU simulate the step from t=0.03 successfully

2020-06-07 20:57:27.009 start writing data after this step to InfluxDB

2020-06-07 20:57:27.012 write initial data to InfluxDB successfully, status code is 204

2020-06-07 20:57:27.012 start obtaining value of specified variables

2020-06-07 20:57:27.012 obtain value of specified variables successfully

2020-06-07 20:57:27.012 FMU simulate a step from t=0.04

2020-06-07 20:57:27.012 FMU simulate the step from t=0.04 successfully

2020-06-07 20:57:27.012 start writing data after this step to InfluxDB

2020-06-07 20:57:27.014 write initial data to InfluxDB successfully, status code is 204

2020-06-07 20:57:27.014 start obtaining value of specified variables

2020-06-07 20:57:27.014 obtain value of specified variables successfully

2020-06-07 20:57:27.014 FMU simulate a step from t=0.05

2020-06-07 20:57:27.014 FMU simulate the step from t=0.05 successfully

2020-06-07 20:57:27.014 start writing data after this step to InfluxDB

2020-06-07 20:57:27.016 write initial data to InfluxDB successfully, status code is 204

2020-06-07 20:57:27.016 start obtaining value of specified variables

2020-06-07 20:57:27.016 obtain value of specified variables successfully

2020-06-07 20:57:27.016 FMU simulate a step from t=0.06

2020-06-07 20:57:27.017 FMU simulate the step from t=0.06 successfully

2020-06-07 20:57:27.017 start writing data after this step to InfluxDB

2020-06-07 20:57:27.019 write initial data to InfluxDB successfully, status code is 204

2020-06-07 20:57:27.019 start obtaining value of specified variables

2020-06-07 20:57:27.019 obtain value of specified variables successfully

2020-06-07 20:57:27.020 FMU simulate a step from t=0.07

2020-06-07 20:57:27.020 FMU simulate the step from t=0.07 successfully

2020-06-07 20:57:27.020 start writing data after this step to InfluxDB

2020-06-07 20:57:27.022 write initial data to InfluxDB successfully, status code is 204

2020-06-07 20:57:27.022 start obtaining value of specified variables

2020-06-07 20:57:27.022 obtain value of specified variables successfully

2020-06-07 20:57:27.022 FMU simulate a step from t=0.08

2020-06-07 20:57:27.022 FMU simulate the step from t=0.08 successfully

2020-06-07 20:57:27.022 start writing data after this step to InfluxDB

2020-06-07 20:57:27.024 write initial data to InfluxDB successfully, status code is 204

2020-06-07 20:57:27.024 start obtaining value of specified variables

2020-06-07 20:57:27.024 obtain value of specified variables successfully

2020-06-07 20:57:27.024 FMU simulate a step from t=0.09

2020-06-07 20:57:27.025 FMU simulate the step from t=0.09 successfully

2020-06-07 20:57:27.025 start writing data after this step to InfluxDB

2020-06-07 20:57:27.026 write initial data to InfluxDB successfully, status code is 204

2020-06-07 20:57:27.026 start obtaining value of specified variables

2020-06-07 20:57:27.027 obtain value of specified variables successfully

2020-06-07 20:57:27.027 FMU simulate a step from t=0.1

2020-06-07 20:57:27.027 FMU simulate the step from t=0.1 successfully

2020-06-07 20:57:27.027 start writing data after this step to InfluxDB

2020-06-07 20:57:27.029 write initial data to InfluxDB successfully, status code is 204

2020-06-07 20:57:27.029 start obtaining value of specified variables

2020-06-07 20:57:27.029 obtain value of specified variables successfully

2020-06-07 20:57:27.029 FMU simulate a step from t=0.11

2020-06-07 20:57:27.032 FMU simulate the step from t=0.11 successfully

2020-06-07 20:57:27.032 start writing data after this step to InfluxDB

2020-06-07 20:57:27.034 write initial data to InfluxDB successfully, status code is 204

2020-06-07 20:57:27.034 start obtaining value of specified variables

2020-06-07 20:57:27.034 obtain value of specified variables successfully

2020-06-07 20:57:27.034 FMU simulate a step from t=0.12

2020-06-07 20:57:27.035 FMU simulate the step from t=0.12 successfully

2020-06-07 20:57:27.035 start writing data after this step to InfluxDB

2020-06-07 20:57:27.037 write initial data to InfluxDB successfully, status code is 204

2020-06-07 20:57:27.037 start obtaining value of specified variables

2020-06-07 20:57:27.037 obtain value of specified variables successfully

2020-06-07 20:57:27.037 FMU simulate a step from t=0.13

2020-06-07 20:57:27.038 FMU simulate the step from t=0.13 successfully

2020-06-07 20:57:27.038 start writing data after this step to InfluxDB

2020-06-07 20:57:27.040 write initial data to InfluxDB successfully, status code is 204

2020-06-07 20:57:27.040 start obtaining value of specified variables

2020-06-07 20:57:27.041 obtain value of specified variables successfully

2020-06-07 20:57:27.041 FMU simulate a step from t=0.14

2020-06-07 20:57:27.041 FMU simulate the step from t=0.14 successfully

2020-06-07 20:57:27.041 start writing data after this step to InfluxDB

2020-06-07 20:57:27.044 write initial data to InfluxDB successfully, status code is 204

2020-06-07 20:57:27.044 start obtaining value of specified variables

2020-06-07 20:57:27.044 obtain value of specified variables successfully

2020-06-07 20:57:27.044 FMU simulate a step from t=0.15

2020-06-07 20:57:27.044 FMU simulate the step from t=0.15 successfully

2020-06-07 20:57:27.044 start writing data after this step to InfluxDB

2020-06-07 20:57:27.046 write initial data to InfluxDB successfully, status code is 204

2020-06-07 20:57:27.046 start obtaining value of specified variables

2020-06-07 20:57:27.046 obtain value of specified variables successfully

2020-06-07 20:57:27.046 FMU simulate a step from t=0.16

2020-06-07 20:57:27.046 FMU simulate the step from t=0.16 successfully

2020-06-07 20:57:27.046 start writing data after this step to InfluxDB

2020-06-07 20:57:27.049 write initial data to InfluxDB successfully, status code is 204

2020-06-07 20:57:27.049 start obtaining value of specified variables

2020-06-07 20:57:27.049 obtain value of specified variables successfully

2020-06-07 20:57:27.049 FMU simulate a step from t=0.17

2020-06-07 20:57:27.049 FMU simulate the step from t=0.17 successfully

2020-06-07 20:57:27.049 start writing data after this step to InfluxDB

2020-06-07 20:57:27.051 write initial data to InfluxDB successfully, status code is 204

2020-06-07 20:57:27.051 start obtaining value of specified variables

2020-06-07 20:57:27.051 obtain value of specified variables successfully

2020-06-07 20:57:27.051 FMU simulate a step from t=0.18

2020-06-07 20:57:27.052 FMU simulate the step from t=0.18 successfully

2020-06-07 20:57:27.052 start writing data after this step to InfluxDB

2020-06-07 20:57:27.053 write initial data to InfluxDB successfully, status code is 204

2020-06-07 20:57:27.053 start obtaining value of specified variables

2020-06-07 20:57:27.053 obtain value of specified variables successfully

2020-06-07 20:57:27.053 FMU simulate a step from t=0.19

2020-06-07 20:57:27.054 FMU simulate the step from t=0.19 successfully

2020-06-07 20:57:27.054 start writing data after this step to InfluxDB

2020-06-07 20:57:27.055 write initial data to InfluxDB successfully, status code is 204

2020-06-07 20:57:27.055 start obtaining value of specified variables

2020-06-07 20:57:27.055 obtain value of specified variables successfully

2020-06-07 20:57:27.055 FMU simulate a step from t=0.2

2020-06-07 20:57:27.055 FMU simulate the step from t=0.2 successfully

2020-06-07 20:57:27.055 start writing data after this step to InfluxDB

2020-06-07 20:57:27.057 write initial data to InfluxDB successfully, status code is 204

2020-06-07 20:57:27.057 start obtaining value of specified variables

2020-06-07 20:57:27.057 obtain value of specified variables successfully

2020-06-07 20:57:27.057 FMU simulate a step from t=0.21

2020-06-07 20:57:27.057 FMU simulate the step from t=0.21 successfully

2020-06-07 20:57:27.057 start writing data after this step to InfluxDB

2020-06-07 20:57:27.059 write initial data to InfluxDB successfully, status code is 204

2020-06-07 20:57:27.059 start obtaining value of specified variables

2020-06-07 20:57:27.059 obtain value of specified variables successfully

2020-06-07 20:57:27.059 FMU simulate a step from t=0.22

2020-06-07 20:57:27.059 FMU simulate the step from t=0.22 successfully

2020-06-07 20:57:27.059 start writing data after this step to InfluxDB

2020-06-07 20:57:27.063 write initial data to InfluxDB successfully, status code is 204

2020-06-07 20:57:27.063 start obtaining value of specified variables

2020-06-07 20:57:27.063 obtain value of specified variables successfully

2020-06-07 20:57:27.063 FMU simulate a step from t=0.23

2020-06-07 20:57:27.064 FMU simulate the step from t=0.23 successfully

2020-06-07 20:57:27.064 start writing data after this step to InfluxDB

2020-06-07 20:57:27.065 write initial data to InfluxDB successfully, status code is 204

2020-06-07 20:57:27.065 start obtaining value of specified variables

2020-06-07 20:57:27.065 obtain value of specified variables successfully

2020-06-07 20:57:27.065 FMU simulate a step from t=0.24

2020-06-07 20:57:27.066 FMU simulate the step from t=0.24 successfully

2020-06-07 20:57:27.066 start writing data after this step to InfluxDB

2020-06-07 20:57:27.067 write initial data to InfluxDB successfully, status code is 204

2020-06-07 20:57:27.067 start obtaining value of specified variables

2020-06-07 20:57:27.067 obtain value of specified variables successfully

2020-06-07 20:57:27.067 FMU simulate a step from t=0.25

2020-06-07 20:57:27.067 FMU simulate the step from t=0.25 successfully

2020-06-07 20:57:27.067 start writing data after this step to InfluxDB

2020-06-07 20:57:27.069 write initial data to InfluxDB successfully, status code is 204

2020-06-07 20:57:27.069 start obtaining value of specified variables

2020-06-07 20:57:27.069 obtain value of specified variables successfully

2020-06-07 20:57:27.069 FMU simulate a step from t=0.26

2020-06-07 20:57:27.069 FMU simulate the step from t=0.26 successfully

2020-06-07 20:57:27.069 start writing data after this step to InfluxDB

2020-06-07 20:57:27.071 write initial data to InfluxDB successfully, status code is 204

2020-06-07 20:57:27.071 start obtaining value of specified variables

2020-06-07 20:57:27.071 obtain value of specified variables successfully

2020-06-07 20:57:27.071 FMU simulate a step from t=0.27

2020-06-07 20:57:27.071 FMU simulate the step from t=0.27 successfully

2020-06-07 20:57:27.071 start writing data after this step to InfluxDB

2020-06-07 20:57:27.073 write initial data to InfluxDB successfully, status code is 204

2020-06-07 20:57:27.073 start obtaining value of specified variables

2020-06-07 20:57:27.073 obtain value of specified variables successfully

2020-06-07 20:57:27.073 FMU simulate a step from t=0.28

2020-06-07 20:57:27.073 FMU simulate the step from t=0.28 successfully

2020-06-07 20:57:27.073 start writing data after this step to InfluxDB

2020-06-07 20:57:27.075 write initial data to InfluxDB successfully, status code is 204

2020-06-07 20:57:27.075 start obtaining value of specified variables

2020-06-07 20:57:27.075 obtain value of specified variables successfully

2020-06-07 20:57:27.075 FMU simulate a step from t=0.29

2020-06-07 20:57:27.075 FMU simulate the step from t=0.29 successfully

2020-06-07 20:57:27.075 start writing data after this step to InfluxDB

2020-06-07 20:57:27.077 write initial data to InfluxDB successfully, status code is 204

2020-06-07 20:57:27.077 start obtaining value of specified variables

2020-06-07 20:57:27.077 obtain value of specified variables successfully

2020-06-07 20:57:27.078 FMU simulate a step from t=0.3

2020-06-07 20:57:27.078 FMU simulate the step from t=0.3 successfully

2020-06-07 20:57:27.078 start writing data after this step to InfluxDB

2020-06-07 20:57:27.082 write initial data to InfluxDB successfully, status code is 204

2020-06-07 20:57:27.082 start obtaining value of specified variables

2020-06-07 20:57:27.082 obtain value of specified variables successfully

2020-06-07 20:57:27.082 FMU simulate a step from t=0.31

2020-06-07 20:57:27.082 FMU simulate the step from t=0.31 successfully

2020-06-07 20:57:27.082 start writing data after this step to InfluxDB

2020-06-07 20:57:27.085 write initial data to InfluxDB successfully, status code is 204

2020-06-07 20:57:27.085 start obtaining value of specified variables

2020-06-07 20:57:27.085 obtain value of specified variables successfully

2020-06-07 20:57:27.085 FMU simulate a step from t=0.32

2020-06-07 20:57:27.085 FMU simulate the step from t=0.32 successfully

2020-06-07 20:57:27.085 start writing data after this step to InfluxDB

2020-06-07 20:57:27.088 write initial data to InfluxDB successfully, status code is 204

2020-06-07 20:57:27.088 start obtaining value of specified variables

2020-06-07 20:57:27.088 obtain value of specified variables successfully

2020-06-07 20:57:27.088 FMU simulate a step from t=0.33

2020-06-07 20:57:27.088 FMU simulate the step from t=0.33 successfully

2020-06-07 20:57:27.088 start writing data after this step to InfluxDB

2020-06-07 20:57:27.091 write initial data to InfluxDB successfully, status code is 204

2020-06-07 20:57:27.091 start obtaining value of specified variables

2020-06-07 20:57:27.091 obtain value of specified variables successfully

2020-06-07 20:57:27.091 FMU simulate a step from t=0.34

2020-06-07 20:57:27.092 FMU simulate the step from t=0.34 successfully

2020-06-07 20:57:27.092 start writing data after this step to InfluxDB

2020-06-07 20:57:27.095 write initial data to InfluxDB successfully, status code is 204

2020-06-07 20:57:27.095 start obtaining value of specified variables

2020-06-07 20:57:27.095 obtain value of specified variables successfully

2020-06-07 20:57:27.095 FMU simulate a step from t=0.35

2020-06-07 20:57:27.096 FMU simulate the step from t=0.35 successfully

2020-06-07 20:57:27.096 start writing data after this step to InfluxDB

2020-06-07 20:57:27.097 write initial data to InfluxDB successfully, status code is 204

2020-06-07 20:57:27.097 start obtaining value of specified variables

2020-06-07 20:57:27.098 obtain value of specified variables successfully

2020-06-07 20:57:27.098 FMU simulate a step from t=0.36

2020-06-07 20:57:27.098 FMU simulate the step from t=0.36 successfully

2020-06-07 20:57:27.098 start writing data after this step to InfluxDB

2020-06-07 20:57:27.100 write initial data to InfluxDB successfully, status code is 204

2020-06-07 20:57:27.100 start obtaining value of specified variables

2020-06-07 20:57:27.100 obtain value of specified variables successfully

2020-06-07 20:57:27.100 FMU simulate a step from t=0.37

2020-06-07 20:57:27.100 FMU simulate the step from t=0.37 successfully

2020-06-07 20:57:27.100 start writing data after this step to InfluxDB

2020-06-07 20:57:27.103 write initial data to InfluxDB successfully, status code is 204

2020-06-07 20:57:27.103 start obtaining value of specified variables

2020-06-07 20:57:27.103 obtain value of specified variables successfully

2020-06-07 20:57:27.103 FMU simulate a step from t=0.38

2020-06-07 20:57:27.103 FMU simulate the step from t=0.38 successfully

2020-06-07 20:57:27.103 start writing data after this step to InfluxDB

2020-06-07 20:57:27.106 write initial data to InfluxDB successfully, status code is 204

2020-06-07 20:57:27.106 start obtaining value of specified variables

2020-06-07 20:57:27.106 obtain value of specified variables successfully

2020-06-07 20:57:27.106 FMU simulate a step from t=0.39

2020-06-07 20:57:27.106 FMU simulate the step from t=0.39 successfully

2020-06-07 20:57:27.106 start writing data after this step to InfluxDB

2020-06-07 20:57:27.108 write initial data to InfluxDB successfully, status code is 204

2020-06-07 20:57:27.108 start obtaining value of specified variables

2020-06-07 20:57:27.108 obtain value of specified variables successfully

2020-06-07 20:57:27.108 FMU simulate a step from t=0.4

2020-06-07 20:57:27.108 FMU simulate the step from t=0.4 successfully

2020-06-07 20:57:27.108 start writing data after this step to InfluxDB

2020-06-07 20:57:27.110 write initial data to InfluxDB successfully, status code is 204

2020-06-07 20:57:27.110 start obtaining value of specified variables

2020-06-07 20:57:27.110 obtain value of specified variables successfully

2020-06-07 20:57:27.110 FMU simulate a step from t=0.41

2020-06-07 20:57:27.110 FMU simulate the step from t=0.41 successfully

2020-06-07 20:57:27.110 start writing data after this step to InfluxDB

2020-06-07 20:57:27.114 write initial data to InfluxDB successfully, status code is 204

2020-06-07 20:57:27.114 start obtaining value of specified variables

2020-06-07 20:57:27.114 obtain value of specified variables successfully

2020-06-07 20:57:27.114 FMU simulate a step from t=0.42

2020-06-07 20:57:27.114 FMU simulate the step from t=0.42 successfully

2020-06-07 20:57:27.114 start writing data after this step to InfluxDB

2020-06-07 20:57:27.116 write initial data to InfluxDB successfully, status code is 204

2020-06-07 20:57:27.116 start obtaining value of specified variables

2020-06-07 20:57:27.116 obtain value of specified variables successfully

2020-06-07 20:57:27.116 FMU simulate a step from t=0.43

2020-06-07 20:57:27.116 FMU simulate the step from t=0.43 successfully

2020-06-07 20:57:27.116 start writing data after this step to InfluxDB

2020-06-07 20:57:27.118 write initial data to InfluxDB successfully, status code is 204

2020-06-07 20:57:27.118 start obtaining value of specified variables

2020-06-07 20:57:27.118 obtain value of specified variables successfully

2020-06-07 20:57:27.118 FMU simulate a step from t=0.44

2020-06-07 20:57:27.118 FMU simulate the step from t=0.44 successfully

2020-06-07 20:57:27.118 start writing data after this step to InfluxDB

2020-06-07 20:57:27.120 write initial data to InfluxDB successfully, status code is 204

2020-06-07 20:57:27.120 start obtaining value of specified variables

2020-06-07 20:57:27.120 obtain value of specified variables successfully

2020-06-07 20:57:27.120 FMU simulate a step from t=0.45

2020-06-07 20:57:27.120 FMU simulate the step from t=0.45 successfully

2020-06-07 20:57:27.120 start writing data after this step to InfluxDB

2020-06-07 20:57:27.123 write initial data to InfluxDB successfully, status code is 204

2020-06-07 20:57:27.123 start obtaining value of specified variables

2020-06-07 20:57:27.123 obtain value of specified variables successfully

2020-06-07 20:57:27.123 FMU simulate a step from t=0.46

2020-06-07 20:57:27.123 FMU simulate the step from t=0.46 successfully

2020-06-07 20:57:27.123 start writing data after this step to InfluxDB

2020-06-07 20:57:27.126 write initial data to InfluxDB successfully, status code is 204

2020-06-07 20:57:27.126 start obtaining value of specified variables

2020-06-07 20:57:27.126 obtain value of specified variables successfully

2020-06-07 20:57:27.126 FMU simulate a step from t=0.47

2020-06-07 20:57:27.127 FMU simulate the step from t=0.47 successfully

2020-06-07 20:57:27.127 start writing data after this step to InfluxDB

2020-06-07 20:57:27.129 write initial data to InfluxDB successfully, status code is 204

2020-06-07 20:57:27.129 start obtaining value of specified variables

2020-06-07 20:57:27.129 obtain value of specified variables successfully

2020-06-07 20:57:27.129 FMU simulate a step from t=0.48

2020-06-07 20:57:27.129 FMU simulate the step from t=0.48 successfully

2020-06-07 20:57:27.130 start writing data after this step to InfluxDB

2020-06-07 20:57:27.132 write initial data to InfluxDB successfully, status code is 204

2020-06-07 20:57:27.132 start obtaining value of specified variables

2020-06-07 20:57:27.132 obtain value of specified variables successfully

2020-06-07 20:57:27.132 FMU simulate a step from t=0.49

2020-06-07 20:57:27.132 FMU simulate the step from t=0.49 successfully

2020-06-07 20:57:27.132 start writing data after this step to InfluxDB

2020-06-07 20:57:27.134 write initial data to InfluxDB successfully, status code is 204

2020-06-07 20:57:27.134 start obtaining value of specified variables

2020-06-07 20:57:27.134 obtain value of specified variables successfully

2020-06-07 20:57:27.134 FMU simulate a step from t=0.5

2020-06-07 20:57:27.134 FMU simulate the step from t=0.5 successfully

2020-06-07 20:57:27.134 start writing data after this step to InfluxDB

2020-06-07 20:57:27.135 write initial data to InfluxDB successfully, status code is 204

2020-06-07 20:57:27.135 start obtaining value of specified variables

2020-06-07 20:57:27.135 obtain value of specified variables successfully

2020-06-07 20:57:27.136 FMU simulate a step from t=0.51

2020-06-07 20:57:27.136 FMU simulate the step from t=0.51 successfully

2020-06-07 20:57:27.136 start writing data after this step to InfluxDB

2020-06-07 20:57:27.137 write initial data to InfluxDB successfully, status code is 204

2020-06-07 20:57:27.137 start obtaining value of specified variables

2020-06-07 20:57:27.137 obtain value of specified variables successfully

2020-06-07 20:57:27.137 FMU simulate a step from t=0.52

2020-06-07 20:57:27.138 FMU simulate the step from t=0.52 successfully

2020-06-07 20:57:27.138 start writing data after this step to InfluxDB

2020-06-07 20:57:27.139 write initial data to InfluxDB successfully, status code is 204

2020-06-07 20:57:27.139 start obtaining value of specified variables

2020-06-07 20:57:27.139 obtain value of specified variables successfully

2020-06-07 20:57:27.139 FMU simulate a step from t=0.53

2020-06-07 20:57:27.139 FMU simulate the step from t=0.53 successfully

2020-06-07 20:57:27.139 start writing data after this step to InfluxDB

2020-06-07 20:57:27.141 write initial data to InfluxDB successfully, status code is 204

2020-06-07 20:57:27.141 start obtaining value of specified variables

2020-06-07 20:57:27.141 obtain value of specified variables successfully

2020-06-07 20:57:27.141 FMU simulate a step from t=0.54

2020-06-07 20:57:27.142 FMU simulate the step from t=0.54 successfully

2020-06-07 20:57:27.142 start writing data after this step to InfluxDB

2020-06-07 20:57:27.144 write initial data to InfluxDB successfully, status code is 204

2020-06-07 20:57:27.144 start obtaining value of specified variables

2020-06-07 20:57:27.144 obtain value of specified variables successfully

2020-06-07 20:57:27.144 FMU simulate a step from t=0.55

2020-06-07 20:57:27.144 FMU simulate the step from t=0.55 successfully

2020-06-07 20:57:27.144 start writing data after this step to InfluxDB

2020-06-07 20:57:27.146 write initial data to InfluxDB successfully, status code is 204

2020-06-07 20:57:27.146 start obtaining value of specified variables

2020-06-07 20:57:27.146 obtain value of specified variables successfully

2020-06-07 20:57:27.146 FMU simulate a step from t=0.56

2020-06-07 20:57:27.147 FMU simulate the step from t=0.56 successfully

2020-06-07 20:57:27.147 start writing data after this step to InfluxDB

2020-06-07 20:57:27.148 write initial data to InfluxDB successfully, status code is 204

2020-06-07 20:57:27.148 start obtaining value of specified variables

2020-06-07 20:57:27.148 obtain value of specified variables successfully

2020-06-07 20:57:27.148 FMU simulate a step from t=0.57

2020-06-07 20:57:27.148 FMU simulate the step from t=0.57 successfully

2020-06-07 20:57:27.148 start writing data after this step to InfluxDB

2020-06-07 20:57:27.151 write initial data to InfluxDB successfully, status code is 204

2020-06-07 20:57:27.151 start obtaining value of specified variables

2020-06-07 20:57:27.151 obtain value of specified variables successfully

2020-06-07 20:57:27.151 FMU simulate a step from t=0.58

2020-06-07 20:57:27.151 FMU simulate the step from t=0.58 successfully

2020-06-07 20:57:27.151 start writing data after this step to InfluxDB

2020-06-07 20:57:27.153 write initial data to InfluxDB successfully, status code is 204

2020-06-07 20:57:27.153 start obtaining value of specified variables

2020-06-07 20:57:27.153 obtain value of specified variables successfully

2020-06-07 20:57:27.154 FMU simulate a step from t=0.59

2020-06-07 20:57:27.154 FMU simulate the step from t=0.59 successfully

2020-06-07 20:57:27.154 start writing data after this step to InfluxDB

2020-06-07 20:57:27.156 write initial data to InfluxDB successfully, status code is 204

2020-06-07 20:57:27.156 start obtaining value of specified variables

2020-06-07 20:57:27.156 obtain value of specified variables successfully

2020-06-07 20:57:27.156 FMU simulate a step from t=0.6

2020-06-07 20:57:27.156 FMU simulate the step from t=0.6 successfully

2020-06-07 20:57:27.156 start writing data after this step to InfluxDB

2020-06-07 20:57:27.158 write initial data to InfluxDB successfully, status code is 204

2020-06-07 20:57:27.158 start obtaining value of specified variables

2020-06-07 20:57:27.158 obtain value of specified variables successfully

2020-06-07 20:57:27.158 FMU simulate a step from t=0.61

2020-06-07 20:57:27.158 FMU simulate the step from t=0.61 successfully

2020-06-07 20:57:27.158 start writing data after this step to InfluxDB

2020-06-07 20:57:27.169 write initial data to InfluxDB successfully, status code is 204

2020-06-07 20:57:27.169 start obtaining value of specified variables

2020-06-07 20:57:27.169 obtain value of specified variables successfully

2020-06-07 20:57:27.169 FMU simulate a step from t=0.62

2020-06-07 20:57:27.169 FMU simulate the step from t=0.62 successfully

2020-06-07 20:57:27.169 start writing data after this step to InfluxDB

2020-06-07 20:57:27.172 write initial data to InfluxDB successfully, status code is 204

2020-06-07 20:57:27.172 start obtaining value of specified variables

2020-06-07 20:57:27.172 obtain value of specified variables successfully

2020-06-07 20:57:27.172 FMU simulate a step from t=0.63

2020-06-07 20:57:27.172 FMU simulate the step from t=0.63 successfully

2020-06-07 20:57:27.172 start writing data after this step to InfluxDB

2020-06-07 20:57:27.175 write initial data to InfluxDB successfully, status code is 204

2020-06-07 20:57:27.175 start obtaining value of specified variables

2020-06-07 20:57:27.175 obtain value of specified variables successfully

2020-06-07 20:57:27.175 FMU simulate a step from t=0.64

2020-06-07 20:57:27.175 FMU simulate the step from t=0.64 successfully

2020-06-07 20:57:27.175 start writing data after this step to InfluxDB

2020-06-07 20:57:27.177 write initial data to InfluxDB successfully, status code is 204

2020-06-07 20:57:27.177 start obtaining value of specified variables

2020-06-07 20:57:27.178 obtain value of specified variables successfully

2020-06-07 20:57:27.178 FMU simulate a step from t=0.65

2020-06-07 20:57:27.178 FMU simulate the step from t=0.65 successfully

2020-06-07 20:57:27.178 start writing data after this step to InfluxDB

2020-06-07 20:57:27.181 write initial data to InfluxDB successfully, status code is 204

2020-06-07 20:57:27.181 start obtaining value of specified variables

2020-06-07 20:57:27.181 obtain value of specified variables successfully

2020-06-07 20:57:27.181 FMU simulate a step from t=0.66

2020-06-07 20:57:27.181 FMU simulate the step from t=0.66 successfully

2020-06-07 20:57:27.181 start writing data after this step to InfluxDB

2020-06-07 20:57:27.183 write initial data to InfluxDB successfully, status code is 204

2020-06-07 20:57:27.183 start obtaining value of specified variables

2020-06-07 20:57:27.183 obtain value of specified variables successfully

2020-06-07 20:57:27.183 FMU simulate a step from t=0.67

2020-06-07 20:57:27.184 FMU simulate the step from t=0.67 successfully

2020-06-07 20:57:27.184 start writing data after this step to InfluxDB

2020-06-07 20:57:27.185 write initial data to InfluxDB successfully, status code is 204

2020-06-07 20:57:27.185 start obtaining value of specified variables

2020-06-07 20:57:27.185 obtain value of specified variables successfully

2020-06-07 20:57:27.186 FMU simulate a step from t=0.68

2020-06-07 20:57:27.186 FMU simulate the step from t=0.68 successfully

2020-06-07 20:57:27.186 start writing data after this step to InfluxDB

2020-06-07 20:57:27.188 write initial data to InfluxDB successfully, status code is 204

2020-06-07 20:57:27.188 start obtaining value of specified variables

2020-06-07 20:57:27.188 obtain value of specified variables successfully

2020-06-07 20:57:27.188 FMU simulate a step from t=0.69

2020-06-07 20:57:27.188 FMU simulate the step from t=0.69 successfully

2020-06-07 20:57:27.188 start writing data after this step to InfluxDB

2020-06-07 20:57:27.190 write initial data to InfluxDB successfully, status code is 204

2020-06-07 20:57:27.190 start obtaining value of specified variables

2020-06-07 20:57:27.190 obtain value of specified variables successfully

2020-06-07 20:57:27.190 FMU simulate a step from t=0.7

2020-06-07 20:57:27.191 FMU simulate the step from t=0.7 successfully

2020-06-07 20:57:27.191 start writing data after this step to InfluxDB

2020-06-07 20:57:27.192 write initial data to InfluxDB successfully, status code is 204

2020-06-07 20:57:27.192 start obtaining value of specified variables

2020-06-07 20:57:27.192 obtain value of specified variables successfully

2020-06-07 20:57:27.192 FMU simulate a step from t=0.71

2020-06-07 20:57:27.193 FMU simulate the step from t=0.71 successfully

2020-06-07 20:57:27.193 start writing data after this step to InfluxDB

2020-06-07 20:57:27.196 write initial data to InfluxDB successfully, status code is 204

2020-06-07 20:57:27.196 start obtaining value of specified variables

2020-06-07 20:57:27.196 obtain value of specified variables successfully

2020-06-07 20:57:27.196 FMU simulate a step from t=0.72

2020-06-07 20:57:27.196 FMU simulate the step from t=0.72 successfully

2020-06-07 20:57:27.196 start writing data after this step to InfluxDB

2020-06-07 20:57:27.206 write initial data to InfluxDB successfully, status code is 204

2020-06-07 20:57:27.206 start obtaining value of specified variables

2020-06-07 20:57:27.206 obtain value of specified variables successfully

2020-06-07 20:57:27.206 FMU simulate a step from t=0.73

2020-06-07 20:57:27.206 FMU simulate the step from t=0.73 successfully

2020-06-07 20:57:27.206 start writing data after this step to InfluxDB

2020-06-07 20:57:27.210 write initial data to InfluxDB successfully, status code is 204

2020-06-07 20:57:27.210 start obtaining value of specified variables

2020-06-07 20:57:27.210 obtain value of specified variables successfully

2020-06-07 20:57:27.210 FMU simulate a step from t=0.74

2020-06-07 20:57:27.211 FMU simulate the step from t=0.74 successfully

2020-06-07 20:57:27.211 start writing data after this step to InfluxDB

2020-06-07 20:57:27.216 write initial data to InfluxDB successfully, status code is 204

2020-06-07 20:57:27.216 start obtaining value of specified variables

2020-06-07 20:57:27.216 obtain value of specified variables successfully

2020-06-07 20:57:27.216 FMU simulate a step from t=0.75

2020-06-07 20:57:27.217 FMU simulate the step from t=0.75 successfully

2020-06-07 20:57:27.217 start writing data after this step to InfluxDB

2020-06-07 20:57:27.218 write initial data to InfluxDB successfully, status code is 204

2020-06-07 20:57:27.218 start obtaining value of specified variables

2020-06-07 20:57:27.219 obtain value of specified variables successfully

2020-06-07 20:57:27.219 FMU simulate a step from t=0.76

2020-06-07 20:57:27.219 FMU simulate the step from t=0.76 successfully

2020-06-07 20:57:27.219 start writing data after this step to InfluxDB

2020-06-07 20:57:27.220 write initial data to InfluxDB successfully, status code is 204

2020-06-07 20:57:27.220 start obtaining value of specified variables

2020-06-07 20:57:27.220 obtain value of specified variables successfully

2020-06-07 20:57:27.221 FMU simulate a step from t=0.77

2020-06-07 20:57:27.221 FMU simulate the step from t=0.77 successfully

2020-06-07 20:57:27.221 start writing data after this step to InfluxDB

2020-06-07 20:57:27.222 write initial data to InfluxDB successfully, status code is 204

2020-06-07 20:57:27.222 start obtaining value of specified variables

2020-06-07 20:57:27.222 obtain value of specified variables successfully

2020-06-07 20:57:27.222 FMU simulate a step from t=0.78

2020-06-07 20:57:27.223 FMU simulate the step from t=0.78 successfully

2020-06-07 20:57:27.223 start writing data after this step to InfluxDB

2020-06-07 20:57:27.225 write initial data to InfluxDB successfully, status code is 204

2020-06-07 20:57:27.225 start obtaining value of specified variables

2020-06-07 20:57:27.225 obtain value of specified variables successfully

2020-06-07 20:57:27.225 FMU simulate a step from t=0.79

2020-06-07 20:57:27.225 FMU simulate the step from t=0.79 successfully

2020-06-07 20:57:27.225 start writing data after this step to InfluxDB

2020-06-07 20:57:27.227 write initial data to InfluxDB successfully, status code is 204

2020-06-07 20:57:27.227 start obtaining value of specified variables

2020-06-07 20:57:27.227 obtain value of specified variables successfully

2020-06-07 20:57:27.227 FMU simulate a step from t=0.8

2020-06-07 20:57:27.227 FMU simulate the step from t=0.8 successfully

2020-06-07 20:57:27.227 start writing data after this step to InfluxDB

2020-06-07 20:57:27.230 write initial data to InfluxDB successfully, status code is 204

2020-06-07 20:57:27.230 start obtaining value of specified variables

2020-06-07 20:57:27.230 obtain value of specified variables successfully

2020-06-07 20:57:27.230 FMU simulate a step from t=0.81

2020-06-07 20:57:27.230 FMU simulate the step from t=0.81 successfully

2020-06-07 20:57:27.230 start writing data after this step to InfluxDB

2020-06-07 20:57:27.232 write initial data to InfluxDB successfully, status code is 204

2020-06-07 20:57:27.232 start obtaining value of specified variables

2020-06-07 20:57:27.232 obtain value of specified variables successfully

2020-06-07 20:57:27.232 FMU simulate a step from t=0.82

2020-06-07 20:57:27.232 FMU simulate the step from t=0.82 successfully

2020-06-07 20:57:27.232 start writing data after this step to InfluxDB

2020-06-07 20:57:27.235 write initial data to InfluxDB successfully, status code is 204

2020-06-07 20:57:27.235 start obtaining value of specified variables

2020-06-07 20:57:27.235 obtain value of specified variables successfully

2020-06-07 20:57:27.235 FMU simulate a step from t=0.83

2020-06-07 20:57:27.235 FMU simulate the step from t=0.83 successfully

2020-06-07 20:57:27.235 start writing data after this step to InfluxDB

2020-06-07 20:57:27.237 write initial data to InfluxDB successfully, status code is 204

2020-06-07 20:57:27.237 start obtaining value of specified variables

2020-06-07 20:57:27.237 obtain value of specified variables successfully

2020-06-07 20:57:27.237 FMU simulate a step from t=0.84

2020-06-07 20:57:27.238 FMU simulate the step from t=0.84 successfully

2020-06-07 20:57:27.238 start writing data after this step to InfluxDB

2020-06-07 20:57:27.239 write initial data to InfluxDB successfully, status code is 204

2020-06-07 20:57:27.239 start obtaining value of specified variables

2020-06-07 20:57:27.239 obtain value of specified variables successfully

2020-06-07 20:57:27.239 FMU simulate a step from t=0.85

2020-06-07 20:57:27.240 FMU simulate the step from t=0.85 successfully

2020-06-07 20:57:27.240 start writing data after this step to InfluxDB

2020-06-07 20:57:27.241 write initial data to InfluxDB successfully, status code is 204

2020-06-07 20:57:27.241 start obtaining value of specified variables

2020-06-07 20:57:27.241 obtain value of specified variables successfully

2020-06-07 20:57:27.241 FMU simulate a step from t=0.86

2020-06-07 20:57:27.242 FMU simulate the step from t=0.86 successfully

2020-06-07 20:57:27.242 start writing data after this step to InfluxDB

2020-06-07 20:57:27.244 write initial data to InfluxDB successfully, status code is 204

2020-06-07 20:57:27.244 start obtaining value of specified variables

2020-06-07 20:57:27.244 obtain value of specified variables successfully

2020-06-07 20:57:27.244 FMU simulate a step from t=0.87

2020-06-07 20:57:27.244 FMU simulate the step from t=0.87 successfully

2020-06-07 20:57:27.244 start writing data after this step to InfluxDB

2020-06-07 20:57:27.246 write initial data to InfluxDB successfully, status code is 204

2020-06-07 20:57:27.246 start obtaining value of specified variables

2020-06-07 20:57:27.246 obtain value of specified variables successfully

2020-06-07 20:57:27.246 FMU simulate a step from t=0.88

2020-06-07 20:57:27.246 FMU simulate the step from t=0.88 successfully

2020-06-07 20:57:27.246 start writing data after this step to InfluxDB

2020-06-07 20:57:27.249 write initial data to InfluxDB successfully, status code is 204

2020-06-07 20:57:27.249 start obtaining value of specified variables

2020-06-07 20:57:27.249 obtain value of specified variables successfully

2020-06-07 20:57:27.249 FMU simulate a step from t=0.89

2020-06-07 20:57:27.249 FMU simulate the step from t=0.89 successfully

2020-06-07 20:57:27.249 start writing data after this step to InfluxDB

2020-06-07 20:57:27.251 write initial data to InfluxDB successfully, status code is 204

2020-06-07 20:57:27.252 start obtaining value of specified variables

2020-06-07 20:57:27.252 obtain value of specified variables successfully

2020-06-07 20:57:27.252 FMU simulate a step from t=0.9

2020-06-07 20:57:27.252 FMU simulate the step from t=0.9 successfully

2020-06-07 20:57:27.252 start writing data after this step to InfluxDB

2020-06-07 20:57:27.254 write initial data to InfluxDB successfully, status code is 204

2020-06-07 20:57:27.254 start obtaining value of specified variables

2020-06-07 20:57:27.254 obtain value of specified variables successfully

2020-06-07 20:57:27.254 FMU simulate a step from t=0.91

2020-06-07 20:57:27.254 FMU simulate the step from t=0.91 successfully

2020-06-07 20:57:27.254 start writing data after this step to InfluxDB

2020-06-07 20:57:27.256 write initial data to InfluxDB successfully, status code is 204

2020-06-07 20:57:27.256 start obtaining value of specified variables

2020-06-07 20:57:27.256 obtain value of specified variables successfully

2020-06-07 20:57:27.256 FMU simulate a step from t=0.92

2020-06-07 20:57:27.256 FMU simulate the step from t=0.92 successfully

2020-06-07 20:57:27.256 start writing data after this step to InfluxDB

2020-06-07 20:57:27.258 write initial data to InfluxDB successfully, status code is 204

2020-06-07 20:57:27.258 start obtaining value of specified variables

2020-06-07 20:57:27.258 obtain value of specified variables successfully

2020-06-07 20:57:27.258 FMU simulate a step from t=0.93

2020-06-07 20:57:27.258 FMU simulate the step from t=0.93 successfully

2020-06-07 20:57:27.258 start writing data after this step to InfluxDB

2020-06-07 20:57:27.260 write initial data to InfluxDB successfully, status code is 204

2020-06-07 20:57:27.260 start obtaining value of specified variables

2020-06-07 20:57:27.260 obtain value of specified variables successfully

2020-06-07 20:57:27.260 FMU simulate a step from t=0.94

2020-06-07 20:57:27.261 FMU simulate the step from t=0.94 successfully

2020-06-07 20:57:27.261 start writing data after this step to InfluxDB

2020-06-07 20:57:27.263 write initial data to InfluxDB successfully, status code is 204

2020-06-07 20:57:27.263 start obtaining value of specified variables

2020-06-07 20:57:27.264 obtain value of specified variables successfully

2020-06-07 20:57:27.264 FMU simulate a step from t=0.95

2020-06-07 20:57:27.264 FMU simulate the step from t=0.95 successfully

2020-06-07 20:57:27.264 start writing data after this step to InfluxDB

2020-06-07 20:57:27.266 write initial data to InfluxDB successfully, status code is 204

2020-06-07 20:57:27.266 start obtaining value of specified variables

2020-06-07 20:57:27.266 obtain value of specified variables successfully

2020-06-07 20:57:27.266 FMU simulate a step from t=0.96

2020-06-07 20:57:27.266 FMU simulate the step from t=0.96 successfully

2020-06-07 20:57:27.266 start writing data after this step to InfluxDB

2020-06-07 20:57:27.269 write initial data to InfluxDB successfully, status code is 204

2020-06-07 20:57:27.269 start obtaining value of specified variables

2020-06-07 20:57:27.269 obtain value of specified variables successfully

2020-06-07 20:57:27.269 FMU simulate a step from t=0.97

2020-06-07 20:57:27.269 FMU simulate the step from t=0.97 successfully

2020-06-07 20:57:27.269 start writing data after this step to InfluxDB

2020-06-07 20:57:27.271 write initial data to InfluxDB successfully, status code is 204

2020-06-07 20:57:27.271 start obtaining value of specified variables

2020-06-07 20:57:27.271 obtain value of specified variables successfully

2020-06-07 20:57:27.271 FMU simulate a step from t=0.98

2020-06-07 20:57:27.272 FMU simulate the step from t=0.98 successfully

2020-06-07 20:57:27.272 start writing data after this step to InfluxDB

2020-06-07 20:57:27.273 write initial data to InfluxDB successfully, status code is 204

2020-06-07 20:57:27.273 start obtaining value of specified variables

2020-06-07 20:57:27.273 obtain value of specified variables successfully

2020-06-07 20:57:27.273 FMU simulate a step from t=0.99

2020-06-07 20:57:27.274 FMU simulate the step from t=0.99 successfully

2020-06-07 20:57:27.274 start writing data after this step to InfluxDB

2020-06-07 20:57:27.275 write initial data to InfluxDB successfully, status code is 204

2020-06-07 20:57:27.275 start obtaining value of specified variables

2020-06-07 20:57:27.275 obtain value of specified variables successfully

2020-06-07 20:57:27.275 FMU simulate a step from t=1

2020-06-07 20:57:27.276 FMU simulate the step from t=1 successfully

2020-06-07 20:57:27.276 start writing data after this step to InfluxDB

2020-06-07 20:57:27.277 write initial data to InfluxDB successfully, status code is 204

2020-06-07 20:57:27.278 start obtaining value of specified variables

2020-06-07 20:57:27.278 obtain value of specified variables successfully

2020-06-07 20:57:27.278 FMU simulate a step from t=1.01

2020-06-07 20:57:27.278 FMU simulate the step from t=1.01 successfully

2020-06-07 20:57:27.278 start writing data after this step to InfluxDB

2020-06-07 20:57:27.280 write initial data to InfluxDB successfully, status code is 204

2020-06-07 20:57:27.280 start obtaining value of specified variables

2020-06-07 20:57:27.280 obtain value of specified variables successfully

2020-06-07 20:57:27.280 FMU simulate a step from t=1.02

2020-06-07 20:57:27.281 FMU simulate the step from t=1.02 successfully

2020-06-07 20:57:27.281 start writing data after this step to InfluxDB

2020-06-07 20:57:27.283 write initial data to InfluxDB successfully, status code is 204

2020-06-07 20:57:27.283 start obtaining value of specified variables

2020-06-07 20:57:27.283 obtain value of specified variables successfully

2020-06-07 20:57:27.284 FMU simulate a step from t=1.03

2020-06-07 20:57:27.284 FMU simulate the step from t=1.03 successfully

2020-06-07 20:57:27.284 start writing data after this step to InfluxDB

2020-06-07 20:57:27.285 write initial data to InfluxDB successfully, status code is 204

2020-06-07 20:57:27.285 start obtaining value of specified variables

2020-06-07 20:57:27.286 obtain value of specified variables successfully

2020-06-07 20:57:27.286 FMU simulate a step from t=1.04

2020-06-07 20:57:27.286 FMU simulate the step from t=1.04 successfully

2020-06-07 20:57:27.286 start writing data after this step to InfluxDB

2020-06-07 20:57:27.287 write initial data to InfluxDB successfully, status code is 204

2020-06-07 20:57:27.287 start obtaining value of specified variables

2020-06-07 20:57:27.288 obtain value of specified variables successfully

2020-06-07 20:57:27.288 FMU simulate a step from t=1.05

2020-06-07 20:57:27.288 FMU simulate the step from t=1.05 successfully

2020-06-07 20:57:27.288 start writing data after this step to InfluxDB

2020-06-07 20:57:27.290 write initial data to InfluxDB successfully, status code is 204

2020-06-07 20:57:27.290 start obtaining value of specified variables

2020-06-07 20:57:27.290 obtain value of specified variables successfully

2020-06-07 20:57:27.290 FMU simulate a step from t=1.06

2020-06-07 20:57:27.290 FMU simulate the step from t=1.06 successfully

2020-06-07 20:57:27.290 start writing data after this step to InfluxDB

2020-06-07 20:57:27.291 write initial data to InfluxDB successfully, status code is 204

2020-06-07 20:57:27.291 start obtaining value of specified variables

2020-06-07 20:57:27.291 obtain value of specified variables successfully

2020-06-07 20:57:27.292 FMU simulate a step from t=1.07

2020-06-07 20:57:27.292 FMU simulate the step from t=1.07 successfully

2020-06-07 20:57:27.292 start writing data after this step to InfluxDB

2020-06-07 20:57:27.293 write initial data to InfluxDB successfully, status code is 204

2020-06-07 20:57:27.293 start obtaining value of specified variables

2020-06-07 20:57:27.293 obtain value of specified variables successfully

2020-06-07 20:57:27.293 FMU simulate a step from t=1.08

2020-06-07 20:57:27.294 FMU simulate the step from t=1.08 successfully

2020-06-07 20:57:27.294 start writing data after this step to InfluxDB

2020-06-07 20:57:27.297 write initial data to InfluxDB successfully, status code is 204

2020-06-07 20:57:27.297 start obtaining value of specified variables

2020-06-07 20:57:27.297 obtain value of specified variables successfully

2020-06-07 20:57:27.297 FMU simulate a step from t=1.09

2020-06-07 20:57:27.297 FMU simulate the step from t=1.09 successfully

2020-06-07 20:57:27.297 start writing data after this step to InfluxDB

2020-06-07 20:57:27.299 write initial data to InfluxDB successfully, status code is 204

2020-06-07 20:57:27.299 start obtaining value of specified variables

2020-06-07 20:57:27.299 obtain value of specified variables successfully

2020-06-07 20:57:27.299 FMU simulate a step from t=1.1

2020-06-07 20:57:27.299 FMU simulate the step from t=1.1 successfully

2020-06-07 20:57:27.299 start writing data after this step to InfluxDB

2020-06-07 20:57:27.301 write initial data to InfluxDB successfully, status code is 204

2020-06-07 20:57:27.301 start obtaining value of specified variables

2020-06-07 20:57:27.301 obtain value of specified variables successfully

2020-06-07 20:57:27.301 FMU simulate a step from t=1.11

2020-06-07 20:57:27.302 FMU simulate the step from t=1.11 successfully

2020-06-07 20:57:27.302 start writing data after this step to InfluxDB

2020-06-07 20:57:27.303 write initial data to InfluxDB successfully, status code is 204

2020-06-07 20:57:27.303 start obtaining value of specified variables

2020-06-07 20:57:27.303 obtain value of specified variables successfully

2020-06-07 20:57:27.303 FMU simulate a step from t=1.12

2020-06-07 20:57:27.304 FMU simulate the step from t=1.12 successfully

2020-06-07 20:57:27.304 start writing data after this step to InfluxDB

2020-06-07 20:57:27.314 write initial data to InfluxDB successfully, status code is 204

2020-06-07 20:57:27.314 start obtaining value of specified variables

2020-06-07 20:57:27.314 obtain value of specified variables successfully

2020-06-07 20:57:27.314 FMU simulate a step from t=1.13

2020-06-07 20:57:27.315 FMU simulate the step from t=1.13 successfully

2020-06-07 20:57:27.315 start writing data after this step to InfluxDB

2020-06-07 20:57:27.316 write initial data to InfluxDB successfully, status code is 204

2020-06-07 20:57:27.317 start obtaining value of specified variables

2020-06-07 20:57:27.317 obtain value of specified variables successfully

2020-06-07 20:57:27.317 FMU simulate a step from t=1.14

2020-06-07 20:57:27.317 FMU simulate the step from t=1.14 successfully

2020-06-07 20:57:27.317 start writing data after this step to InfluxDB

2020-06-07 20:57:27.318 write initial data to InfluxDB successfully, status code is 204

2020-06-07 20:57:27.319 start obtaining value of specified variables

2020-06-07 20:57:27.319 obtain value of specified variables successfully

2020-06-07 20:57:27.319 FMU simulate a step from t=1.15

2020-06-07 20:57:27.319 FMU simulate the step from t=1.15 successfully

2020-06-07 20:57:27.319 start writing data after this step to InfluxDB

2020-06-07 20:57:27.321 write initial data to InfluxDB successfully, status code is 204

2020-06-07 20:57:27.321 start obtaining value of specified variables

2020-06-07 20:57:27.321 obtain value of specified variables successfully

2020-06-07 20:57:27.321 FMU simulate a step from t=1.16

2020-06-07 20:57:27.322 FMU simulate the step from t=1.16 successfully

2020-06-07 20:57:27.322 start writing data after this step to InfluxDB

2020-06-07 20:57:27.323 write initial data to InfluxDB successfully, status code is 204

2020-06-07 20:57:27.323 start obtaining value of specified variables

2020-06-07 20:57:27.323 obtain value of specified variables successfully

2020-06-07 20:57:27.323 FMU simulate a step from t=1.17

2020-06-07 20:57:27.324 FMU simulate the step from t=1.17 successfully

2020-06-07 20:57:27.324 start writing data after this step to InfluxDB

2020-06-07 20:57:27.325 write initial data to InfluxDB successfully, status code is 204

2020-06-07 20:57:27.325 start obtaining value of specified variables

2020-06-07 20:57:27.325 obtain value of specified variables successfully

2020-06-07 20:57:27.325 FMU simulate a step from t=1.18

2020-06-07 20:57:27.326 FMU simulate the step from t=1.18 successfully

2020-06-07 20:57:27.326 start writing data after this step to InfluxDB

2020-06-07 20:57:27.330 write initial data to InfluxDB successfully, status code is 204

2020-06-07 20:57:27.330 start obtaining value of specified variables

2020-06-07 20:57:27.330 obtain value of specified variables successfully

2020-06-07 20:57:27.330 FMU simulate a step from t=1.19

2020-06-07 20:57:27.330 FMU simulate the step from t=1.19 successfully

2020-06-07 20:57:27.330 start writing data after this step to InfluxDB

2020-06-07 20:57:27.332 write initial data to InfluxDB successfully, status code is 204

2020-06-07 20:57:27.332 start obtaining value of specified variables

2020-06-07 20:57:27.332 obtain value of specified variables successfully

2020-06-07 20:57:27.332 FMU simulate a step from t=1.2

2020-06-07 20:57:27.332 FMU simulate the step from t=1.2 successfully

2020-06-07 20:57:27.332 start writing data after this step to InfluxDB

2020-06-07 20:57:27.334 write initial data to InfluxDB successfully, status code is 204

2020-06-07 20:57:27.334 start obtaining value of specified variables

2020-06-07 20:57:27.334 obtain value of specified variables successfully

2020-06-07 20:57:27.334 FMU simulate a step from t=1.21

2020-06-07 20:57:27.334 FMU simulate the step from t=1.21 successfully

2020-06-07 20:57:27.334 start writing data after this step to InfluxDB

2020-06-07 20:57:27.336 write initial data to InfluxDB successfully, status code is 204

2020-06-07 20:57:27.336 start obtaining value of specified variables

2020-06-07 20:57:27.336 obtain value of specified variables successfully

2020-06-07 20:57:27.336 FMU simulate a step from t=1.22

2020-06-07 20:57:27.336 FMU simulate the step from t=1.22 successfully

2020-06-07 20:57:27.336 start writing data after this step to InfluxDB

2020-06-07 20:57:27.339 write initial data to InfluxDB successfully, status code is 204

2020-06-07 20:57:27.339 start obtaining value of specified variables

2020-06-07 20:57:27.339 obtain value of specified variables successfully

2020-06-07 20:57:27.339 FMU simulate a step from t=1.23

2020-06-07 20:57:27.343 FMU simulate the step from t=1.23 successfully

2020-06-07 20:57:27.343 start writing data after this step to InfluxDB

2020-06-07 20:57:27.347 write initial data to InfluxDB successfully, status code is 204

2020-06-07 20:57:27.347 start obtaining value of specified variables

2020-06-07 20:57:27.347 obtain value of specified variables successfully

2020-06-07 20:57:27.347 FMU simulate a step from t=1.24

2020-06-07 20:57:27.349 FMU simulate the step from t=1.24 successfully

2020-06-07 20:57:27.349 start writing data after this step to InfluxDB

2020-06-07 20:57:27.351 write initial data to InfluxDB successfully, status code is 204

2020-06-07 20:57:27.351 start obtaining value of specified variables

2020-06-07 20:57:27.351 obtain value of specified variables successfully

2020-06-07 20:57:27.351 FMU simulate a step from t=1.25

2020-06-07 20:57:27.352 FMU simulate the step from t=1.25 successfully

2020-06-07 20:57:27.352 start writing data after this step to InfluxDB

2020-06-07 20:57:27.353 write initial data to InfluxDB successfully, status code is 204

2020-06-07 20:57:27.353 start obtaining value of specified variables

2020-06-07 20:57:27.353 obtain value of specified variables successfully

2020-06-07 20:57:27.353 FMU simulate a step from t=1.26

2020-06-07 20:57:27.354 FMU simulate the step from t=1.26 successfully

2020-06-07 20:57:27.354 start writing data after this step to InfluxDB

2020-06-07 20:57:27.355 write initial data to InfluxDB successfully, status code is 204

2020-06-07 20:57:27.356 start obtaining value of specified variables

2020-06-07 20:57:27.356 obtain value of specified variables successfully

2020-06-07 20:57:27.356 FMU simulate a step from t=1.27

2020-06-07 20:57:27.356 FMU simulate the step from t=1.27 successfully

2020-06-07 20:57:27.356 start writing data after this step to InfluxDB

2020-06-07 20:57:27.358 write initial data to InfluxDB successfully, status code is 204

2020-06-07 20:57:27.358 start obtaining value of specified variables

2020-06-07 20:57:27.358 obtain value of specified variables successfully

2020-06-07 20:57:27.358 FMU simulate a step from t=1.28

2020-06-07 20:57:27.358 FMU simulate the step from t=1.28 successfully

2020-06-07 20:57:27.358 start writing data after this step to InfluxDB

2020-06-07 20:57:27.361 write initial data to InfluxDB successfully, status code is 204

2020-06-07 20:57:27.361 start obtaining value of specified variables

2020-06-07 20:57:27.361 obtain value of specified variables successfully

2020-06-07 20:57:27.361 FMU simulate a step from t=1.29

2020-06-07 20:57:27.362 FMU simulate the step from t=1.29 successfully

2020-06-07 20:57:27.362 start writing data after this step to InfluxDB

2020-06-07 20:57:27.363 write initial data to InfluxDB successfully, status code is 204

2020-06-07 20:57:27.364 start obtaining value of specified variables

2020-06-07 20:57:27.364 obtain value of specified variables successfully

2020-06-07 20:57:27.364 FMU simulate a step from t=1.3

2020-06-07 20:57:27.364 FMU simulate the step from t=1.3 successfully

2020-06-07 20:57:27.364 start writing data after this step to InfluxDB

2020-06-07 20:57:27.366 write initial data to InfluxDB successfully, status code is 204

2020-06-07 20:57:27.366 start obtaining value of specified variables

2020-06-07 20:57:27.366 obtain value of specified variables successfully

2020-06-07 20:57:27.366 FMU simulate a step from t=1.31

2020-06-07 20:57:27.366 FMU simulate the step from t=1.31 successfully

2020-06-07 20:57:27.366 start writing data after this step to InfluxDB

2020-06-07 20:57:27.368 write initial data to InfluxDB successfully, status code is 204

2020-06-07 20:57:27.368 start obtaining value of specified variables

2020-06-07 20:57:27.368 obtain value of specified variables successfully

2020-06-07 20:57:27.368 FMU simulate a step from t=1.32

2020-06-07 20:57:27.368 FMU simulate the step from t=1.32 successfully

2020-06-07 20:57:27.368 start writing data after this step to InfluxDB

2020-06-07 20:57:27.370 write initial data to InfluxDB successfully, status code is 204

2020-06-07 20:57:27.370 start obtaining value of specified variables

2020-06-07 20:57:27.370 obtain value of specified variables successfully

2020-06-07 20:57:27.370 FMU simulate a step from t=1.33

2020-06-07 20:57:27.370 FMU simulate the step from t=1.33 successfully

2020-06-07 20:57:27.370 start writing data after this step to InfluxDB

2020-06-07 20:57:27.372 write initial data to InfluxDB successfully, status code is 204

2020-06-07 20:57:27.372 start obtaining value of specified variables

2020-06-07 20:57:27.372 obtain value of specified variables successfully

2020-06-07 20:57:27.372 FMU simulate a step from t=1.34

2020-06-07 20:57:27.378 FMU simulate the step from t=1.34 successfully

2020-06-07 20:57:27.378 start writing data after this step to InfluxDB

2020-06-07 20:57:27.381 write initial data to InfluxDB successfully, status code is 204

2020-06-07 20:57:27.381 start obtaining value of specified variables

2020-06-07 20:57:27.381 obtain value of specified variables successfully

2020-06-07 20:57:27.381 FMU simulate a step from t=1.35

2020-06-07 20:57:27.395 FMU simulate the step from t=1.35 successfully

2020-06-07 20:57:27.395 start writing data after this step to InfluxDB

2020-06-07 20:57:27.397 write initial data to InfluxDB successfully, status code is 204

2020-06-07 20:57:27.397 start obtaining value of specified variables

2020-06-07 20:57:27.397 obtain value of specified variables successfully

2020-06-07 20:57:27.397 FMU simulate a step from t=1.36

2020-06-07 20:57:27.399 FMU simulate the step from t=1.36 successfully

2020-06-07 20:57:27.399 start writing data after this step to InfluxDB

2020-06-07 20:57:27.401 write initial data to InfluxDB successfully, status code is 204

2020-06-07 20:57:27.401 start obtaining value of specified variables

2020-06-07 20:57:27.401 obtain value of specified variables successfully

2020-06-07 20:57:27.401 FMU simulate a step from t=1.37

2020-06-07 20:57:27.402 FMU simulate the step from t=1.37 successfully

2020-06-07 20:57:27.402 start writing data after this step to InfluxDB

2020-06-07 20:57:27.412 write initial data to InfluxDB successfully, status code is 204

2020-06-07 20:57:27.412 start obtaining value of specified variables

2020-06-07 20:57:27.413 obtain value of specified variables successfully

2020-06-07 20:57:27.413 FMU simulate a step from t=1.38

2020-06-07 20:57:27.413 FMU simulate the step from t=1.38 successfully

2020-06-07 20:57:27.413 start writing data after this step to InfluxDB

2020-06-07 20:57:27.415 write initial data to InfluxDB successfully, status code is 204

2020-06-07 20:57:27.415 start obtaining value of specified variables

2020-06-07 20:57:27.415 obtain value of specified variables successfully

2020-06-07 20:57:27.415 FMU simulate a step from t=1.39

2020-06-07 20:57:27.415 FMU simulate the step from t=1.39 successfully

2020-06-07 20:57:27.415 start writing data after this step to InfluxDB

2020-06-07 20:57:27.417 write initial data to InfluxDB successfully, status code is 204

2020-06-07 20:57:27.417 start obtaining value of specified variables

2020-06-07 20:57:27.417 obtain value of specified variables successfully

2020-06-07 20:57:27.417 FMU simulate a step from t=1.4

2020-06-07 20:57:27.422 FMU simulate the step from t=1.4 successfully

2020-06-07 20:57:27.422 start writing data after this step to InfluxDB

2020-06-07 20:57:27.424 write initial data to InfluxDB successfully, status code is 204

2020-06-07 20:57:27.424 start obtaining value of specified variables

2020-06-07 20:57:27.424 obtain value of specified variables successfully

2020-06-07 20:57:27.424 FMU simulate a step from t=1.41

2020-06-07 20:57:27.425 FMU simulate the step from t=1.41 successfully

2020-06-07 20:57:27.425 start writing data after this step to InfluxDB

2020-06-07 20:57:27.430 write initial data to InfluxDB successfully, status code is 204

2020-06-07 20:57:27.430 start obtaining value of specified variables

2020-06-07 20:57:27.430 obtain value of specified variables successfully

2020-06-07 20:57:27.431 FMU simulate a step from t=1.42

2020-06-07 20:57:27.431 FMU simulate the step from t=1.42 successfully

2020-06-07 20:57:27.431 start writing data after this step to InfluxDB

2020-06-07 20:57:27.433 write initial data to InfluxDB successfully, status code is 204

2020-06-07 20:57:27.433 start obtaining value of specified variables

2020-06-07 20:57:27.433 obtain value of specified variables successfully

2020-06-07 20:57:27.433 FMU simulate a step from t=1.43

2020-06-07 20:57:27.433 FMU simulate the step from t=1.43 successfully

2020-06-07 20:57:27.433 start writing data after this step to InfluxDB

2020-06-07 20:57:27.435 write initial data to InfluxDB successfully, status code is 204

2020-06-07 20:57:27.435 start obtaining value of specified variables

2020-06-07 20:57:27.435 obtain value of specified variables successfully

2020-06-07 20:57:27.435 FMU simulate a step from t=1.44

2020-06-07 20:57:27.435 FMU simulate the step from t=1.44 successfully

2020-06-07 20:57:27.435 start writing data after this step to InfluxDB

2020-06-07 20:57:27.437 write initial data to InfluxDB successfully, status code is 204

2020-06-07 20:57:27.437 start obtaining value of specified variables

2020-06-07 20:57:27.437 obtain value of specified variables successfully

2020-06-07 20:57:27.437 FMU simulate a step from t=1.45

2020-06-07 20:57:27.437 FMU simulate the step from t=1.45 successfully

2020-06-07 20:57:27.437 start writing data after this step to InfluxDB

2020-06-07 20:57:27.439 write initial data to InfluxDB successfully, status code is 204

2020-06-07 20:57:27.439 start obtaining value of specified variables

2020-06-07 20:57:27.439 obtain value of specified variables successfully

2020-06-07 20:57:27.439 FMU simulate a step from t=1.46

2020-06-07 20:57:27.449 FMU simulate the step from t=1.46 successfully

2020-06-07 20:57:27.450 start writing data after this step to InfluxDB

2020-06-07 20:57:27.452 write initial data to InfluxDB successfully, status code is 204

2020-06-07 20:57:27.452 start obtaining value of specified variables

2020-06-07 20:57:27.452 obtain value of specified variables successfully

2020-06-07 20:57:27.452 FMU simulate a step from t=1.47

2020-06-07 20:57:27.455 FMU simulate the step from t=1.47 successfully

2020-06-07 20:57:27.455 start writing data after this step to InfluxDB

2020-06-07 20:57:27.457 write initial data to InfluxDB successfully, status code is 204

2020-06-07 20:57:27.457 start obtaining value of specified variables

2020-06-07 20:57:27.457 obtain value of specified variables successfully

2020-06-07 20:57:27.457 FMU simulate a step from t=1.48

2020-06-07 20:57:27.458 FMU simulate the step from t=1.48 successfully

2020-06-07 20:57:27.458 start writing data after this step to InfluxDB

2020-06-07 20:57:27.460 write initial data to InfluxDB successfully, status code is 204

2020-06-07 20:57:27.460 start obtaining value of specified variables

2020-06-07 20:57:27.460 obtain value of specified variables successfully

2020-06-07 20:57:27.460 FMU simulate a step from t=1.49

2020-06-07 20:57:27.465 FMU simulate the step from t=1.49 successfully

2020-06-07 20:57:27.465 start writing data after this step to InfluxDB

2020-06-07 20:57:27.468 write initial data to InfluxDB successfully, status code is 204

2020-06-07 20:57:27.468 start obtaining value of specified variables

2020-06-07 20:57:27.468 obtain value of specified variables successfully

2020-06-07 20:57:27.468 end simulation successfully

2020-06-07 20:57:27.568 release 'fmu10/fmu/cs/win64/fullRobot_cs.fmu' successfully

2020-06-07 20:57:27.569 disconnect from InfluxDB  127.0.0.1 : 8086 successfully

2020-06-07 20:57:52.358 start loading 'fmu10/fmu/cs/win64/fullRobot_cs.fmu'

2020-06-07 20:57:52.503 load 'fmu10/fmu/cs/win64/fullRobot_cs.fmu' successfully

2020-06-07 20:57:52.503 start connecting to InfluxDB 127.0.0.1 : 8086

2020-06-07 20:57:52.510 connect to InfluxDB 127.0.0.1 : 8086 successfully

2020-06-07 20:57:52.510 start instantiating fmu

2020-06-07 20:57:52.512 instantiate fmu successfully

2020-06-07 20:57:52.512 start initializing fmu

2020-06-07 20:57:52.513 initialize fmu successfully

2020-06-07 20:57:52.513 start setting inputs

2020-06-07 20:57:52.514 set inputs successfully

2020-06-07 20:57:52.514 FMU Simulator: run 'fmu10/fmu/cs/win64/fullRobot_cs.fmu' from t=0..1.5 with step size h=0.01

2020-06-07 20:57:52.516 write initial data to InfluxDB successfully, status code is 204

2020-06-07 20:57:52.516 FMU simulate a step from t=0

2020-06-07 20:57:52.536 FMU simulate the step from t=0 successfully

2020-06-07 20:57:52.536 start writing data after this step to InfluxDB

2020-06-07 20:57:52.538 write initial data to InfluxDB successfully, status code is 204

2020-06-07 20:57:52.538 start obtaining value of specified variables

2020-06-07 20:57:52.538 obtain value of specified variables successfully

2020-06-07 20:57:52.538 FMU simulate a step from t=0.01

2020-06-07 20:57:52.541 FMU simulate the step from t=0.01 successfully

2020-06-07 20:57:52.541 start writing data after this step to InfluxDB

2020-06-07 20:57:52.543 write initial data to InfluxDB successfully, status code is 204

2020-06-07 20:57:52.543 start obtaining value of specified variables

2020-06-07 20:57:52.543 obtain value of specified variables successfully

2020-06-07 20:57:52.543 FMU simulate a step from t=0.02

2020-06-07 20:57:52.544 FMU simulate the step from t=0.02 successfully

2020-06-07 20:57:52.544 start writing data after this step to InfluxDB

2020-06-07 20:57:52.547 write initial data to InfluxDB successfully, status code is 204

2020-06-07 20:57:52.547 start obtaining value of specified variables

2020-06-07 20:57:52.547 obtain value of specified variables successfully

2020-06-07 20:57:52.547 FMU simulate a step from t=0.03

2020-06-07 20:57:52.547 FMU simulate the step from t=0.03 successfully

2020-06-07 20:57:52.547 start writing data after this step to InfluxDB

2020-06-07 20:57:52.549 write initial data to InfluxDB successfully, status code is 204

2020-06-07 20:57:52.549 start obtaining value of specified variables

2020-06-07 20:57:52.549 obtain value of specified variables successfully

2020-06-07 20:57:52.550 FMU simulate a step from t=0.04

2020-06-07 20:57:52.550 FMU simulate the step from t=0.04 successfully

2020-06-07 20:57:52.550 start writing data after this step to InfluxDB

2020-06-07 20:57:52.552 write initial data to InfluxDB successfully, status code is 204

2020-06-07 20:57:52.552 start obtaining value of specified variables

2020-06-07 20:57:52.552 obtain value of specified variables successfully

2020-06-07 20:57:52.552 FMU simulate a step from t=0.05

2020-06-07 20:57:52.552 FMU simulate the step from t=0.05 successfully

2020-06-07 20:57:52.552 start writing data after this step to InfluxDB

2020-06-07 20:57:52.554 write initial data to InfluxDB successfully, status code is 204

2020-06-07 20:57:52.554 start obtaining value of specified variables

2020-06-07 20:57:52.554 obtain value of specified variables successfully

2020-06-07 20:57:52.554 FMU simulate a step from t=0.06

2020-06-07 20:57:52.554 FMU simulate the step from t=0.06 successfully

2020-06-07 20:57:52.554 start writing data after this step to InfluxDB

2020-06-07 20:57:52.556 write initial data to InfluxDB successfully, status code is 204

2020-06-07 20:57:52.556 start obtaining value of specified variables

2020-06-07 20:57:52.556 obtain value of specified variables successfully

2020-06-07 20:57:52.556 FMU simulate a step from t=0.07

2020-06-07 20:57:52.556 FMU simulate the step from t=0.07 successfully

2020-06-07 20:57:52.556 start writing data after this step to InfluxDB

2020-06-07 20:57:52.558 write initial data to InfluxDB successfully, status code is 204

2020-06-07 20:57:52.558 start obtaining value of specified variables

2020-06-07 20:57:52.558 obtain value of specified variables successfully

2020-06-07 20:57:52.558 FMU simulate a step from t=0.08

2020-06-07 20:57:52.558 FMU simulate the step from t=0.08 successfully

2020-06-07 20:57:52.558 start writing data after this step to InfluxDB

2020-06-07 20:57:52.560 write initial data to InfluxDB successfully, status code is 204

2020-06-07 20:57:52.560 start obtaining value of specified variables

2020-06-07 20:57:52.560 obtain value of specified variables successfully

2020-06-07 20:57:52.560 FMU simulate a step from t=0.09

2020-06-07 20:57:52.561 FMU simulate the step from t=0.09 successfully

2020-06-07 20:57:52.561 start writing data after this step to InfluxDB

2020-06-07 20:57:52.564 write initial data to InfluxDB successfully, status code is 204

2020-06-07 20:57:52.564 start obtaining value of specified variables

2020-06-07 20:57:52.564 obtain value of specified variables successfully

2020-06-07 20:57:52.564 FMU simulate a step from t=0.1

2020-06-07 20:57:52.565 FMU simulate the step from t=0.1 successfully

2020-06-07 20:57:52.565 start writing data after this step to InfluxDB

2020-06-07 20:57:52.567 write initial data to InfluxDB successfully, status code is 204

2020-06-07 20:57:52.567 start obtaining value of specified variables

2020-06-07 20:57:52.567 obtain value of specified variables successfully

2020-06-07 20:57:52.567 FMU simulate a step from t=0.11

2020-06-07 20:57:52.570 FMU simulate the step from t=0.11 successfully

2020-06-07 20:57:52.570 start writing data after this step to InfluxDB

2020-06-07 20:57:52.572 write initial data to InfluxDB successfully, status code is 204

2020-06-07 20:57:52.572 start obtaining value of specified variables

2020-06-07 20:57:52.572 obtain value of specified variables successfully

2020-06-07 20:57:52.572 FMU simulate a step from t=0.12

2020-06-07 20:57:52.573 FMU simulate the step from t=0.12 successfully

2020-06-07 20:57:52.573 start writing data after this step to InfluxDB

2020-06-07 20:57:52.575 write initial data to InfluxDB successfully, status code is 204

2020-06-07 20:57:52.575 start obtaining value of specified variables

2020-06-07 20:57:52.575 obtain value of specified variables successfully

2020-06-07 20:57:52.575 FMU simulate a step from t=0.13

2020-06-07 20:57:52.576 FMU simulate the step from t=0.13 successfully

2020-06-07 20:57:52.576 start writing data after this step to InfluxDB

2020-06-07 20:57:52.580 write initial data to InfluxDB successfully, status code is 204

2020-06-07 20:57:52.580 start obtaining value of specified variables

2020-06-07 20:57:52.580 obtain value of specified variables successfully

2020-06-07 20:57:52.580 FMU simulate a step from t=0.14

2020-06-07 20:57:52.580 FMU simulate the step from t=0.14 successfully

2020-06-07 20:57:52.580 start writing data after this step to InfluxDB

2020-06-07 20:57:52.582 write initial data to InfluxDB successfully, status code is 204

2020-06-07 20:57:52.582 start obtaining value of specified variables

2020-06-07 20:57:52.582 obtain value of specified variables successfully

2020-06-07 20:57:52.582 FMU simulate a step from t=0.15

2020-06-07 20:57:52.583 FMU simulate the step from t=0.15 successfully

2020-06-07 20:57:52.583 start writing data after this step to InfluxDB

2020-06-07 20:57:52.585 write initial data to InfluxDB successfully, status code is 204

2020-06-07 20:57:52.585 start obtaining value of specified variables

2020-06-07 20:57:52.585 obtain value of specified variables successfully

2020-06-07 20:57:52.585 FMU simulate a step from t=0.16

2020-06-07 20:57:52.585 FMU simulate the step from t=0.16 successfully

2020-06-07 20:57:52.585 start writing data after this step to InfluxDB

2020-06-07 20:57:52.587 write initial data to InfluxDB successfully, status code is 204

2020-06-07 20:57:52.587 start obtaining value of specified variables

2020-06-07 20:57:52.587 obtain value of specified variables successfully

2020-06-07 20:57:52.587 FMU simulate a step from t=0.17

2020-06-07 20:57:52.588 FMU simulate the step from t=0.17 successfully

2020-06-07 20:57:52.588 start writing data after this step to InfluxDB

2020-06-07 20:57:52.590 write initial data to InfluxDB successfully, status code is 204

2020-06-07 20:57:52.590 start obtaining value of specified variables

2020-06-07 20:57:52.590 obtain value of specified variables successfully

2020-06-07 20:57:52.590 FMU simulate a step from t=0.18

2020-06-07 20:57:52.591 FMU simulate the step from t=0.18 successfully

2020-06-07 20:57:52.591 start writing data after this step to InfluxDB

2020-06-07 20:57:52.593 write initial data to InfluxDB successfully, status code is 204

2020-06-07 20:57:52.593 start obtaining value of specified variables

2020-06-07 20:57:52.593 obtain value of specified variables successfully

2020-06-07 20:57:52.593 FMU simulate a step from t=0.19

2020-06-07 20:57:52.593 FMU simulate the step from t=0.19 successfully

2020-06-07 20:57:52.593 start writing data after this step to InfluxDB

2020-06-07 20:57:52.649 write initial data to InfluxDB successfully, status code is 204

2020-06-07 20:57:52.649 start obtaining value of specified variables

2020-06-07 20:57:52.649 obtain value of specified variables successfully

2020-06-07 20:57:52.649 FMU simulate a step from t=0.2

2020-06-07 20:57:52.650 FMU simulate the step from t=0.2 successfully

2020-06-07 20:57:52.650 start writing data after this step to InfluxDB

2020-06-07 20:57:52.652 write initial data to InfluxDB successfully, status code is 204

2020-06-07 20:57:52.652 start obtaining value of specified variables

2020-06-07 20:57:52.652 obtain value of specified variables successfully

2020-06-07 20:57:52.652 FMU simulate a step from t=0.21

2020-06-07 20:57:52.652 FMU simulate the step from t=0.21 successfully

2020-06-07 20:57:52.652 start writing data after this step to InfluxDB

2020-06-07 20:57:52.654 write initial data to InfluxDB successfully, status code is 204

2020-06-07 20:57:52.654 start obtaining value of specified variables

2020-06-07 20:57:52.654 obtain value of specified variables successfully

2020-06-07 20:57:52.654 FMU simulate a step from t=0.22

2020-06-07 20:57:52.655 FMU simulate the step from t=0.22 successfully

2020-06-07 20:57:52.655 start writing data after this step to InfluxDB

2020-06-07 20:57:52.657 write initial data to InfluxDB successfully, status code is 204

2020-06-07 20:57:52.657 start obtaining value of specified variables

2020-06-07 20:57:52.657 obtain value of specified variables successfully

2020-06-07 20:57:52.657 FMU simulate a step from t=0.23

2020-06-07 20:57:52.657 FMU simulate the step from t=0.23 successfully

2020-06-07 20:57:52.657 start writing data after this step to InfluxDB

2020-06-07 20:57:52.660 write initial data to InfluxDB successfully, status code is 204

2020-06-07 20:57:52.660 start obtaining value of specified variables

2020-06-07 20:57:52.660 obtain value of specified variables successfully

2020-06-07 20:57:52.660 FMU simulate a step from t=0.24

2020-06-07 20:57:52.660 FMU simulate the step from t=0.24 successfully

2020-06-07 20:57:52.660 start writing data after this step to InfluxDB

2020-06-07 20:57:52.670 write initial data to InfluxDB successfully, status code is 204

2020-06-07 20:57:52.670 start obtaining value of specified variables

2020-06-07 20:57:52.670 obtain value of specified variables successfully

2020-06-07 20:57:52.670 FMU simulate a step from t=0.25

2020-06-07 20:57:52.671 FMU simulate the step from t=0.25 successfully

2020-06-07 20:57:52.671 start writing data after this step to InfluxDB

2020-06-07 20:57:52.672 write initial data to InfluxDB successfully, status code is 204

2020-06-07 20:57:52.672 start obtaining value of specified variables

2020-06-07 20:57:52.672 obtain value of specified variables successfully

2020-06-07 20:57:52.673 FMU simulate a step from t=0.26

2020-06-07 20:57:52.673 FMU simulate the step from t=0.26 successfully

2020-06-07 20:57:52.673 start writing data after this step to InfluxDB

2020-06-07 20:57:52.674 write initial data to InfluxDB successfully, status code is 204

2020-06-07 20:57:52.674 start obtaining value of specified variables

2020-06-07 20:57:52.674 obtain value of specified variables successfully

2020-06-07 20:57:52.675 FMU simulate a step from t=0.27

2020-06-07 20:57:52.675 FMU simulate the step from t=0.27 successfully

2020-06-07 20:57:52.675 start writing data after this step to InfluxDB

2020-06-07 20:57:52.677 write initial data to InfluxDB successfully, status code is 204

2020-06-07 20:57:52.677 start obtaining value of specified variables

2020-06-07 20:57:52.677 obtain value of specified variables successfully

2020-06-07 20:57:52.677 FMU simulate a step from t=0.28

2020-06-07 20:57:52.677 FMU simulate the step from t=0.28 successfully

2020-06-07 20:57:52.678 start writing data after this step to InfluxDB

2020-06-07 20:57:52.679 write initial data to InfluxDB successfully, status code is 204

2020-06-07 20:57:52.679 start obtaining value of specified variables

2020-06-07 20:57:52.679 obtain value of specified variables successfully

2020-06-07 20:57:52.679 FMU simulate a step from t=0.29

2020-06-07 20:57:52.680 FMU simulate the step from t=0.29 successfully

2020-06-07 20:57:52.680 start writing data after this step to InfluxDB

2020-06-07 20:57:52.682 write initial data to InfluxDB successfully, status code is 204

2020-06-07 20:57:52.682 start obtaining value of specified variables

2020-06-07 20:57:52.682 obtain value of specified variables successfully

2020-06-07 20:57:52.682 FMU simulate a step from t=0.3

2020-06-07 20:57:52.682 FMU simulate the step from t=0.3 successfully

2020-06-07 20:57:52.682 start writing data after this step to InfluxDB

2020-06-07 20:57:52.684 write initial data to InfluxDB successfully, status code is 204

2020-06-07 20:57:52.684 start obtaining value of specified variables

2020-06-07 20:57:52.684 obtain value of specified variables successfully

2020-06-07 20:57:52.684 FMU simulate a step from t=0.31

2020-06-07 20:57:52.684 FMU simulate the step from t=0.31 successfully

2020-06-07 20:57:52.684 start writing data after this step to InfluxDB

2020-06-07 20:57:52.686 write initial data to InfluxDB successfully, status code is 204

2020-06-07 20:57:52.686 start obtaining value of specified variables

2020-06-07 20:57:52.686 obtain value of specified variables successfully

2020-06-07 20:57:52.686 FMU simulate a step from t=0.32

2020-06-07 20:57:52.686 FMU simulate the step from t=0.32 successfully

2020-06-07 20:57:52.686 start writing data after this step to InfluxDB

2020-06-07 20:57:52.688 write initial data to InfluxDB successfully, status code is 204

2020-06-07 20:57:52.688 start obtaining value of specified variables

2020-06-07 20:57:52.688 obtain value of specified variables successfully

2020-06-07 20:57:52.688 FMU simulate a step from t=0.33

2020-06-07 20:57:52.688 FMU simulate the step from t=0.33 successfully

2020-06-07 20:57:52.688 start writing data after this step to InfluxDB

2020-06-07 20:57:52.691 write initial data to InfluxDB successfully, status code is 204

2020-06-07 20:57:52.691 start obtaining value of specified variables

2020-06-07 20:57:52.691 obtain value of specified variables successfully

2020-06-07 20:57:52.691 FMU simulate a step from t=0.34

2020-06-07 20:57:52.691 FMU simulate the step from t=0.34 successfully

2020-06-07 20:57:52.691 start writing data after this step to InfluxDB

2020-06-07 20:57:52.693 write initial data to InfluxDB successfully, status code is 204

2020-06-07 20:57:52.693 start obtaining value of specified variables

2020-06-07 20:57:52.693 obtain value of specified variables successfully

2020-06-07 20:57:52.694 FMU simulate a step from t=0.35

2020-06-07 20:57:52.694 FMU simulate the step from t=0.35 successfully

2020-06-07 20:57:52.694 start writing data after this step to InfluxDB

2020-06-07 20:57:52.696 write initial data to InfluxDB successfully, status code is 204

2020-06-07 20:57:52.696 start obtaining value of specified variables

2020-06-07 20:57:52.696 obtain value of specified variables successfully

2020-06-07 20:57:52.696 FMU simulate a step from t=0.36

2020-06-07 20:57:52.697 FMU simulate the step from t=0.36 successfully

2020-06-07 20:57:52.697 start writing data after this step to InfluxDB

2020-06-07 20:57:52.698 write initial data to InfluxDB successfully, status code is 204

2020-06-07 20:57:52.698 start obtaining value of specified variables

2020-06-07 20:57:52.698 obtain value of specified variables successfully

2020-06-07 20:57:52.698 FMU simulate a step from t=0.37

2020-06-07 20:57:52.699 FMU simulate the step from t=0.37 successfully

2020-06-07 20:57:52.699 start writing data after this step to InfluxDB

2020-06-07 20:57:52.701 write initial data to InfluxDB successfully, status code is 204

2020-06-07 20:57:52.701 start obtaining value of specified variables

2020-06-07 20:57:52.701 obtain value of specified variables successfully

2020-06-07 20:57:52.701 FMU simulate a step from t=0.38

2020-06-07 20:57:52.701 FMU simulate the step from t=0.38 successfully

2020-06-07 20:57:52.701 start writing data after this step to InfluxDB

2020-06-07 20:57:52.704 write initial data to InfluxDB successfully, status code is 204

2020-06-07 20:57:52.704 start obtaining value of specified variables

2020-06-07 20:57:52.704 obtain value of specified variables successfully

2020-06-07 20:57:52.704 FMU simulate a step from t=0.39

2020-06-07 20:57:52.704 FMU simulate the step from t=0.39 successfully

2020-06-07 20:57:52.704 start writing data after this step to InfluxDB

2020-06-07 20:57:52.706 write initial data to InfluxDB successfully, status code is 204

2020-06-07 20:57:52.706 start obtaining value of specified variables

2020-06-07 20:57:52.706 obtain value of specified variables successfully

2020-06-07 20:57:52.706 FMU simulate a step from t=0.4

2020-06-07 20:57:52.706 FMU simulate the step from t=0.4 successfully

2020-06-07 20:57:52.706 start writing data after this step to InfluxDB

2020-06-07 20:57:52.708 write initial data to InfluxDB successfully, status code is 204

2020-06-07 20:57:52.708 start obtaining value of specified variables

2020-06-07 20:57:52.708 obtain value of specified variables successfully

2020-06-07 20:57:52.708 FMU simulate a step from t=0.41

2020-06-07 20:57:52.708 FMU simulate the step from t=0.41 successfully

2020-06-07 20:57:52.708 start writing data after this step to InfluxDB

2020-06-07 20:57:52.710 write initial data to InfluxDB successfully, status code is 204

2020-06-07 20:57:52.710 start obtaining value of specified variables

2020-06-07 20:57:52.710 obtain value of specified variables successfully

2020-06-07 20:57:52.710 FMU simulate a step from t=0.42

2020-06-07 20:57:52.710 FMU simulate the step from t=0.42 successfully

2020-06-07 20:57:52.710 start writing data after this step to InfluxDB

2020-06-07 20:57:52.713 write initial data to InfluxDB successfully, status code is 204

2020-06-07 20:57:52.713 start obtaining value of specified variables

2020-06-07 20:57:52.713 obtain value of specified variables successfully

2020-06-07 20:57:52.713 FMU simulate a step from t=0.43

2020-06-07 20:57:52.714 FMU simulate the step from t=0.43 successfully

2020-06-07 20:57:52.714 start writing data after this step to InfluxDB

2020-06-07 20:57:52.715 write initial data to InfluxDB successfully, status code is 204

2020-06-07 20:57:52.715 start obtaining value of specified variables

2020-06-07 20:57:52.715 obtain value of specified variables successfully

2020-06-07 20:57:52.715 FMU simulate a step from t=0.44

2020-06-07 20:57:52.716 FMU simulate the step from t=0.44 successfully

2020-06-07 20:57:52.716 start writing data after this step to InfluxDB

2020-06-07 20:57:52.717 write initial data to InfluxDB successfully, status code is 204

2020-06-07 20:57:52.717 start obtaining value of specified variables

2020-06-07 20:57:52.717 obtain value of specified variables successfully

2020-06-07 20:57:52.717 FMU simulate a step from t=0.45

2020-06-07 20:57:52.718 FMU simulate the step from t=0.45 successfully

2020-06-07 20:57:52.718 start writing data after this step to InfluxDB

2020-06-07 20:57:52.719 write initial data to InfluxDB successfully, status code is 204

2020-06-07 20:57:52.719 start obtaining value of specified variables

2020-06-07 20:57:52.720 obtain value of specified variables successfully

2020-06-07 20:57:52.720 FMU simulate a step from t=0.46

2020-06-07 20:57:52.720 FMU simulate the step from t=0.46 successfully

2020-06-07 20:57:52.720 start writing data after this step to InfluxDB

2020-06-07 20:57:52.722 write initial data to InfluxDB successfully, status code is 204

2020-06-07 20:57:52.723 start obtaining value of specified variables

2020-06-07 20:57:52.723 obtain value of specified variables successfully

2020-06-07 20:57:52.723 FMU simulate a step from t=0.47

2020-06-07 20:57:52.723 FMU simulate the step from t=0.47 successfully

2020-06-07 20:57:52.723 start writing data after this step to InfluxDB

2020-06-07 20:57:52.724 write initial data to InfluxDB successfully, status code is 204

2020-06-07 20:57:52.724 start obtaining value of specified variables

2020-06-07 20:57:52.725 obtain value of specified variables successfully

2020-06-07 20:57:52.725 FMU simulate a step from t=0.48

2020-06-07 20:57:52.725 FMU simulate the step from t=0.48 successfully

2020-06-07 20:57:52.725 start writing data after this step to InfluxDB

2020-06-07 20:57:52.726 write initial data to InfluxDB successfully, status code is 204

2020-06-07 20:57:52.727 start obtaining value of specified variables

2020-06-07 20:57:52.727 obtain value of specified variables successfully

2020-06-07 20:57:52.727 FMU simulate a step from t=0.49

2020-06-07 20:57:52.727 FMU simulate the step from t=0.49 successfully

2020-06-07 20:57:52.727 start writing data after this step to InfluxDB

2020-06-07 20:57:52.730 write initial data to InfluxDB successfully, status code is 204

2020-06-07 20:57:52.731 start obtaining value of specified variables

2020-06-07 20:57:52.731 obtain value of specified variables successfully

2020-06-07 20:57:52.731 FMU simulate a step from t=0.5

2020-06-07 20:57:52.731 FMU simulate the step from t=0.5 successfully

2020-06-07 20:57:52.731 start writing data after this step to InfluxDB

2020-06-07 20:57:52.733 write initial data to InfluxDB successfully, status code is 204

2020-06-07 20:57:52.733 start obtaining value of specified variables

2020-06-07 20:57:52.733 obtain value of specified variables successfully

2020-06-07 20:57:52.733 FMU simulate a step from t=0.51

2020-06-07 20:57:52.734 FMU simulate the step from t=0.51 successfully

2020-06-07 20:57:52.734 start writing data after this step to InfluxDB

2020-06-07 20:57:52.736 write initial data to InfluxDB successfully, status code is 204

2020-06-07 20:57:52.736 start obtaining value of specified variables

2020-06-07 20:57:52.736 obtain value of specified variables successfully

2020-06-07 20:57:52.736 FMU simulate a step from t=0.52

2020-06-07 20:57:52.737 FMU simulate the step from t=0.52 successfully

2020-06-07 20:57:52.737 start writing data after this step to InfluxDB

2020-06-07 20:57:52.738 write initial data to InfluxDB successfully, status code is 204

2020-06-07 20:57:52.738 start obtaining value of specified variables

2020-06-07 20:57:52.738 obtain value of specified variables successfully

2020-06-07 20:57:52.738 FMU simulate a step from t=0.53

2020-06-07 20:57:52.739 FMU simulate the step from t=0.53 successfully

2020-06-07 20:57:52.739 start writing data after this step to InfluxDB

2020-06-07 20:57:52.740 write initial data to InfluxDB successfully, status code is 204

2020-06-07 20:57:52.740 start obtaining value of specified variables

2020-06-07 20:57:52.740 obtain value of specified variables successfully

2020-06-07 20:57:52.740 FMU simulate a step from t=0.54

2020-06-07 20:57:52.741 FMU simulate the step from t=0.54 successfully

2020-06-07 20:57:52.741 start writing data after this step to InfluxDB

2020-06-07 20:57:52.742 write initial data to InfluxDB successfully, status code is 204

2020-06-07 20:57:52.742 start obtaining value of specified variables

2020-06-07 20:57:52.742 obtain value of specified variables successfully

2020-06-07 20:57:52.742 FMU simulate a step from t=0.55

2020-06-07 20:57:52.742 FMU simulate the step from t=0.55 successfully

2020-06-07 20:57:52.742 start writing data after this step to InfluxDB

2020-06-07 20:57:52.744 write initial data to InfluxDB successfully, status code is 204

2020-06-07 20:57:52.744 start obtaining value of specified variables

2020-06-07 20:57:52.744 obtain value of specified variables successfully

2020-06-07 20:57:52.744 FMU simulate a step from t=0.56

2020-06-07 20:57:52.745 FMU simulate the step from t=0.56 successfully

2020-06-07 20:57:52.745 start writing data after this step to InfluxDB

2020-06-07 20:57:52.747 write initial data to InfluxDB successfully, status code is 204

2020-06-07 20:57:52.747 start obtaining value of specified variables

2020-06-07 20:57:52.747 obtain value of specified variables successfully

2020-06-07 20:57:52.747 FMU simulate a step from t=0.57

2020-06-07 20:57:52.747 FMU simulate the step from t=0.57 successfully

2020-06-07 20:57:52.747 start writing data after this step to InfluxDB

2020-06-07 20:57:52.750 write initial data to InfluxDB successfully, status code is 204

2020-06-07 20:57:52.750 start obtaining value of specified variables

2020-06-07 20:57:52.750 obtain value of specified variables successfully

2020-06-07 20:57:52.750 FMU simulate a step from t=0.58

2020-06-07 20:57:52.750 FMU simulate the step from t=0.58 successfully

2020-06-07 20:57:52.750 start writing data after this step to InfluxDB

2020-06-07 20:57:52.752 write initial data to InfluxDB successfully, status code is 204

2020-06-07 20:57:52.752 start obtaining value of specified variables

2020-06-07 20:57:52.753 obtain value of specified variables successfully

2020-06-07 20:57:52.753 FMU simulate a step from t=0.59

2020-06-07 20:57:52.753 FMU simulate the step from t=0.59 successfully

2020-06-07 20:57:52.753 start writing data after this step to InfluxDB

2020-06-07 20:57:52.755 write initial data to InfluxDB successfully, status code is 204

2020-06-07 20:57:52.755 start obtaining value of specified variables

2020-06-07 20:57:52.755 obtain value of specified variables successfully

2020-06-07 20:57:52.755 FMU simulate a step from t=0.6

2020-06-07 20:57:52.755 FMU simulate the step from t=0.6 successfully

2020-06-07 20:57:52.755 start writing data after this step to InfluxDB

2020-06-07 20:57:52.757 write initial data to InfluxDB successfully, status code is 204

2020-06-07 20:57:52.757 start obtaining value of specified variables

2020-06-07 20:57:52.757 obtain value of specified variables successfully

2020-06-07 20:57:52.757 FMU simulate a step from t=0.61

2020-06-07 20:57:52.757 FMU simulate the step from t=0.61 successfully

2020-06-07 20:57:52.757 start writing data after this step to InfluxDB

2020-06-07 20:57:52.759 write initial data to InfluxDB successfully, status code is 204

2020-06-07 20:57:52.759 start obtaining value of specified variables

2020-06-07 20:57:52.759 obtain value of specified variables successfully

2020-06-07 20:57:52.759 FMU simulate a step from t=0.62

2020-06-07 20:57:52.759 FMU simulate the step from t=0.62 successfully

2020-06-07 20:57:52.759 start writing data after this step to InfluxDB

2020-06-07 20:57:52.762 write initial data to InfluxDB successfully, status code is 204

2020-06-07 20:57:52.762 start obtaining value of specified variables

2020-06-07 20:57:52.762 obtain value of specified variables successfully

2020-06-07 20:57:52.762 FMU simulate a step from t=0.63

2020-06-07 20:57:52.763 FMU simulate the step from t=0.63 successfully

2020-06-07 20:57:52.763 start writing data after this step to InfluxDB

2020-06-07 20:57:52.765 write initial data to InfluxDB successfully, status code is 204

2020-06-07 20:57:52.765 start obtaining value of specified variables

2020-06-07 20:57:52.765 obtain value of specified variables successfully

2020-06-07 20:57:52.765 FMU simulate a step from t=0.64

2020-06-07 20:57:52.765 FMU simulate the step from t=0.64 successfully

2020-06-07 20:57:52.765 start writing data after this step to InfluxDB

2020-06-07 20:57:52.767 write initial data to InfluxDB successfully, status code is 204

2020-06-07 20:57:52.767 start obtaining value of specified variables

2020-06-07 20:57:52.767 obtain value of specified variables successfully

2020-06-07 20:57:52.767 FMU simulate a step from t=0.65

2020-06-07 20:57:52.767 FMU simulate the step from t=0.65 successfully

2020-06-07 20:57:52.767 start writing data after this step to InfluxDB

2020-06-07 20:57:52.769 write initial data to InfluxDB successfully, status code is 204

2020-06-07 20:57:52.769 start obtaining value of specified variables

2020-06-07 20:57:52.769 obtain value of specified variables successfully

2020-06-07 20:57:52.769 FMU simulate a step from t=0.66

2020-06-07 20:57:52.769 FMU simulate the step from t=0.66 successfully

2020-06-07 20:57:52.769 start writing data after this step to InfluxDB

2020-06-07 20:57:52.771 write initial data to InfluxDB successfully, status code is 204

2020-06-07 20:57:52.771 start obtaining value of specified variables

2020-06-07 20:57:52.771 obtain value of specified variables successfully

2020-06-07 20:57:52.771 FMU simulate a step from t=0.67

2020-06-07 20:57:52.771 FMU simulate the step from t=0.67 successfully

2020-06-07 20:57:52.771 start writing data after this step to InfluxDB

2020-06-07 20:57:52.773 write initial data to InfluxDB successfully, status code is 204

2020-06-07 20:57:52.773 start obtaining value of specified variables

2020-06-07 20:57:52.773 obtain value of specified variables successfully

2020-06-07 20:57:52.773 FMU simulate a step from t=0.68

2020-06-07 20:57:52.773 FMU simulate the step from t=0.68 successfully

2020-06-07 20:57:52.773 start writing data after this step to InfluxDB

2020-06-07 20:57:52.775 write initial data to InfluxDB successfully, status code is 204

2020-06-07 20:57:52.775 start obtaining value of specified variables

2020-06-07 20:57:52.775 obtain value of specified variables successfully

2020-06-07 20:57:52.775 FMU simulate a step from t=0.69

2020-06-07 20:57:52.775 FMU simulate the step from t=0.69 successfully

2020-06-07 20:57:52.775 start writing data after this step to InfluxDB

2020-06-07 20:57:52.779 write initial data to InfluxDB successfully, status code is 204

2020-06-07 20:57:52.779 start obtaining value of specified variables

2020-06-07 20:57:52.779 obtain value of specified variables successfully

2020-06-07 20:57:52.779 FMU simulate a step from t=0.7

2020-06-07 20:57:52.779 FMU simulate the step from t=0.7 successfully

2020-06-07 20:57:52.779 start writing data after this step to InfluxDB

2020-06-07 20:57:52.781 write initial data to InfluxDB successfully, status code is 204

2020-06-07 20:57:52.781 start obtaining value of specified variables

2020-06-07 20:57:52.781 obtain value of specified variables successfully

2020-06-07 20:57:52.781 FMU simulate a step from t=0.71

2020-06-07 20:57:52.781 FMU simulate the step from t=0.71 successfully

2020-06-07 20:57:52.781 start writing data after this step to InfluxDB

2020-06-07 20:57:52.784 write initial data to InfluxDB successfully, status code is 204

2020-06-07 20:57:52.784 start obtaining value of specified variables

2020-06-07 20:57:52.784 obtain value of specified variables successfully

2020-06-07 20:57:52.784 FMU simulate a step from t=0.72

2020-06-07 20:57:52.784 FMU simulate the step from t=0.72 successfully

2020-06-07 20:57:52.784 start writing data after this step to InfluxDB

2020-06-07 20:57:52.786 write initial data to InfluxDB successfully, status code is 204

2020-06-07 20:57:52.786 start obtaining value of specified variables

2020-06-07 20:57:52.786 obtain value of specified variables successfully

2020-06-07 20:57:52.786 FMU simulate a step from t=0.73

2020-06-07 20:57:52.786 FMU simulate the step from t=0.73 successfully

2020-06-07 20:57:52.786 start writing data after this step to InfluxDB

2020-06-07 20:57:52.789 write initial data to InfluxDB successfully, status code is 204

2020-06-07 20:57:52.789 start obtaining value of specified variables

2020-06-07 20:57:52.789 obtain value of specified variables successfully

2020-06-07 20:57:52.789 FMU simulate a step from t=0.74

2020-06-07 20:57:52.789 FMU simulate the step from t=0.74 successfully

2020-06-07 20:57:52.789 start writing data after this step to InfluxDB

2020-06-07 20:57:52.791 write initial data to InfluxDB successfully, status code is 204

2020-06-07 20:57:52.791 start obtaining value of specified variables

2020-06-07 20:57:52.791 obtain value of specified variables successfully

2020-06-07 20:57:52.791 FMU simulate a step from t=0.75

2020-06-07 20:57:52.792 FMU simulate the step from t=0.75 successfully

2020-06-07 20:57:52.792 start writing data after this step to InfluxDB

2020-06-07 20:57:52.794 write initial data to InfluxDB successfully, status code is 204

2020-06-07 20:57:52.794 start obtaining value of specified variables

2020-06-07 20:57:52.794 obtain value of specified variables successfully

2020-06-07 20:57:52.794 FMU simulate a step from t=0.76

2020-06-07 20:57:52.794 FMU simulate the step from t=0.76 successfully

2020-06-07 20:57:52.795 start writing data after this step to InfluxDB

2020-06-07 20:57:52.796 write initial data to InfluxDB successfully, status code is 204

2020-06-07 20:57:52.797 start obtaining value of specified variables

2020-06-07 20:57:52.797 obtain value of specified variables successfully

2020-06-07 20:57:52.797 FMU simulate a step from t=0.77

2020-06-07 20:57:52.797 FMU simulate the step from t=0.77 successfully

2020-06-07 20:57:52.797 start writing data after this step to InfluxDB

2020-06-07 20:57:52.799 write initial data to InfluxDB successfully, status code is 204

2020-06-07 20:57:52.799 start obtaining value of specified variables

2020-06-07 20:57:52.799 obtain value of specified variables successfully

2020-06-07 20:57:52.799 FMU simulate a step from t=0.78

2020-06-07 20:57:52.799 FMU simulate the step from t=0.78 successfully

2020-06-07 20:57:52.799 start writing data after this step to InfluxDB

2020-06-07 20:57:52.801 write initial data to InfluxDB successfully, status code is 204

2020-06-07 20:57:52.801 start obtaining value of specified variables

2020-06-07 20:57:52.801 obtain value of specified variables successfully

2020-06-07 20:57:52.801 FMU simulate a step from t=0.79

2020-06-07 20:57:52.801 FMU simulate the step from t=0.79 successfully

2020-06-07 20:57:52.801 start writing data after this step to InfluxDB

2020-06-07 20:57:52.804 write initial data to InfluxDB successfully, status code is 204

2020-06-07 20:57:52.804 start obtaining value of specified variables

2020-06-07 20:57:52.804 obtain value of specified variables successfully

2020-06-07 20:57:52.804 FMU simulate a step from t=0.8

2020-06-07 20:57:52.804 FMU simulate the step from t=0.8 successfully

2020-06-07 20:57:52.804 start writing data after this step to InfluxDB

2020-06-07 20:57:52.806 write initial data to InfluxDB successfully, status code is 204

2020-06-07 20:57:52.806 start obtaining value of specified variables

2020-06-07 20:57:52.806 obtain value of specified variables successfully

2020-06-07 20:57:52.806 FMU simulate a step from t=0.81

2020-06-07 20:57:52.806 FMU simulate the step from t=0.81 successfully

2020-06-07 20:57:52.806 start writing data after this step to InfluxDB

2020-06-07 20:57:52.808 write initial data to InfluxDB successfully, status code is 204

2020-06-07 20:57:52.808 start obtaining value of specified variables

2020-06-07 20:57:52.808 obtain value of specified variables successfully

2020-06-07 20:57:52.808 FMU simulate a step from t=0.82

2020-06-07 20:57:52.808 FMU simulate the step from t=0.82 successfully

2020-06-07 20:57:52.808 start writing data after this step to InfluxDB

2020-06-07 20:57:52.810 write initial data to InfluxDB successfully, status code is 204

2020-06-07 20:57:52.810 start obtaining value of specified variables

2020-06-07 20:57:52.811 obtain value of specified variables successfully

2020-06-07 20:57:52.811 FMU simulate a step from t=0.83

2020-06-07 20:57:52.811 FMU simulate the step from t=0.83 successfully

2020-06-07 20:57:52.811 start writing data after this step to InfluxDB

2020-06-07 20:57:52.812 write initial data to InfluxDB successfully, status code is 204

2020-06-07 20:57:52.812 start obtaining value of specified variables

2020-06-07 20:57:52.813 obtain value of specified variables successfully

2020-06-07 20:57:52.813 FMU simulate a step from t=0.84

2020-06-07 20:57:52.813 FMU simulate the step from t=0.84 successfully

2020-06-07 20:57:52.813 start writing data after this step to InfluxDB

2020-06-07 20:57:52.814 write initial data to InfluxDB successfully, status code is 204

2020-06-07 20:57:52.814 start obtaining value of specified variables

2020-06-07 20:57:52.814 obtain value of specified variables successfully

2020-06-07 20:57:52.814 FMU simulate a step from t=0.85

2020-06-07 20:57:52.815 FMU simulate the step from t=0.85 successfully

2020-06-07 20:57:52.815 start writing data after this step to InfluxDB

2020-06-07 20:57:52.817 write initial data to InfluxDB successfully, status code is 204

2020-06-07 20:57:52.817 start obtaining value of specified variables

2020-06-07 20:57:52.817 obtain value of specified variables successfully

2020-06-07 20:57:52.817 FMU simulate a step from t=0.86

2020-06-07 20:57:52.817 FMU simulate the step from t=0.86 successfully

2020-06-07 20:57:52.817 start writing data after this step to InfluxDB

2020-06-07 20:57:52.818 write initial data to InfluxDB successfully, status code is 204

2020-06-07 20:57:52.818 start obtaining value of specified variables

2020-06-07 20:57:52.818 obtain value of specified variables successfully

2020-06-07 20:57:52.818 FMU simulate a step from t=0.87

2020-06-07 20:57:52.819 FMU simulate the step from t=0.87 successfully

2020-06-07 20:57:52.819 start writing data after this step to InfluxDB

2020-06-07 20:57:52.820 write initial data to InfluxDB successfully, status code is 204

2020-06-07 20:57:52.820 start obtaining value of specified variables

2020-06-07 20:57:52.820 obtain value of specified variables successfully

2020-06-07 20:57:52.820 FMU simulate a step from t=0.88

2020-06-07 20:57:52.820 FMU simulate the step from t=0.88 successfully

2020-06-07 20:57:52.821 start writing data after this step to InfluxDB

2020-06-07 20:57:52.822 write initial data to InfluxDB successfully, status code is 204

2020-06-07 20:57:52.822 start obtaining value of specified variables

2020-06-07 20:57:52.822 obtain value of specified variables successfully

2020-06-07 20:57:52.822 FMU simulate a step from t=0.89

2020-06-07 20:57:52.822 FMU simulate the step from t=0.89 successfully

2020-06-07 20:57:52.822 start writing data after this step to InfluxDB

2020-06-07 20:57:52.824 write initial data to InfluxDB successfully, status code is 204

2020-06-07 20:57:52.824 start obtaining value of specified variables

2020-06-07 20:57:52.824 obtain value of specified variables successfully

2020-06-07 20:57:52.824 FMU simulate a step from t=0.9

2020-06-07 20:57:52.824 FMU simulate the step from t=0.9 successfully

2020-06-07 20:57:52.824 start writing data after this step to InfluxDB

2020-06-07 20:57:52.826 write initial data to InfluxDB successfully, status code is 204

2020-06-07 20:57:52.826 start obtaining value of specified variables

2020-06-07 20:57:52.826 obtain value of specified variables successfully

2020-06-07 20:57:52.826 FMU simulate a step from t=0.91

2020-06-07 20:57:52.826 FMU simulate the step from t=0.91 successfully

2020-06-07 20:57:52.826 start writing data after this step to InfluxDB

2020-06-07 20:57:52.829 write initial data to InfluxDB successfully, status code is 204

2020-06-07 20:57:52.829 start obtaining value of specified variables

2020-06-07 20:57:52.829 obtain value of specified variables successfully

2020-06-07 20:57:52.829 FMU simulate a step from t=0.92

2020-06-07 20:57:52.829 FMU simulate the step from t=0.92 successfully

2020-06-07 20:57:52.829 start writing data after this step to InfluxDB

2020-06-07 20:57:52.831 write initial data to InfluxDB successfully, status code is 204

2020-06-07 20:57:52.831 start obtaining value of specified variables

2020-06-07 20:57:52.831 obtain value of specified variables successfully

2020-06-07 20:57:52.831 FMU simulate a step from t=0.93

2020-06-07 20:57:52.832 FMU simulate the step from t=0.93 successfully

2020-06-07 20:57:52.832 start writing data after this step to InfluxDB

2020-06-07 20:57:52.833 write initial data to InfluxDB successfully, status code is 204

2020-06-07 20:57:52.833 start obtaining value of specified variables

2020-06-07 20:57:52.833 obtain value of specified variables successfully

2020-06-07 20:57:52.833 FMU simulate a step from t=0.94

2020-06-07 20:57:52.834 FMU simulate the step from t=0.94 successfully

2020-06-07 20:57:52.834 start writing data after this step to InfluxDB

2020-06-07 20:57:52.835 write initial data to InfluxDB successfully, status code is 204

2020-06-07 20:57:52.835 start obtaining value of specified variables

2020-06-07 20:57:52.836 obtain value of specified variables successfully

2020-06-07 20:57:52.836 FMU simulate a step from t=0.95

2020-06-07 20:57:52.836 FMU simulate the step from t=0.95 successfully

2020-06-07 20:57:52.836 start writing data after this step to InfluxDB

2020-06-07 20:57:52.837 write initial data to InfluxDB successfully, status code is 204

2020-06-07 20:57:52.837 start obtaining value of specified variables

2020-06-07 20:57:52.837 obtain value of specified variables successfully

2020-06-07 20:57:52.837 FMU simulate a step from t=0.96

2020-06-07 20:57:52.838 FMU simulate the step from t=0.96 successfully

2020-06-07 20:57:52.838 start writing data after this step to InfluxDB

2020-06-07 20:57:52.839 write initial data to InfluxDB successfully, status code is 204

2020-06-07 20:57:52.839 start obtaining value of specified variables

2020-06-07 20:57:52.839 obtain value of specified variables successfully

2020-06-07 20:57:52.839 FMU simulate a step from t=0.97

2020-06-07 20:57:52.840 FMU simulate the step from t=0.97 successfully

2020-06-07 20:57:52.840 start writing data after this step to InfluxDB

2020-06-07 20:57:52.841 write initial data to InfluxDB successfully, status code is 204

2020-06-07 20:57:52.841 start obtaining value of specified variables

2020-06-07 20:57:52.841 obtain value of specified variables successfully

2020-06-07 20:57:52.841 FMU simulate a step from t=0.98

2020-06-07 20:57:52.841 FMU simulate the step from t=0.98 successfully

2020-06-07 20:57:52.841 start writing data after this step to InfluxDB

2020-06-07 20:57:52.843 write initial data to InfluxDB successfully, status code is 204

2020-06-07 20:57:52.843 start obtaining value of specified variables

2020-06-07 20:57:52.843 obtain value of specified variables successfully

2020-06-07 20:57:52.844 FMU simulate a step from t=0.99

2020-06-07 20:57:52.844 FMU simulate the step from t=0.99 successfully

2020-06-07 20:57:52.844 start writing data after this step to InfluxDB

2020-06-07 20:57:52.847 write initial data to InfluxDB successfully, status code is 204

2020-06-07 20:57:52.847 start obtaining value of specified variables

2020-06-07 20:57:52.847 obtain value of specified variables successfully

2020-06-07 20:57:52.847 FMU simulate a step from t=1

2020-06-07 20:57:52.848 FMU simulate the step from t=1 successfully

2020-06-07 20:57:52.848 start writing data after this step to InfluxDB

2020-06-07 20:57:52.850 write initial data to InfluxDB successfully, status code is 204

2020-06-07 20:57:52.850 start obtaining value of specified variables

2020-06-07 20:57:52.850 obtain value of specified variables successfully

2020-06-07 20:57:52.850 FMU simulate a step from t=1.01

2020-06-07 20:57:52.850 FMU simulate the step from t=1.01 successfully

2020-06-07 20:57:52.850 start writing data after this step to InfluxDB

2020-06-07 20:57:52.852 write initial data to InfluxDB successfully, status code is 204

2020-06-07 20:57:52.852 start obtaining value of specified variables

2020-06-07 20:57:52.852 obtain value of specified variables successfully

2020-06-07 20:57:52.852 FMU simulate a step from t=1.02

2020-06-07 20:57:52.852 FMU simulate the step from t=1.02 successfully

2020-06-07 20:57:52.852 start writing data after this step to InfluxDB

2020-06-07 20:57:52.854 write initial data to InfluxDB successfully, status code is 204

2020-06-07 20:57:52.854 start obtaining value of specified variables

2020-06-07 20:57:52.854 obtain value of specified variables successfully

2020-06-07 20:57:52.854 FMU simulate a step from t=1.03

2020-06-07 20:57:52.854 FMU simulate the step from t=1.03 successfully

2020-06-07 20:57:52.854 start writing data after this step to InfluxDB

2020-06-07 20:57:52.856 write initial data to InfluxDB successfully, status code is 204

2020-06-07 20:57:52.856 start obtaining value of specified variables

2020-06-07 20:57:52.856 obtain value of specified variables successfully

2020-06-07 20:57:52.856 FMU simulate a step from t=1.04

2020-06-07 20:57:52.856 FMU simulate the step from t=1.04 successfully

2020-06-07 20:57:52.856 start writing data after this step to InfluxDB

2020-06-07 20:57:52.858 write initial data to InfluxDB successfully, status code is 204

2020-06-07 20:57:52.858 start obtaining value of specified variables

2020-06-07 20:57:52.859 obtain value of specified variables successfully

2020-06-07 20:57:52.859 FMU simulate a step from t=1.05

2020-06-07 20:57:52.859 FMU simulate the step from t=1.05 successfully

2020-06-07 20:57:52.859 start writing data after this step to InfluxDB

2020-06-07 20:57:52.861 write initial data to InfluxDB successfully, status code is 204

2020-06-07 20:57:52.861 start obtaining value of specified variables

2020-06-07 20:57:52.861 obtain value of specified variables successfully

2020-06-07 20:57:52.861 FMU simulate a step from t=1.06

2020-06-07 20:57:52.861 FMU simulate the step from t=1.06 successfully

2020-06-07 20:57:52.862 start writing data after this step to InfluxDB

2020-06-07 20:57:52.863 write initial data to InfluxDB successfully, status code is 204

2020-06-07 20:57:52.863 start obtaining value of specified variables

2020-06-07 20:57:52.863 obtain value of specified variables successfully

2020-06-07 20:57:52.863 FMU simulate a step from t=1.07

2020-06-07 20:57:52.864 FMU simulate the step from t=1.07 successfully

2020-06-07 20:57:52.864 start writing data after this step to InfluxDB

2020-06-07 20:57:52.872 write initial data to InfluxDB successfully, status code is 204

2020-06-07 20:57:52.872 start obtaining value of specified variables

2020-06-07 20:57:52.872 obtain value of specified variables successfully

2020-06-07 20:57:52.872 FMU simulate a step from t=1.08

2020-06-07 20:57:52.872 FMU simulate the step from t=1.08 successfully

2020-06-07 20:57:52.872 start writing data after this step to InfluxDB

2020-06-07 20:57:52.877 write initial data to InfluxDB successfully, status code is 204

2020-06-07 20:57:52.877 start obtaining value of specified variables

2020-06-07 20:57:52.877 obtain value of specified variables successfully

2020-06-07 20:57:52.877 FMU simulate a step from t=1.09

2020-06-07 20:57:52.878 FMU simulate the step from t=1.09 successfully

2020-06-07 20:57:52.878 start writing data after this step to InfluxDB

2020-06-07 20:57:52.881 write initial data to InfluxDB successfully, status code is 204

2020-06-07 20:57:52.881 start obtaining value of specified variables

2020-06-07 20:57:52.881 obtain value of specified variables successfully

2020-06-07 20:57:52.881 FMU simulate a step from t=1.1

2020-06-07 20:57:52.881 FMU simulate the step from t=1.1 successfully

2020-06-07 20:57:52.881 start writing data after this step to InfluxDB

2020-06-07 20:57:52.883 write initial data to InfluxDB successfully, status code is 204

2020-06-07 20:57:52.884 start obtaining value of specified variables

2020-06-07 20:57:52.884 obtain value of specified variables successfully

2020-06-07 20:57:52.884 FMU simulate a step from t=1.11

2020-06-07 20:57:52.884 FMU simulate the step from t=1.11 successfully

2020-06-07 20:57:52.884 start writing data after this step to InfluxDB

2020-06-07 20:57:52.886 write initial data to InfluxDB successfully, status code is 204

2020-06-07 20:57:52.886 start obtaining value of specified variables

2020-06-07 20:57:52.886 obtain value of specified variables successfully

2020-06-07 20:57:52.886 FMU simulate a step from t=1.12

2020-06-07 20:57:52.887 FMU simulate the step from t=1.12 successfully

2020-06-07 20:57:52.887 start writing data after this step to InfluxDB

2020-06-07 20:57:52.888 write initial data to InfluxDB successfully, status code is 204

2020-06-07 20:57:52.888 start obtaining value of specified variables

2020-06-07 20:57:52.888 obtain value of specified variables successfully

2020-06-07 20:57:52.888 FMU simulate a step from t=1.13

2020-06-07 20:57:52.889 FMU simulate the step from t=1.13 successfully

2020-06-07 20:57:52.889 start writing data after this step to InfluxDB

2020-06-07 20:57:52.890 write initial data to InfluxDB successfully, status code is 204

2020-06-07 20:57:52.890 start obtaining value of specified variables

2020-06-07 20:57:52.890 obtain value of specified variables successfully

2020-06-07 20:57:52.891 FMU simulate a step from t=1.14

2020-06-07 20:57:52.891 FMU simulate the step from t=1.14 successfully

2020-06-07 20:57:52.891 start writing data after this step to InfluxDB

2020-06-07 20:57:52.895 write initial data to InfluxDB successfully, status code is 204

2020-06-07 20:57:52.896 start obtaining value of specified variables

2020-06-07 20:57:52.896 obtain value of specified variables successfully

2020-06-07 20:57:52.896 FMU simulate a step from t=1.15

2020-06-07 20:57:52.896 FMU simulate the step from t=1.15 successfully

2020-06-07 20:57:52.896 start writing data after this step to InfluxDB

2020-06-07 20:57:52.898 write initial data to InfluxDB successfully, status code is 204

2020-06-07 20:57:52.898 start obtaining value of specified variables

2020-06-07 20:57:52.898 obtain value of specified variables successfully

2020-06-07 20:57:52.898 FMU simulate a step from t=1.16

2020-06-07 20:57:52.898 FMU simulate the step from t=1.16 successfully

2020-06-07 20:57:52.898 start writing data after this step to InfluxDB

2020-06-07 20:57:52.900 write initial data to InfluxDB successfully, status code is 204

2020-06-07 20:57:52.900 start obtaining value of specified variables

2020-06-07 20:57:52.900 obtain value of specified variables successfully

2020-06-07 20:57:52.900 FMU simulate a step from t=1.17

2020-06-07 20:57:52.900 FMU simulate the step from t=1.17 successfully

2020-06-07 20:57:52.900 start writing data after this step to InfluxDB

2020-06-07 20:57:52.903 write initial data to InfluxDB successfully, status code is 204

2020-06-07 20:57:52.903 start obtaining value of specified variables

2020-06-07 20:57:52.903 obtain value of specified variables successfully

2020-06-07 20:57:52.903 FMU simulate a step from t=1.18

2020-06-07 20:57:52.903 FMU simulate the step from t=1.18 successfully

2020-06-07 20:57:52.903 start writing data after this step to InfluxDB

2020-06-07 20:57:52.906 write initial data to InfluxDB successfully, status code is 204

2020-06-07 20:57:52.906 start obtaining value of specified variables

2020-06-07 20:57:52.906 obtain value of specified variables successfully

2020-06-07 20:57:52.906 FMU simulate a step from t=1.19

2020-06-07 20:57:52.907 FMU simulate the step from t=1.19 successfully

2020-06-07 20:57:52.907 start writing data after this step to InfluxDB

2020-06-07 20:57:52.908 write initial data to InfluxDB successfully, status code is 204

2020-06-07 20:57:52.908 start obtaining value of specified variables

2020-06-07 20:57:52.909 obtain value of specified variables successfully

2020-06-07 20:57:52.909 FMU simulate a step from t=1.2

2020-06-07 20:57:52.909 FMU simulate the step from t=1.2 successfully

2020-06-07 20:57:52.909 start writing data after this step to InfluxDB

2020-06-07 20:57:52.911 write initial data to InfluxDB successfully, status code is 204

2020-06-07 20:57:52.911 start obtaining value of specified variables

2020-06-07 20:57:52.911 obtain value of specified variables successfully

2020-06-07 20:57:52.911 FMU simulate a step from t=1.21

2020-06-07 20:57:52.911 FMU simulate the step from t=1.21 successfully

2020-06-07 20:57:52.911 start writing data after this step to InfluxDB

2020-06-07 20:57:52.913 write initial data to InfluxDB successfully, status code is 204

2020-06-07 20:57:52.913 start obtaining value of specified variables

2020-06-07 20:57:52.913 obtain value of specified variables successfully

2020-06-07 20:57:52.913 FMU simulate a step from t=1.22

2020-06-07 20:57:52.913 FMU simulate the step from t=1.22 successfully

2020-06-07 20:57:52.913 start writing data after this step to InfluxDB

2020-06-07 20:57:52.915 write initial data to InfluxDB successfully, status code is 204

2020-06-07 20:57:52.915 start obtaining value of specified variables

2020-06-07 20:57:52.915 obtain value of specified variables successfully

2020-06-07 20:57:52.915 FMU simulate a step from t=1.23

2020-06-07 20:57:52.918 FMU simulate the step from t=1.23 successfully

2020-06-07 20:57:52.919 start writing data after this step to InfluxDB

2020-06-07 20:57:52.920 write initial data to InfluxDB successfully, status code is 204

2020-06-07 20:57:52.920 start obtaining value of specified variables

2020-06-07 20:57:52.921 obtain value of specified variables successfully

2020-06-07 20:57:52.921 FMU simulate a step from t=1.24

2020-06-07 20:57:52.923 FMU simulate the step from t=1.24 successfully

2020-06-07 20:57:52.923 start writing data after this step to InfluxDB

2020-06-07 20:57:52.925 write initial data to InfluxDB successfully, status code is 204

2020-06-07 20:57:52.925 start obtaining value of specified variables

2020-06-07 20:57:52.925 obtain value of specified variables successfully

2020-06-07 20:57:52.925 FMU simulate a step from t=1.25

2020-06-07 20:57:52.926 FMU simulate the step from t=1.25 successfully

2020-06-07 20:57:52.926 start writing data after this step to InfluxDB

2020-06-07 20:57:52.929 write initial data to InfluxDB successfully, status code is 204

2020-06-07 20:57:52.929 start obtaining value of specified variables

2020-06-07 20:57:52.929 obtain value of specified variables successfully

2020-06-07 20:57:52.929 FMU simulate a step from t=1.26

2020-06-07 20:57:52.930 FMU simulate the step from t=1.26 successfully

2020-06-07 20:57:52.930 start writing data after this step to InfluxDB

2020-06-07 20:57:52.932 write initial data to InfluxDB successfully, status code is 204

2020-06-07 20:57:52.932 start obtaining value of specified variables

2020-06-07 20:57:52.932 obtain value of specified variables successfully

2020-06-07 20:57:52.932 FMU simulate a step from t=1.27

2020-06-07 20:57:52.932 FMU simulate the step from t=1.27 successfully

2020-06-07 20:57:52.932 start writing data after this step to InfluxDB

2020-06-07 20:57:52.935 write initial data to InfluxDB successfully, status code is 204

2020-06-07 20:57:52.935 start obtaining value of specified variables

2020-06-07 20:57:52.935 obtain value of specified variables successfully

2020-06-07 20:57:52.935 FMU simulate a step from t=1.28

2020-06-07 20:57:52.935 FMU simulate the step from t=1.28 successfully

2020-06-07 20:57:52.936 start writing data after this step to InfluxDB

2020-06-07 20:57:52.937 write initial data to InfluxDB successfully, status code is 204

2020-06-07 20:57:52.937 start obtaining value of specified variables

2020-06-07 20:57:52.937 obtain value of specified variables successfully

2020-06-07 20:57:52.937 FMU simulate a step from t=1.29

2020-06-07 20:57:52.938 FMU simulate the step from t=1.29 successfully

2020-06-07 20:57:52.938 start writing data after this step to InfluxDB

2020-06-07 20:57:52.939 write initial data to InfluxDB successfully, status code is 204

2020-06-07 20:57:52.939 start obtaining value of specified variables

2020-06-07 20:57:52.939 obtain value of specified variables successfully

2020-06-07 20:57:52.939 FMU simulate a step from t=1.3

2020-06-07 20:57:52.939 FMU simulate the step from t=1.3 successfully

2020-06-07 20:57:52.939 start writing data after this step to InfluxDB

2020-06-07 20:57:52.941 write initial data to InfluxDB successfully, status code is 204

2020-06-07 20:57:52.941 start obtaining value of specified variables

2020-06-07 20:57:52.941 obtain value of specified variables successfully

2020-06-07 20:57:52.941 FMU simulate a step from t=1.31

2020-06-07 20:57:52.941 FMU simulate the step from t=1.31 successfully

2020-06-07 20:57:52.941 start writing data after this step to InfluxDB

2020-06-07 20:57:52.944 write initial data to InfluxDB successfully, status code is 204

2020-06-07 20:57:52.944 start obtaining value of specified variables

2020-06-07 20:57:52.944 obtain value of specified variables successfully

2020-06-07 20:57:52.944 FMU simulate a step from t=1.32

2020-06-07 20:57:52.945 FMU simulate the step from t=1.32 successfully

2020-06-07 20:57:52.945 start writing data after this step to InfluxDB

2020-06-07 20:57:52.946 write initial data to InfluxDB successfully, status code is 204

2020-06-07 20:57:52.947 start obtaining value of specified variables

2020-06-07 20:57:52.947 obtain value of specified variables successfully

2020-06-07 20:57:52.947 FMU simulate a step from t=1.33

2020-06-07 20:57:52.947 FMU simulate the step from t=1.33 successfully

2020-06-07 20:57:52.947 start writing data after this step to InfluxDB

2020-06-07 20:57:52.949 write initial data to InfluxDB successfully, status code is 204

2020-06-07 20:57:52.949 start obtaining value of specified variables

2020-06-07 20:57:52.949 obtain value of specified variables successfully

2020-06-07 20:57:52.949 FMU simulate a step from t=1.34

2020-06-07 20:57:52.955 FMU simulate the step from t=1.34 successfully

2020-06-07 20:57:52.955 start writing data after this step to InfluxDB

2020-06-07 20:57:52.957 write initial data to InfluxDB successfully, status code is 204

2020-06-07 20:57:52.957 start obtaining value of specified variables

2020-06-07 20:57:52.957 obtain value of specified variables successfully

2020-06-07 20:57:52.957 FMU simulate a step from t=1.35

2020-06-07 20:57:52.970 FMU simulate the step from t=1.35 successfully

2020-06-07 20:57:52.970 start writing data after this step to InfluxDB

2020-06-07 20:57:52.973 write initial data to InfluxDB successfully, status code is 204

2020-06-07 20:57:52.973 start obtaining value of specified variables

2020-06-07 20:57:52.973 obtain value of specified variables successfully

2020-06-07 20:57:52.973 FMU simulate a step from t=1.36

2020-06-07 20:57:52.975 FMU simulate the step from t=1.36 successfully

2020-06-07 20:57:52.975 start writing data after this step to InfluxDB

2020-06-07 20:57:52.978 write initial data to InfluxDB successfully, status code is 204

2020-06-07 20:57:52.978 start obtaining value of specified variables

2020-06-07 20:57:52.978 obtain value of specified variables successfully

2020-06-07 20:57:52.978 FMU simulate a step from t=1.37

2020-06-07 20:57:52.979 FMU simulate the step from t=1.37 successfully

2020-06-07 20:57:52.979 start writing data after this step to InfluxDB

2020-06-07 20:57:52.981 write initial data to InfluxDB successfully, status code is 204

2020-06-07 20:57:52.981 start obtaining value of specified variables

2020-06-07 20:57:52.981 obtain value of specified variables successfully

2020-06-07 20:57:52.981 FMU simulate a step from t=1.38

2020-06-07 20:57:52.981 FMU simulate the step from t=1.38 successfully

2020-06-07 20:57:52.981 start writing data after this step to InfluxDB

2020-06-07 20:57:52.985 write initial data to InfluxDB successfully, status code is 204

2020-06-07 20:57:52.985 start obtaining value of specified variables

2020-06-07 20:57:52.985 obtain value of specified variables successfully

2020-06-07 20:57:52.985 FMU simulate a step from t=1.39

2020-06-07 20:57:52.986 FMU simulate the step from t=1.39 successfully

2020-06-07 20:57:52.986 start writing data after this step to InfluxDB

2020-06-07 20:57:52.987 write initial data to InfluxDB successfully, status code is 204

2020-06-07 20:57:52.987 start obtaining value of specified variables

2020-06-07 20:57:52.987 obtain value of specified variables successfully

2020-06-07 20:57:52.987 FMU simulate a step from t=1.4

2020-06-07 20:57:52.992 FMU simulate the step from t=1.4 successfully

2020-06-07 20:57:52.992 start writing data after this step to InfluxDB

2020-06-07 20:57:52.995 write initial data to InfluxDB successfully, status code is 204

2020-06-07 20:57:52.995 start obtaining value of specified variables

2020-06-07 20:57:52.995 obtain value of specified variables successfully

2020-06-07 20:57:52.995 FMU simulate a step from t=1.41

2020-06-07 20:57:52.996 FMU simulate the step from t=1.41 successfully

2020-06-07 20:57:52.996 start writing data after this step to InfluxDB

2020-06-07 20:57:52.999 write initial data to InfluxDB successfully, status code is 204

2020-06-07 20:57:52.999 start obtaining value of specified variables

2020-06-07 20:57:52.999 obtain value of specified variables successfully

2020-06-07 20:57:52.999 FMU simulate a step from t=1.42

2020-06-07 20:57:53.000 FMU simulate the step from t=1.42 successfully

2020-06-07 20:57:53.000 start writing data after this step to InfluxDB

2020-06-07 20:57:53.002 write initial data to InfluxDB successfully, status code is 204

2020-06-07 20:57:53.002 start obtaining value of specified variables

2020-06-07 20:57:53.002 obtain value of specified variables successfully

2020-06-07 20:57:53.002 FMU simulate a step from t=1.43

2020-06-07 20:57:53.002 FMU simulate the step from t=1.43 successfully

2020-06-07 20:57:53.002 start writing data after this step to InfluxDB

2020-06-07 20:57:53.005 write initial data to InfluxDB successfully, status code is 204

2020-06-07 20:57:53.005 start obtaining value of specified variables

2020-06-07 20:57:53.005 obtain value of specified variables successfully

2020-06-07 20:57:53.005 FMU simulate a step from t=1.44

2020-06-07 20:57:53.005 FMU simulate the step from t=1.44 successfully

2020-06-07 20:57:53.005 start writing data after this step to InfluxDB

2020-06-07 20:57:53.007 write initial data to InfluxDB successfully, status code is 204

2020-06-07 20:57:53.007 start obtaining value of specified variables

2020-06-07 20:57:53.007 obtain value of specified variables successfully

2020-06-07 20:57:53.007 FMU simulate a step from t=1.45

2020-06-07 20:57:53.007 FMU simulate the step from t=1.45 successfully

2020-06-07 20:57:53.007 start writing data after this step to InfluxDB

2020-06-07 20:57:53.009 write initial data to InfluxDB successfully, status code is 204

2020-06-07 20:57:53.009 start obtaining value of specified variables

2020-06-07 20:57:53.009 obtain value of specified variables successfully

2020-06-07 20:57:53.009 FMU simulate a step from t=1.46

2020-06-07 20:57:53.020 FMU simulate the step from t=1.46 successfully

2020-06-07 20:57:53.020 start writing data after this step to InfluxDB

2020-06-07 20:57:53.022 write initial data to InfluxDB successfully, status code is 204

2020-06-07 20:57:53.022 start obtaining value of specified variables

2020-06-07 20:57:53.022 obtain value of specified variables successfully

2020-06-07 20:57:53.022 FMU simulate a step from t=1.47

2020-06-07 20:57:53.026 FMU simulate the step from t=1.47 successfully

2020-06-07 20:57:53.026 start writing data after this step to InfluxDB

2020-06-07 20:57:53.028 write initial data to InfluxDB successfully, status code is 204

2020-06-07 20:57:53.028 start obtaining value of specified variables

2020-06-07 20:57:53.028 obtain value of specified variables successfully

2020-06-07 20:57:53.028 FMU simulate a step from t=1.48

2020-06-07 20:57:53.029 FMU simulate the step from t=1.48 successfully

2020-06-07 20:57:53.029 start writing data after this step to InfluxDB

2020-06-07 20:57:53.033 write initial data to InfluxDB successfully, status code is 204

2020-06-07 20:57:53.033 start obtaining value of specified variables

2020-06-07 20:57:53.033 obtain value of specified variables successfully

2020-06-07 20:57:53.033 FMU simulate a step from t=1.49

2020-06-07 20:57:53.038 FMU simulate the step from t=1.49 successfully

2020-06-07 20:57:53.038 start writing data after this step to InfluxDB

2020-06-07 20:57:53.040 write initial data to InfluxDB successfully, status code is 204

2020-06-07 20:57:53.040 start obtaining value of specified variables

2020-06-07 20:57:53.040 obtain value of specified variables successfully

2020-06-07 20:57:53.040 end simulation successfully

2020-06-07 20:57:53.137 release 'fmu10/fmu/cs/win64/fullRobot_cs.fmu' successfully

2020-06-07 20:57:53.138 disconnect from InfluxDB  127.0.0.1 : 8086 successfully

2020-06-07 20:58:44.869 start loading 'fmu10/fmu/cs/win64/fullRobot_cs.fmu'

2020-06-07 20:58:45.024 load 'fmu10/fmu/cs/win64/fullRobot_cs.fmu' successfully

2020-06-07 20:58:45.024 start connecting to InfluxDB 127.0.0.1 : 8086

2020-06-07 20:58:45.034 connect to InfluxDB 127.0.0.1 : 8086 successfully

2020-06-07 20:58:45.034 start instantiating fmu

2020-06-07 20:58:45.036 instantiate fmu successfully

2020-06-07 20:58:45.036 start initializing fmu

2020-06-07 20:58:45.037 initialize fmu successfully

2020-06-07 20:58:45.037 start setting inputs

2020-06-07 20:58:45.037 set inputs successfully

2020-06-07 20:58:45.037 FMU Simulator: run 'fmu10/fmu/cs/win64/fullRobot_cs.fmu' from t=0..1.5 with step size h=0.01

2020-06-07 20:58:45.052 write initial data to InfluxDB successfully, status code is 204

2020-06-07 20:58:45.052 FMU simulate a step from t=0

2020-06-07 20:58:45.072 FMU simulate the step from t=0 successfully

2020-06-07 20:58:45.072 start writing data after this step to InfluxDB

2020-06-07 20:58:45.074 write initial data to InfluxDB successfully, status code is 204

2020-06-07 20:58:45.074 start obtaining value of specified variables

2020-06-07 20:58:45.074 obtain value of specified variables successfully

2020-06-07 20:58:45.074 FMU simulate a step from t=0.01

2020-06-07 20:58:45.078 FMU simulate the step from t=0.01 successfully

2020-06-07 20:58:45.078 start writing data after this step to InfluxDB

2020-06-07 20:58:45.081 write initial data to InfluxDB successfully, status code is 204

2020-06-07 20:58:45.081 start obtaining value of specified variables

2020-06-07 20:58:45.081 obtain value of specified variables successfully

2020-06-07 20:58:45.081 FMU simulate a step from t=0.02

2020-06-07 20:58:45.082 FMU simulate the step from t=0.02 successfully

2020-06-07 20:58:45.082 start writing data after this step to InfluxDB

2020-06-07 20:58:45.085 write initial data to InfluxDB successfully, status code is 204

2020-06-07 20:58:45.085 start obtaining value of specified variables

2020-06-07 20:58:45.085 obtain value of specified variables successfully

2020-06-07 20:58:45.085 FMU simulate a step from t=0.03

2020-06-07 20:58:45.085 FMU simulate the step from t=0.03 successfully

2020-06-07 20:58:45.085 start writing data after this step to InfluxDB

2020-06-07 20:58:45.087 write initial data to InfluxDB successfully, status code is 204

2020-06-07 20:58:45.087 start obtaining value of specified variables

2020-06-07 20:58:45.087 obtain value of specified variables successfully

2020-06-07 20:58:45.087 FMU simulate a step from t=0.04

2020-06-07 20:58:45.087 FMU simulate the step from t=0.04 successfully

2020-06-07 20:58:45.087 start writing data after this step to InfluxDB

2020-06-07 20:58:45.089 write initial data to InfluxDB successfully, status code is 204

2020-06-07 20:58:45.090 start obtaining value of specified variables

2020-06-07 20:58:45.090 obtain value of specified variables successfully

2020-06-07 20:58:45.090 FMU simulate a step from t=0.05

2020-06-07 20:58:45.090 FMU simulate the step from t=0.05 successfully

2020-06-07 20:58:45.090 start writing data after this step to InfluxDB

2020-06-07 20:58:45.092 write initial data to InfluxDB successfully, status code is 204

2020-06-07 20:58:45.093 start obtaining value of specified variables

2020-06-07 20:58:45.093 obtain value of specified variables successfully

2020-06-07 20:58:45.093 FMU simulate a step from t=0.06

2020-06-07 20:58:45.093 FMU simulate the step from t=0.06 successfully

2020-06-07 20:58:45.093 start writing data after this step to InfluxDB

2020-06-07 20:58:45.096 write initial data to InfluxDB successfully, status code is 204

2020-06-07 20:58:45.096 start obtaining value of specified variables

2020-06-07 20:58:45.096 obtain value of specified variables successfully

2020-06-07 20:58:45.096 FMU simulate a step from t=0.07

2020-06-07 20:58:45.096 FMU simulate the step from t=0.07 successfully

2020-06-07 20:58:45.096 start writing data after this step to InfluxDB

2020-06-07 20:58:45.098 write initial data to InfluxDB successfully, status code is 204

2020-06-07 20:58:45.098 start obtaining value of specified variables

2020-06-07 20:58:45.098 obtain value of specified variables successfully

2020-06-07 20:58:45.098 FMU simulate a step from t=0.08

2020-06-07 20:58:45.099 FMU simulate the step from t=0.08 successfully

2020-06-07 20:58:45.099 start writing data after this step to InfluxDB

2020-06-07 20:58:45.100 write initial data to InfluxDB successfully, status code is 204

2020-06-07 20:58:45.100 start obtaining value of specified variables

2020-06-07 20:58:45.101 obtain value of specified variables successfully

2020-06-07 20:58:45.101 FMU simulate a step from t=0.09

2020-06-07 20:58:45.101 FMU simulate the step from t=0.09 successfully

2020-06-07 20:58:45.101 start writing data after this step to InfluxDB

2020-06-07 20:58:45.102 write initial data to InfluxDB successfully, status code is 204

2020-06-07 20:58:45.103 start obtaining value of specified variables

2020-06-07 20:58:45.103 obtain value of specified variables successfully

2020-06-07 20:58:45.103 FMU simulate a step from t=0.1

2020-06-07 20:58:45.103 FMU simulate the step from t=0.1 successfully

2020-06-07 20:58:45.103 start writing data after this step to InfluxDB

2020-06-07 20:58:45.105 write initial data to InfluxDB successfully, status code is 204

2020-06-07 20:58:45.105 start obtaining value of specified variables

2020-06-07 20:58:45.105 obtain value of specified variables successfully

2020-06-07 20:58:45.105 FMU simulate a step from t=0.11

2020-06-07 20:58:45.108 FMU simulate the step from t=0.11 successfully

2020-06-07 20:58:45.108 start writing data after this step to InfluxDB

2020-06-07 20:58:45.111 write initial data to InfluxDB successfully, status code is 204

2020-06-07 20:58:45.112 start obtaining value of specified variables

2020-06-07 20:58:45.112 obtain value of specified variables successfully

2020-06-07 20:58:45.112 FMU simulate a step from t=0.12

2020-06-07 20:58:45.113 FMU simulate the step from t=0.12 successfully

2020-06-07 20:58:45.113 start writing data after this step to InfluxDB

2020-06-07 20:58:45.115 write initial data to InfluxDB successfully, status code is 204

2020-06-07 20:58:45.115 start obtaining value of specified variables

2020-06-07 20:58:45.115 obtain value of specified variables successfully

2020-06-07 20:58:45.115 FMU simulate a step from t=0.13

2020-06-07 20:58:45.116 FMU simulate the step from t=0.13 successfully

2020-06-07 20:58:45.116 start writing data after this step to InfluxDB

2020-06-07 20:58:45.118 write initial data to InfluxDB successfully, status code is 204

2020-06-07 20:58:45.118 start obtaining value of specified variables

2020-06-07 20:58:45.118 obtain value of specified variables successfully

2020-06-07 20:58:45.118 FMU simulate a step from t=0.14

2020-06-07 20:58:45.119 FMU simulate the step from t=0.14 successfully

2020-06-07 20:58:45.119 start writing data after this step to InfluxDB

2020-06-07 20:58:45.120 write initial data to InfluxDB successfully, status code is 204

2020-06-07 20:58:45.121 start obtaining value of specified variables

2020-06-07 20:58:45.121 obtain value of specified variables successfully

2020-06-07 20:58:45.121 FMU simulate a step from t=0.15

2020-06-07 20:58:45.121 FMU simulate the step from t=0.15 successfully

2020-06-07 20:58:45.121 start writing data after this step to InfluxDB

2020-06-07 20:58:45.123 write initial data to InfluxDB successfully, status code is 204

2020-06-07 20:58:45.123 start obtaining value of specified variables

2020-06-07 20:58:45.123 obtain value of specified variables successfully

2020-06-07 20:58:45.123 FMU simulate a step from t=0.16

2020-06-07 20:58:45.123 FMU simulate the step from t=0.16 successfully

2020-06-07 20:58:45.123 start writing data after this step to InfluxDB

2020-06-07 20:58:45.128 write initial data to InfluxDB successfully, status code is 204

2020-06-07 20:58:45.128 start obtaining value of specified variables

2020-06-07 20:58:45.128 obtain value of specified variables successfully

2020-06-07 20:58:45.128 FMU simulate a step from t=0.17

2020-06-07 20:58:45.128 FMU simulate the step from t=0.17 successfully

2020-06-07 20:58:45.128 start writing data after this step to InfluxDB

2020-06-07 20:58:45.131 write initial data to InfluxDB successfully, status code is 204

2020-06-07 20:58:45.131 start obtaining value of specified variables

2020-06-07 20:58:45.131 obtain value of specified variables successfully

2020-06-07 20:58:45.131 FMU simulate a step from t=0.18

2020-06-07 20:58:45.131 FMU simulate the step from t=0.18 successfully

2020-06-07 20:58:45.131 start writing data after this step to InfluxDB

2020-06-07 20:58:45.133 write initial data to InfluxDB successfully, status code is 204

2020-06-07 20:58:45.133 start obtaining value of specified variables

2020-06-07 20:58:45.133 obtain value of specified variables successfully

2020-06-07 20:58:45.133 FMU simulate a step from t=0.19

2020-06-07 20:58:45.133 FMU simulate the step from t=0.19 successfully

2020-06-07 20:58:45.133 start writing data after this step to InfluxDB

2020-06-07 20:58:45.136 write initial data to InfluxDB successfully, status code is 204

2020-06-07 20:58:45.136 start obtaining value of specified variables

2020-06-07 20:58:45.136 obtain value of specified variables successfully

2020-06-07 20:58:45.136 FMU simulate a step from t=0.2

2020-06-07 20:58:45.136 FMU simulate the step from t=0.2 successfully

2020-06-07 20:58:45.136 start writing data after this step to InfluxDB

2020-06-07 20:58:45.138 write initial data to InfluxDB successfully, status code is 204

2020-06-07 20:58:45.138 start obtaining value of specified variables

2020-06-07 20:58:45.139 obtain value of specified variables successfully

2020-06-07 20:58:45.139 FMU simulate a step from t=0.21

2020-06-07 20:58:45.139 FMU simulate the step from t=0.21 successfully

2020-06-07 20:58:45.139 start writing data after this step to InfluxDB

2020-06-07 20:58:45.140 write initial data to InfluxDB successfully, status code is 204

2020-06-07 20:58:45.140 start obtaining value of specified variables

2020-06-07 20:58:45.140 obtain value of specified variables successfully

2020-06-07 20:58:45.140 FMU simulate a step from t=0.22

2020-06-07 20:58:45.141 FMU simulate the step from t=0.22 successfully

2020-06-07 20:58:45.141 start writing data after this step to InfluxDB

2020-06-07 20:58:45.142 write initial data to InfluxDB successfully, status code is 204

2020-06-07 20:58:45.142 start obtaining value of specified variables

2020-06-07 20:58:45.142 obtain value of specified variables successfully

2020-06-07 20:58:45.142 FMU simulate a step from t=0.23

2020-06-07 20:58:45.143 FMU simulate the step from t=0.23 successfully

2020-06-07 20:58:45.143 start writing data after this step to InfluxDB

2020-06-07 20:58:45.145 write initial data to InfluxDB successfully, status code is 204

2020-06-07 20:58:45.145 start obtaining value of specified variables

2020-06-07 20:58:45.146 obtain value of specified variables successfully

2020-06-07 20:58:45.146 FMU simulate a step from t=0.24

2020-06-07 20:58:45.146 FMU simulate the step from t=0.24 successfully

2020-06-07 20:58:45.146 start writing data after this step to InfluxDB

2020-06-07 20:58:45.148 write initial data to InfluxDB successfully, status code is 204

2020-06-07 20:58:45.148 start obtaining value of specified variables

2020-06-07 20:58:45.148 obtain value of specified variables successfully

2020-06-07 20:58:45.148 FMU simulate a step from t=0.25

2020-06-07 20:58:45.149 FMU simulate the step from t=0.25 successfully

2020-06-07 20:58:45.149 start writing data after this step to InfluxDB

2020-06-07 20:58:45.150 write initial data to InfluxDB successfully, status code is 204

2020-06-07 20:58:45.150 start obtaining value of specified variables

2020-06-07 20:58:45.151 obtain value of specified variables successfully

2020-06-07 20:58:45.151 FMU simulate a step from t=0.26

2020-06-07 20:58:45.151 FMU simulate the step from t=0.26 successfully

2020-06-07 20:58:45.151 start writing data after this step to InfluxDB

2020-06-07 20:58:45.153 write initial data to InfluxDB successfully, status code is 204

2020-06-07 20:58:45.153 start obtaining value of specified variables

2020-06-07 20:58:45.153 obtain value of specified variables successfully

2020-06-07 20:58:45.153 FMU simulate a step from t=0.27

2020-06-07 20:58:45.153 FMU simulate the step from t=0.27 successfully

2020-06-07 20:58:45.153 start writing data after this step to InfluxDB

2020-06-07 20:58:45.155 write initial data to InfluxDB successfully, status code is 204

2020-06-07 20:58:45.155 start obtaining value of specified variables

2020-06-07 20:58:45.155 obtain value of specified variables successfully

2020-06-07 20:58:45.155 FMU simulate a step from t=0.28

2020-06-07 20:58:45.155 FMU simulate the step from t=0.28 successfully

2020-06-07 20:58:45.155 start writing data after this step to InfluxDB

2020-06-07 20:58:45.158 write initial data to InfluxDB successfully, status code is 204

2020-06-07 20:58:45.158 start obtaining value of specified variables

2020-06-07 20:58:45.158 obtain value of specified variables successfully

2020-06-07 20:58:45.158 FMU simulate a step from t=0.29

2020-06-07 20:58:45.158 FMU simulate the step from t=0.29 successfully

2020-06-07 20:58:45.158 start writing data after this step to InfluxDB

2020-06-07 20:58:45.161 write initial data to InfluxDB successfully, status code is 204

2020-06-07 20:58:45.161 start obtaining value of specified variables

2020-06-07 20:58:45.161 obtain value of specified variables successfully

2020-06-07 20:58:45.161 FMU simulate a step from t=0.3

2020-06-07 20:58:45.162 FMU simulate the step from t=0.3 successfully

2020-06-07 20:58:45.162 start writing data after this step to InfluxDB

2020-06-07 20:58:45.163 write initial data to InfluxDB successfully, status code is 204

2020-06-07 20:58:45.163 start obtaining value of specified variables

2020-06-07 20:58:45.163 obtain value of specified variables successfully

2020-06-07 20:58:45.163 FMU simulate a step from t=0.31

2020-06-07 20:58:45.164 FMU simulate the step from t=0.31 successfully

2020-06-07 20:58:45.164 start writing data after this step to InfluxDB

2020-06-07 20:58:45.165 write initial data to InfluxDB successfully, status code is 204

2020-06-07 20:58:45.165 start obtaining value of specified variables

2020-06-07 20:58:45.166 obtain value of specified variables successfully

2020-06-07 20:58:45.166 FMU simulate a step from t=0.32

2020-06-07 20:58:45.166 FMU simulate the step from t=0.32 successfully

2020-06-07 20:58:45.166 start writing data after this step to InfluxDB

2020-06-07 20:58:45.168 write initial data to InfluxDB successfully, status code is 204

2020-06-07 20:58:45.168 start obtaining value of specified variables

2020-06-07 20:58:45.168 obtain value of specified variables successfully

2020-06-07 20:58:45.168 FMU simulate a step from t=0.33

2020-06-07 20:58:45.168 FMU simulate the step from t=0.33 successfully

2020-06-07 20:58:45.168 start writing data after this step to InfluxDB

2020-06-07 20:58:45.170 write initial data to InfluxDB successfully, status code is 204

2020-06-07 20:58:45.170 start obtaining value of specified variables

2020-06-07 20:58:45.170 obtain value of specified variables successfully

2020-06-07 20:58:45.170 FMU simulate a step from t=0.34

2020-06-07 20:58:45.171 FMU simulate the step from t=0.34 successfully

2020-06-07 20:58:45.171 start writing data after this step to InfluxDB

2020-06-07 20:58:45.172 write initial data to InfluxDB successfully, status code is 204

2020-06-07 20:58:45.172 start obtaining value of specified variables

2020-06-07 20:58:45.172 obtain value of specified variables successfully

2020-06-07 20:58:45.172 FMU simulate a step from t=0.35

2020-06-07 20:58:45.173 FMU simulate the step from t=0.35 successfully

2020-06-07 20:58:45.173 start writing data after this step to InfluxDB

2020-06-07 20:58:45.175 write initial data to InfluxDB successfully, status code is 204

2020-06-07 20:58:45.175 start obtaining value of specified variables

2020-06-07 20:58:45.175 obtain value of specified variables successfully

2020-06-07 20:58:45.175 FMU simulate a step from t=0.36

2020-06-07 20:58:45.175 FMU simulate the step from t=0.36 successfully

2020-06-07 20:58:45.175 start writing data after this step to InfluxDB

2020-06-07 20:58:45.176 write initial data to InfluxDB successfully, status code is 204

2020-06-07 20:58:45.176 start obtaining value of specified variables

2020-06-07 20:58:45.177 obtain value of specified variables successfully

2020-06-07 20:58:45.177 FMU simulate a step from t=0.37

2020-06-07 20:58:45.177 FMU simulate the step from t=0.37 successfully

2020-06-07 20:58:45.177 start writing data after this step to InfluxDB

2020-06-07 20:58:45.179 write initial data to InfluxDB successfully, status code is 204

2020-06-07 20:58:45.179 start obtaining value of specified variables

2020-06-07 20:58:45.179 obtain value of specified variables successfully

2020-06-07 20:58:45.179 FMU simulate a step from t=0.38

2020-06-07 20:58:45.180 FMU simulate the step from t=0.38 successfully

2020-06-07 20:58:45.180 start writing data after this step to InfluxDB

2020-06-07 20:58:45.181 write initial data to InfluxDB successfully, status code is 204

2020-06-07 20:58:45.182 start obtaining value of specified variables

2020-06-07 20:58:45.182 obtain value of specified variables successfully

2020-06-07 20:58:45.182 FMU simulate a step from t=0.39

2020-06-07 20:58:45.182 FMU simulate the step from t=0.39 successfully

2020-06-07 20:58:45.182 start writing data after this step to InfluxDB

2020-06-07 20:58:45.184 write initial data to InfluxDB successfully, status code is 204

2020-06-07 20:58:45.184 start obtaining value of specified variables

2020-06-07 20:58:45.184 obtain value of specified variables successfully

2020-06-07 20:58:45.184 FMU simulate a step from t=0.4

2020-06-07 20:58:45.184 FMU simulate the step from t=0.4 successfully

2020-06-07 20:58:45.184 start writing data after this step to InfluxDB

2020-06-07 20:58:45.186 write initial data to InfluxDB successfully, status code is 204

2020-06-07 20:58:45.187 start obtaining value of specified variables

2020-06-07 20:58:45.187 obtain value of specified variables successfully

2020-06-07 20:58:45.187 FMU simulate a step from t=0.41

2020-06-07 20:58:45.187 FMU simulate the step from t=0.41 successfully

2020-06-07 20:58:45.187 start writing data after this step to InfluxDB

2020-06-07 20:58:45.189 write initial data to InfluxDB successfully, status code is 204

2020-06-07 20:58:45.189 start obtaining value of specified variables

2020-06-07 20:58:45.189 obtain value of specified variables successfully

2020-06-07 20:58:45.189 FMU simulate a step from t=0.42

2020-06-07 20:58:45.189 FMU simulate the step from t=0.42 successfully

2020-06-07 20:58:45.189 start writing data after this step to InfluxDB

2020-06-07 20:58:45.191 write initial data to InfluxDB successfully, status code is 204

2020-06-07 20:58:45.191 start obtaining value of specified variables

2020-06-07 20:58:45.191 obtain value of specified variables successfully

2020-06-07 20:58:45.191 FMU simulate a step from t=0.43

2020-06-07 20:58:45.191 FMU simulate the step from t=0.43 successfully

2020-06-07 20:58:45.191 start writing data after this step to InfluxDB

2020-06-07 20:58:45.193 write initial data to InfluxDB successfully, status code is 204

2020-06-07 20:58:45.193 start obtaining value of specified variables

2020-06-07 20:58:45.193 obtain value of specified variables successfully

2020-06-07 20:58:45.193 FMU simulate a step from t=0.44

2020-06-07 20:58:45.193 FMU simulate the step from t=0.44 successfully

2020-06-07 20:58:45.194 start writing data after this step to InfluxDB

2020-06-07 20:58:45.196 write initial data to InfluxDB successfully, status code is 204

2020-06-07 20:58:45.196 start obtaining value of specified variables

2020-06-07 20:58:45.196 obtain value of specified variables successfully

2020-06-07 20:58:45.196 FMU simulate a step from t=0.45

2020-06-07 20:58:45.196 FMU simulate the step from t=0.45 successfully

2020-06-07 20:58:45.196 start writing data after this step to InfluxDB

2020-06-07 20:58:45.198 write initial data to InfluxDB successfully, status code is 204

2020-06-07 20:58:45.198 start obtaining value of specified variables

2020-06-07 20:58:45.198 obtain value of specified variables successfully

2020-06-07 20:58:45.198 FMU simulate a step from t=0.46

2020-06-07 20:58:45.198 FMU simulate the step from t=0.46 successfully

2020-06-07 20:58:45.198 start writing data after this step to InfluxDB

2020-06-07 20:58:45.200 write initial data to InfluxDB successfully, status code is 204

2020-06-07 20:58:45.200 start obtaining value of specified variables

2020-06-07 20:58:45.200 obtain value of specified variables successfully

2020-06-07 20:58:45.200 FMU simulate a step from t=0.47

2020-06-07 20:58:45.201 FMU simulate the step from t=0.47 successfully

2020-06-07 20:58:45.201 start writing data after this step to InfluxDB

2020-06-07 20:58:45.203 write initial data to InfluxDB successfully, status code is 204

2020-06-07 20:58:45.203 start obtaining value of specified variables

2020-06-07 20:58:45.203 obtain value of specified variables successfully

2020-06-07 20:58:45.203 FMU simulate a step from t=0.48

2020-06-07 20:58:45.204 FMU simulate the step from t=0.48 successfully

2020-06-07 20:58:45.204 start writing data after this step to InfluxDB

2020-06-07 20:58:45.205 write initial data to InfluxDB successfully, status code is 204

2020-06-07 20:58:45.205 start obtaining value of specified variables

2020-06-07 20:58:45.205 obtain value of specified variables successfully

2020-06-07 20:58:45.205 FMU simulate a step from t=0.49

2020-06-07 20:58:45.206 FMU simulate the step from t=0.49 successfully

2020-06-07 20:58:45.206 start writing data after this step to InfluxDB

2020-06-07 20:58:45.208 write initial data to InfluxDB successfully, status code is 204

2020-06-07 20:58:45.208 start obtaining value of specified variables

2020-06-07 20:58:45.208 obtain value of specified variables successfully

2020-06-07 20:58:45.208 FMU simulate a step from t=0.5

2020-06-07 20:58:45.208 FMU simulate the step from t=0.5 successfully

2020-06-07 20:58:45.208 start writing data after this step to InfluxDB

2020-06-07 20:58:45.210 write initial data to InfluxDB successfully, status code is 204

2020-06-07 20:58:45.210 start obtaining value of specified variables

2020-06-07 20:58:45.210 obtain value of specified variables successfully

2020-06-07 20:58:45.210 FMU simulate a step from t=0.51

2020-06-07 20:58:45.210 FMU simulate the step from t=0.51 successfully

2020-06-07 20:58:45.210 start writing data after this step to InfluxDB

2020-06-07 20:58:45.213 write initial data to InfluxDB successfully, status code is 204

2020-06-07 20:58:45.213 start obtaining value of specified variables

2020-06-07 20:58:45.213 obtain value of specified variables successfully

2020-06-07 20:58:45.213 FMU simulate a step from t=0.52

2020-06-07 20:58:45.213 FMU simulate the step from t=0.52 successfully

2020-06-07 20:58:45.213 start writing data after this step to InfluxDB

2020-06-07 20:58:45.215 write initial data to InfluxDB successfully, status code is 204

2020-06-07 20:58:45.215 start obtaining value of specified variables

2020-06-07 20:58:45.215 obtain value of specified variables successfully

2020-06-07 20:58:45.215 FMU simulate a step from t=0.53

2020-06-07 20:58:45.215 FMU simulate the step from t=0.53 successfully

2020-06-07 20:58:45.215 start writing data after this step to InfluxDB

2020-06-07 20:58:45.217 write initial data to InfluxDB successfully, status code is 204

2020-06-07 20:58:45.218 start obtaining value of specified variables

2020-06-07 20:58:45.218 obtain value of specified variables successfully

2020-06-07 20:58:45.218 FMU simulate a step from t=0.54

2020-06-07 20:58:45.218 FMU simulate the step from t=0.54 successfully

2020-06-07 20:58:45.218 start writing data after this step to InfluxDB

2020-06-07 20:58:45.220 write initial data to InfluxDB successfully, status code is 204

2020-06-07 20:58:45.220 start obtaining value of specified variables

2020-06-07 20:58:45.220 obtain value of specified variables successfully

2020-06-07 20:58:45.220 FMU simulate a step from t=0.55

2020-06-07 20:58:45.220 FMU simulate the step from t=0.55 successfully

2020-06-07 20:58:45.220 start writing data after this step to InfluxDB

2020-06-07 20:58:45.222 write initial data to InfluxDB successfully, status code is 204

2020-06-07 20:58:45.222 start obtaining value of specified variables

2020-06-07 20:58:45.222 obtain value of specified variables successfully

2020-06-07 20:58:45.222 FMU simulate a step from t=0.56

2020-06-07 20:58:45.222 FMU simulate the step from t=0.56 successfully

2020-06-07 20:58:45.222 start writing data after this step to InfluxDB

2020-06-07 20:58:45.224 write initial data to InfluxDB successfully, status code is 204

2020-06-07 20:58:45.224 start obtaining value of specified variables

2020-06-07 20:58:45.224 obtain value of specified variables successfully

2020-06-07 20:58:45.224 FMU simulate a step from t=0.57

2020-06-07 20:58:45.225 FMU simulate the step from t=0.57 successfully

2020-06-07 20:58:45.225 start writing data after this step to InfluxDB

2020-06-07 20:58:45.226 write initial data to InfluxDB successfully, status code is 204

2020-06-07 20:58:45.226 start obtaining value of specified variables

2020-06-07 20:58:45.226 obtain value of specified variables successfully

2020-06-07 20:58:45.226 FMU simulate a step from t=0.58

2020-06-07 20:58:45.227 FMU simulate the step from t=0.58 successfully

2020-06-07 20:58:45.227 start writing data after this step to InfluxDB

2020-06-07 20:58:45.228 write initial data to InfluxDB successfully, status code is 204

2020-06-07 20:58:45.228 start obtaining value of specified variables

2020-06-07 20:58:45.228 obtain value of specified variables successfully

2020-06-07 20:58:45.228 FMU simulate a step from t=0.59

2020-06-07 20:58:45.229 FMU simulate the step from t=0.59 successfully

2020-06-07 20:58:45.229 start writing data after this step to InfluxDB

2020-06-07 20:58:45.231 write initial data to InfluxDB successfully, status code is 204

2020-06-07 20:58:45.231 start obtaining value of specified variables

2020-06-07 20:58:45.231 obtain value of specified variables successfully

2020-06-07 20:58:45.231 FMU simulate a step from t=0.6

2020-06-07 20:58:45.231 FMU simulate the step from t=0.6 successfully

2020-06-07 20:58:45.231 start writing data after this step to InfluxDB

2020-06-07 20:58:45.232 write initial data to InfluxDB successfully, status code is 204

2020-06-07 20:58:45.232 start obtaining value of specified variables

2020-06-07 20:58:45.233 obtain value of specified variables successfully

2020-06-07 20:58:45.233 FMU simulate a step from t=0.61

2020-06-07 20:58:45.233 FMU simulate the step from t=0.61 successfully

2020-06-07 20:58:45.233 start writing data after this step to InfluxDB

2020-06-07 20:58:45.234 write initial data to InfluxDB successfully, status code is 204

2020-06-07 20:58:45.234 start obtaining value of specified variables

2020-06-07 20:58:45.234 obtain value of specified variables successfully

2020-06-07 20:58:45.235 FMU simulate a step from t=0.62

2020-06-07 20:58:45.235 FMU simulate the step from t=0.62 successfully

2020-06-07 20:58:45.235 start writing data after this step to InfluxDB

2020-06-07 20:58:45.236 write initial data to InfluxDB successfully, status code is 204

2020-06-07 20:58:45.236 start obtaining value of specified variables

2020-06-07 20:58:45.237 obtain value of specified variables successfully

2020-06-07 20:58:45.237 FMU simulate a step from t=0.63

2020-06-07 20:58:45.237 FMU simulate the step from t=0.63 successfully

2020-06-07 20:58:45.237 start writing data after this step to InfluxDB

2020-06-07 20:58:45.238 write initial data to InfluxDB successfully, status code is 204

2020-06-07 20:58:45.238 start obtaining value of specified variables

2020-06-07 20:58:45.238 obtain value of specified variables successfully

2020-06-07 20:58:45.238 FMU simulate a step from t=0.64

2020-06-07 20:58:45.239 FMU simulate the step from t=0.64 successfully

2020-06-07 20:58:45.239 start writing data after this step to InfluxDB

2020-06-07 20:58:45.240 write initial data to InfluxDB successfully, status code is 204

2020-06-07 20:58:45.240 start obtaining value of specified variables

2020-06-07 20:58:45.240 obtain value of specified variables successfully

2020-06-07 20:58:45.240 FMU simulate a step from t=0.65

2020-06-07 20:58:45.240 FMU simulate the step from t=0.65 successfully

2020-06-07 20:58:45.241 start writing data after this step to InfluxDB

2020-06-07 20:58:45.242 write initial data to InfluxDB successfully, status code is 204

2020-06-07 20:58:45.242 start obtaining value of specified variables

2020-06-07 20:58:45.242 obtain value of specified variables successfully

2020-06-07 20:58:45.242 FMU simulate a step from t=0.66

2020-06-07 20:58:45.243 FMU simulate the step from t=0.66 successfully

2020-06-07 20:58:45.243 start writing data after this step to InfluxDB

2020-06-07 20:58:45.245 write initial data to InfluxDB successfully, status code is 204

2020-06-07 20:58:45.245 start obtaining value of specified variables

2020-06-07 20:58:45.245 obtain value of specified variables successfully

2020-06-07 20:58:45.245 FMU simulate a step from t=0.67

2020-06-07 20:58:45.245 FMU simulate the step from t=0.67 successfully

2020-06-07 20:58:45.245 start writing data after this step to InfluxDB

2020-06-07 20:58:45.248 write initial data to InfluxDB successfully, status code is 204

2020-06-07 20:58:45.248 start obtaining value of specified variables

2020-06-07 20:58:45.248 obtain value of specified variables successfully

2020-06-07 20:58:45.248 FMU simulate a step from t=0.68

2020-06-07 20:58:45.248 FMU simulate the step from t=0.68 successfully

2020-06-07 20:58:45.248 start writing data after this step to InfluxDB

2020-06-07 20:58:45.251 write initial data to InfluxDB successfully, status code is 204

2020-06-07 20:58:45.251 start obtaining value of specified variables

2020-06-07 20:58:45.251 obtain value of specified variables successfully

2020-06-07 20:58:45.251 FMU simulate a step from t=0.69

2020-06-07 20:58:45.251 FMU simulate the step from t=0.69 successfully

2020-06-07 20:58:45.251 start writing data after this step to InfluxDB

2020-06-07 20:58:45.253 write initial data to InfluxDB successfully, status code is 204

2020-06-07 20:58:45.253 start obtaining value of specified variables

2020-06-07 20:58:45.253 obtain value of specified variables successfully

2020-06-07 20:58:45.253 FMU simulate a step from t=0.7

2020-06-07 20:58:45.253 FMU simulate the step from t=0.7 successfully

2020-06-07 20:58:45.253 start writing data after this step to InfluxDB

2020-06-07 20:58:45.255 write initial data to InfluxDB successfully, status code is 204

2020-06-07 20:58:45.255 start obtaining value of specified variables

2020-06-07 20:58:45.255 obtain value of specified variables successfully

2020-06-07 20:58:45.255 FMU simulate a step from t=0.71

2020-06-07 20:58:45.255 FMU simulate the step from t=0.71 successfully

2020-06-07 20:58:45.255 start writing data after this step to InfluxDB

2020-06-07 20:58:45.256 write initial data to InfluxDB successfully, status code is 204

2020-06-07 20:58:45.256 start obtaining value of specified variables

2020-06-07 20:58:45.256 obtain value of specified variables successfully

2020-06-07 20:58:45.257 FMU simulate a step from t=0.72

2020-06-07 20:58:45.257 FMU simulate the step from t=0.72 successfully

2020-06-07 20:58:45.257 start writing data after this step to InfluxDB

2020-06-07 20:58:45.258 write initial data to InfluxDB successfully, status code is 204

2020-06-07 20:58:45.258 start obtaining value of specified variables

2020-06-07 20:58:45.258 obtain value of specified variables successfully

2020-06-07 20:58:45.258 FMU simulate a step from t=0.73

2020-06-07 20:58:45.259 FMU simulate the step from t=0.73 successfully

2020-06-07 20:58:45.259 start writing data after this step to InfluxDB

2020-06-07 20:58:45.260 write initial data to InfluxDB successfully, status code is 204

2020-06-07 20:58:45.261 start obtaining value of specified variables

2020-06-07 20:58:45.261 obtain value of specified variables successfully

2020-06-07 20:58:45.261 FMU simulate a step from t=0.74

2020-06-07 20:58:45.261 FMU simulate the step from t=0.74 successfully

2020-06-07 20:58:45.261 start writing data after this step to InfluxDB

2020-06-07 20:58:45.263 write initial data to InfluxDB successfully, status code is 204

2020-06-07 20:58:45.263 start obtaining value of specified variables

2020-06-07 20:58:45.263 obtain value of specified variables successfully

2020-06-07 20:58:45.263 FMU simulate a step from t=0.75

2020-06-07 20:58:45.264 FMU simulate the step from t=0.75 successfully

2020-06-07 20:58:45.264 start writing data after this step to InfluxDB

2020-06-07 20:58:45.265 write initial data to InfluxDB successfully, status code is 204

2020-06-07 20:58:45.265 start obtaining value of specified variables

2020-06-07 20:58:45.266 obtain value of specified variables successfully

2020-06-07 20:58:45.266 FMU simulate a step from t=0.76

2020-06-07 20:58:45.266 FMU simulate the step from t=0.76 successfully

2020-06-07 20:58:45.266 start writing data after this step to InfluxDB

2020-06-07 20:58:45.268 write initial data to InfluxDB successfully, status code is 204

2020-06-07 20:58:45.268 start obtaining value of specified variables

2020-06-07 20:58:45.268 obtain value of specified variables successfully

2020-06-07 20:58:45.268 FMU simulate a step from t=0.77

2020-06-07 20:58:45.268 FMU simulate the step from t=0.77 successfully

2020-06-07 20:58:45.268 start writing data after this step to InfluxDB

2020-06-07 20:58:45.270 write initial data to InfluxDB successfully, status code is 204

2020-06-07 20:58:45.270 start obtaining value of specified variables

2020-06-07 20:58:45.270 obtain value of specified variables successfully

2020-06-07 20:58:45.270 FMU simulate a step from t=0.78

2020-06-07 20:58:45.271 FMU simulate the step from t=0.78 successfully

2020-06-07 20:58:45.271 start writing data after this step to InfluxDB

2020-06-07 20:58:45.272 write initial data to InfluxDB successfully, status code is 204

2020-06-07 20:58:45.272 start obtaining value of specified variables

2020-06-07 20:58:45.272 obtain value of specified variables successfully

2020-06-07 20:58:45.273 FMU simulate a step from t=0.79

2020-06-07 20:58:45.273 FMU simulate the step from t=0.79 successfully

2020-06-07 20:58:45.273 start writing data after this step to InfluxDB

2020-06-07 20:58:45.274 write initial data to InfluxDB successfully, status code is 204

2020-06-07 20:58:45.274 start obtaining value of specified variables

2020-06-07 20:58:45.274 obtain value of specified variables successfully

2020-06-07 20:58:45.274 FMU simulate a step from t=0.8

2020-06-07 20:58:45.275 FMU simulate the step from t=0.8 successfully

2020-06-07 20:58:45.275 start writing data after this step to InfluxDB

2020-06-07 20:58:45.276 write initial data to InfluxDB successfully, status code is 204

2020-06-07 20:58:45.276 start obtaining value of specified variables

2020-06-07 20:58:45.276 obtain value of specified variables successfully

2020-06-07 20:58:45.276 FMU simulate a step from t=0.81

2020-06-07 20:58:45.276 FMU simulate the step from t=0.81 successfully

2020-06-07 20:58:45.276 start writing data after this step to InfluxDB

2020-06-07 20:58:45.278 write initial data to InfluxDB successfully, status code is 204

2020-06-07 20:58:45.278 start obtaining value of specified variables

2020-06-07 20:58:45.278 obtain value of specified variables successfully

2020-06-07 20:58:45.278 FMU simulate a step from t=0.82

2020-06-07 20:58:45.278 FMU simulate the step from t=0.82 successfully

2020-06-07 20:58:45.278 start writing data after this step to InfluxDB

2020-06-07 20:58:45.280 write initial data to InfluxDB successfully, status code is 204

2020-06-07 20:58:45.280 start obtaining value of specified variables

2020-06-07 20:58:45.280 obtain value of specified variables successfully

2020-06-07 20:58:45.281 FMU simulate a step from t=0.83

2020-06-07 20:58:45.281 FMU simulate the step from t=0.83 successfully

2020-06-07 20:58:45.281 start writing data after this step to InfluxDB

2020-06-07 20:58:45.282 write initial data to InfluxDB successfully, status code is 204

2020-06-07 20:58:45.283 start obtaining value of specified variables

2020-06-07 20:58:45.283 obtain value of specified variables successfully

2020-06-07 20:58:45.283 FMU simulate a step from t=0.84

2020-06-07 20:58:45.283 FMU simulate the step from t=0.84 successfully

2020-06-07 20:58:45.283 start writing data after this step to InfluxDB

2020-06-07 20:58:45.285 write initial data to InfluxDB successfully, status code is 204

2020-06-07 20:58:45.285 start obtaining value of specified variables

2020-06-07 20:58:45.285 obtain value of specified variables successfully

2020-06-07 20:58:45.285 FMU simulate a step from t=0.85

2020-06-07 20:58:45.285 FMU simulate the step from t=0.85 successfully

2020-06-07 20:58:45.285 start writing data after this step to InfluxDB

2020-06-07 20:58:45.287 write initial data to InfluxDB successfully, status code is 204

2020-06-07 20:58:45.287 start obtaining value of specified variables

2020-06-07 20:58:45.287 obtain value of specified variables successfully

2020-06-07 20:58:45.287 FMU simulate a step from t=0.86

2020-06-07 20:58:45.287 FMU simulate the step from t=0.86 successfully

2020-06-07 20:58:45.287 start writing data after this step to InfluxDB

2020-06-07 20:58:45.289 write initial data to InfluxDB successfully, status code is 204

2020-06-07 20:58:45.289 start obtaining value of specified variables

2020-06-07 20:58:45.289 obtain value of specified variables successfully

2020-06-07 20:58:45.289 FMU simulate a step from t=0.87

2020-06-07 20:58:45.289 FMU simulate the step from t=0.87 successfully

2020-06-07 20:58:45.289 start writing data after this step to InfluxDB

2020-06-07 20:58:45.290 write initial data to InfluxDB successfully, status code is 204

2020-06-07 20:58:45.290 start obtaining value of specified variables

2020-06-07 20:58:45.291 obtain value of specified variables successfully

2020-06-07 20:58:45.291 FMU simulate a step from t=0.88

2020-06-07 20:58:45.291 FMU simulate the step from t=0.88 successfully

2020-06-07 20:58:45.291 start writing data after this step to InfluxDB

2020-06-07 20:58:45.292 write initial data to InfluxDB successfully, status code is 204

2020-06-07 20:58:45.292 start obtaining value of specified variables

2020-06-07 20:58:45.292 obtain value of specified variables successfully

2020-06-07 20:58:45.292 FMU simulate a step from t=0.89

2020-06-07 20:58:45.293 FMU simulate the step from t=0.89 successfully

2020-06-07 20:58:45.293 start writing data after this step to InfluxDB

2020-06-07 20:58:45.294 write initial data to InfluxDB successfully, status code is 204

2020-06-07 20:58:45.294 start obtaining value of specified variables

2020-06-07 20:58:45.294 obtain value of specified variables successfully

2020-06-07 20:58:45.294 FMU simulate a step from t=0.9

2020-06-07 20:58:45.295 FMU simulate the step from t=0.9 successfully

2020-06-07 20:58:45.295 start writing data after this step to InfluxDB

2020-06-07 20:58:45.296 write initial data to InfluxDB successfully, status code is 204

2020-06-07 20:58:45.296 start obtaining value of specified variables

2020-06-07 20:58:45.296 obtain value of specified variables successfully

2020-06-07 20:58:45.297 FMU simulate a step from t=0.91

2020-06-07 20:58:45.297 FMU simulate the step from t=0.91 successfully

2020-06-07 20:58:45.297 start writing data after this step to InfluxDB

2020-06-07 20:58:45.298 write initial data to InfluxDB successfully, status code is 204

2020-06-07 20:58:45.298 start obtaining value of specified variables

2020-06-07 20:58:45.298 obtain value of specified variables successfully

2020-06-07 20:58:45.298 FMU simulate a step from t=0.92

2020-06-07 20:58:45.299 FMU simulate the step from t=0.92 successfully

2020-06-07 20:58:45.299 start writing data after this step to InfluxDB

2020-06-07 20:58:45.300 write initial data to InfluxDB successfully, status code is 204

2020-06-07 20:58:45.300 start obtaining value of specified variables

2020-06-07 20:58:45.300 obtain value of specified variables successfully

2020-06-07 20:58:45.301 FMU simulate a step from t=0.93

2020-06-07 20:58:45.301 FMU simulate the step from t=0.93 successfully

2020-06-07 20:58:45.301 start writing data after this step to InfluxDB

2020-06-07 20:58:45.303 write initial data to InfluxDB successfully, status code is 204

2020-06-07 20:58:45.303 start obtaining value of specified variables

2020-06-07 20:58:45.303 obtain value of specified variables successfully

2020-06-07 20:58:45.303 FMU simulate a step from t=0.94

2020-06-07 20:58:45.303 FMU simulate the step from t=0.94 successfully

2020-06-07 20:58:45.303 start writing data after this step to InfluxDB

2020-06-07 20:58:45.305 write initial data to InfluxDB successfully, status code is 204

2020-06-07 20:58:45.305 start obtaining value of specified variables

2020-06-07 20:58:45.305 obtain value of specified variables successfully

2020-06-07 20:58:45.305 FMU simulate a step from t=0.95

2020-06-07 20:58:45.305 FMU simulate the step from t=0.95 successfully

2020-06-07 20:58:45.305 start writing data after this step to InfluxDB

2020-06-07 20:58:45.307 write initial data to InfluxDB successfully, status code is 204

2020-06-07 20:58:45.307 start obtaining value of specified variables

2020-06-07 20:58:45.307 obtain value of specified variables successfully

2020-06-07 20:58:45.307 FMU simulate a step from t=0.96

2020-06-07 20:58:45.307 FMU simulate the step from t=0.96 successfully

2020-06-07 20:58:45.307 start writing data after this step to InfluxDB

2020-06-07 20:58:45.309 write initial data to InfluxDB successfully, status code is 204

2020-06-07 20:58:45.309 start obtaining value of specified variables

2020-06-07 20:58:45.309 obtain value of specified variables successfully

2020-06-07 20:58:45.309 FMU simulate a step from t=0.97

2020-06-07 20:58:45.309 FMU simulate the step from t=0.97 successfully

2020-06-07 20:58:45.309 start writing data after this step to InfluxDB

2020-06-07 20:58:45.311 write initial data to InfluxDB successfully, status code is 204

2020-06-07 20:58:45.312 start obtaining value of specified variables

2020-06-07 20:58:45.312 obtain value of specified variables successfully

2020-06-07 20:58:45.312 FMU simulate a step from t=0.98

2020-06-07 20:58:45.312 FMU simulate the step from t=0.98 successfully

2020-06-07 20:58:45.312 start writing data after this step to InfluxDB

2020-06-07 20:58:45.314 write initial data to InfluxDB successfully, status code is 204

2020-06-07 20:58:45.314 start obtaining value of specified variables

2020-06-07 20:58:45.314 obtain value of specified variables successfully

2020-06-07 20:58:45.314 FMU simulate a step from t=0.99

2020-06-07 20:58:45.314 FMU simulate the step from t=0.99 successfully

2020-06-07 20:58:45.314 start writing data after this step to InfluxDB

2020-06-07 20:58:45.315 write initial data to InfluxDB successfully, status code is 204

2020-06-07 20:58:45.315 start obtaining value of specified variables

2020-06-07 20:58:45.316 obtain value of specified variables successfully

2020-06-07 20:58:45.316 FMU simulate a step from t=1

2020-06-07 20:58:45.316 FMU simulate the step from t=1 successfully

2020-06-07 20:58:45.316 start writing data after this step to InfluxDB

2020-06-07 20:58:45.317 write initial data to InfluxDB successfully, status code is 204

2020-06-07 20:58:45.317 start obtaining value of specified variables

2020-06-07 20:58:45.317 obtain value of specified variables successfully

2020-06-07 20:58:45.317 FMU simulate a step from t=1.01

2020-06-07 20:58:45.318 FMU simulate the step from t=1.01 successfully

2020-06-07 20:58:45.318 start writing data after this step to InfluxDB

2020-06-07 20:58:45.320 write initial data to InfluxDB successfully, status code is 204

2020-06-07 20:58:45.320 start obtaining value of specified variables

2020-06-07 20:58:45.320 obtain value of specified variables successfully

2020-06-07 20:58:45.320 FMU simulate a step from t=1.02

2020-06-07 20:58:45.320 FMU simulate the step from t=1.02 successfully

2020-06-07 20:58:45.320 start writing data after this step to InfluxDB

2020-06-07 20:58:45.322 write initial data to InfluxDB successfully, status code is 204

2020-06-07 20:58:45.322 start obtaining value of specified variables

2020-06-07 20:58:45.322 obtain value of specified variables successfully

2020-06-07 20:58:45.322 FMU simulate a step from t=1.03

2020-06-07 20:58:45.322 FMU simulate the step from t=1.03 successfully

2020-06-07 20:58:45.322 start writing data after this step to InfluxDB

2020-06-07 20:58:45.324 write initial data to InfluxDB successfully, status code is 204

2020-06-07 20:58:45.324 start obtaining value of specified variables

2020-06-07 20:58:45.324 obtain value of specified variables successfully

2020-06-07 20:58:45.324 FMU simulate a step from t=1.04

2020-06-07 20:58:45.324 FMU simulate the step from t=1.04 successfully

2020-06-07 20:58:45.324 start writing data after this step to InfluxDB

2020-06-07 20:58:45.326 write initial data to InfluxDB successfully, status code is 204

2020-06-07 20:58:45.326 start obtaining value of specified variables

2020-06-07 20:58:45.326 obtain value of specified variables successfully

2020-06-07 20:58:45.326 FMU simulate a step from t=1.05

2020-06-07 20:58:45.326 FMU simulate the step from t=1.05 successfully

2020-06-07 20:58:45.326 start writing data after this step to InfluxDB

2020-06-07 20:58:45.328 write initial data to InfluxDB successfully, status code is 204

2020-06-07 20:58:45.328 start obtaining value of specified variables

2020-06-07 20:58:45.328 obtain value of specified variables successfully

2020-06-07 20:58:45.328 FMU simulate a step from t=1.06

2020-06-07 20:58:45.328 FMU simulate the step from t=1.06 successfully

2020-06-07 20:58:45.328 start writing data after this step to InfluxDB

2020-06-07 20:58:45.330 write initial data to InfluxDB successfully, status code is 204

2020-06-07 20:58:45.330 start obtaining value of specified variables

2020-06-07 20:58:45.330 obtain value of specified variables successfully

2020-06-07 20:58:45.330 FMU simulate a step from t=1.07

2020-06-07 20:58:45.330 FMU simulate the step from t=1.07 successfully

2020-06-07 20:58:45.331 start writing data after this step to InfluxDB

2020-06-07 20:58:45.332 write initial data to InfluxDB successfully, status code is 204

2020-06-07 20:58:45.332 start obtaining value of specified variables

2020-06-07 20:58:45.332 obtain value of specified variables successfully

2020-06-07 20:58:45.332 FMU simulate a step from t=1.08

2020-06-07 20:58:45.332 FMU simulate the step from t=1.08 successfully

2020-06-07 20:58:45.332 start writing data after this step to InfluxDB

2020-06-07 20:58:45.334 write initial data to InfluxDB successfully, status code is 204

2020-06-07 20:58:45.334 start obtaining value of specified variables

2020-06-07 20:58:45.334 obtain value of specified variables successfully

2020-06-07 20:58:45.334 FMU simulate a step from t=1.09

2020-06-07 20:58:45.334 FMU simulate the step from t=1.09 successfully

2020-06-07 20:58:45.334 start writing data after this step to InfluxDB

2020-06-07 20:58:45.336 write initial data to InfluxDB successfully, status code is 204

2020-06-07 20:58:45.336 start obtaining value of specified variables

2020-06-07 20:58:45.336 obtain value of specified variables successfully

2020-06-07 20:58:45.336 FMU simulate a step from t=1.1

2020-06-07 20:58:45.336 FMU simulate the step from t=1.1 successfully

2020-06-07 20:58:45.336 start writing data after this step to InfluxDB

2020-06-07 20:58:45.337 write initial data to InfluxDB successfully, status code is 204

2020-06-07 20:58:45.338 start obtaining value of specified variables

2020-06-07 20:58:45.338 obtain value of specified variables successfully

2020-06-07 20:58:45.338 FMU simulate a step from t=1.11

2020-06-07 20:58:45.338 FMU simulate the step from t=1.11 successfully

2020-06-07 20:58:45.338 start writing data after this step to InfluxDB

2020-06-07 20:58:45.340 write initial data to InfluxDB successfully, status code is 204

2020-06-07 20:58:45.340 start obtaining value of specified variables

2020-06-07 20:58:45.340 obtain value of specified variables successfully

2020-06-07 20:58:45.340 FMU simulate a step from t=1.12

2020-06-07 20:58:45.340 FMU simulate the step from t=1.12 successfully

2020-06-07 20:58:45.340 start writing data after this step to InfluxDB

2020-06-07 20:58:45.342 write initial data to InfluxDB successfully, status code is 204

2020-06-07 20:58:45.342 start obtaining value of specified variables

2020-06-07 20:58:45.342 obtain value of specified variables successfully

2020-06-07 20:58:45.342 FMU simulate a step from t=1.13

2020-06-07 20:58:45.343 FMU simulate the step from t=1.13 successfully

2020-06-07 20:58:45.343 start writing data after this step to InfluxDB

2020-06-07 20:58:45.345 write initial data to InfluxDB successfully, status code is 204

2020-06-07 20:58:45.345 start obtaining value of specified variables

2020-06-07 20:58:45.345 obtain value of specified variables successfully

2020-06-07 20:58:45.345 FMU simulate a step from t=1.14

2020-06-07 20:58:45.345 FMU simulate the step from t=1.14 successfully

2020-06-07 20:58:45.345 start writing data after this step to InfluxDB

2020-06-07 20:58:45.347 write initial data to InfluxDB successfully, status code is 204

2020-06-07 20:58:45.347 start obtaining value of specified variables

2020-06-07 20:58:45.348 obtain value of specified variables successfully

2020-06-07 20:58:45.348 FMU simulate a step from t=1.15

2020-06-07 20:58:45.348 FMU simulate the step from t=1.15 successfully

2020-06-07 20:58:45.348 start writing data after this step to InfluxDB

2020-06-07 20:58:45.350 write initial data to InfluxDB successfully, status code is 204

2020-06-07 20:58:45.350 start obtaining value of specified variables

2020-06-07 20:58:45.351 obtain value of specified variables successfully

2020-06-07 20:58:45.351 FMU simulate a step from t=1.16

2020-06-07 20:58:45.351 FMU simulate the step from t=1.16 successfully

2020-06-07 20:58:45.351 start writing data after this step to InfluxDB

2020-06-07 20:58:45.353 write initial data to InfluxDB successfully, status code is 204

2020-06-07 20:58:45.353 start obtaining value of specified variables

2020-06-07 20:58:45.353 obtain value of specified variables successfully

2020-06-07 20:58:45.353 FMU simulate a step from t=1.17

2020-06-07 20:58:45.353 FMU simulate the step from t=1.17 successfully

2020-06-07 20:58:45.353 start writing data after this step to InfluxDB

2020-06-07 20:58:45.355 write initial data to InfluxDB successfully, status code is 204

2020-06-07 20:58:45.355 start obtaining value of specified variables

2020-06-07 20:58:45.355 obtain value of specified variables successfully

2020-06-07 20:58:45.355 FMU simulate a step from t=1.18

2020-06-07 20:58:45.355 FMU simulate the step from t=1.18 successfully

2020-06-07 20:58:45.355 start writing data after this step to InfluxDB

2020-06-07 20:58:45.357 write initial data to InfluxDB successfully, status code is 204

2020-06-07 20:58:45.357 start obtaining value of specified variables

2020-06-07 20:58:45.357 obtain value of specified variables successfully

2020-06-07 20:58:45.357 FMU simulate a step from t=1.19

2020-06-07 20:58:45.357 FMU simulate the step from t=1.19 successfully

2020-06-07 20:58:45.357 start writing data after this step to InfluxDB

2020-06-07 20:58:45.359 write initial data to InfluxDB successfully, status code is 204

2020-06-07 20:58:45.359 start obtaining value of specified variables

2020-06-07 20:58:45.359 obtain value of specified variables successfully

2020-06-07 20:58:45.359 FMU simulate a step from t=1.2

2020-06-07 20:58:45.359 FMU simulate the step from t=1.2 successfully

2020-06-07 20:58:45.359 start writing data after this step to InfluxDB

2020-06-07 20:58:45.363 write initial data to InfluxDB successfully, status code is 204

2020-06-07 20:58:45.363 start obtaining value of specified variables

2020-06-07 20:58:45.363 obtain value of specified variables successfully

2020-06-07 20:58:45.363 FMU simulate a step from t=1.21

2020-06-07 20:58:45.363 FMU simulate the step from t=1.21 successfully

2020-06-07 20:58:45.363 start writing data after this step to InfluxDB

2020-06-07 20:58:45.365 write initial data to InfluxDB successfully, status code is 204

2020-06-07 20:58:45.365 start obtaining value of specified variables

2020-06-07 20:58:45.365 obtain value of specified variables successfully

2020-06-07 20:58:45.365 FMU simulate a step from t=1.22

2020-06-07 20:58:45.366 FMU simulate the step from t=1.22 successfully

2020-06-07 20:58:45.366 start writing data after this step to InfluxDB

2020-06-07 20:58:45.367 write initial data to InfluxDB successfully, status code is 204

2020-06-07 20:58:45.367 start obtaining value of specified variables

2020-06-07 20:58:45.367 obtain value of specified variables successfully

2020-06-07 20:58:45.367 FMU simulate a step from t=1.23

2020-06-07 20:58:45.371 FMU simulate the step from t=1.23 successfully

2020-06-07 20:58:45.371 start writing data after this step to InfluxDB

2020-06-07 20:58:45.373 write initial data to InfluxDB successfully, status code is 204

2020-06-07 20:58:45.374 start obtaining value of specified variables

2020-06-07 20:58:45.374 obtain value of specified variables successfully

2020-06-07 20:58:45.374 FMU simulate a step from t=1.24

2020-06-07 20:58:45.376 FMU simulate the step from t=1.24 successfully

2020-06-07 20:58:45.376 start writing data after this step to InfluxDB

2020-06-07 20:58:45.378 write initial data to InfluxDB successfully, status code is 204

2020-06-07 20:58:45.378 start obtaining value of specified variables

2020-06-07 20:58:45.378 obtain value of specified variables successfully

2020-06-07 20:58:45.378 FMU simulate a step from t=1.25

2020-06-07 20:58:45.378 FMU simulate the step from t=1.25 successfully

2020-06-07 20:58:45.378 start writing data after this step to InfluxDB

2020-06-07 20:58:45.380 write initial data to InfluxDB successfully, status code is 204

2020-06-07 20:58:45.380 start obtaining value of specified variables

2020-06-07 20:58:45.380 obtain value of specified variables successfully

2020-06-07 20:58:45.381 FMU simulate a step from t=1.26

2020-06-07 20:58:45.381 FMU simulate the step from t=1.26 successfully

2020-06-07 20:58:45.381 start writing data after this step to InfluxDB

2020-06-07 20:58:45.384 write initial data to InfluxDB successfully, status code is 204

2020-06-07 20:58:45.384 start obtaining value of specified variables

2020-06-07 20:58:45.384 obtain value of specified variables successfully

2020-06-07 20:58:45.384 FMU simulate a step from t=1.27

2020-06-07 20:58:45.384 FMU simulate the step from t=1.27 successfully

2020-06-07 20:58:45.384 start writing data after this step to InfluxDB

2020-06-07 20:58:45.386 write initial data to InfluxDB successfully, status code is 204

2020-06-07 20:58:45.386 start obtaining value of specified variables

2020-06-07 20:58:45.386 obtain value of specified variables successfully

2020-06-07 20:58:45.386 FMU simulate a step from t=1.28

2020-06-07 20:58:45.386 FMU simulate the step from t=1.28 successfully

2020-06-07 20:58:45.386 start writing data after this step to InfluxDB

2020-06-07 20:58:45.388 write initial data to InfluxDB successfully, status code is 204

2020-06-07 20:58:45.388 start obtaining value of specified variables

2020-06-07 20:58:45.388 obtain value of specified variables successfully

2020-06-07 20:58:45.388 FMU simulate a step from t=1.29

2020-06-07 20:58:45.388 FMU simulate the step from t=1.29 successfully

2020-06-07 20:58:45.389 start writing data after this step to InfluxDB

2020-06-07 20:58:45.390 write initial data to InfluxDB successfully, status code is 204

2020-06-07 20:58:45.390 start obtaining value of specified variables

2020-06-07 20:58:45.390 obtain value of specified variables successfully

2020-06-07 20:58:45.390 FMU simulate a step from t=1.3

2020-06-07 20:58:45.391 FMU simulate the step from t=1.3 successfully

2020-06-07 20:58:45.391 start writing data after this step to InfluxDB

2020-06-07 20:58:45.393 write initial data to InfluxDB successfully, status code is 204

2020-06-07 20:58:45.393 start obtaining value of specified variables

2020-06-07 20:58:45.393 obtain value of specified variables successfully

2020-06-07 20:58:45.393 FMU simulate a step from t=1.31

2020-06-07 20:58:45.394 FMU simulate the step from t=1.31 successfully

2020-06-07 20:58:45.394 start writing data after this step to InfluxDB

2020-06-07 20:58:45.396 write initial data to InfluxDB successfully, status code is 204

2020-06-07 20:58:45.396 start obtaining value of specified variables

2020-06-07 20:58:45.396 obtain value of specified variables successfully

2020-06-07 20:58:45.396 FMU simulate a step from t=1.32

2020-06-07 20:58:45.396 FMU simulate the step from t=1.32 successfully

2020-06-07 20:58:45.396 start writing data after this step to InfluxDB

2020-06-07 20:58:45.398 write initial data to InfluxDB successfully, status code is 204

2020-06-07 20:58:45.398 start obtaining value of specified variables

2020-06-07 20:58:45.398 obtain value of specified variables successfully

2020-06-07 20:58:45.398 FMU simulate a step from t=1.33

2020-06-07 20:58:45.399 FMU simulate the step from t=1.33 successfully

2020-06-07 20:58:45.399 start writing data after this step to InfluxDB

2020-06-07 20:58:45.401 write initial data to InfluxDB successfully, status code is 204

2020-06-07 20:58:45.401 start obtaining value of specified variables

2020-06-07 20:58:45.401 obtain value of specified variables successfully

2020-06-07 20:58:45.401 FMU simulate a step from t=1.34

2020-06-07 20:58:45.406 FMU simulate the step from t=1.34 successfully

2020-06-07 20:58:45.406 start writing data after this step to InfluxDB

2020-06-07 20:58:45.408 write initial data to InfluxDB successfully, status code is 204

2020-06-07 20:58:45.408 start obtaining value of specified variables

2020-06-07 20:58:45.408 obtain value of specified variables successfully

2020-06-07 20:58:45.408 FMU simulate a step from t=1.35

2020-06-07 20:58:45.421 FMU simulate the step from t=1.35 successfully

2020-06-07 20:58:45.421 start writing data after this step to InfluxDB

2020-06-07 20:58:45.424 write initial data to InfluxDB successfully, status code is 204

2020-06-07 20:58:45.424 start obtaining value of specified variables

2020-06-07 20:58:45.424 obtain value of specified variables successfully

2020-06-07 20:58:45.424 FMU simulate a step from t=1.36

2020-06-07 20:58:45.427 FMU simulate the step from t=1.36 successfully

2020-06-07 20:58:45.427 start writing data after this step to InfluxDB

2020-06-07 20:58:45.430 write initial data to InfluxDB successfully, status code is 204

2020-06-07 20:58:45.430 start obtaining value of specified variables

2020-06-07 20:58:45.430 obtain value of specified variables successfully

2020-06-07 20:58:45.430 FMU simulate a step from t=1.37

2020-06-07 20:58:45.430 FMU simulate the step from t=1.37 successfully

2020-06-07 20:58:45.430 start writing data after this step to InfluxDB

2020-06-07 20:58:45.432 write initial data to InfluxDB successfully, status code is 204

2020-06-07 20:58:45.432 start obtaining value of specified variables

2020-06-07 20:58:45.432 obtain value of specified variables successfully

2020-06-07 20:58:45.432 FMU simulate a step from t=1.38

2020-06-07 20:58:45.433 FMU simulate the step from t=1.38 successfully

2020-06-07 20:58:45.433 start writing data after this step to InfluxDB

2020-06-07 20:58:45.435 write initial data to InfluxDB successfully, status code is 204

2020-06-07 20:58:45.435 start obtaining value of specified variables

2020-06-07 20:58:45.435 obtain value of specified variables successfully

2020-06-07 20:58:45.435 FMU simulate a step from t=1.39

2020-06-07 20:58:45.435 FMU simulate the step from t=1.39 successfully

2020-06-07 20:58:45.435 start writing data after this step to InfluxDB

2020-06-07 20:58:45.437 write initial data to InfluxDB successfully, status code is 204

2020-06-07 20:58:45.438 start obtaining value of specified variables

2020-06-07 20:58:45.438 obtain value of specified variables successfully

2020-06-07 20:58:45.438 FMU simulate a step from t=1.4

2020-06-07 20:58:45.443 FMU simulate the step from t=1.4 successfully

2020-06-07 20:58:45.443 start writing data after this step to InfluxDB

2020-06-07 20:58:45.445 write initial data to InfluxDB successfully, status code is 204

2020-06-07 20:58:45.445 start obtaining value of specified variables

2020-06-07 20:58:45.445 obtain value of specified variables successfully

2020-06-07 20:58:45.445 FMU simulate a step from t=1.41

2020-06-07 20:58:45.446 FMU simulate the step from t=1.41 successfully

2020-06-07 20:58:45.446 start writing data after this step to InfluxDB

2020-06-07 20:58:45.449 write initial data to InfluxDB successfully, status code is 204

2020-06-07 20:58:45.449 start obtaining value of specified variables

2020-06-07 20:58:45.449 obtain value of specified variables successfully

2020-06-07 20:58:45.449 FMU simulate a step from t=1.42

2020-06-07 20:58:45.450 FMU simulate the step from t=1.42 successfully

2020-06-07 20:58:45.450 start writing data after this step to InfluxDB

2020-06-07 20:58:45.451 write initial data to InfluxDB successfully, status code is 204

2020-06-07 20:58:45.452 start obtaining value of specified variables

2020-06-07 20:58:45.452 obtain value of specified variables successfully

2020-06-07 20:58:45.452 FMU simulate a step from t=1.43

2020-06-07 20:58:45.452 FMU simulate the step from t=1.43 successfully

2020-06-07 20:58:45.452 start writing data after this step to InfluxDB

2020-06-07 20:58:45.456 write initial data to InfluxDB successfully, status code is 204

2020-06-07 20:58:45.456 start obtaining value of specified variables

2020-06-07 20:58:45.456 obtain value of specified variables successfully

2020-06-07 20:58:45.456 FMU simulate a step from t=1.44

2020-06-07 20:58:45.456 FMU simulate the step from t=1.44 successfully

2020-06-07 20:58:45.456 start writing data after this step to InfluxDB

2020-06-07 20:58:45.458 write initial data to InfluxDB successfully, status code is 204

2020-06-07 20:58:45.458 start obtaining value of specified variables

2020-06-07 20:58:45.458 obtain value of specified variables successfully

2020-06-07 20:58:45.458 FMU simulate a step from t=1.45

2020-06-07 20:58:45.458 FMU simulate the step from t=1.45 successfully

2020-06-07 20:58:45.458 start writing data after this step to InfluxDB

2020-06-07 20:58:45.460 write initial data to InfluxDB successfully, status code is 204

2020-06-07 20:58:45.460 start obtaining value of specified variables

2020-06-07 20:58:45.460 obtain value of specified variables successfully

2020-06-07 20:58:45.460 FMU simulate a step from t=1.46

2020-06-07 20:58:45.471 FMU simulate the step from t=1.46 successfully

2020-06-07 20:58:45.471 start writing data after this step to InfluxDB

2020-06-07 20:58:45.473 write initial data to InfluxDB successfully, status code is 204

2020-06-07 20:58:45.473 start obtaining value of specified variables

2020-06-07 20:58:45.473 obtain value of specified variables successfully

2020-06-07 20:58:45.473 FMU simulate a step from t=1.47

2020-06-07 20:58:45.476 FMU simulate the step from t=1.47 successfully

2020-06-07 20:58:45.476 start writing data after this step to InfluxDB

2020-06-07 20:58:45.479 write initial data to InfluxDB successfully, status code is 204

2020-06-07 20:58:45.479 start obtaining value of specified variables

2020-06-07 20:58:45.479 obtain value of specified variables successfully

2020-06-07 20:58:45.479 FMU simulate a step from t=1.48

2020-06-07 20:58:45.479 FMU simulate the step from t=1.48 successfully

2020-06-07 20:58:45.479 start writing data after this step to InfluxDB

2020-06-07 20:58:45.481 write initial data to InfluxDB successfully, status code is 204

2020-06-07 20:58:45.481 start obtaining value of specified variables

2020-06-07 20:58:45.481 obtain value of specified variables successfully

2020-06-07 20:58:45.481 FMU simulate a step from t=1.49

2020-06-07 20:58:45.486 FMU simulate the step from t=1.49 successfully

2020-06-07 20:58:45.486 start writing data after this step to InfluxDB

2020-06-07 20:58:45.488 write initial data to InfluxDB successfully, status code is 204

2020-06-07 20:58:45.488 start obtaining value of specified variables

2020-06-07 20:58:45.488 obtain value of specified variables successfully

2020-06-07 20:58:45.488 end simulation successfully

2020-06-07 20:58:45.583 release 'fmu10/fmu/cs/win64/fullRobot_cs.fmu' successfully

2020-06-07 20:58:45.583 disconnect from InfluxDB  127.0.0.1 : 8086 successfully

2020-06-07 20:59:00.916 start loading 'fmu10/fmu/cs/win64/fullRobot_cs.fmu'

2020-06-07 20:59:01.059 load 'fmu10/fmu/cs/win64/fullRobot_cs.fmu' successfully

2020-06-07 20:59:01.059 start connecting to InfluxDB 127.0.0.1 : 8086

2020-06-07 20:59:01.067 connect to InfluxDB 127.0.0.1 : 8086 successfully

2020-06-07 20:59:01.068 start instantiating fmu

2020-06-07 20:59:01.069 instantiate fmu successfully

2020-06-07 20:59:01.069 start initializing fmu

2020-06-07 20:59:01.070 initialize fmu successfully

2020-06-07 20:59:01.071 start setting inputs

2020-06-07 20:59:01.071 set inputs successfully

2020-06-07 20:59:01.071 FMU Simulator: run 'fmu10/fmu/cs/win64/fullRobot_cs.fmu' from t=0..1.5 with step size h=0.01

2020-06-07 20:59:01.073 write initial data to InfluxDB successfully, status code is 204

2020-06-07 20:59:01.073 FMU simulate a step from t=0

2020-06-07 20:59:01.094 FMU simulate the step from t=0 successfully

2020-06-07 20:59:01.094 start writing data after this step to InfluxDB

2020-06-07 20:59:01.096 write initial data to InfluxDB successfully, status code is 204

2020-06-07 20:59:01.096 start obtaining value of specified variables

2020-06-07 20:59:01.096 obtain value of specified variables successfully

2020-06-07 20:59:01.096 FMU simulate a step from t=0.01

2020-06-07 20:59:01.099 FMU simulate the step from t=0.01 successfully

2020-06-07 20:59:01.099 start writing data after this step to InfluxDB

2020-06-07 20:59:01.101 write initial data to InfluxDB successfully, status code is 204

2020-06-07 20:59:01.101 start obtaining value of specified variables

2020-06-07 20:59:01.101 obtain value of specified variables successfully

2020-06-07 20:59:01.101 FMU simulate a step from t=0.02

2020-06-07 20:59:01.101 FMU simulate the step from t=0.02 successfully

2020-06-07 20:59:01.101 start writing data after this step to InfluxDB

2020-06-07 20:59:01.103 write initial data to InfluxDB successfully, status code is 204

2020-06-07 20:59:01.103 start obtaining value of specified variables

2020-06-07 20:59:01.103 obtain value of specified variables successfully

2020-06-07 20:59:01.103 FMU simulate a step from t=0.03

2020-06-07 20:59:01.104 FMU simulate the step from t=0.03 successfully

2020-06-07 20:59:01.104 start writing data after this step to InfluxDB

2020-06-07 20:59:01.106 write initial data to InfluxDB successfully, status code is 204

2020-06-07 20:59:01.106 start obtaining value of specified variables

2020-06-07 20:59:01.106 obtain value of specified variables successfully

2020-06-07 20:59:01.106 FMU simulate a step from t=0.04

2020-06-07 20:59:01.106 FMU simulate the step from t=0.04 successfully

2020-06-07 20:59:01.106 start writing data after this step to InfluxDB

2020-06-07 20:59:01.108 write initial data to InfluxDB successfully, status code is 204

2020-06-07 20:59:01.108 start obtaining value of specified variables

2020-06-07 20:59:01.108 obtain value of specified variables successfully

2020-06-07 20:59:01.108 FMU simulate a step from t=0.05

2020-06-07 20:59:01.108 FMU simulate the step from t=0.05 successfully

2020-06-07 20:59:01.108 start writing data after this step to InfluxDB

2020-06-07 20:59:01.118 write initial data to InfluxDB successfully, status code is 204

2020-06-07 20:59:01.118 start obtaining value of specified variables

2020-06-07 20:59:01.118 obtain value of specified variables successfully

2020-06-07 20:59:01.118 FMU simulate a step from t=0.06

2020-06-07 20:59:01.118 FMU simulate the step from t=0.06 successfully

2020-06-07 20:59:01.118 start writing data after this step to InfluxDB

2020-06-07 20:59:01.121 write initial data to InfluxDB successfully, status code is 204

2020-06-07 20:59:01.121 start obtaining value of specified variables

2020-06-07 20:59:01.121 obtain value of specified variables successfully

2020-06-07 20:59:01.121 FMU simulate a step from t=0.07

2020-06-07 20:59:01.121 FMU simulate the step from t=0.07 successfully

2020-06-07 20:59:01.121 start writing data after this step to InfluxDB

2020-06-07 20:59:01.126 write initial data to InfluxDB successfully, status code is 204

2020-06-07 20:59:01.126 start obtaining value of specified variables

2020-06-07 20:59:01.126 obtain value of specified variables successfully

2020-06-07 20:59:01.126 FMU simulate a step from t=0.08

2020-06-07 20:59:01.127 FMU simulate the step from t=0.08 successfully

2020-06-07 20:59:01.127 start writing data after this step to InfluxDB

2020-06-07 20:59:01.129 write initial data to InfluxDB successfully, status code is 204

2020-06-07 20:59:01.129 start obtaining value of specified variables

2020-06-07 20:59:01.129 obtain value of specified variables successfully

2020-06-07 20:59:01.129 FMU simulate a step from t=0.09

2020-06-07 20:59:01.129 FMU simulate the step from t=0.09 successfully

2020-06-07 20:59:01.129 start writing data after this step to InfluxDB

2020-06-07 20:59:01.140 write initial data to InfluxDB successfully, status code is 204

2020-06-07 20:59:01.140 start obtaining value of specified variables

2020-06-07 20:59:01.140 obtain value of specified variables successfully

2020-06-07 20:59:01.140 FMU simulate a step from t=0.1

2020-06-07 20:59:01.140 FMU simulate the step from t=0.1 successfully

2020-06-07 20:59:01.140 start writing data after this step to InfluxDB

2020-06-07 20:59:01.143 write initial data to InfluxDB successfully, status code is 204

2020-06-07 20:59:01.144 start obtaining value of specified variables

2020-06-07 20:59:01.144 obtain value of specified variables successfully

2020-06-07 20:59:01.144 FMU simulate a step from t=0.11

2020-06-07 20:59:01.147 FMU simulate the step from t=0.11 successfully

2020-06-07 20:59:01.147 start writing data after this step to InfluxDB

2020-06-07 20:59:01.148 write initial data to InfluxDB successfully, status code is 204

2020-06-07 20:59:01.149 start obtaining value of specified variables

2020-06-07 20:59:01.149 obtain value of specified variables successfully

2020-06-07 20:59:01.149 FMU simulate a step from t=0.12

2020-06-07 20:59:01.150 FMU simulate the step from t=0.12 successfully

2020-06-07 20:59:01.150 start writing data after this step to InfluxDB

2020-06-07 20:59:01.152 write initial data to InfluxDB successfully, status code is 204

2020-06-07 20:59:01.152 start obtaining value of specified variables

2020-06-07 20:59:01.152 obtain value of specified variables successfully

2020-06-07 20:59:01.152 FMU simulate a step from t=0.13

2020-06-07 20:59:01.152 FMU simulate the step from t=0.13 successfully

2020-06-07 20:59:01.153 start writing data after this step to InfluxDB

2020-06-07 20:59:01.156 write initial data to InfluxDB successfully, status code is 204

2020-06-07 20:59:01.156 start obtaining value of specified variables

2020-06-07 20:59:01.156 obtain value of specified variables successfully

2020-06-07 20:59:01.156 FMU simulate a step from t=0.14

2020-06-07 20:59:01.156 FMU simulate the step from t=0.14 successfully

2020-06-07 20:59:01.156 start writing data after this step to InfluxDB

2020-06-07 20:59:01.158 write initial data to InfluxDB successfully, status code is 204

2020-06-07 20:59:01.158 start obtaining value of specified variables

2020-06-07 20:59:01.159 obtain value of specified variables successfully

2020-06-07 20:59:01.159 FMU simulate a step from t=0.15

2020-06-07 20:59:01.159 FMU simulate the step from t=0.15 successfully

2020-06-07 20:59:01.159 start writing data after this step to InfluxDB

2020-06-07 20:59:01.161 write initial data to InfluxDB successfully, status code is 204

2020-06-07 20:59:01.161 start obtaining value of specified variables

2020-06-07 20:59:01.161 obtain value of specified variables successfully

2020-06-07 20:59:01.161 FMU simulate a step from t=0.16

2020-06-07 20:59:01.161 FMU simulate the step from t=0.16 successfully

2020-06-07 20:59:01.161 start writing data after this step to InfluxDB

2020-06-07 20:59:01.163 write initial data to InfluxDB successfully, status code is 204

2020-06-07 20:59:01.163 start obtaining value of specified variables

2020-06-07 20:59:01.163 obtain value of specified variables successfully

2020-06-07 20:59:01.163 FMU simulate a step from t=0.17

2020-06-07 20:59:01.163 FMU simulate the step from t=0.17 successfully

2020-06-07 20:59:01.163 start writing data after this step to InfluxDB

2020-06-07 20:59:01.165 write initial data to InfluxDB successfully, status code is 204

2020-06-07 20:59:01.165 start obtaining value of specified variables

2020-06-07 20:59:01.165 obtain value of specified variables successfully

2020-06-07 20:59:01.165 FMU simulate a step from t=0.18

2020-06-07 20:59:01.165 FMU simulate the step from t=0.18 successfully

2020-06-07 20:59:01.165 start writing data after this step to InfluxDB

2020-06-07 20:59:01.167 write initial data to InfluxDB successfully, status code is 204

2020-06-07 20:59:01.167 start obtaining value of specified variables

2020-06-07 20:59:01.167 obtain value of specified variables successfully

2020-06-07 20:59:01.167 FMU simulate a step from t=0.19

2020-06-07 20:59:01.167 FMU simulate the step from t=0.19 successfully

2020-06-07 20:59:01.167 start writing data after this step to InfluxDB

2020-06-07 20:59:01.169 write initial data to InfluxDB successfully, status code is 204

2020-06-07 20:59:01.169 start obtaining value of specified variables

2020-06-07 20:59:01.169 obtain value of specified variables successfully

2020-06-07 20:59:01.169 FMU simulate a step from t=0.2

2020-06-07 20:59:01.169 FMU simulate the step from t=0.2 successfully

2020-06-07 20:59:01.169 start writing data after this step to InfluxDB

2020-06-07 20:59:01.171 write initial data to InfluxDB successfully, status code is 204

2020-06-07 20:59:01.171 start obtaining value of specified variables

2020-06-07 20:59:01.171 obtain value of specified variables successfully

2020-06-07 20:59:01.171 FMU simulate a step from t=0.21

2020-06-07 20:59:01.171 FMU simulate the step from t=0.21 successfully

2020-06-07 20:59:01.171 start writing data after this step to InfluxDB

2020-06-07 20:59:01.227 write initial data to InfluxDB successfully, status code is 204

2020-06-07 20:59:01.227 start obtaining value of specified variables

2020-06-07 20:59:01.227 obtain value of specified variables successfully

2020-06-07 20:59:01.227 FMU simulate a step from t=0.22

2020-06-07 20:59:01.227 FMU simulate the step from t=0.22 successfully

2020-06-07 20:59:01.227 start writing data after this step to InfluxDB

2020-06-07 20:59:01.230 write initial data to InfluxDB successfully, status code is 204

2020-06-07 20:59:01.230 start obtaining value of specified variables

2020-06-07 20:59:01.230 obtain value of specified variables successfully

2020-06-07 20:59:01.230 FMU simulate a step from t=0.23

2020-06-07 20:59:01.230 FMU simulate the step from t=0.23 successfully

2020-06-07 20:59:01.230 start writing data after this step to InfluxDB

2020-06-07 20:59:01.232 write initial data to InfluxDB successfully, status code is 204

2020-06-07 20:59:01.232 start obtaining value of specified variables

2020-06-07 20:59:01.232 obtain value of specified variables successfully

2020-06-07 20:59:01.232 FMU simulate a step from t=0.24

2020-06-07 20:59:01.232 FMU simulate the step from t=0.24 successfully

2020-06-07 20:59:01.233 start writing data after this step to InfluxDB

2020-06-07 20:59:01.235 write initial data to InfluxDB successfully, status code is 204

2020-06-07 20:59:01.235 start obtaining value of specified variables

2020-06-07 20:59:01.235 obtain value of specified variables successfully

2020-06-07 20:59:01.235 FMU simulate a step from t=0.25

2020-06-07 20:59:01.235 FMU simulate the step from t=0.25 successfully

2020-06-07 20:59:01.236 start writing data after this step to InfluxDB

2020-06-07 20:59:01.238 write initial data to InfluxDB successfully, status code is 204

2020-06-07 20:59:01.238 start obtaining value of specified variables

2020-06-07 20:59:01.238 obtain value of specified variables successfully

2020-06-07 20:59:01.238 FMU simulate a step from t=0.26

2020-06-07 20:59:01.238 FMU simulate the step from t=0.26 successfully

2020-06-07 20:59:01.238 start writing data after this step to InfluxDB

2020-06-07 20:59:01.240 write initial data to InfluxDB successfully, status code is 204

2020-06-07 20:59:01.240 start obtaining value of specified variables

2020-06-07 20:59:01.240 obtain value of specified variables successfully

2020-06-07 20:59:01.240 FMU simulate a step from t=0.27

2020-06-07 20:59:01.240 FMU simulate the step from t=0.27 successfully

2020-06-07 20:59:01.240 start writing data after this step to InfluxDB

2020-06-07 20:59:01.241 write initial data to InfluxDB successfully, status code is 204

2020-06-07 20:59:01.241 start obtaining value of specified variables

2020-06-07 20:59:01.242 obtain value of specified variables successfully

2020-06-07 20:59:01.242 FMU simulate a step from t=0.28

2020-06-07 20:59:01.242 FMU simulate the step from t=0.28 successfully

2020-06-07 20:59:01.242 start writing data after this step to InfluxDB

2020-06-07 20:59:01.243 write initial data to InfluxDB successfully, status code is 204

2020-06-07 20:59:01.243 start obtaining value of specified variables

2020-06-07 20:59:01.243 obtain value of specified variables successfully

2020-06-07 20:59:01.243 FMU simulate a step from t=0.29

2020-06-07 20:59:01.244 FMU simulate the step from t=0.29 successfully

2020-06-07 20:59:01.244 start writing data after this step to InfluxDB

2020-06-07 20:59:01.249 write initial data to InfluxDB successfully, status code is 204

2020-06-07 20:59:01.249 start obtaining value of specified variables

2020-06-07 20:59:01.249 obtain value of specified variables successfully

2020-06-07 20:59:01.249 FMU simulate a step from t=0.3

2020-06-07 20:59:01.250 FMU simulate the step from t=0.3 successfully

2020-06-07 20:59:01.250 start writing data after this step to InfluxDB

2020-06-07 20:59:01.252 write initial data to InfluxDB successfully, status code is 204

2020-06-07 20:59:01.253 start obtaining value of specified variables

2020-06-07 20:59:01.253 obtain value of specified variables successfully

2020-06-07 20:59:01.253 FMU simulate a step from t=0.31

2020-06-07 20:59:01.253 FMU simulate the step from t=0.31 successfully

2020-06-07 20:59:01.253 start writing data after this step to InfluxDB

2020-06-07 20:59:01.256 write initial data to InfluxDB successfully, status code is 204

2020-06-07 20:59:01.256 start obtaining value of specified variables

2020-06-07 20:59:01.256 obtain value of specified variables successfully

2020-06-07 20:59:01.256 FMU simulate a step from t=0.32

2020-06-07 20:59:01.256 FMU simulate the step from t=0.32 successfully

2020-06-07 20:59:01.256 start writing data after this step to InfluxDB

2020-06-07 20:59:01.259 write initial data to InfluxDB successfully, status code is 204

2020-06-07 20:59:01.259 start obtaining value of specified variables

2020-06-07 20:59:01.259 obtain value of specified variables successfully

2020-06-07 20:59:01.259 FMU simulate a step from t=0.33

2020-06-07 20:59:01.260 FMU simulate the step from t=0.33 successfully

2020-06-07 20:59:01.260 start writing data after this step to InfluxDB

2020-06-07 20:59:01.262 write initial data to InfluxDB successfully, status code is 204

2020-06-07 20:59:01.263 start obtaining value of specified variables

2020-06-07 20:59:01.263 obtain value of specified variables successfully

2020-06-07 20:59:01.263 FMU simulate a step from t=0.34

2020-06-07 20:59:01.263 FMU simulate the step from t=0.34 successfully

2020-06-07 20:59:01.263 start writing data after this step to InfluxDB

2020-06-07 20:59:01.267 write initial data to InfluxDB successfully, status code is 204

2020-06-07 20:59:01.267 start obtaining value of specified variables

2020-06-07 20:59:01.267 obtain value of specified variables successfully

2020-06-07 20:59:01.267 FMU simulate a step from t=0.35

2020-06-07 20:59:01.268 FMU simulate the step from t=0.35 successfully

2020-06-07 20:59:01.268 start writing data after this step to InfluxDB

2020-06-07 20:59:01.273 write initial data to InfluxDB successfully, status code is 204

2020-06-07 20:59:01.273 start obtaining value of specified variables

2020-06-07 20:59:01.273 obtain value of specified variables successfully

2020-06-07 20:59:01.273 FMU simulate a step from t=0.36

2020-06-07 20:59:01.274 FMU simulate the step from t=0.36 successfully

2020-06-07 20:59:01.274 start writing data after this step to InfluxDB

2020-06-07 20:59:01.276 write initial data to InfluxDB successfully, status code is 204

2020-06-07 20:59:01.276 start obtaining value of specified variables

2020-06-07 20:59:01.276 obtain value of specified variables successfully

2020-06-07 20:59:01.276 FMU simulate a step from t=0.37

2020-06-07 20:59:01.276 FMU simulate the step from t=0.37 successfully

2020-06-07 20:59:01.276 start writing data after this step to InfluxDB

2020-06-07 20:59:01.278 write initial data to InfluxDB successfully, status code is 204

2020-06-07 20:59:01.279 start obtaining value of specified variables

2020-06-07 20:59:01.279 obtain value of specified variables successfully

2020-06-07 20:59:01.279 FMU simulate a step from t=0.38

2020-06-07 20:59:01.279 FMU simulate the step from t=0.38 successfully

2020-06-07 20:59:01.279 start writing data after this step to InfluxDB

2020-06-07 20:59:01.281 write initial data to InfluxDB successfully, status code is 204

2020-06-07 20:59:01.281 start obtaining value of specified variables

2020-06-07 20:59:01.281 obtain value of specified variables successfully

2020-06-07 20:59:01.281 FMU simulate a step from t=0.39

2020-06-07 20:59:01.282 FMU simulate the step from t=0.39 successfully

2020-06-07 20:59:01.282 start writing data after this step to InfluxDB

2020-06-07 20:59:01.284 write initial data to InfluxDB successfully, status code is 204

2020-06-07 20:59:01.284 start obtaining value of specified variables

2020-06-07 20:59:01.284 obtain value of specified variables successfully

2020-06-07 20:59:01.284 FMU simulate a step from t=0.4

2020-06-07 20:59:01.284 FMU simulate the step from t=0.4 successfully

2020-06-07 20:59:01.284 start writing data after this step to InfluxDB

2020-06-07 20:59:01.287 write initial data to InfluxDB successfully, status code is 204

2020-06-07 20:59:01.287 start obtaining value of specified variables

2020-06-07 20:59:01.287 obtain value of specified variables successfully

2020-06-07 20:59:01.287 FMU simulate a step from t=0.41

2020-06-07 20:59:01.288 FMU simulate the step from t=0.41 successfully

2020-06-07 20:59:01.288 start writing data after this step to InfluxDB

2020-06-07 20:59:01.291 write initial data to InfluxDB successfully, status code is 204

2020-06-07 20:59:01.291 start obtaining value of specified variables

2020-06-07 20:59:01.291 obtain value of specified variables successfully

2020-06-07 20:59:01.291 FMU simulate a step from t=0.42

2020-06-07 20:59:01.291 FMU simulate the step from t=0.42 successfully

2020-06-07 20:59:01.292 start writing data after this step to InfluxDB

2020-06-07 20:59:01.294 write initial data to InfluxDB successfully, status code is 204

2020-06-07 20:59:01.295 start obtaining value of specified variables

2020-06-07 20:59:01.295 obtain value of specified variables successfully

2020-06-07 20:59:01.295 FMU simulate a step from t=0.43

2020-06-07 20:59:01.295 FMU simulate the step from t=0.43 successfully

2020-06-07 20:59:01.295 start writing data after this step to InfluxDB

2020-06-07 20:59:01.297 write initial data to InfluxDB successfully, status code is 204

2020-06-07 20:59:01.297 start obtaining value of specified variables

2020-06-07 20:59:01.297 obtain value of specified variables successfully

2020-06-07 20:59:01.297 FMU simulate a step from t=0.44

2020-06-07 20:59:01.297 FMU simulate the step from t=0.44 successfully

2020-06-07 20:59:01.298 start writing data after this step to InfluxDB

2020-06-07 20:59:01.307 write initial data to InfluxDB successfully, status code is 204

2020-06-07 20:59:01.307 start obtaining value of specified variables

2020-06-07 20:59:01.307 obtain value of specified variables successfully

2020-06-07 20:59:01.307 FMU simulate a step from t=0.45

2020-06-07 20:59:01.307 FMU simulate the step from t=0.45 successfully

2020-06-07 20:59:01.307 start writing data after this step to InfluxDB

2020-06-07 20:59:01.309 write initial data to InfluxDB successfully, status code is 204

2020-06-07 20:59:01.309 start obtaining value of specified variables

2020-06-07 20:59:01.310 obtain value of specified variables successfully

2020-06-07 20:59:01.310 FMU simulate a step from t=0.46

2020-06-07 20:59:01.310 FMU simulate the step from t=0.46 successfully

2020-06-07 20:59:01.310 start writing data after this step to InfluxDB

2020-06-07 20:59:01.314 write initial data to InfluxDB successfully, status code is 204

2020-06-07 20:59:01.314 start obtaining value of specified variables

2020-06-07 20:59:01.314 obtain value of specified variables successfully

2020-06-07 20:59:01.314 FMU simulate a step from t=0.47

2020-06-07 20:59:01.315 FMU simulate the step from t=0.47 successfully

2020-06-07 20:59:01.315 start writing data after this step to InfluxDB

2020-06-07 20:59:01.317 write initial data to InfluxDB successfully, status code is 204

2020-06-07 20:59:01.317 start obtaining value of specified variables

2020-06-07 20:59:01.317 obtain value of specified variables successfully

2020-06-07 20:59:01.317 FMU simulate a step from t=0.48

2020-06-07 20:59:01.317 FMU simulate the step from t=0.48 successfully

2020-06-07 20:59:01.317 start writing data after this step to InfluxDB

2020-06-07 20:59:01.319 write initial data to InfluxDB successfully, status code is 204

2020-06-07 20:59:01.319 start obtaining value of specified variables

2020-06-07 20:59:01.319 obtain value of specified variables successfully

2020-06-07 20:59:01.319 FMU simulate a step from t=0.49

2020-06-07 20:59:01.320 FMU simulate the step from t=0.49 successfully

2020-06-07 20:59:01.320 start writing data after this step to InfluxDB

2020-06-07 20:59:01.321 write initial data to InfluxDB successfully, status code is 204

2020-06-07 20:59:01.321 start obtaining value of specified variables

2020-06-07 20:59:01.322 obtain value of specified variables successfully

2020-06-07 20:59:01.322 FMU simulate a step from t=0.5

2020-06-07 20:59:01.322 FMU simulate the step from t=0.5 successfully

2020-06-07 20:59:01.322 start writing data after this step to InfluxDB

2020-06-07 20:59:01.324 write initial data to InfluxDB successfully, status code is 204

2020-06-07 20:59:01.324 start obtaining value of specified variables

2020-06-07 20:59:01.324 obtain value of specified variables successfully

2020-06-07 20:59:01.324 FMU simulate a step from t=0.51

2020-06-07 20:59:01.324 FMU simulate the step from t=0.51 successfully

2020-06-07 20:59:01.324 start writing data after this step to InfluxDB

2020-06-07 20:59:01.326 write initial data to InfluxDB successfully, status code is 204

2020-06-07 20:59:01.326 start obtaining value of specified variables

2020-06-07 20:59:01.326 obtain value of specified variables successfully

2020-06-07 20:59:01.326 FMU simulate a step from t=0.52

2020-06-07 20:59:01.327 FMU simulate the step from t=0.52 successfully

2020-06-07 20:59:01.327 start writing data after this step to InfluxDB

2020-06-07 20:59:01.330 write initial data to InfluxDB successfully, status code is 204

2020-06-07 20:59:01.330 start obtaining value of specified variables

2020-06-07 20:59:01.330 obtain value of specified variables successfully

2020-06-07 20:59:01.331 FMU simulate a step from t=0.53

2020-06-07 20:59:01.331 FMU simulate the step from t=0.53 successfully

2020-06-07 20:59:01.331 start writing data after this step to InfluxDB

2020-06-07 20:59:01.333 write initial data to InfluxDB successfully, status code is 204

2020-06-07 20:59:01.333 start obtaining value of specified variables

2020-06-07 20:59:01.333 obtain value of specified variables successfully

2020-06-07 20:59:01.334 FMU simulate a step from t=0.54

2020-06-07 20:59:01.334 FMU simulate the step from t=0.54 successfully

2020-06-07 20:59:01.334 start writing data after this step to InfluxDB

2020-06-07 20:59:01.336 write initial data to InfluxDB successfully, status code is 204

2020-06-07 20:59:01.336 start obtaining value of specified variables

2020-06-07 20:59:01.336 obtain value of specified variables successfully

2020-06-07 20:59:01.336 FMU simulate a step from t=0.55

2020-06-07 20:59:01.336 FMU simulate the step from t=0.55 successfully

2020-06-07 20:59:01.336 start writing data after this step to InfluxDB

2020-06-07 20:59:01.338 write initial data to InfluxDB successfully, status code is 204

2020-06-07 20:59:01.338 start obtaining value of specified variables

2020-06-07 20:59:01.338 obtain value of specified variables successfully

2020-06-07 20:59:01.338 FMU simulate a step from t=0.56

2020-06-07 20:59:01.339 FMU simulate the step from t=0.56 successfully

2020-06-07 20:59:01.339 start writing data after this step to InfluxDB

2020-06-07 20:59:01.340 write initial data to InfluxDB successfully, status code is 204

2020-06-07 20:59:01.340 start obtaining value of specified variables

2020-06-07 20:59:01.340 obtain value of specified variables successfully

2020-06-07 20:59:01.340 FMU simulate a step from t=0.57

2020-06-07 20:59:01.341 FMU simulate the step from t=0.57 successfully

2020-06-07 20:59:01.341 start writing data after this step to InfluxDB

2020-06-07 20:59:01.343 write initial data to InfluxDB successfully, status code is 204

2020-06-07 20:59:01.343 start obtaining value of specified variables

2020-06-07 20:59:01.343 obtain value of specified variables successfully

2020-06-07 20:59:01.343 FMU simulate a step from t=0.58

2020-06-07 20:59:01.343 FMU simulate the step from t=0.58 successfully

2020-06-07 20:59:01.343 start writing data after this step to InfluxDB

2020-06-07 20:59:01.346 write initial data to InfluxDB successfully, status code is 204

2020-06-07 20:59:01.346 start obtaining value of specified variables

2020-06-07 20:59:01.346 obtain value of specified variables successfully

2020-06-07 20:59:01.346 FMU simulate a step from t=0.59

2020-06-07 20:59:01.347 FMU simulate the step from t=0.59 successfully

2020-06-07 20:59:01.347 start writing data after this step to InfluxDB

2020-06-07 20:59:01.348 write initial data to InfluxDB successfully, status code is 204

2020-06-07 20:59:01.348 start obtaining value of specified variables

2020-06-07 20:59:01.349 obtain value of specified variables successfully

2020-06-07 20:59:01.349 FMU simulate a step from t=0.6

2020-06-07 20:59:01.349 FMU simulate the step from t=0.6 successfully

2020-06-07 20:59:01.349 start writing data after this step to InfluxDB

2020-06-07 20:59:01.351 write initial data to InfluxDB successfully, status code is 204

2020-06-07 20:59:01.351 start obtaining value of specified variables

2020-06-07 20:59:01.351 obtain value of specified variables successfully

2020-06-07 20:59:01.351 FMU simulate a step from t=0.61

2020-06-07 20:59:01.351 FMU simulate the step from t=0.61 successfully

2020-06-07 20:59:01.352 start writing data after this step to InfluxDB

2020-06-07 20:59:01.354 write initial data to InfluxDB successfully, status code is 204

2020-06-07 20:59:01.354 start obtaining value of specified variables

2020-06-07 20:59:01.354 obtain value of specified variables successfully

2020-06-07 20:59:01.354 FMU simulate a step from t=0.62

2020-06-07 20:59:01.354 FMU simulate the step from t=0.62 successfully

2020-06-07 20:59:01.354 start writing data after this step to InfluxDB

2020-06-07 20:59:01.356 write initial data to InfluxDB successfully, status code is 204

2020-06-07 20:59:01.356 start obtaining value of specified variables

2020-06-07 20:59:01.356 obtain value of specified variables successfully

2020-06-07 20:59:01.356 FMU simulate a step from t=0.63

2020-06-07 20:59:01.356 FMU simulate the step from t=0.63 successfully

2020-06-07 20:59:01.357 start writing data after this step to InfluxDB

2020-06-07 20:59:01.359 write initial data to InfluxDB successfully, status code is 204

2020-06-07 20:59:01.359 start obtaining value of specified variables

2020-06-07 20:59:01.359 obtain value of specified variables successfully

2020-06-07 20:59:01.359 FMU simulate a step from t=0.64

2020-06-07 20:59:01.359 FMU simulate the step from t=0.64 successfully

2020-06-07 20:59:01.359 start writing data after this step to InfluxDB

2020-06-07 20:59:01.362 write initial data to InfluxDB successfully, status code is 204

2020-06-07 20:59:01.362 start obtaining value of specified variables

2020-06-07 20:59:01.362 obtain value of specified variables successfully

2020-06-07 20:59:01.362 FMU simulate a step from t=0.65

2020-06-07 20:59:01.362 FMU simulate the step from t=0.65 successfully

2020-06-07 20:59:01.362 start writing data after this step to InfluxDB

2020-06-07 20:59:01.364 write initial data to InfluxDB successfully, status code is 204

2020-06-07 20:59:01.364 start obtaining value of specified variables

2020-06-07 20:59:01.364 obtain value of specified variables successfully

2020-06-07 20:59:01.365 FMU simulate a step from t=0.66

2020-06-07 20:59:01.365 FMU simulate the step from t=0.66 successfully

2020-06-07 20:59:01.365 start writing data after this step to InfluxDB

2020-06-07 20:59:01.366 write initial data to InfluxDB successfully, status code is 204

2020-06-07 20:59:01.367 start obtaining value of specified variables

2020-06-07 20:59:01.367 obtain value of specified variables successfully

2020-06-07 20:59:01.367 FMU simulate a step from t=0.67

2020-06-07 20:59:01.367 FMU simulate the step from t=0.67 successfully

2020-06-07 20:59:01.367 start writing data after this step to InfluxDB

2020-06-07 20:59:01.369 write initial data to InfluxDB successfully, status code is 204

2020-06-07 20:59:01.369 start obtaining value of specified variables

2020-06-07 20:59:01.369 obtain value of specified variables successfully

2020-06-07 20:59:01.369 FMU simulate a step from t=0.68

2020-06-07 20:59:01.369 FMU simulate the step from t=0.68 successfully

2020-06-07 20:59:01.369 start writing data after this step to InfluxDB

2020-06-07 20:59:01.372 write initial data to InfluxDB successfully, status code is 204

2020-06-07 20:59:01.372 start obtaining value of specified variables

2020-06-07 20:59:01.372 obtain value of specified variables successfully

2020-06-07 20:59:01.372 FMU simulate a step from t=0.69

2020-06-07 20:59:01.372 FMU simulate the step from t=0.69 successfully

2020-06-07 20:59:01.372 start writing data after this step to InfluxDB

2020-06-07 20:59:01.375 write initial data to InfluxDB successfully, status code is 204

2020-06-07 20:59:01.375 start obtaining value of specified variables

2020-06-07 20:59:01.375 obtain value of specified variables successfully

2020-06-07 20:59:01.375 FMU simulate a step from t=0.7

2020-06-07 20:59:01.376 FMU simulate the step from t=0.7 successfully

2020-06-07 20:59:01.376 start writing data after this step to InfluxDB

2020-06-07 20:59:01.378 write initial data to InfluxDB successfully, status code is 204

2020-06-07 20:59:01.378 start obtaining value of specified variables

2020-06-07 20:59:01.378 obtain value of specified variables successfully

2020-06-07 20:59:01.378 FMU simulate a step from t=0.71

2020-06-07 20:59:01.378 FMU simulate the step from t=0.71 successfully

2020-06-07 20:59:01.378 start writing data after this step to InfluxDB

2020-06-07 20:59:01.381 write initial data to InfluxDB successfully, status code is 204

2020-06-07 20:59:01.381 start obtaining value of specified variables

2020-06-07 20:59:01.381 obtain value of specified variables successfully

2020-06-07 20:59:01.381 FMU simulate a step from t=0.72

2020-06-07 20:59:01.381 FMU simulate the step from t=0.72 successfully

2020-06-07 20:59:01.381 start writing data after this step to InfluxDB

2020-06-07 20:59:01.383 write initial data to InfluxDB successfully, status code is 204

2020-06-07 20:59:01.383 start obtaining value of specified variables

2020-06-07 20:59:01.383 obtain value of specified variables successfully

2020-06-07 20:59:01.383 FMU simulate a step from t=0.73

2020-06-07 20:59:01.383 FMU simulate the step from t=0.73 successfully

2020-06-07 20:59:01.383 start writing data after this step to InfluxDB

2020-06-07 20:59:01.385 write initial data to InfluxDB successfully, status code is 204

2020-06-07 20:59:01.385 start obtaining value of specified variables

2020-06-07 20:59:01.385 obtain value of specified variables successfully

2020-06-07 20:59:01.385 FMU simulate a step from t=0.74

2020-06-07 20:59:01.386 FMU simulate the step from t=0.74 successfully

2020-06-07 20:59:01.386 start writing data after this step to InfluxDB

2020-06-07 20:59:01.388 write initial data to InfluxDB successfully, status code is 204

2020-06-07 20:59:01.388 start obtaining value of specified variables

2020-06-07 20:59:01.388 obtain value of specified variables successfully

2020-06-07 20:59:01.388 FMU simulate a step from t=0.75

2020-06-07 20:59:01.388 FMU simulate the step from t=0.75 successfully

2020-06-07 20:59:01.388 start writing data after this step to InfluxDB

2020-06-07 20:59:01.390 write initial data to InfluxDB successfully, status code is 204

2020-06-07 20:59:01.390 start obtaining value of specified variables

2020-06-07 20:59:01.390 obtain value of specified variables successfully

2020-06-07 20:59:01.390 FMU simulate a step from t=0.76

2020-06-07 20:59:01.390 FMU simulate the step from t=0.76 successfully

2020-06-07 20:59:01.390 start writing data after this step to InfluxDB

2020-06-07 20:59:01.394 write initial data to InfluxDB successfully, status code is 204

2020-06-07 20:59:01.394 start obtaining value of specified variables

2020-06-07 20:59:01.394 obtain value of specified variables successfully

2020-06-07 20:59:01.394 FMU simulate a step from t=0.77

2020-06-07 20:59:01.394 FMU simulate the step from t=0.77 successfully

2020-06-07 20:59:01.394 start writing data after this step to InfluxDB

2020-06-07 20:59:01.396 write initial data to InfluxDB successfully, status code is 204

2020-06-07 20:59:01.396 start obtaining value of specified variables

2020-06-07 20:59:01.396 obtain value of specified variables successfully

2020-06-07 20:59:01.396 FMU simulate a step from t=0.78

2020-06-07 20:59:01.397 FMU simulate the step from t=0.78 successfully

2020-06-07 20:59:01.397 start writing data after this step to InfluxDB

2020-06-07 20:59:01.398 write initial data to InfluxDB successfully, status code is 204

2020-06-07 20:59:01.398 start obtaining value of specified variables

2020-06-07 20:59:01.398 obtain value of specified variables successfully

2020-06-07 20:59:01.398 FMU simulate a step from t=0.79

2020-06-07 20:59:01.399 FMU simulate the step from t=0.79 successfully

2020-06-07 20:59:01.399 start writing data after this step to InfluxDB

2020-06-07 20:59:01.400 write initial data to InfluxDB successfully, status code is 204

2020-06-07 20:59:01.401 start obtaining value of specified variables

2020-06-07 20:59:01.401 obtain value of specified variables successfully

2020-06-07 20:59:01.401 FMU simulate a step from t=0.8

2020-06-07 20:59:01.401 FMU simulate the step from t=0.8 successfully

2020-06-07 20:59:01.401 start writing data after this step to InfluxDB

2020-06-07 20:59:01.403 write initial data to InfluxDB successfully, status code is 204

2020-06-07 20:59:01.403 start obtaining value of specified variables

2020-06-07 20:59:01.403 obtain value of specified variables successfully

2020-06-07 20:59:01.403 FMU simulate a step from t=0.81

2020-06-07 20:59:01.403 FMU simulate the step from t=0.81 successfully

2020-06-07 20:59:01.404 start writing data after this step to InfluxDB

2020-06-07 20:59:01.405 write initial data to InfluxDB successfully, status code is 204

2020-06-07 20:59:01.405 start obtaining value of specified variables

2020-06-07 20:59:01.405 obtain value of specified variables successfully

2020-06-07 20:59:01.405 FMU simulate a step from t=0.82

2020-06-07 20:59:01.406 FMU simulate the step from t=0.82 successfully

2020-06-07 20:59:01.406 start writing data after this step to InfluxDB

2020-06-07 20:59:01.407 write initial data to InfluxDB successfully, status code is 204

2020-06-07 20:59:01.407 start obtaining value of specified variables

2020-06-07 20:59:01.408 obtain value of specified variables successfully

2020-06-07 20:59:01.408 FMU simulate a step from t=0.83

2020-06-07 20:59:01.408 FMU simulate the step from t=0.83 successfully

2020-06-07 20:59:01.408 start writing data after this step to InfluxDB

2020-06-07 20:59:01.417 write initial data to InfluxDB successfully, status code is 204

2020-06-07 20:59:01.417 start obtaining value of specified variables

2020-06-07 20:59:01.417 obtain value of specified variables successfully

2020-06-07 20:59:01.417 FMU simulate a step from t=0.84

2020-06-07 20:59:01.418 FMU simulate the step from t=0.84 successfully

2020-06-07 20:59:01.418 start writing data after this step to InfluxDB

2020-06-07 20:59:01.419 write initial data to InfluxDB successfully, status code is 204

2020-06-07 20:59:01.420 start obtaining value of specified variables

2020-06-07 20:59:01.420 obtain value of specified variables successfully

2020-06-07 20:59:01.420 FMU simulate a step from t=0.85

2020-06-07 20:59:01.420 FMU simulate the step from t=0.85 successfully

2020-06-07 20:59:01.420 start writing data after this step to InfluxDB

2020-06-07 20:59:01.422 write initial data to InfluxDB successfully, status code is 204

2020-06-07 20:59:01.422 start obtaining value of specified variables

2020-06-07 20:59:01.422 obtain value of specified variables successfully

2020-06-07 20:59:01.422 FMU simulate a step from t=0.86

2020-06-07 20:59:01.422 FMU simulate the step from t=0.86 successfully

2020-06-07 20:59:01.423 start writing data after this step to InfluxDB

2020-06-07 20:59:01.425 write initial data to InfluxDB successfully, status code is 204

2020-06-07 20:59:01.425 start obtaining value of specified variables

2020-06-07 20:59:01.425 obtain value of specified variables successfully

2020-06-07 20:59:01.425 FMU simulate a step from t=0.87

2020-06-07 20:59:01.425 FMU simulate the step from t=0.87 successfully

2020-06-07 20:59:01.425 start writing data after this step to InfluxDB

2020-06-07 20:59:01.428 write initial data to InfluxDB successfully, status code is 204

2020-06-07 20:59:01.428 start obtaining value of specified variables

2020-06-07 20:59:01.428 obtain value of specified variables successfully

2020-06-07 20:59:01.428 FMU simulate a step from t=0.88

2020-06-07 20:59:01.428 FMU simulate the step from t=0.88 successfully

2020-06-07 20:59:01.428 start writing data after this step to InfluxDB

2020-06-07 20:59:01.431 write initial data to InfluxDB successfully, status code is 204

2020-06-07 20:59:01.431 start obtaining value of specified variables

2020-06-07 20:59:01.431 obtain value of specified variables successfully

2020-06-07 20:59:01.431 FMU simulate a step from t=0.89

2020-06-07 20:59:01.431 FMU simulate the step from t=0.89 successfully

2020-06-07 20:59:01.431 start writing data after this step to InfluxDB

2020-06-07 20:59:01.433 write initial data to InfluxDB successfully, status code is 204

2020-06-07 20:59:01.433 start obtaining value of specified variables

2020-06-07 20:59:01.434 obtain value of specified variables successfully

2020-06-07 20:59:01.434 FMU simulate a step from t=0.9

2020-06-07 20:59:01.434 FMU simulate the step from t=0.9 successfully

2020-06-07 20:59:01.434 start writing data after this step to InfluxDB

2020-06-07 20:59:01.437 write initial data to InfluxDB successfully, status code is 204

2020-06-07 20:59:01.437 start obtaining value of specified variables

2020-06-07 20:59:01.437 obtain value of specified variables successfully

2020-06-07 20:59:01.437 FMU simulate a step from t=0.91

2020-06-07 20:59:01.437 FMU simulate the step from t=0.91 successfully

2020-06-07 20:59:01.437 start writing data after this step to InfluxDB

2020-06-07 20:59:01.439 write initial data to InfluxDB successfully, status code is 204

2020-06-07 20:59:01.439 start obtaining value of specified variables

2020-06-07 20:59:01.439 obtain value of specified variables successfully

2020-06-07 20:59:01.439 FMU simulate a step from t=0.92

2020-06-07 20:59:01.439 FMU simulate the step from t=0.92 successfully

2020-06-07 20:59:01.439 start writing data after this step to InfluxDB

2020-06-07 20:59:01.441 write initial data to InfluxDB successfully, status code is 204

2020-06-07 20:59:01.441 start obtaining value of specified variables

2020-06-07 20:59:01.441 obtain value of specified variables successfully

2020-06-07 20:59:01.441 FMU simulate a step from t=0.93

2020-06-07 20:59:01.441 FMU simulate the step from t=0.93 successfully

2020-06-07 20:59:01.441 start writing data after this step to InfluxDB

2020-06-07 20:59:01.442 write initial data to InfluxDB successfully, status code is 204

2020-06-07 20:59:01.442 start obtaining value of specified variables

2020-06-07 20:59:01.442 obtain value of specified variables successfully

2020-06-07 20:59:01.442 FMU simulate a step from t=0.94

2020-06-07 20:59:01.443 FMU simulate the step from t=0.94 successfully

2020-06-07 20:59:01.443 start writing data after this step to InfluxDB

2020-06-07 20:59:01.444 write initial data to InfluxDB successfully, status code is 204

2020-06-07 20:59:01.444 start obtaining value of specified variables

2020-06-07 20:59:01.445 obtain value of specified variables successfully

2020-06-07 20:59:01.445 FMU simulate a step from t=0.95

2020-06-07 20:59:01.445 FMU simulate the step from t=0.95 successfully

2020-06-07 20:59:01.445 start writing data after this step to InfluxDB

2020-06-07 20:59:01.446 write initial data to InfluxDB successfully, status code is 204

2020-06-07 20:59:01.446 start obtaining value of specified variables

2020-06-07 20:59:01.447 obtain value of specified variables successfully

2020-06-07 20:59:01.447 FMU simulate a step from t=0.96

2020-06-07 20:59:01.447 FMU simulate the step from t=0.96 successfully

2020-06-07 20:59:01.447 start writing data after this step to InfluxDB

2020-06-07 20:59:01.448 write initial data to InfluxDB successfully, status code is 204

2020-06-07 20:59:01.448 start obtaining value of specified variables

2020-06-07 20:59:01.449 obtain value of specified variables successfully

2020-06-07 20:59:01.449 FMU simulate a step from t=0.97

2020-06-07 20:59:01.449 FMU simulate the step from t=0.97 successfully

2020-06-07 20:59:01.449 start writing data after this step to InfluxDB

2020-06-07 20:59:01.451 write initial data to InfluxDB successfully, status code is 204

2020-06-07 20:59:01.451 start obtaining value of specified variables

2020-06-07 20:59:01.451 obtain value of specified variables successfully

2020-06-07 20:59:01.451 FMU simulate a step from t=0.98

2020-06-07 20:59:01.452 FMU simulate the step from t=0.98 successfully

2020-06-07 20:59:01.452 start writing data after this step to InfluxDB

2020-06-07 20:59:01.454 write initial data to InfluxDB successfully, status code is 204

2020-06-07 20:59:01.454 start obtaining value of specified variables

2020-06-07 20:59:01.454 obtain value of specified variables successfully

2020-06-07 20:59:01.454 FMU simulate a step from t=0.99

2020-06-07 20:59:01.454 FMU simulate the step from t=0.99 successfully

2020-06-07 20:59:01.454 start writing data after this step to InfluxDB

2020-06-07 20:59:01.456 write initial data to InfluxDB successfully, status code is 204

2020-06-07 20:59:01.456 start obtaining value of specified variables

2020-06-07 20:59:01.456 obtain value of specified variables successfully

2020-06-07 20:59:01.456 FMU simulate a step from t=1

2020-06-07 20:59:01.456 FMU simulate the step from t=1 successfully

2020-06-07 20:59:01.456 start writing data after this step to InfluxDB

2020-06-07 20:59:01.458 write initial data to InfluxDB successfully, status code is 204

2020-06-07 20:59:01.458 start obtaining value of specified variables

2020-06-07 20:59:01.458 obtain value of specified variables successfully

2020-06-07 20:59:01.458 FMU simulate a step from t=1.01

2020-06-07 20:59:01.458 FMU simulate the step from t=1.01 successfully

2020-06-07 20:59:01.458 start writing data after this step to InfluxDB

2020-06-07 20:59:01.461 write initial data to InfluxDB successfully, status code is 204

2020-06-07 20:59:01.461 start obtaining value of specified variables

2020-06-07 20:59:01.461 obtain value of specified variables successfully

2020-06-07 20:59:01.461 FMU simulate a step from t=1.02

2020-06-07 20:59:01.461 FMU simulate the step from t=1.02 successfully

2020-06-07 20:59:01.461 start writing data after this step to InfluxDB

2020-06-07 20:59:01.463 write initial data to InfluxDB successfully, status code is 204

2020-06-07 20:59:01.463 start obtaining value of specified variables

2020-06-07 20:59:01.463 obtain value of specified variables successfully

2020-06-07 20:59:01.463 FMU simulate a step from t=1.03

2020-06-07 20:59:01.464 FMU simulate the step from t=1.03 successfully

2020-06-07 20:59:01.464 start writing data after this step to InfluxDB

2020-06-07 20:59:01.465 write initial data to InfluxDB successfully, status code is 204

2020-06-07 20:59:01.465 start obtaining value of specified variables

2020-06-07 20:59:01.465 obtain value of specified variables successfully

2020-06-07 20:59:01.465 FMU simulate a step from t=1.04

2020-06-07 20:59:01.466 FMU simulate the step from t=1.04 successfully

2020-06-07 20:59:01.466 start writing data after this step to InfluxDB

2020-06-07 20:59:01.473 write initial data to InfluxDB successfully, status code is 204

2020-06-07 20:59:01.473 start obtaining value of specified variables

2020-06-07 20:59:01.473 obtain value of specified variables successfully

2020-06-07 20:59:01.473 FMU simulate a step from t=1.05

2020-06-07 20:59:01.474 FMU simulate the step from t=1.05 successfully

2020-06-07 20:59:01.474 start writing data after this step to InfluxDB

2020-06-07 20:59:01.476 write initial data to InfluxDB successfully, status code is 204

2020-06-07 20:59:01.476 start obtaining value of specified variables

2020-06-07 20:59:01.476 obtain value of specified variables successfully

2020-06-07 20:59:01.476 FMU simulate a step from t=1.06

2020-06-07 20:59:01.476 FMU simulate the step from t=1.06 successfully

2020-06-07 20:59:01.476 start writing data after this step to InfluxDB

2020-06-07 20:59:01.478 write initial data to InfluxDB successfully, status code is 204

2020-06-07 20:59:01.478 start obtaining value of specified variables

2020-06-07 20:59:01.478 obtain value of specified variables successfully

2020-06-07 20:59:01.478 FMU simulate a step from t=1.07

2020-06-07 20:59:01.478 FMU simulate the step from t=1.07 successfully

2020-06-07 20:59:01.478 start writing data after this step to InfluxDB

2020-06-07 20:59:01.480 write initial data to InfluxDB successfully, status code is 204

2020-06-07 20:59:01.480 start obtaining value of specified variables

2020-06-07 20:59:01.480 obtain value of specified variables successfully

2020-06-07 20:59:01.480 FMU simulate a step from t=1.08

2020-06-07 20:59:01.480 FMU simulate the step from t=1.08 successfully

2020-06-07 20:59:01.480 start writing data after this step to InfluxDB

2020-06-07 20:59:01.482 write initial data to InfluxDB successfully, status code is 204

2020-06-07 20:59:01.482 start obtaining value of specified variables

2020-06-07 20:59:01.482 obtain value of specified variables successfully

2020-06-07 20:59:01.483 FMU simulate a step from t=1.09

2020-06-07 20:59:01.483 FMU simulate the step from t=1.09 successfully

2020-06-07 20:59:01.483 start writing data after this step to InfluxDB

2020-06-07 20:59:01.485 write initial data to InfluxDB successfully, status code is 204

2020-06-07 20:59:01.485 start obtaining value of specified variables

2020-06-07 20:59:01.485 obtain value of specified variables successfully

2020-06-07 20:59:01.485 FMU simulate a step from t=1.1

2020-06-07 20:59:01.485 FMU simulate the step from t=1.1 successfully

2020-06-07 20:59:01.485 start writing data after this step to InfluxDB

2020-06-07 20:59:01.486 write initial data to InfluxDB successfully, status code is 204

2020-06-07 20:59:01.487 start obtaining value of specified variables

2020-06-07 20:59:01.487 obtain value of specified variables successfully

2020-06-07 20:59:01.487 FMU simulate a step from t=1.11

2020-06-07 20:59:01.487 FMU simulate the step from t=1.11 successfully

2020-06-07 20:59:01.487 start writing data after this step to InfluxDB

2020-06-07 20:59:01.488 write initial data to InfluxDB successfully, status code is 204

2020-06-07 20:59:01.488 start obtaining value of specified variables

2020-06-07 20:59:01.488 obtain value of specified variables successfully

2020-06-07 20:59:01.488 FMU simulate a step from t=1.12

2020-06-07 20:59:01.489 FMU simulate the step from t=1.12 successfully

2020-06-07 20:59:01.489 start writing data after this step to InfluxDB

2020-06-07 20:59:01.490 write initial data to InfluxDB successfully, status code is 204

2020-06-07 20:59:01.490 start obtaining value of specified variables

2020-06-07 20:59:01.490 obtain value of specified variables successfully

2020-06-07 20:59:01.490 FMU simulate a step from t=1.13

2020-06-07 20:59:01.491 FMU simulate the step from t=1.13 successfully

2020-06-07 20:59:01.491 start writing data after this step to InfluxDB

2020-06-07 20:59:01.492 write initial data to InfluxDB successfully, status code is 204

2020-06-07 20:59:01.492 start obtaining value of specified variables

2020-06-07 20:59:01.492 obtain value of specified variables successfully

2020-06-07 20:59:01.492 FMU simulate a step from t=1.14

2020-06-07 20:59:01.492 FMU simulate the step from t=1.14 successfully

2020-06-07 20:59:01.492 start writing data after this step to InfluxDB

2020-06-07 20:59:01.495 write initial data to InfluxDB successfully, status code is 204

2020-06-07 20:59:01.495 start obtaining value of specified variables

2020-06-07 20:59:01.495 obtain value of specified variables successfully

2020-06-07 20:59:01.495 FMU simulate a step from t=1.15

2020-06-07 20:59:01.495 FMU simulate the step from t=1.15 successfully

2020-06-07 20:59:01.495 start writing data after this step to InfluxDB

2020-06-07 20:59:01.497 write initial data to InfluxDB successfully, status code is 204

2020-06-07 20:59:01.497 start obtaining value of specified variables

2020-06-07 20:59:01.497 obtain value of specified variables successfully

2020-06-07 20:59:01.497 FMU simulate a step from t=1.16

2020-06-07 20:59:01.497 FMU simulate the step from t=1.16 successfully

2020-06-07 20:59:01.497 start writing data after this step to InfluxDB

2020-06-07 20:59:01.499 write initial data to InfluxDB successfully, status code is 204

2020-06-07 20:59:01.499 start obtaining value of specified variables

2020-06-07 20:59:01.499 obtain value of specified variables successfully

2020-06-07 20:59:01.499 FMU simulate a step from t=1.17

2020-06-07 20:59:01.499 FMU simulate the step from t=1.17 successfully

2020-06-07 20:59:01.499 start writing data after this step to InfluxDB

2020-06-07 20:59:01.502 write initial data to InfluxDB successfully, status code is 204

2020-06-07 20:59:01.502 start obtaining value of specified variables

2020-06-07 20:59:01.502 obtain value of specified variables successfully

2020-06-07 20:59:01.502 FMU simulate a step from t=1.18

2020-06-07 20:59:01.502 FMU simulate the step from t=1.18 successfully

2020-06-07 20:59:01.502 start writing data after this step to InfluxDB

2020-06-07 20:59:01.504 write initial data to InfluxDB successfully, status code is 204

2020-06-07 20:59:01.504 start obtaining value of specified variables

2020-06-07 20:59:01.504 obtain value of specified variables successfully

2020-06-07 20:59:01.504 FMU simulate a step from t=1.19

2020-06-07 20:59:01.504 FMU simulate the step from t=1.19 successfully

2020-06-07 20:59:01.504 start writing data after this step to InfluxDB

2020-06-07 20:59:01.506 write initial data to InfluxDB successfully, status code is 204

2020-06-07 20:59:01.506 start obtaining value of specified variables

2020-06-07 20:59:01.506 obtain value of specified variables successfully

2020-06-07 20:59:01.506 FMU simulate a step from t=1.2

2020-06-07 20:59:01.506 FMU simulate the step from t=1.2 successfully

2020-06-07 20:59:01.506 start writing data after this step to InfluxDB

2020-06-07 20:59:01.508 write initial data to InfluxDB successfully, status code is 204

2020-06-07 20:59:01.508 start obtaining value of specified variables

2020-06-07 20:59:01.508 obtain value of specified variables successfully

2020-06-07 20:59:01.508 FMU simulate a step from t=1.21

2020-06-07 20:59:01.508 FMU simulate the step from t=1.21 successfully

2020-06-07 20:59:01.508 start writing data after this step to InfluxDB

2020-06-07 20:59:01.512 write initial data to InfluxDB successfully, status code is 204

2020-06-07 20:59:01.512 start obtaining value of specified variables

2020-06-07 20:59:01.512 obtain value of specified variables successfully

2020-06-07 20:59:01.512 FMU simulate a step from t=1.22

2020-06-07 20:59:01.512 FMU simulate the step from t=1.22 successfully

2020-06-07 20:59:01.512 start writing data after this step to InfluxDB

2020-06-07 20:59:01.515 write initial data to InfluxDB successfully, status code is 204

2020-06-07 20:59:01.515 start obtaining value of specified variables

2020-06-07 20:59:01.515 obtain value of specified variables successfully

2020-06-07 20:59:01.515 FMU simulate a step from t=1.23

2020-06-07 20:59:01.519 FMU simulate the step from t=1.23 successfully

2020-06-07 20:59:01.519 start writing data after this step to InfluxDB

2020-06-07 20:59:01.521 write initial data to InfluxDB successfully, status code is 204

2020-06-07 20:59:01.521 start obtaining value of specified variables

2020-06-07 20:59:01.521 obtain value of specified variables successfully

2020-06-07 20:59:01.521 FMU simulate a step from t=1.24

2020-06-07 20:59:01.523 FMU simulate the step from t=1.24 successfully

2020-06-07 20:59:01.523 start writing data after this step to InfluxDB

2020-06-07 20:59:01.525 write initial data to InfluxDB successfully, status code is 204

2020-06-07 20:59:01.525 start obtaining value of specified variables

2020-06-07 20:59:01.525 obtain value of specified variables successfully

2020-06-07 20:59:01.525 FMU simulate a step from t=1.25

2020-06-07 20:59:01.525 FMU simulate the step from t=1.25 successfully

2020-06-07 20:59:01.525 start writing data after this step to InfluxDB

2020-06-07 20:59:01.527 write initial data to InfluxDB successfully, status code is 204

2020-06-07 20:59:01.527 start obtaining value of specified variables

2020-06-07 20:59:01.527 obtain value of specified variables successfully

2020-06-07 20:59:01.527 FMU simulate a step from t=1.26

2020-06-07 20:59:01.528 FMU simulate the step from t=1.26 successfully

2020-06-07 20:59:01.528 start writing data after this step to InfluxDB

2020-06-07 20:59:01.530 write initial data to InfluxDB successfully, status code is 204

2020-06-07 20:59:01.530 start obtaining value of specified variables

2020-06-07 20:59:01.530 obtain value of specified variables successfully

2020-06-07 20:59:01.530 FMU simulate a step from t=1.27

2020-06-07 20:59:01.530 FMU simulate the step from t=1.27 successfully

2020-06-07 20:59:01.531 start writing data after this step to InfluxDB

2020-06-07 20:59:01.533 write initial data to InfluxDB successfully, status code is 204

2020-06-07 20:59:01.533 start obtaining value of specified variables

2020-06-07 20:59:01.533 obtain value of specified variables successfully

2020-06-07 20:59:01.533 FMU simulate a step from t=1.28

2020-06-07 20:59:01.533 FMU simulate the step from t=1.28 successfully

2020-06-07 20:59:01.533 start writing data after this step to InfluxDB

2020-06-07 20:59:01.535 write initial data to InfluxDB successfully, status code is 204

2020-06-07 20:59:01.535 start obtaining value of specified variables

2020-06-07 20:59:01.535 obtain value of specified variables successfully

2020-06-07 20:59:01.535 FMU simulate a step from t=1.29

2020-06-07 20:59:01.536 FMU simulate the step from t=1.29 successfully

2020-06-07 20:59:01.536 start writing data after this step to InfluxDB

2020-06-07 20:59:01.538 write initial data to InfluxDB successfully, status code is 204

2020-06-07 20:59:01.538 start obtaining value of specified variables

2020-06-07 20:59:01.538 obtain value of specified variables successfully

2020-06-07 20:59:01.538 FMU simulate a step from t=1.3

2020-06-07 20:59:01.539 FMU simulate the step from t=1.3 successfully

2020-06-07 20:59:01.539 start writing data after this step to InfluxDB

2020-06-07 20:59:01.540 write initial data to InfluxDB successfully, status code is 204

2020-06-07 20:59:01.540 start obtaining value of specified variables

2020-06-07 20:59:01.540 obtain value of specified variables successfully

2020-06-07 20:59:01.540 FMU simulate a step from t=1.31

2020-06-07 20:59:01.541 FMU simulate the step from t=1.31 successfully

2020-06-07 20:59:01.541 start writing data after this step to InfluxDB

2020-06-07 20:59:01.542 write initial data to InfluxDB successfully, status code is 204

2020-06-07 20:59:01.542 start obtaining value of specified variables

2020-06-07 20:59:01.542 obtain value of specified variables successfully

2020-06-07 20:59:01.542 FMU simulate a step from t=1.32

2020-06-07 20:59:01.543 FMU simulate the step from t=1.32 successfully

2020-06-07 20:59:01.543 start writing data after this step to InfluxDB

2020-06-07 20:59:01.545 write initial data to InfluxDB successfully, status code is 204

2020-06-07 20:59:01.545 start obtaining value of specified variables

2020-06-07 20:59:01.545 obtain value of specified variables successfully

2020-06-07 20:59:01.545 FMU simulate a step from t=1.33

2020-06-07 20:59:01.545 FMU simulate the step from t=1.33 successfully

2020-06-07 20:59:01.545 start writing data after this step to InfluxDB

2020-06-07 20:59:01.547 write initial data to InfluxDB successfully, status code is 204

2020-06-07 20:59:01.547 start obtaining value of specified variables

2020-06-07 20:59:01.547 obtain value of specified variables successfully

2020-06-07 20:59:01.547 FMU simulate a step from t=1.34

2020-06-07 20:59:01.552 FMU simulate the step from t=1.34 successfully

2020-06-07 20:59:01.552 start writing data after this step to InfluxDB

2020-06-07 20:59:01.554 write initial data to InfluxDB successfully, status code is 204

2020-06-07 20:59:01.554 start obtaining value of specified variables

2020-06-07 20:59:01.554 obtain value of specified variables successfully

2020-06-07 20:59:01.554 FMU simulate a step from t=1.35

2020-06-07 20:59:01.568 FMU simulate the step from t=1.35 successfully

2020-06-07 20:59:01.568 start writing data after this step to InfluxDB

2020-06-07 20:59:01.570 write initial data to InfluxDB successfully, status code is 204

2020-06-07 20:59:01.571 start obtaining value of specified variables

2020-06-07 20:59:01.571 obtain value of specified variables successfully

2020-06-07 20:59:01.571 FMU simulate a step from t=1.36

2020-06-07 20:59:01.572 FMU simulate the step from t=1.36 successfully

2020-06-07 20:59:01.573 start writing data after this step to InfluxDB

2020-06-07 20:59:01.574 write initial data to InfluxDB successfully, status code is 204

2020-06-07 20:59:01.574 start obtaining value of specified variables

2020-06-07 20:59:01.574 obtain value of specified variables successfully

2020-06-07 20:59:01.575 FMU simulate a step from t=1.37

2020-06-07 20:59:01.575 FMU simulate the step from t=1.37 successfully

2020-06-07 20:59:01.575 start writing data after this step to InfluxDB

2020-06-07 20:59:01.579 write initial data to InfluxDB successfully, status code is 204

2020-06-07 20:59:01.579 start obtaining value of specified variables

2020-06-07 20:59:01.579 obtain value of specified variables successfully

2020-06-07 20:59:01.579 FMU simulate a step from t=1.38

2020-06-07 20:59:01.580 FMU simulate the step from t=1.38 successfully

2020-06-07 20:59:01.580 start writing data after this step to InfluxDB

2020-06-07 20:59:01.583 write initial data to InfluxDB successfully, status code is 204

2020-06-07 20:59:01.583 start obtaining value of specified variables

2020-06-07 20:59:01.583 obtain value of specified variables successfully

2020-06-07 20:59:01.583 FMU simulate a step from t=1.39

2020-06-07 20:59:01.584 FMU simulate the step from t=1.39 successfully

2020-06-07 20:59:01.584 start writing data after this step to InfluxDB

2020-06-07 20:59:01.586 write initial data to InfluxDB successfully, status code is 204

2020-06-07 20:59:01.586 start obtaining value of specified variables

2020-06-07 20:59:01.586 obtain value of specified variables successfully

2020-06-07 20:59:01.586 FMU simulate a step from t=1.4

2020-06-07 20:59:01.591 FMU simulate the step from t=1.4 successfully

2020-06-07 20:59:01.591 start writing data after this step to InfluxDB

2020-06-07 20:59:01.593 write initial data to InfluxDB successfully, status code is 204

2020-06-07 20:59:01.593 start obtaining value of specified variables

2020-06-07 20:59:01.593 obtain value of specified variables successfully

2020-06-07 20:59:01.593 FMU simulate a step from t=1.41

2020-06-07 20:59:01.595 FMU simulate the step from t=1.41 successfully

2020-06-07 20:59:01.595 start writing data after this step to InfluxDB

2020-06-07 20:59:01.597 write initial data to InfluxDB successfully, status code is 204

2020-06-07 20:59:01.597 start obtaining value of specified variables

2020-06-07 20:59:01.597 obtain value of specified variables successfully

2020-06-07 20:59:01.597 FMU simulate a step from t=1.42

2020-06-07 20:59:01.598 FMU simulate the step from t=1.42 successfully

2020-06-07 20:59:01.598 start writing data after this step to InfluxDB

2020-06-07 20:59:01.608 write initial data to InfluxDB successfully, status code is 204

2020-06-07 20:59:01.608 start obtaining value of specified variables

2020-06-07 20:59:01.608 obtain value of specified variables successfully

2020-06-07 20:59:01.608 FMU simulate a step from t=1.43

2020-06-07 20:59:01.608 FMU simulate the step from t=1.43 successfully

2020-06-07 20:59:01.608 start writing data after this step to InfluxDB

2020-06-07 20:59:01.610 write initial data to InfluxDB successfully, status code is 204

2020-06-07 20:59:01.610 start obtaining value of specified variables

2020-06-07 20:59:01.610 obtain value of specified variables successfully

2020-06-07 20:59:01.610 FMU simulate a step from t=1.44

2020-06-07 20:59:01.610 FMU simulate the step from t=1.44 successfully

2020-06-07 20:59:01.611 start writing data after this step to InfluxDB

2020-06-07 20:59:01.615 write initial data to InfluxDB successfully, status code is 204

2020-06-07 20:59:01.615 start obtaining value of specified variables

2020-06-07 20:59:01.615 obtain value of specified variables successfully

2020-06-07 20:59:01.615 FMU simulate a step from t=1.45

2020-06-07 20:59:01.615 FMU simulate the step from t=1.45 successfully

2020-06-07 20:59:01.616 start writing data after this step to InfluxDB

2020-06-07 20:59:01.618 write initial data to InfluxDB successfully, status code is 204

2020-06-07 20:59:01.618 start obtaining value of specified variables

2020-06-07 20:59:01.618 obtain value of specified variables successfully

2020-06-07 20:59:01.618 FMU simulate a step from t=1.46

2020-06-07 20:59:01.629 FMU simulate the step from t=1.46 successfully

2020-06-07 20:59:01.629 start writing data after this step to InfluxDB

2020-06-07 20:59:01.631 write initial data to InfluxDB successfully, status code is 204

2020-06-07 20:59:01.631 start obtaining value of specified variables

2020-06-07 20:59:01.631 obtain value of specified variables successfully

2020-06-07 20:59:01.631 FMU simulate a step from t=1.47

2020-06-07 20:59:01.634 FMU simulate the step from t=1.47 successfully

2020-06-07 20:59:01.634 start writing data after this step to InfluxDB

2020-06-07 20:59:01.636 write initial data to InfluxDB successfully, status code is 204

2020-06-07 20:59:01.636 start obtaining value of specified variables

2020-06-07 20:59:01.636 obtain value of specified variables successfully

2020-06-07 20:59:01.636 FMU simulate a step from t=1.48

2020-06-07 20:59:01.637 FMU simulate the step from t=1.48 successfully

2020-06-07 20:59:01.637 start writing data after this step to InfluxDB

2020-06-07 20:59:01.639 write initial data to InfluxDB successfully, status code is 204

2020-06-07 20:59:01.640 start obtaining value of specified variables

2020-06-07 20:59:01.640 obtain value of specified variables successfully

2020-06-07 20:59:01.640 FMU simulate a step from t=1.49

2020-06-07 20:59:01.645 FMU simulate the step from t=1.49 successfully

2020-06-07 20:59:01.645 start writing data after this step to InfluxDB

2020-06-07 20:59:01.647 write initial data to InfluxDB successfully, status code is 204

2020-06-07 20:59:01.647 start obtaining value of specified variables

2020-06-07 20:59:01.647 obtain value of specified variables successfully

2020-06-07 20:59:01.647 end simulation successfully

2020-06-07 20:59:01.743 release 'fmu10/fmu/cs/win64/fullRobot_cs.fmu' successfully

2020-06-07 20:59:01.743 disconnect from InfluxDB  127.0.0.1 : 8086 successfully

2020-06-07 21:02:16.403 start loading 'fmu10/fmu/cs/win64/fullRobot_cs.fmu'

2020-06-07 21:02:16.553 load 'fmu10/fmu/cs/win64/fullRobot_cs.fmu' successfully

2020-06-07 21:02:16.553 start connecting to InfluxDB 127.0.0.1 : 8086

2020-06-07 21:02:16.562 connect to InfluxDB 127.0.0.1 : 8086 successfully

2020-06-07 21:02:16.562 start instantiating fmu

2020-06-07 21:02:16.563 instantiate fmu successfully

2020-06-07 21:02:16.563 start initializing fmu

2020-06-07 21:02:16.565 initialize fmu successfully

2020-06-07 21:02:16.565 start setting inputs

2020-06-07 21:02:16.565 set inputs successfully

2020-06-07 21:02:16.565 FMU Simulator: run 'fmu10/fmu/cs/win64/fullRobot_cs.fmu' from t=0..1.5 with step size h=0.01

2020-06-07 21:02:16.580 write initial data to InfluxDB successfully, status code is 204

2020-06-07 21:02:16.580 FMU simulate a step from t=0

2020-06-07 21:02:16.600 FMU simulate the step from t=0 successfully

2020-06-07 21:02:16.600 start writing data after this step to InfluxDB

2020-06-07 21:02:16.602 write initial data to InfluxDB successfully, status code is 204

2020-06-07 21:02:16.602 start obtaining value of specified variables

2020-06-07 21:02:16.602 obtain value of specified variables successfully

2020-06-07 21:02:16.602 FMU simulate a step from t=0.01

2020-06-07 21:02:16.605 FMU simulate the step from t=0.01 successfully

2020-06-07 21:02:16.605 start writing data after this step to InfluxDB

2020-06-07 21:02:16.607 write initial data to InfluxDB successfully, status code is 204

2020-06-07 21:02:16.607 start obtaining value of specified variables

2020-06-07 21:02:16.607 obtain value of specified variables successfully

2020-06-07 21:02:16.607 FMU simulate a step from t=0.02

2020-06-07 21:02:16.607 FMU simulate the step from t=0.02 successfully

2020-06-07 21:02:16.607 start writing data after this step to InfluxDB

2020-06-07 21:02:16.609 write initial data to InfluxDB successfully, status code is 204

2020-06-07 21:02:16.609 start obtaining value of specified variables

2020-06-07 21:02:16.609 obtain value of specified variables successfully

2020-06-07 21:02:16.609 FMU simulate a step from t=0.03

2020-06-07 21:02:16.610 FMU simulate the step from t=0.03 successfully

2020-06-07 21:02:16.610 start writing data after this step to InfluxDB

2020-06-07 21:02:16.613 write initial data to InfluxDB successfully, status code is 204

2020-06-07 21:02:16.613 start obtaining value of specified variables

2020-06-07 21:02:16.613 obtain value of specified variables successfully

2020-06-07 21:02:16.613 FMU simulate a step from t=0.04

2020-06-07 21:02:16.613 FMU simulate the step from t=0.04 successfully

2020-06-07 21:02:16.613 start writing data after this step to InfluxDB

2020-06-07 21:02:16.615 write initial data to InfluxDB successfully, status code is 204

2020-06-07 21:02:16.615 start obtaining value of specified variables

2020-06-07 21:02:16.615 obtain value of specified variables successfully

2020-06-07 21:02:16.615 FMU simulate a step from t=0.05

2020-06-07 21:02:16.615 FMU simulate the step from t=0.05 successfully

2020-06-07 21:02:16.616 start writing data after this step to InfluxDB

2020-06-07 21:02:16.617 write initial data to InfluxDB successfully, status code is 204

2020-06-07 21:02:16.617 start obtaining value of specified variables

2020-06-07 21:02:16.617 obtain value of specified variables successfully

2020-06-07 21:02:16.617 FMU simulate a step from t=0.06

2020-06-07 21:02:16.617 FMU simulate the step from t=0.06 successfully

2020-06-07 21:02:16.618 start writing data after this step to InfluxDB

2020-06-07 21:02:16.619 write initial data to InfluxDB successfully, status code is 204

2020-06-07 21:02:16.619 start obtaining value of specified variables

2020-06-07 21:02:16.619 obtain value of specified variables successfully

2020-06-07 21:02:16.619 FMU simulate a step from t=0.07

2020-06-07 21:02:16.619 FMU simulate the step from t=0.07 successfully

2020-06-07 21:02:16.619 start writing data after this step to InfluxDB

2020-06-07 21:02:16.621 write initial data to InfluxDB successfully, status code is 204

2020-06-07 21:02:16.621 start obtaining value of specified variables

2020-06-07 21:02:16.621 obtain value of specified variables successfully

2020-06-07 21:02:16.622 FMU simulate a step from t=0.08

2020-06-07 21:02:16.622 FMU simulate the step from t=0.08 successfully

2020-06-07 21:02:16.622 start writing data after this step to InfluxDB

2020-06-07 21:02:16.624 write initial data to InfluxDB successfully, status code is 204

2020-06-07 21:02:16.624 start obtaining value of specified variables

2020-06-07 21:02:16.624 obtain value of specified variables successfully

2020-06-07 21:02:16.624 FMU simulate a step from t=0.09

2020-06-07 21:02:16.625 FMU simulate the step from t=0.09 successfully

2020-06-07 21:02:16.625 start writing data after this step to InfluxDB

2020-06-07 21:02:16.627 write initial data to InfluxDB successfully, status code is 204

2020-06-07 21:02:16.627 start obtaining value of specified variables

2020-06-07 21:02:16.627 obtain value of specified variables successfully

2020-06-07 21:02:16.627 FMU simulate a step from t=0.1

2020-06-07 21:02:16.627 FMU simulate the step from t=0.1 successfully

2020-06-07 21:02:16.627 start writing data after this step to InfluxDB

2020-06-07 21:02:16.629 write initial data to InfluxDB successfully, status code is 204

2020-06-07 21:02:16.629 start obtaining value of specified variables

2020-06-07 21:02:16.629 obtain value of specified variables successfully

2020-06-07 21:02:16.629 FMU simulate a step from t=0.11

2020-06-07 21:02:16.632 FMU simulate the step from t=0.11 successfully

2020-06-07 21:02:16.632 start writing data after this step to InfluxDB

2020-06-07 21:02:16.634 write initial data to InfluxDB successfully, status code is 204

2020-06-07 21:02:16.634 start obtaining value of specified variables

2020-06-07 21:02:16.634 obtain value of specified variables successfully

2020-06-07 21:02:16.634 FMU simulate a step from t=0.12

2020-06-07 21:02:16.635 FMU simulate the step from t=0.12 successfully

2020-06-07 21:02:16.635 start writing data after this step to InfluxDB

2020-06-07 21:02:16.637 write initial data to InfluxDB successfully, status code is 204

2020-06-07 21:02:16.637 start obtaining value of specified variables

2020-06-07 21:02:16.637 obtain value of specified variables successfully

2020-06-07 21:02:16.637 FMU simulate a step from t=0.13

2020-06-07 21:02:16.638 FMU simulate the step from t=0.13 successfully

2020-06-07 21:02:16.638 start writing data after this step to InfluxDB

2020-06-07 21:02:16.640 write initial data to InfluxDB successfully, status code is 204

2020-06-07 21:02:16.640 start obtaining value of specified variables

2020-06-07 21:02:16.640 obtain value of specified variables successfully

2020-06-07 21:02:16.640 FMU simulate a step from t=0.14

2020-06-07 21:02:16.640 FMU simulate the step from t=0.14 successfully

2020-06-07 21:02:16.640 start writing data after this step to InfluxDB

2020-06-07 21:02:16.645 write initial data to InfluxDB successfully, status code is 204

2020-06-07 21:02:16.645 start obtaining value of specified variables

2020-06-07 21:02:16.645 obtain value of specified variables successfully

2020-06-07 21:02:16.645 FMU simulate a step from t=0.15

2020-06-07 21:02:16.646 FMU simulate the step from t=0.15 successfully

2020-06-07 21:02:16.646 start writing data after this step to InfluxDB

2020-06-07 21:02:16.648 write initial data to InfluxDB successfully, status code is 204

2020-06-07 21:02:16.648 start obtaining value of specified variables

2020-06-07 21:02:16.648 obtain value of specified variables successfully

2020-06-07 21:02:16.648 FMU simulate a step from t=0.16

2020-06-07 21:02:16.649 FMU simulate the step from t=0.16 successfully

2020-06-07 21:02:16.649 start writing data after this step to InfluxDB

2020-06-07 21:02:16.650 write initial data to InfluxDB successfully, status code is 204

2020-06-07 21:02:16.650 start obtaining value of specified variables

2020-06-07 21:02:16.650 obtain value of specified variables successfully

2020-06-07 21:02:16.650 FMU simulate a step from t=0.17

2020-06-07 21:02:16.651 FMU simulate the step from t=0.17 successfully

2020-06-07 21:02:16.651 start writing data after this step to InfluxDB

2020-06-07 21:02:16.652 write initial data to InfluxDB successfully, status code is 204

2020-06-07 21:02:16.653 start obtaining value of specified variables

2020-06-07 21:02:16.653 obtain value of specified variables successfully

2020-06-07 21:02:16.653 FMU simulate a step from t=0.18

2020-06-07 21:02:16.653 FMU simulate the step from t=0.18 successfully

2020-06-07 21:02:16.653 start writing data after this step to InfluxDB

2020-06-07 21:02:16.655 write initial data to InfluxDB successfully, status code is 204

2020-06-07 21:02:16.655 start obtaining value of specified variables

2020-06-07 21:02:16.655 obtain value of specified variables successfully

2020-06-07 21:02:16.655 FMU simulate a step from t=0.19

2020-06-07 21:02:16.655 FMU simulate the step from t=0.19 successfully

2020-06-07 21:02:16.655 start writing data after this step to InfluxDB

2020-06-07 21:02:16.658 write initial data to InfluxDB successfully, status code is 204

2020-06-07 21:02:16.658 start obtaining value of specified variables

2020-06-07 21:02:16.658 obtain value of specified variables successfully

2020-06-07 21:02:16.658 FMU simulate a step from t=0.2

2020-06-07 21:02:16.658 FMU simulate the step from t=0.2 successfully

2020-06-07 21:02:16.658 start writing data after this step to InfluxDB

2020-06-07 21:02:16.661 write initial data to InfluxDB successfully, status code is 204

2020-06-07 21:02:16.661 start obtaining value of specified variables

2020-06-07 21:02:16.661 obtain value of specified variables successfully

2020-06-07 21:02:16.661 FMU simulate a step from t=0.21

2020-06-07 21:02:16.661 FMU simulate the step from t=0.21 successfully

2020-06-07 21:02:16.661 start writing data after this step to InfluxDB

2020-06-07 21:02:16.664 write initial data to InfluxDB successfully, status code is 204

2020-06-07 21:02:16.664 start obtaining value of specified variables

2020-06-07 21:02:16.664 obtain value of specified variables successfully

2020-06-07 21:02:16.664 FMU simulate a step from t=0.22

2020-06-07 21:02:16.664 FMU simulate the step from t=0.22 successfully

2020-06-07 21:02:16.664 start writing data after this step to InfluxDB

2020-06-07 21:02:16.666 write initial data to InfluxDB successfully, status code is 204

2020-06-07 21:02:16.666 start obtaining value of specified variables

2020-06-07 21:02:16.666 obtain value of specified variables successfully

2020-06-07 21:02:16.666 FMU simulate a step from t=0.23

2020-06-07 21:02:16.667 FMU simulate the step from t=0.23 successfully

2020-06-07 21:02:16.667 start writing data after this step to InfluxDB

2020-06-07 21:02:16.669 write initial data to InfluxDB successfully, status code is 204

2020-06-07 21:02:16.669 start obtaining value of specified variables

2020-06-07 21:02:16.669 obtain value of specified variables successfully

2020-06-07 21:02:16.669 FMU simulate a step from t=0.24

2020-06-07 21:02:16.669 FMU simulate the step from t=0.24 successfully

2020-06-07 21:02:16.669 start writing data after this step to InfluxDB

2020-06-07 21:02:16.672 write initial data to InfluxDB successfully, status code is 204

2020-06-07 21:02:16.672 start obtaining value of specified variables

2020-06-07 21:02:16.672 obtain value of specified variables successfully

2020-06-07 21:02:16.672 FMU simulate a step from t=0.25

2020-06-07 21:02:16.672 FMU simulate the step from t=0.25 successfully

2020-06-07 21:02:16.672 start writing data after this step to InfluxDB

2020-06-07 21:02:16.675 write initial data to InfluxDB successfully, status code is 204

2020-06-07 21:02:16.675 start obtaining value of specified variables

2020-06-07 21:02:16.675 obtain value of specified variables successfully

2020-06-07 21:02:16.675 FMU simulate a step from t=0.26

2020-06-07 21:02:16.675 FMU simulate the step from t=0.26 successfully

2020-06-07 21:02:16.675 start writing data after this step to InfluxDB

2020-06-07 21:02:16.677 write initial data to InfluxDB successfully, status code is 204

2020-06-07 21:02:16.677 start obtaining value of specified variables

2020-06-07 21:02:16.678 obtain value of specified variables successfully

2020-06-07 21:02:16.678 FMU simulate a step from t=0.27

2020-06-07 21:02:16.678 FMU simulate the step from t=0.27 successfully

2020-06-07 21:02:16.678 start writing data after this step to InfluxDB

2020-06-07 21:02:16.679 write initial data to InfluxDB successfully, status code is 204

2020-06-07 21:02:16.680 start obtaining value of specified variables

2020-06-07 21:02:16.680 obtain value of specified variables successfully

2020-06-07 21:02:16.680 FMU simulate a step from t=0.28

2020-06-07 21:02:16.680 FMU simulate the step from t=0.28 successfully

2020-06-07 21:02:16.680 start writing data after this step to InfluxDB

2020-06-07 21:02:16.821 write initial data to InfluxDB successfully, status code is 204

2020-06-07 21:02:16.821 start obtaining value of specified variables

2020-06-07 21:02:16.821 obtain value of specified variables successfully

2020-06-07 21:02:16.821 FMU simulate a step from t=0.29

2020-06-07 21:02:16.821 FMU simulate the step from t=0.29 successfully

2020-06-07 21:02:16.821 start writing data after this step to InfluxDB

2020-06-07 21:02:16.827 write initial data to InfluxDB successfully, status code is 204

2020-06-07 21:02:16.827 start obtaining value of specified variables

2020-06-07 21:02:16.827 obtain value of specified variables successfully

2020-06-07 21:02:16.827 FMU simulate a step from t=0.3

2020-06-07 21:02:16.827 FMU simulate the step from t=0.3 successfully

2020-06-07 21:02:16.827 start writing data after this step to InfluxDB

2020-06-07 21:02:16.830 write initial data to InfluxDB successfully, status code is 204

2020-06-07 21:02:16.830 start obtaining value of specified variables

2020-06-07 21:02:16.830 obtain value of specified variables successfully

2020-06-07 21:02:16.830 FMU simulate a step from t=0.31

2020-06-07 21:02:16.830 FMU simulate the step from t=0.31 successfully

2020-06-07 21:02:16.830 start writing data after this step to InfluxDB

2020-06-07 21:02:16.832 write initial data to InfluxDB successfully, status code is 204

2020-06-07 21:02:16.832 start obtaining value of specified variables

2020-06-07 21:02:16.833 obtain value of specified variables successfully

2020-06-07 21:02:16.833 FMU simulate a step from t=0.32

2020-06-07 21:02:16.833 FMU simulate the step from t=0.32 successfully

2020-06-07 21:02:16.833 start writing data after this step to InfluxDB

2020-06-07 21:02:16.835 write initial data to InfluxDB successfully, status code is 204

2020-06-07 21:02:16.835 start obtaining value of specified variables

2020-06-07 21:02:16.835 obtain value of specified variables successfully

2020-06-07 21:02:16.835 FMU simulate a step from t=0.33

2020-06-07 21:02:16.835 FMU simulate the step from t=0.33 successfully

2020-06-07 21:02:16.835 start writing data after this step to InfluxDB

2020-06-07 21:02:16.837 write initial data to InfluxDB successfully, status code is 204

2020-06-07 21:02:16.837 start obtaining value of specified variables

2020-06-07 21:02:16.837 obtain value of specified variables successfully

2020-06-07 21:02:16.837 FMU simulate a step from t=0.34

2020-06-07 21:02:16.837 FMU simulate the step from t=0.34 successfully

2020-06-07 21:02:16.837 start writing data after this step to InfluxDB

2020-06-07 21:02:16.839 write initial data to InfluxDB successfully, status code is 204

2020-06-07 21:02:16.839 start obtaining value of specified variables

2020-06-07 21:02:16.839 obtain value of specified variables successfully

2020-06-07 21:02:16.839 FMU simulate a step from t=0.35

2020-06-07 21:02:16.840 FMU simulate the step from t=0.35 successfully

2020-06-07 21:02:16.840 start writing data after this step to InfluxDB

2020-06-07 21:02:16.842 write initial data to InfluxDB successfully, status code is 204

2020-06-07 21:02:16.842 start obtaining value of specified variables

2020-06-07 21:02:16.842 obtain value of specified variables successfully

2020-06-07 21:02:16.842 FMU simulate a step from t=0.36

2020-06-07 21:02:16.842 FMU simulate the step from t=0.36 successfully

2020-06-07 21:02:16.842 start writing data after this step to InfluxDB

2020-06-07 21:02:16.846 write initial data to InfluxDB successfully, status code is 204

2020-06-07 21:02:16.847 start obtaining value of specified variables

2020-06-07 21:02:16.847 obtain value of specified variables successfully

2020-06-07 21:02:16.847 FMU simulate a step from t=0.37

2020-06-07 21:02:16.847 FMU simulate the step from t=0.37 successfully

2020-06-07 21:02:16.847 start writing data after this step to InfluxDB

2020-06-07 21:02:16.849 write initial data to InfluxDB successfully, status code is 204

2020-06-07 21:02:16.849 start obtaining value of specified variables

2020-06-07 21:02:16.849 obtain value of specified variables successfully

2020-06-07 21:02:16.849 FMU simulate a step from t=0.38

2020-06-07 21:02:16.850 FMU simulate the step from t=0.38 successfully

2020-06-07 21:02:16.850 start writing data after this step to InfluxDB

2020-06-07 21:02:16.852 write initial data to InfluxDB successfully, status code is 204

2020-06-07 21:02:16.852 start obtaining value of specified variables

2020-06-07 21:02:16.852 obtain value of specified variables successfully

2020-06-07 21:02:16.852 FMU simulate a step from t=0.39

2020-06-07 21:02:16.852 FMU simulate the step from t=0.39 successfully

2020-06-07 21:02:16.852 start writing data after this step to InfluxDB

2020-06-07 21:02:16.854 write initial data to InfluxDB successfully, status code is 204

2020-06-07 21:02:16.854 start obtaining value of specified variables

2020-06-07 21:02:16.854 obtain value of specified variables successfully

2020-06-07 21:02:16.854 FMU simulate a step from t=0.4

2020-06-07 21:02:16.855 FMU simulate the step from t=0.4 successfully

2020-06-07 21:02:16.855 start writing data after this step to InfluxDB

2020-06-07 21:02:16.857 write initial data to InfluxDB successfully, status code is 204

2020-06-07 21:02:16.857 start obtaining value of specified variables

2020-06-07 21:02:16.857 obtain value of specified variables successfully

2020-06-07 21:02:16.857 FMU simulate a step from t=0.41

2020-06-07 21:02:16.857 FMU simulate the step from t=0.41 successfully

2020-06-07 21:02:16.857 start writing data after this step to InfluxDB

2020-06-07 21:02:16.860 write initial data to InfluxDB successfully, status code is 204

2020-06-07 21:02:16.860 start obtaining value of specified variables

2020-06-07 21:02:16.860 obtain value of specified variables successfully

2020-06-07 21:02:16.860 FMU simulate a step from t=0.42

2020-06-07 21:02:16.861 FMU simulate the step from t=0.42 successfully

2020-06-07 21:02:16.861 start writing data after this step to InfluxDB

2020-06-07 21:02:16.865 write initial data to InfluxDB successfully, status code is 204

2020-06-07 21:02:16.865 start obtaining value of specified variables

2020-06-07 21:02:16.865 obtain value of specified variables successfully

2020-06-07 21:02:16.865 FMU simulate a step from t=0.43

2020-06-07 21:02:16.865 FMU simulate the step from t=0.43 successfully

2020-06-07 21:02:16.866 start writing data after this step to InfluxDB

2020-06-07 21:02:16.868 write initial data to InfluxDB successfully, status code is 204

2020-06-07 21:02:16.868 start obtaining value of specified variables

2020-06-07 21:02:16.868 obtain value of specified variables successfully

2020-06-07 21:02:16.868 FMU simulate a step from t=0.44

2020-06-07 21:02:16.868 FMU simulate the step from t=0.44 successfully

2020-06-07 21:02:16.868 start writing data after this step to InfluxDB

2020-06-07 21:02:16.870 write initial data to InfluxDB successfully, status code is 204

2020-06-07 21:02:16.870 start obtaining value of specified variables

2020-06-07 21:02:16.870 obtain value of specified variables successfully

2020-06-07 21:02:16.870 FMU simulate a step from t=0.45

2020-06-07 21:02:16.871 FMU simulate the step from t=0.45 successfully

2020-06-07 21:02:16.871 start writing data after this step to InfluxDB

2020-06-07 21:02:16.880 write initial data to InfluxDB successfully, status code is 204

2020-06-07 21:02:16.880 start obtaining value of specified variables

2020-06-07 21:02:16.880 obtain value of specified variables successfully

2020-06-07 21:02:16.881 FMU simulate a step from t=0.46

2020-06-07 21:02:16.881 FMU simulate the step from t=0.46 successfully

2020-06-07 21:02:16.881 start writing data after this step to InfluxDB

2020-06-07 21:02:16.883 write initial data to InfluxDB successfully, status code is 204

2020-06-07 21:02:16.883 start obtaining value of specified variables

2020-06-07 21:02:16.883 obtain value of specified variables successfully

2020-06-07 21:02:16.883 FMU simulate a step from t=0.47

2020-06-07 21:02:16.884 FMU simulate the step from t=0.47 successfully

2020-06-07 21:02:16.884 start writing data after this step to InfluxDB

2020-06-07 21:02:16.885 write initial data to InfluxDB successfully, status code is 204

2020-06-07 21:02:16.886 start obtaining value of specified variables

2020-06-07 21:02:16.886 obtain value of specified variables successfully

2020-06-07 21:02:16.886 FMU simulate a step from t=0.48

2020-06-07 21:02:16.886 FMU simulate the step from t=0.48 successfully

2020-06-07 21:02:16.886 start writing data after this step to InfluxDB

2020-06-07 21:02:16.888 write initial data to InfluxDB successfully, status code is 204

2020-06-07 21:02:16.889 start obtaining value of specified variables

2020-06-07 21:02:16.889 obtain value of specified variables successfully

2020-06-07 21:02:16.889 FMU simulate a step from t=0.49

2020-06-07 21:02:16.889 FMU simulate the step from t=0.49 successfully

2020-06-07 21:02:16.889 start writing data after this step to InfluxDB

2020-06-07 21:02:16.891 write initial data to InfluxDB successfully, status code is 204

2020-06-07 21:02:16.891 start obtaining value of specified variables

2020-06-07 21:02:16.891 obtain value of specified variables successfully

2020-06-07 21:02:16.891 FMU simulate a step from t=0.5

2020-06-07 21:02:16.892 FMU simulate the step from t=0.5 successfully

2020-06-07 21:02:16.892 start writing data after this step to InfluxDB

2020-06-07 21:02:16.895 write initial data to InfluxDB successfully, status code is 204

2020-06-07 21:02:16.895 start obtaining value of specified variables

2020-06-07 21:02:16.895 obtain value of specified variables successfully

2020-06-07 21:02:16.895 FMU simulate a step from t=0.51

2020-06-07 21:02:16.895 FMU simulate the step from t=0.51 successfully

2020-06-07 21:02:16.895 start writing data after this step to InfluxDB

2020-06-07 21:02:16.897 write initial data to InfluxDB successfully, status code is 204

2020-06-07 21:02:16.897 start obtaining value of specified variables

2020-06-07 21:02:16.898 obtain value of specified variables successfully

2020-06-07 21:02:16.898 FMU simulate a step from t=0.52

2020-06-07 21:02:16.898 FMU simulate the step from t=0.52 successfully

2020-06-07 21:02:16.898 start writing data after this step to InfluxDB

2020-06-07 21:02:16.901 write initial data to InfluxDB successfully, status code is 204

2020-06-07 21:02:16.901 start obtaining value of specified variables

2020-06-07 21:02:16.901 obtain value of specified variables successfully

2020-06-07 21:02:16.901 FMU simulate a step from t=0.53

2020-06-07 21:02:16.901 FMU simulate the step from t=0.53 successfully

2020-06-07 21:02:16.901 start writing data after this step to InfluxDB

2020-06-07 21:02:16.904 write initial data to InfluxDB successfully, status code is 204

2020-06-07 21:02:16.904 start obtaining value of specified variables

2020-06-07 21:02:16.905 obtain value of specified variables successfully

2020-06-07 21:02:16.905 FMU simulate a step from t=0.54

2020-06-07 21:02:16.905 FMU simulate the step from t=0.54 successfully

2020-06-07 21:02:16.905 start writing data after this step to InfluxDB

2020-06-07 21:02:16.907 write initial data to InfluxDB successfully, status code is 204

2020-06-07 21:02:16.907 start obtaining value of specified variables

2020-06-07 21:02:16.907 obtain value of specified variables successfully

2020-06-07 21:02:16.907 FMU simulate a step from t=0.55

2020-06-07 21:02:16.907 FMU simulate the step from t=0.55 successfully

2020-06-07 21:02:16.907 start writing data after this step to InfluxDB

2020-06-07 21:02:16.910 write initial data to InfluxDB successfully, status code is 204

2020-06-07 21:02:16.910 start obtaining value of specified variables

2020-06-07 21:02:16.910 obtain value of specified variables successfully

2020-06-07 21:02:16.910 FMU simulate a step from t=0.56

2020-06-07 21:02:16.911 FMU simulate the step from t=0.56 successfully

2020-06-07 21:02:16.911 start writing data after this step to InfluxDB

2020-06-07 21:02:16.913 write initial data to InfluxDB successfully, status code is 204

2020-06-07 21:02:16.913 start obtaining value of specified variables

2020-06-07 21:02:16.913 obtain value of specified variables successfully

2020-06-07 21:02:16.913 FMU simulate a step from t=0.57

2020-06-07 21:02:16.913 FMU simulate the step from t=0.57 successfully

2020-06-07 21:02:16.913 start writing data after this step to InfluxDB

2020-06-07 21:02:16.915 write initial data to InfluxDB successfully, status code is 204

2020-06-07 21:02:16.915 start obtaining value of specified variables

2020-06-07 21:02:16.915 obtain value of specified variables successfully

2020-06-07 21:02:16.915 FMU simulate a step from t=0.58

2020-06-07 21:02:16.916 FMU simulate the step from t=0.58 successfully

2020-06-07 21:02:16.916 start writing data after this step to InfluxDB

2020-06-07 21:02:16.917 write initial data to InfluxDB successfully, status code is 204

2020-06-07 21:02:16.917 start obtaining value of specified variables

2020-06-07 21:02:16.917 obtain value of specified variables successfully

2020-06-07 21:02:16.918 FMU simulate a step from t=0.59

2020-06-07 21:02:16.918 FMU simulate the step from t=0.59 successfully

2020-06-07 21:02:16.918 start writing data after this step to InfluxDB

2020-06-07 21:02:16.920 write initial data to InfluxDB successfully, status code is 204

2020-06-07 21:02:16.920 start obtaining value of specified variables

2020-06-07 21:02:16.920 obtain value of specified variables successfully

2020-06-07 21:02:16.920 FMU simulate a step from t=0.6

2020-06-07 21:02:16.920 FMU simulate the step from t=0.6 successfully

2020-06-07 21:02:16.920 start writing data after this step to InfluxDB

2020-06-07 21:02:16.923 write initial data to InfluxDB successfully, status code is 204

2020-06-07 21:02:16.923 start obtaining value of specified variables

2020-06-07 21:02:16.923 obtain value of specified variables successfully

2020-06-07 21:02:16.923 FMU simulate a step from t=0.61

2020-06-07 21:02:16.923 FMU simulate the step from t=0.61 successfully

2020-06-07 21:02:16.923 start writing data after this step to InfluxDB

2020-06-07 21:02:16.925 write initial data to InfluxDB successfully, status code is 204

2020-06-07 21:02:16.926 start obtaining value of specified variables

2020-06-07 21:02:16.926 obtain value of specified variables successfully

2020-06-07 21:02:16.926 FMU simulate a step from t=0.62

2020-06-07 21:02:16.926 FMU simulate the step from t=0.62 successfully

2020-06-07 21:02:16.926 start writing data after this step to InfluxDB

2020-06-07 21:02:16.929 write initial data to InfluxDB successfully, status code is 204

2020-06-07 21:02:16.929 start obtaining value of specified variables

2020-06-07 21:02:16.929 obtain value of specified variables successfully

2020-06-07 21:02:16.929 FMU simulate a step from t=0.63

2020-06-07 21:02:16.930 FMU simulate the step from t=0.63 successfully

2020-06-07 21:02:16.930 start writing data after this step to InfluxDB

2020-06-07 21:02:16.932 write initial data to InfluxDB successfully, status code is 204

2020-06-07 21:02:16.932 start obtaining value of specified variables

2020-06-07 21:02:16.932 obtain value of specified variables successfully

2020-06-07 21:02:16.932 FMU simulate a step from t=0.64

2020-06-07 21:02:16.932 FMU simulate the step from t=0.64 successfully

2020-06-07 21:02:16.932 start writing data after this step to InfluxDB

2020-06-07 21:02:16.934 write initial data to InfluxDB successfully, status code is 204

2020-06-07 21:02:16.934 start obtaining value of specified variables

2020-06-07 21:02:16.934 obtain value of specified variables successfully

2020-06-07 21:02:16.934 FMU simulate a step from t=0.65

2020-06-07 21:02:16.935 FMU simulate the step from t=0.65 successfully

2020-06-07 21:02:16.935 start writing data after this step to InfluxDB

2020-06-07 21:02:16.937 write initial data to InfluxDB successfully, status code is 204

2020-06-07 21:02:16.937 start obtaining value of specified variables

2020-06-07 21:02:16.937 obtain value of specified variables successfully

2020-06-07 21:02:16.937 FMU simulate a step from t=0.66

2020-06-07 21:02:16.937 FMU simulate the step from t=0.66 successfully

2020-06-07 21:02:16.937 start writing data after this step to InfluxDB

2020-06-07 21:02:16.940 write initial data to InfluxDB successfully, status code is 204

2020-06-07 21:02:16.940 start obtaining value of specified variables

2020-06-07 21:02:16.940 obtain value of specified variables successfully

2020-06-07 21:02:16.940 FMU simulate a step from t=0.67

2020-06-07 21:02:16.940 FMU simulate the step from t=0.67 successfully

2020-06-07 21:02:16.940 start writing data after this step to InfluxDB

2020-06-07 21:02:16.943 write initial data to InfluxDB successfully, status code is 204

2020-06-07 21:02:16.943 start obtaining value of specified variables

2020-06-07 21:02:16.943 obtain value of specified variables successfully

2020-06-07 21:02:16.943 FMU simulate a step from t=0.68

2020-06-07 21:02:16.944 FMU simulate the step from t=0.68 successfully

2020-06-07 21:02:16.944 start writing data after this step to InfluxDB

2020-06-07 21:02:16.946 write initial data to InfluxDB successfully, status code is 204

2020-06-07 21:02:16.946 start obtaining value of specified variables

2020-06-07 21:02:16.946 obtain value of specified variables successfully

2020-06-07 21:02:16.946 FMU simulate a step from t=0.69

2020-06-07 21:02:16.946 FMU simulate the step from t=0.69 successfully

2020-06-07 21:02:16.946 start writing data after this step to InfluxDB

2020-06-07 21:02:16.948 write initial data to InfluxDB successfully, status code is 204

2020-06-07 21:02:16.948 start obtaining value of specified variables

2020-06-07 21:02:16.948 obtain value of specified variables successfully

2020-06-07 21:02:16.948 FMU simulate a step from t=0.7

2020-06-07 21:02:16.948 FMU simulate the step from t=0.7 successfully

2020-06-07 21:02:16.948 start writing data after this step to InfluxDB

2020-06-07 21:02:16.950 write initial data to InfluxDB successfully, status code is 204

2020-06-07 21:02:16.950 start obtaining value of specified variables

2020-06-07 21:02:16.951 obtain value of specified variables successfully

2020-06-07 21:02:16.951 FMU simulate a step from t=0.71

2020-06-07 21:02:16.951 FMU simulate the step from t=0.71 successfully

2020-06-07 21:02:16.951 start writing data after this step to InfluxDB

2020-06-07 21:02:16.953 write initial data to InfluxDB successfully, status code is 204

2020-06-07 21:02:16.953 start obtaining value of specified variables

2020-06-07 21:02:16.953 obtain value of specified variables successfully

2020-06-07 21:02:16.953 FMU simulate a step from t=0.72

2020-06-07 21:02:16.954 FMU simulate the step from t=0.72 successfully

2020-06-07 21:02:16.954 start writing data after this step to InfluxDB

2020-06-07 21:02:16.955 write initial data to InfluxDB successfully, status code is 204

2020-06-07 21:02:16.955 start obtaining value of specified variables

2020-06-07 21:02:16.955 obtain value of specified variables successfully

2020-06-07 21:02:16.956 FMU simulate a step from t=0.73

2020-06-07 21:02:16.956 FMU simulate the step from t=0.73 successfully

2020-06-07 21:02:16.956 start writing data after this step to InfluxDB

2020-06-07 21:02:16.958 write initial data to InfluxDB successfully, status code is 204

2020-06-07 21:02:16.958 start obtaining value of specified variables

2020-06-07 21:02:16.958 obtain value of specified variables successfully

2020-06-07 21:02:16.958 FMU simulate a step from t=0.74

2020-06-07 21:02:16.958 FMU simulate the step from t=0.74 successfully

2020-06-07 21:02:16.958 start writing data after this step to InfluxDB

2020-06-07 21:02:16.961 write initial data to InfluxDB successfully, status code is 204

2020-06-07 21:02:16.961 start obtaining value of specified variables

2020-06-07 21:02:16.961 obtain value of specified variables successfully

2020-06-07 21:02:16.961 FMU simulate a step from t=0.75

2020-06-07 21:02:16.962 FMU simulate the step from t=0.75 successfully

2020-06-07 21:02:16.962 start writing data after this step to InfluxDB

2020-06-07 21:02:16.964 write initial data to InfluxDB successfully, status code is 204

2020-06-07 21:02:16.964 start obtaining value of specified variables

2020-06-07 21:02:16.964 obtain value of specified variables successfully

2020-06-07 21:02:16.964 FMU simulate a step from t=0.76

2020-06-07 21:02:16.964 FMU simulate the step from t=0.76 successfully

2020-06-07 21:02:16.964 start writing data after this step to InfluxDB

2020-06-07 21:02:16.966 write initial data to InfluxDB successfully, status code is 204

2020-06-07 21:02:16.966 start obtaining value of specified variables

2020-06-07 21:02:16.966 obtain value of specified variables successfully

2020-06-07 21:02:16.966 FMU simulate a step from t=0.77

2020-06-07 21:02:16.966 FMU simulate the step from t=0.77 successfully

2020-06-07 21:02:16.966 start writing data after this step to InfluxDB

2020-06-07 21:02:16.969 write initial data to InfluxDB successfully, status code is 204

2020-06-07 21:02:16.969 start obtaining value of specified variables

2020-06-07 21:02:16.969 obtain value of specified variables successfully

2020-06-07 21:02:16.969 FMU simulate a step from t=0.78

2020-06-07 21:02:16.969 FMU simulate the step from t=0.78 successfully

2020-06-07 21:02:16.969 start writing data after this step to InfluxDB

2020-06-07 21:02:16.971 write initial data to InfluxDB successfully, status code is 204

2020-06-07 21:02:16.971 start obtaining value of specified variables

2020-06-07 21:02:16.972 obtain value of specified variables successfully

2020-06-07 21:02:16.972 FMU simulate a step from t=0.79

2020-06-07 21:02:16.972 FMU simulate the step from t=0.79 successfully

2020-06-07 21:02:16.972 start writing data after this step to InfluxDB

2020-06-07 21:02:16.974 write initial data to InfluxDB successfully, status code is 204

2020-06-07 21:02:16.974 start obtaining value of specified variables

2020-06-07 21:02:16.974 obtain value of specified variables successfully

2020-06-07 21:02:16.974 FMU simulate a step from t=0.8

2020-06-07 21:02:16.974 FMU simulate the step from t=0.8 successfully

2020-06-07 21:02:16.974 start writing data after this step to InfluxDB

2020-06-07 21:02:16.976 write initial data to InfluxDB successfully, status code is 204

2020-06-07 21:02:16.976 start obtaining value of specified variables

2020-06-07 21:02:16.976 obtain value of specified variables successfully

2020-06-07 21:02:16.976 FMU simulate a step from t=0.81

2020-06-07 21:02:16.976 FMU simulate the step from t=0.81 successfully

2020-06-07 21:02:16.976 start writing data after this step to InfluxDB

2020-06-07 21:02:16.979 write initial data to InfluxDB successfully, status code is 204

2020-06-07 21:02:16.979 start obtaining value of specified variables

2020-06-07 21:02:16.979 obtain value of specified variables successfully

2020-06-07 21:02:16.979 FMU simulate a step from t=0.82

2020-06-07 21:02:16.980 FMU simulate the step from t=0.82 successfully

2020-06-07 21:02:16.980 start writing data after this step to InfluxDB

2020-06-07 21:02:16.982 write initial data to InfluxDB successfully, status code is 204

2020-06-07 21:02:16.982 start obtaining value of specified variables

2020-06-07 21:02:16.982 obtain value of specified variables successfully

2020-06-07 21:02:16.982 FMU simulate a step from t=0.83

2020-06-07 21:02:16.983 FMU simulate the step from t=0.83 successfully

2020-06-07 21:02:16.983 start writing data after this step to InfluxDB

2020-06-07 21:02:16.984 write initial data to InfluxDB successfully, status code is 204

2020-06-07 21:02:16.985 start obtaining value of specified variables

2020-06-07 21:02:16.985 obtain value of specified variables successfully

2020-06-07 21:02:16.985 FMU simulate a step from t=0.84

2020-06-07 21:02:16.985 FMU simulate the step from t=0.84 successfully

2020-06-07 21:02:16.985 start writing data after this step to InfluxDB

2020-06-07 21:02:16.987 write initial data to InfluxDB successfully, status code is 204

2020-06-07 21:02:16.987 start obtaining value of specified variables

2020-06-07 21:02:16.987 obtain value of specified variables successfully

2020-06-07 21:02:16.987 FMU simulate a step from t=0.85

2020-06-07 21:02:16.988 FMU simulate the step from t=0.85 successfully

2020-06-07 21:02:16.988 start writing data after this step to InfluxDB

2020-06-07 21:02:16.990 write initial data to InfluxDB successfully, status code is 204

2020-06-07 21:02:16.990 start obtaining value of specified variables

2020-06-07 21:02:16.990 obtain value of specified variables successfully

2020-06-07 21:02:16.990 FMU simulate a step from t=0.86

2020-06-07 21:02:16.990 FMU simulate the step from t=0.86 successfully

2020-06-07 21:02:16.990 start writing data after this step to InfluxDB

2020-06-07 21:02:16.992 write initial data to InfluxDB successfully, status code is 204

2020-06-07 21:02:16.992 start obtaining value of specified variables

2020-06-07 21:02:16.992 obtain value of specified variables successfully

2020-06-07 21:02:16.993 FMU simulate a step from t=0.87

2020-06-07 21:02:16.993 FMU simulate the step from t=0.87 successfully

2020-06-07 21:02:16.993 start writing data after this step to InfluxDB

2020-06-07 21:02:16.996 write initial data to InfluxDB successfully, status code is 204

2020-06-07 21:02:16.996 start obtaining value of specified variables

2020-06-07 21:02:16.996 obtain value of specified variables successfully

2020-06-07 21:02:16.996 FMU simulate a step from t=0.88

2020-06-07 21:02:16.996 FMU simulate the step from t=0.88 successfully

2020-06-07 21:02:16.997 start writing data after this step to InfluxDB

2020-06-07 21:02:17.000 write initial data to InfluxDB successfully, status code is 204

2020-06-07 21:02:17.000 start obtaining value of specified variables

2020-06-07 21:02:17.000 obtain value of specified variables successfully

2020-06-07 21:02:17.000 FMU simulate a step from t=0.89

2020-06-07 21:02:17.001 FMU simulate the step from t=0.89 successfully

2020-06-07 21:02:17.001 start writing data after this step to InfluxDB

2020-06-07 21:02:17.003 write initial data to InfluxDB successfully, status code is 204

2020-06-07 21:02:17.003 start obtaining value of specified variables

2020-06-07 21:02:17.003 obtain value of specified variables successfully

2020-06-07 21:02:17.003 FMU simulate a step from t=0.9

2020-06-07 21:02:17.004 FMU simulate the step from t=0.9 successfully

2020-06-07 21:02:17.004 start writing data after this step to InfluxDB

2020-06-07 21:02:17.006 write initial data to InfluxDB successfully, status code is 204

2020-06-07 21:02:17.006 start obtaining value of specified variables

2020-06-07 21:02:17.006 obtain value of specified variables successfully

2020-06-07 21:02:17.006 FMU simulate a step from t=0.91

2020-06-07 21:02:17.006 FMU simulate the step from t=0.91 successfully

2020-06-07 21:02:17.006 start writing data after this step to InfluxDB

2020-06-07 21:02:17.009 write initial data to InfluxDB successfully, status code is 204

2020-06-07 21:02:17.009 start obtaining value of specified variables

2020-06-07 21:02:17.009 obtain value of specified variables successfully

2020-06-07 21:02:17.009 FMU simulate a step from t=0.92

2020-06-07 21:02:17.009 FMU simulate the step from t=0.92 successfully

2020-06-07 21:02:17.009 start writing data after this step to InfluxDB

2020-06-07 21:02:17.012 write initial data to InfluxDB successfully, status code is 204

2020-06-07 21:02:17.012 start obtaining value of specified variables

2020-06-07 21:02:17.013 obtain value of specified variables successfully

2020-06-07 21:02:17.013 FMU simulate a step from t=0.93

2020-06-07 21:02:17.013 FMU simulate the step from t=0.93 successfully

2020-06-07 21:02:17.013 start writing data after this step to InfluxDB

2020-06-07 21:02:17.015 write initial data to InfluxDB successfully, status code is 204

2020-06-07 21:02:17.015 start obtaining value of specified variables

2020-06-07 21:02:17.015 obtain value of specified variables successfully

2020-06-07 21:02:17.015 FMU simulate a step from t=0.94

2020-06-07 21:02:17.016 FMU simulate the step from t=0.94 successfully

2020-06-07 21:02:17.016 start writing data after this step to InfluxDB

2020-06-07 21:02:17.019 write initial data to InfluxDB successfully, status code is 204

2020-06-07 21:02:17.019 start obtaining value of specified variables

2020-06-07 21:02:17.019 obtain value of specified variables successfully

2020-06-07 21:02:17.019 FMU simulate a step from t=0.95

2020-06-07 21:02:17.019 FMU simulate the step from t=0.95 successfully

2020-06-07 21:02:17.019 start writing data after this step to InfluxDB

2020-06-07 21:02:17.022 write initial data to InfluxDB successfully, status code is 204

2020-06-07 21:02:17.022 start obtaining value of specified variables

2020-06-07 21:02:17.022 obtain value of specified variables successfully

2020-06-07 21:02:17.022 FMU simulate a step from t=0.96

2020-06-07 21:02:17.023 FMU simulate the step from t=0.96 successfully

2020-06-07 21:02:17.023 start writing data after this step to InfluxDB

2020-06-07 21:02:17.024 write initial data to InfluxDB successfully, status code is 204

2020-06-07 21:02:17.024 start obtaining value of specified variables

2020-06-07 21:02:17.025 obtain value of specified variables successfully

2020-06-07 21:02:17.025 FMU simulate a step from t=0.97

2020-06-07 21:02:17.025 FMU simulate the step from t=0.97 successfully

2020-06-07 21:02:17.025 start writing data after this step to InfluxDB

2020-06-07 21:02:17.027 write initial data to InfluxDB successfully, status code is 204

2020-06-07 21:02:17.027 start obtaining value of specified variables

2020-06-07 21:02:17.027 obtain value of specified variables successfully

2020-06-07 21:02:17.027 FMU simulate a step from t=0.98

2020-06-07 21:02:17.028 FMU simulate the step from t=0.98 successfully

2020-06-07 21:02:17.028 start writing data after this step to InfluxDB

2020-06-07 21:02:17.030 write initial data to InfluxDB successfully, status code is 204

2020-06-07 21:02:17.030 start obtaining value of specified variables

2020-06-07 21:02:17.030 obtain value of specified variables successfully

2020-06-07 21:02:17.030 FMU simulate a step from t=0.99

2020-06-07 21:02:17.030 FMU simulate the step from t=0.99 successfully

2020-06-07 21:02:17.031 start writing data after this step to InfluxDB

2020-06-07 21:02:17.033 write initial data to InfluxDB successfully, status code is 204

2020-06-07 21:02:17.033 start obtaining value of specified variables

2020-06-07 21:02:17.033 obtain value of specified variables successfully

2020-06-07 21:02:17.033 FMU simulate a step from t=1

2020-06-07 21:02:17.033 FMU simulate the step from t=1 successfully

2020-06-07 21:02:17.033 start writing data after this step to InfluxDB

2020-06-07 21:02:17.035 write initial data to InfluxDB successfully, status code is 204

2020-06-07 21:02:17.036 start obtaining value of specified variables

2020-06-07 21:02:17.036 obtain value of specified variables successfully

2020-06-07 21:02:17.036 FMU simulate a step from t=1.01

2020-06-07 21:02:17.036 FMU simulate the step from t=1.01 successfully

2020-06-07 21:02:17.036 start writing data after this step to InfluxDB

2020-06-07 21:02:17.039 write initial data to InfluxDB successfully, status code is 204

2020-06-07 21:02:17.039 start obtaining value of specified variables

2020-06-07 21:02:17.039 obtain value of specified variables successfully

2020-06-07 21:02:17.039 FMU simulate a step from t=1.02

2020-06-07 21:02:17.039 FMU simulate the step from t=1.02 successfully

2020-06-07 21:02:17.039 start writing data after this step to InfluxDB

2020-06-07 21:02:17.042 write initial data to InfluxDB successfully, status code is 204

2020-06-07 21:02:17.042 start obtaining value of specified variables

2020-06-07 21:02:17.042 obtain value of specified variables successfully

2020-06-07 21:02:17.042 FMU simulate a step from t=1.03

2020-06-07 21:02:17.042 FMU simulate the step from t=1.03 successfully

2020-06-07 21:02:17.042 start writing data after this step to InfluxDB

2020-06-07 21:02:17.045 write initial data to InfluxDB successfully, status code is 204

2020-06-07 21:02:17.045 start obtaining value of specified variables

2020-06-07 21:02:17.045 obtain value of specified variables successfully

2020-06-07 21:02:17.045 FMU simulate a step from t=1.04

2020-06-07 21:02:17.045 FMU simulate the step from t=1.04 successfully

2020-06-07 21:02:17.045 start writing data after this step to InfluxDB

2020-06-07 21:02:17.048 write initial data to InfluxDB successfully, status code is 204

2020-06-07 21:02:17.048 start obtaining value of specified variables

2020-06-07 21:02:17.048 obtain value of specified variables successfully

2020-06-07 21:02:17.048 FMU simulate a step from t=1.05

2020-06-07 21:02:17.049 FMU simulate the step from t=1.05 successfully

2020-06-07 21:02:17.049 start writing data after this step to InfluxDB

2020-06-07 21:02:17.050 write initial data to InfluxDB successfully, status code is 204

2020-06-07 21:02:17.050 start obtaining value of specified variables

2020-06-07 21:02:17.050 obtain value of specified variables successfully

2020-06-07 21:02:17.050 FMU simulate a step from t=1.06

2020-06-07 21:02:17.051 FMU simulate the step from t=1.06 successfully

2020-06-07 21:02:17.051 start writing data after this step to InfluxDB

2020-06-07 21:02:17.052 write initial data to InfluxDB successfully, status code is 204

2020-06-07 21:02:17.052 start obtaining value of specified variables

2020-06-07 21:02:17.052 obtain value of specified variables successfully

2020-06-07 21:02:17.053 FMU simulate a step from t=1.07

2020-06-07 21:02:17.053 FMU simulate the step from t=1.07 successfully

2020-06-07 21:02:17.053 start writing data after this step to InfluxDB

2020-06-07 21:02:17.055 write initial data to InfluxDB successfully, status code is 204

2020-06-07 21:02:17.055 start obtaining value of specified variables

2020-06-07 21:02:17.055 obtain value of specified variables successfully

2020-06-07 21:02:17.055 FMU simulate a step from t=1.08

2020-06-07 21:02:17.055 FMU simulate the step from t=1.08 successfully

2020-06-07 21:02:17.055 start writing data after this step to InfluxDB

2020-06-07 21:02:17.057 write initial data to InfluxDB successfully, status code is 204

2020-06-07 21:02:17.057 start obtaining value of specified variables

2020-06-07 21:02:17.057 obtain value of specified variables successfully

2020-06-07 21:02:17.057 FMU simulate a step from t=1.09

2020-06-07 21:02:17.057 FMU simulate the step from t=1.09 successfully

2020-06-07 21:02:17.057 start writing data after this step to InfluxDB

2020-06-07 21:02:17.059 write initial data to InfluxDB successfully, status code is 204

2020-06-07 21:02:17.059 start obtaining value of specified variables

2020-06-07 21:02:17.059 obtain value of specified variables successfully

2020-06-07 21:02:17.059 FMU simulate a step from t=1.1

2020-06-07 21:02:17.060 FMU simulate the step from t=1.1 successfully

2020-06-07 21:02:17.060 start writing data after this step to InfluxDB

2020-06-07 21:02:17.062 write initial data to InfluxDB successfully, status code is 204

2020-06-07 21:02:17.062 start obtaining value of specified variables

2020-06-07 21:02:17.062 obtain value of specified variables successfully

2020-06-07 21:02:17.062 FMU simulate a step from t=1.11

2020-06-07 21:02:17.062 FMU simulate the step from t=1.11 successfully

2020-06-07 21:02:17.063 start writing data after this step to InfluxDB

2020-06-07 21:02:17.064 write initial data to InfluxDB successfully, status code is 204

2020-06-07 21:02:17.064 start obtaining value of specified variables

2020-06-07 21:02:17.064 obtain value of specified variables successfully

2020-06-07 21:02:17.064 FMU simulate a step from t=1.12

2020-06-07 21:02:17.064 FMU simulate the step from t=1.12 successfully

2020-06-07 21:02:17.064 start writing data after this step to InfluxDB

2020-06-07 21:02:17.066 write initial data to InfluxDB successfully, status code is 204

2020-06-07 21:02:17.066 start obtaining value of specified variables

2020-06-07 21:02:17.066 obtain value of specified variables successfully

2020-06-07 21:02:17.066 FMU simulate a step from t=1.13

2020-06-07 21:02:17.066 FMU simulate the step from t=1.13 successfully

2020-06-07 21:02:17.066 start writing data after this step to InfluxDB

2020-06-07 21:02:17.068 write initial data to InfluxDB successfully, status code is 204

2020-06-07 21:02:17.068 start obtaining value of specified variables

2020-06-07 21:02:17.068 obtain value of specified variables successfully

2020-06-07 21:02:17.068 FMU simulate a step from t=1.14

2020-06-07 21:02:17.068 FMU simulate the step from t=1.14 successfully

2020-06-07 21:02:17.068 start writing data after this step to InfluxDB

2020-06-07 21:02:17.070 write initial data to InfluxDB successfully, status code is 204

2020-06-07 21:02:17.070 start obtaining value of specified variables

2020-06-07 21:02:17.070 obtain value of specified variables successfully

2020-06-07 21:02:17.070 FMU simulate a step from t=1.15

2020-06-07 21:02:17.070 FMU simulate the step from t=1.15 successfully

2020-06-07 21:02:17.071 start writing data after this step to InfluxDB

2020-06-07 21:02:17.072 write initial data to InfluxDB successfully, status code is 204

2020-06-07 21:02:17.072 start obtaining value of specified variables

2020-06-07 21:02:17.072 obtain value of specified variables successfully

2020-06-07 21:02:17.072 FMU simulate a step from t=1.16

2020-06-07 21:02:17.072 FMU simulate the step from t=1.16 successfully

2020-06-07 21:02:17.072 start writing data after this step to InfluxDB

2020-06-07 21:02:17.074 write initial data to InfluxDB successfully, status code is 204

2020-06-07 21:02:17.074 start obtaining value of specified variables

2020-06-07 21:02:17.074 obtain value of specified variables successfully

2020-06-07 21:02:17.074 FMU simulate a step from t=1.17

2020-06-07 21:02:17.074 FMU simulate the step from t=1.17 successfully

2020-06-07 21:02:17.074 start writing data after this step to InfluxDB

2020-06-07 21:02:17.084 write initial data to InfluxDB successfully, status code is 204

2020-06-07 21:02:17.085 start obtaining value of specified variables

2020-06-07 21:02:17.085 obtain value of specified variables successfully

2020-06-07 21:02:17.085 FMU simulate a step from t=1.18

2020-06-07 21:02:17.085 FMU simulate the step from t=1.18 successfully

2020-06-07 21:02:17.085 start writing data after this step to InfluxDB

2020-06-07 21:02:17.087 write initial data to InfluxDB successfully, status code is 204

2020-06-07 21:02:17.087 start obtaining value of specified variables

2020-06-07 21:02:17.087 obtain value of specified variables successfully

2020-06-07 21:02:17.087 FMU simulate a step from t=1.19

2020-06-07 21:02:17.087 FMU simulate the step from t=1.19 successfully

2020-06-07 21:02:17.087 start writing data after this step to InfluxDB

2020-06-07 21:02:17.089 write initial data to InfluxDB successfully, status code is 204

2020-06-07 21:02:17.089 start obtaining value of specified variables

2020-06-07 21:02:17.089 obtain value of specified variables successfully

2020-06-07 21:02:17.089 FMU simulate a step from t=1.2

2020-06-07 21:02:17.089 FMU simulate the step from t=1.2 successfully

2020-06-07 21:02:17.089 start writing data after this step to InfluxDB

2020-06-07 21:02:17.090 write initial data to InfluxDB successfully, status code is 204

2020-06-07 21:02:17.090 start obtaining value of specified variables

2020-06-07 21:02:17.090 obtain value of specified variables successfully

2020-06-07 21:02:17.091 FMU simulate a step from t=1.21

2020-06-07 21:02:17.091 FMU simulate the step from t=1.21 successfully

2020-06-07 21:02:17.091 start writing data after this step to InfluxDB

2020-06-07 21:02:17.092 write initial data to InfluxDB successfully, status code is 204

2020-06-07 21:02:17.092 start obtaining value of specified variables

2020-06-07 21:02:17.092 obtain value of specified variables successfully

2020-06-07 21:02:17.092 FMU simulate a step from t=1.22

2020-06-07 21:02:17.093 FMU simulate the step from t=1.22 successfully

2020-06-07 21:02:17.093 start writing data after this step to InfluxDB

2020-06-07 21:02:17.094 write initial data to InfluxDB successfully, status code is 204

2020-06-07 21:02:17.094 start obtaining value of specified variables

2020-06-07 21:02:17.094 obtain value of specified variables successfully

2020-06-07 21:02:17.095 FMU simulate a step from t=1.23

2020-06-07 21:02:17.098 FMU simulate the step from t=1.23 successfully

2020-06-07 21:02:17.099 start writing data after this step to InfluxDB

2020-06-07 21:02:17.100 write initial data to InfluxDB successfully, status code is 204

2020-06-07 21:02:17.100 start obtaining value of specified variables

2020-06-07 21:02:17.100 obtain value of specified variables successfully

2020-06-07 21:02:17.100 FMU simulate a step from t=1.24

2020-06-07 21:02:17.102 FMU simulate the step from t=1.24 successfully

2020-06-07 21:02:17.102 start writing data after this step to InfluxDB

2020-06-07 21:02:17.104 write initial data to InfluxDB successfully, status code is 204

2020-06-07 21:02:17.104 start obtaining value of specified variables

2020-06-07 21:02:17.104 obtain value of specified variables successfully

2020-06-07 21:02:17.104 FMU simulate a step from t=1.25

2020-06-07 21:02:17.105 FMU simulate the step from t=1.25 successfully

2020-06-07 21:02:17.105 start writing data after this step to InfluxDB

2020-06-07 21:02:17.106 write initial data to InfluxDB successfully, status code is 204

2020-06-07 21:02:17.106 start obtaining value of specified variables

2020-06-07 21:02:17.106 obtain value of specified variables successfully

2020-06-07 21:02:17.106 FMU simulate a step from t=1.26

2020-06-07 21:02:17.107 FMU simulate the step from t=1.26 successfully

2020-06-07 21:02:17.107 start writing data after this step to InfluxDB

2020-06-07 21:02:17.109 write initial data to InfluxDB successfully, status code is 204

2020-06-07 21:02:17.109 start obtaining value of specified variables

2020-06-07 21:02:17.109 obtain value of specified variables successfully

2020-06-07 21:02:17.109 FMU simulate a step from t=1.27

2020-06-07 21:02:17.109 FMU simulate the step from t=1.27 successfully

2020-06-07 21:02:17.109 start writing data after this step to InfluxDB

2020-06-07 21:02:17.111 write initial data to InfluxDB successfully, status code is 204

2020-06-07 21:02:17.111 start obtaining value of specified variables

2020-06-07 21:02:17.111 obtain value of specified variables successfully

2020-06-07 21:02:17.111 FMU simulate a step from t=1.28

2020-06-07 21:02:17.111 FMU simulate the step from t=1.28 successfully

2020-06-07 21:02:17.111 start writing data after this step to InfluxDB

2020-06-07 21:02:17.113 write initial data to InfluxDB successfully, status code is 204

2020-06-07 21:02:17.113 start obtaining value of specified variables

2020-06-07 21:02:17.113 obtain value of specified variables successfully

2020-06-07 21:02:17.113 FMU simulate a step from t=1.29

2020-06-07 21:02:17.113 FMU simulate the step from t=1.29 successfully

2020-06-07 21:02:17.113 start writing data after this step to InfluxDB

2020-06-07 21:02:17.115 write initial data to InfluxDB successfully, status code is 204

2020-06-07 21:02:17.115 start obtaining value of specified variables

2020-06-07 21:02:17.115 obtain value of specified variables successfully

2020-06-07 21:02:17.115 FMU simulate a step from t=1.3

2020-06-07 21:02:17.115 FMU simulate the step from t=1.3 successfully

2020-06-07 21:02:17.115 start writing data after this step to InfluxDB

2020-06-07 21:02:17.117 write initial data to InfluxDB successfully, status code is 204

2020-06-07 21:02:17.117 start obtaining value of specified variables

2020-06-07 21:02:17.117 obtain value of specified variables successfully

2020-06-07 21:02:17.118 FMU simulate a step from t=1.31

2020-06-07 21:02:17.118 FMU simulate the step from t=1.31 successfully

2020-06-07 21:02:17.118 start writing data after this step to InfluxDB

2020-06-07 21:02:17.120 write initial data to InfluxDB successfully, status code is 204

2020-06-07 21:02:17.120 start obtaining value of specified variables

2020-06-07 21:02:17.120 obtain value of specified variables successfully

2020-06-07 21:02:17.120 FMU simulate a step from t=1.32

2020-06-07 21:02:17.120 FMU simulate the step from t=1.32 successfully

2020-06-07 21:02:17.120 start writing data after this step to InfluxDB

2020-06-07 21:02:17.122 write initial data to InfluxDB successfully, status code is 204

2020-06-07 21:02:17.122 start obtaining value of specified variables

2020-06-07 21:02:17.122 obtain value of specified variables successfully

2020-06-07 21:02:17.122 FMU simulate a step from t=1.33

2020-06-07 21:02:17.122 FMU simulate the step from t=1.33 successfully

2020-06-07 21:02:17.122 start writing data after this step to InfluxDB

2020-06-07 21:02:17.124 write initial data to InfluxDB successfully, status code is 204

2020-06-07 21:02:17.124 start obtaining value of specified variables

2020-06-07 21:02:17.124 obtain value of specified variables successfully

2020-06-07 21:02:17.124 FMU simulate a step from t=1.34

2020-06-07 21:02:17.130 FMU simulate the step from t=1.34 successfully

2020-06-07 21:02:17.130 start writing data after this step to InfluxDB

2020-06-07 21:02:17.132 write initial data to InfluxDB successfully, status code is 204

2020-06-07 21:02:17.132 start obtaining value of specified variables

2020-06-07 21:02:17.132 obtain value of specified variables successfully

2020-06-07 21:02:17.132 FMU simulate a step from t=1.35

2020-06-07 21:02:17.146 FMU simulate the step from t=1.35 successfully

2020-06-07 21:02:17.146 start writing data after this step to InfluxDB

2020-06-07 21:02:17.148 write initial data to InfluxDB successfully, status code is 204

2020-06-07 21:02:17.148 start obtaining value of specified variables

2020-06-07 21:02:17.148 obtain value of specified variables successfully

2020-06-07 21:02:17.148 FMU simulate a step from t=1.36

2020-06-07 21:02:17.150 FMU simulate the step from t=1.36 successfully

2020-06-07 21:02:17.150 start writing data after this step to InfluxDB

2020-06-07 21:02:17.152 write initial data to InfluxDB successfully, status code is 204

2020-06-07 21:02:17.152 start obtaining value of specified variables

2020-06-07 21:02:17.152 obtain value of specified variables successfully

2020-06-07 21:02:17.152 FMU simulate a step from t=1.37

2020-06-07 21:02:17.153 FMU simulate the step from t=1.37 successfully

2020-06-07 21:02:17.153 start writing data after this step to InfluxDB

2020-06-07 21:02:17.155 write initial data to InfluxDB successfully, status code is 204

2020-06-07 21:02:17.155 start obtaining value of specified variables

2020-06-07 21:02:17.155 obtain value of specified variables successfully

2020-06-07 21:02:17.155 FMU simulate a step from t=1.38

2020-06-07 21:02:17.156 FMU simulate the step from t=1.38 successfully

2020-06-07 21:02:17.156 start writing data after this step to InfluxDB

2020-06-07 21:02:17.158 write initial data to InfluxDB successfully, status code is 204

2020-06-07 21:02:17.159 start obtaining value of specified variables

2020-06-07 21:02:17.159 obtain value of specified variables successfully

2020-06-07 21:02:17.159 FMU simulate a step from t=1.39

2020-06-07 21:02:17.159 FMU simulate the step from t=1.39 successfully

2020-06-07 21:02:17.159 start writing data after this step to InfluxDB

2020-06-07 21:02:17.163 write initial data to InfluxDB successfully, status code is 204

2020-06-07 21:02:17.163 start obtaining value of specified variables

2020-06-07 21:02:17.163 obtain value of specified variables successfully

2020-06-07 21:02:17.163 FMU simulate a step from t=1.4

2020-06-07 21:02:17.168 FMU simulate the step from t=1.4 successfully

2020-06-07 21:02:17.168 start writing data after this step to InfluxDB

2020-06-07 21:02:17.173 write initial data to InfluxDB successfully, status code is 204

2020-06-07 21:02:17.173 start obtaining value of specified variables

2020-06-07 21:02:17.173 obtain value of specified variables successfully

2020-06-07 21:02:17.173 FMU simulate a step from t=1.41

2020-06-07 21:02:17.174 FMU simulate the step from t=1.41 successfully

2020-06-07 21:02:17.174 start writing data after this step to InfluxDB

2020-06-07 21:02:17.176 write initial data to InfluxDB successfully, status code is 204

2020-06-07 21:02:17.176 start obtaining value of specified variables

2020-06-07 21:02:17.176 obtain value of specified variables successfully

2020-06-07 21:02:17.176 FMU simulate a step from t=1.42

2020-06-07 21:02:17.176 FMU simulate the step from t=1.42 successfully

2020-06-07 21:02:17.177 start writing data after this step to InfluxDB

2020-06-07 21:02:17.180 write initial data to InfluxDB successfully, status code is 204

2020-06-07 21:02:17.180 start obtaining value of specified variables

2020-06-07 21:02:17.180 obtain value of specified variables successfully

2020-06-07 21:02:17.180 FMU simulate a step from t=1.43

2020-06-07 21:02:17.180 FMU simulate the step from t=1.43 successfully

2020-06-07 21:02:17.180 start writing data after this step to InfluxDB

2020-06-07 21:02:17.182 write initial data to InfluxDB successfully, status code is 204

2020-06-07 21:02:17.182 start obtaining value of specified variables

2020-06-07 21:02:17.182 obtain value of specified variables successfully

2020-06-07 21:02:17.182 FMU simulate a step from t=1.44

2020-06-07 21:02:17.182 FMU simulate the step from t=1.44 successfully

2020-06-07 21:02:17.182 start writing data after this step to InfluxDB

2020-06-07 21:02:17.185 write initial data to InfluxDB successfully, status code is 204

2020-06-07 21:02:17.185 start obtaining value of specified variables

2020-06-07 21:02:17.185 obtain value of specified variables successfully

2020-06-07 21:02:17.185 FMU simulate a step from t=1.45

2020-06-07 21:02:17.186 FMU simulate the step from t=1.45 successfully

2020-06-07 21:02:17.186 start writing data after this step to InfluxDB

2020-06-07 21:02:17.188 write initial data to InfluxDB successfully, status code is 204

2020-06-07 21:02:17.188 start obtaining value of specified variables

2020-06-07 21:02:17.188 obtain value of specified variables successfully

2020-06-07 21:02:17.188 FMU simulate a step from t=1.46

2020-06-07 21:02:17.199 FMU simulate the step from t=1.46 successfully

2020-06-07 21:02:17.199 start writing data after this step to InfluxDB

2020-06-07 21:02:17.202 write initial data to InfluxDB successfully, status code is 204

2020-06-07 21:02:17.202 start obtaining value of specified variables

2020-06-07 21:02:17.202 obtain value of specified variables successfully

2020-06-07 21:02:17.202 FMU simulate a step from t=1.47

2020-06-07 21:02:17.206 FMU simulate the step from t=1.47 successfully

2020-06-07 21:02:17.206 start writing data after this step to InfluxDB

2020-06-07 21:02:17.208 write initial data to InfluxDB successfully, status code is 204

2020-06-07 21:02:17.208 start obtaining value of specified variables

2020-06-07 21:02:17.208 obtain value of specified variables successfully

2020-06-07 21:02:17.208 FMU simulate a step from t=1.48

2020-06-07 21:02:17.208 FMU simulate the step from t=1.48 successfully

2020-06-07 21:02:17.208 start writing data after this step to InfluxDB

2020-06-07 21:02:17.210 write initial data to InfluxDB successfully, status code is 204

2020-06-07 21:02:17.210 start obtaining value of specified variables

2020-06-07 21:02:17.210 obtain value of specified variables successfully

2020-06-07 21:02:17.210 FMU simulate a step from t=1.49

2020-06-07 21:02:17.215 FMU simulate the step from t=1.49 successfully

2020-06-07 21:02:17.215 start writing data after this step to InfluxDB

2020-06-07 21:02:17.216 write initial data to InfluxDB successfully, status code is 204

2020-06-07 21:02:17.217 start obtaining value of specified variables

2020-06-07 21:02:17.217 obtain value of specified variables successfully

2020-06-07 21:02:17.217 end simulation successfully

2020-06-07 21:02:17.315 release 'fmu10/fmu/cs/win64/fullRobot_cs.fmu' successfully

2020-06-07 21:02:17.315 disconnect from InfluxDB  127.0.0.1 : 8086 successfully

2020-06-07 21:02:28.374 start loading 'fmu10/fmu/cs/win64/fullRobot_cs.fmu'

2020-06-07 21:02:28.519 load 'fmu10/fmu/cs/win64/fullRobot_cs.fmu' successfully

2020-06-07 21:02:28.519 start connecting to InfluxDB 127.0.0.1 : 8086

2020-06-07 21:02:28.528 connect to InfluxDB 127.0.0.1 : 8086 successfully

2020-06-07 21:02:28.528 start instantiating fmu

2020-06-07 21:02:28.531 instantiate fmu successfully

2020-06-07 21:02:28.531 start initializing fmu

2020-06-07 21:02:28.533 initialize fmu successfully

2020-06-07 21:02:28.533 start setting inputs

2020-06-07 21:02:28.533 set inputs successfully

2020-06-07 21:02:28.533 FMU Simulator: run 'fmu10/fmu/cs/win64/fullRobot_cs.fmu' from t=0..1.5 with step size h=0.01

2020-06-07 21:02:28.535 write initial data to InfluxDB successfully, status code is 204

2020-06-07 21:02:28.535 FMU simulate a step from t=0

2020-06-07 21:02:28.555 FMU simulate the step from t=0 successfully

2020-06-07 21:02:28.555 start writing data after this step to InfluxDB

2020-06-07 21:02:28.557 write initial data to InfluxDB successfully, status code is 204

2020-06-07 21:02:28.557 start obtaining value of specified variables

2020-06-07 21:02:28.557 obtain value of specified variables successfully

2020-06-07 21:02:28.557 FMU simulate a step from t=0.01

2020-06-07 21:02:28.560 FMU simulate the step from t=0.01 successfully

2020-06-07 21:02:28.560 start writing data after this step to InfluxDB

2020-06-07 21:02:28.563 write initial data to InfluxDB successfully, status code is 204

2020-06-07 21:02:28.563 start obtaining value of specified variables

2020-06-07 21:02:28.563 obtain value of specified variables successfully

2020-06-07 21:02:28.563 FMU simulate a step from t=0.02

2020-06-07 21:02:28.564 FMU simulate the step from t=0.02 successfully

2020-06-07 21:02:28.564 start writing data after this step to InfluxDB

2020-06-07 21:02:28.565 write initial data to InfluxDB successfully, status code is 204

2020-06-07 21:02:28.565 start obtaining value of specified variables

2020-06-07 21:02:28.566 obtain value of specified variables successfully

2020-06-07 21:02:28.566 FMU simulate a step from t=0.03

2020-06-07 21:02:28.566 FMU simulate the step from t=0.03 successfully

2020-06-07 21:02:28.566 start writing data after this step to InfluxDB

2020-06-07 21:02:28.567 write initial data to InfluxDB successfully, status code is 204

2020-06-07 21:02:28.567 start obtaining value of specified variables

2020-06-07 21:02:28.568 obtain value of specified variables successfully

2020-06-07 21:02:28.568 FMU simulate a step from t=0.04

2020-06-07 21:02:28.568 FMU simulate the step from t=0.04 successfully

2020-06-07 21:02:28.568 start writing data after this step to InfluxDB

2020-06-07 21:02:28.569 write initial data to InfluxDB successfully, status code is 204

2020-06-07 21:02:28.569 start obtaining value of specified variables

2020-06-07 21:02:28.569 obtain value of specified variables successfully

2020-06-07 21:02:28.569 FMU simulate a step from t=0.05

2020-06-07 21:02:28.570 FMU simulate the step from t=0.05 successfully

2020-06-07 21:02:28.570 start writing data after this step to InfluxDB

2020-06-07 21:02:28.571 write initial data to InfluxDB successfully, status code is 204

2020-06-07 21:02:28.571 start obtaining value of specified variables

2020-06-07 21:02:28.571 obtain value of specified variables successfully

2020-06-07 21:02:28.571 FMU simulate a step from t=0.06

2020-06-07 21:02:28.572 FMU simulate the step from t=0.06 successfully

2020-06-07 21:02:28.572 start writing data after this step to InfluxDB

2020-06-07 21:02:28.573 write initial data to InfluxDB successfully, status code is 204

2020-06-07 21:02:28.573 start obtaining value of specified variables

2020-06-07 21:02:28.573 obtain value of specified variables successfully

2020-06-07 21:02:28.573 FMU simulate a step from t=0.07

2020-06-07 21:02:28.574 FMU simulate the step from t=0.07 successfully

2020-06-07 21:02:28.574 start writing data after this step to InfluxDB

2020-06-07 21:02:28.577 write initial data to InfluxDB successfully, status code is 204

2020-06-07 21:02:28.577 start obtaining value of specified variables

2020-06-07 21:02:28.577 obtain value of specified variables successfully

2020-06-07 21:02:28.577 FMU simulate a step from t=0.08

2020-06-07 21:02:28.578 FMU simulate the step from t=0.08 successfully

2020-06-07 21:02:28.578 start writing data after this step to InfluxDB

2020-06-07 21:02:28.581 write initial data to InfluxDB successfully, status code is 204

2020-06-07 21:02:28.581 start obtaining value of specified variables

2020-06-07 21:02:28.581 obtain value of specified variables successfully

2020-06-07 21:02:28.581 FMU simulate a step from t=0.09

2020-06-07 21:02:28.581 FMU simulate the step from t=0.09 successfully

2020-06-07 21:02:28.581 start writing data after this step to InfluxDB

2020-06-07 21:02:28.583 write initial data to InfluxDB successfully, status code is 204

2020-06-07 21:02:28.583 start obtaining value of specified variables

2020-06-07 21:02:28.583 obtain value of specified variables successfully

2020-06-07 21:02:28.583 FMU simulate a step from t=0.1

2020-06-07 21:02:28.583 FMU simulate the step from t=0.1 successfully

2020-06-07 21:02:28.583 start writing data after this step to InfluxDB

2020-06-07 21:02:28.586 write initial data to InfluxDB successfully, status code is 204

2020-06-07 21:02:28.586 start obtaining value of specified variables

2020-06-07 21:02:28.586 obtain value of specified variables successfully

2020-06-07 21:02:28.586 FMU simulate a step from t=0.11

2020-06-07 21:02:28.589 FMU simulate the step from t=0.11 successfully

2020-06-07 21:02:28.589 start writing data after this step to InfluxDB

2020-06-07 21:02:28.590 write initial data to InfluxDB successfully, status code is 204

2020-06-07 21:02:28.591 start obtaining value of specified variables

2020-06-07 21:02:28.591 obtain value of specified variables successfully

2020-06-07 21:02:28.591 FMU simulate a step from t=0.12

2020-06-07 21:02:28.592 FMU simulate the step from t=0.12 successfully

2020-06-07 21:02:28.592 start writing data after this step to InfluxDB

2020-06-07 21:02:28.594 write initial data to InfluxDB successfully, status code is 204

2020-06-07 21:02:28.594 start obtaining value of specified variables

2020-06-07 21:02:28.594 obtain value of specified variables successfully

2020-06-07 21:02:28.594 FMU simulate a step from t=0.13

2020-06-07 21:02:28.595 FMU simulate the step from t=0.13 successfully

2020-06-07 21:02:28.595 start writing data after this step to InfluxDB

2020-06-07 21:02:28.599 write initial data to InfluxDB successfully, status code is 204

2020-06-07 21:02:28.599 start obtaining value of specified variables

2020-06-07 21:02:28.599 obtain value of specified variables successfully

2020-06-07 21:02:28.599 FMU simulate a step from t=0.14

2020-06-07 21:02:28.599 FMU simulate the step from t=0.14 successfully

2020-06-07 21:02:28.599 start writing data after this step to InfluxDB

2020-06-07 21:02:28.601 write initial data to InfluxDB successfully, status code is 204

2020-06-07 21:02:28.601 start obtaining value of specified variables

2020-06-07 21:02:28.601 obtain value of specified variables successfully

2020-06-07 21:02:28.601 FMU simulate a step from t=0.15

2020-06-07 21:02:28.601 FMU simulate the step from t=0.15 successfully

2020-06-07 21:02:28.602 start writing data after this step to InfluxDB

2020-06-07 21:02:28.603 write initial data to InfluxDB successfully, status code is 204

2020-06-07 21:02:28.603 start obtaining value of specified variables

2020-06-07 21:02:28.603 obtain value of specified variables successfully

2020-06-07 21:02:28.603 FMU simulate a step from t=0.16

2020-06-07 21:02:28.603 FMU simulate the step from t=0.16 successfully

2020-06-07 21:02:28.604 start writing data after this step to InfluxDB

2020-06-07 21:02:28.606 write initial data to InfluxDB successfully, status code is 204

2020-06-07 21:02:28.606 start obtaining value of specified variables

2020-06-07 21:02:28.606 obtain value of specified variables successfully

2020-06-07 21:02:28.606 FMU simulate a step from t=0.17

2020-06-07 21:02:28.606 FMU simulate the step from t=0.17 successfully

2020-06-07 21:02:28.606 start writing data after this step to InfluxDB

2020-06-07 21:02:28.608 write initial data to InfluxDB successfully, status code is 204

2020-06-07 21:02:28.608 start obtaining value of specified variables

2020-06-07 21:02:28.608 obtain value of specified variables successfully

2020-06-07 21:02:28.608 FMU simulate a step from t=0.18

2020-06-07 21:02:28.608 FMU simulate the step from t=0.18 successfully

2020-06-07 21:02:28.608 start writing data after this step to InfluxDB

2020-06-07 21:02:28.610 write initial data to InfluxDB successfully, status code is 204

2020-06-07 21:02:28.610 start obtaining value of specified variables

2020-06-07 21:02:28.610 obtain value of specified variables successfully

2020-06-07 21:02:28.610 FMU simulate a step from t=0.19

2020-06-07 21:02:28.610 FMU simulate the step from t=0.19 successfully

2020-06-07 21:02:28.611 start writing data after this step to InfluxDB

2020-06-07 21:02:28.612 write initial data to InfluxDB successfully, status code is 204

2020-06-07 21:02:28.612 start obtaining value of specified variables

2020-06-07 21:02:28.613 obtain value of specified variables successfully

2020-06-07 21:02:28.613 FMU simulate a step from t=0.2

2020-06-07 21:02:28.613 FMU simulate the step from t=0.2 successfully

2020-06-07 21:02:28.613 start writing data after this step to InfluxDB

2020-06-07 21:02:28.615 write initial data to InfluxDB successfully, status code is 204

2020-06-07 21:02:28.615 start obtaining value of specified variables

2020-06-07 21:02:28.615 obtain value of specified variables successfully

2020-06-07 21:02:28.615 FMU simulate a step from t=0.21

2020-06-07 21:02:28.615 FMU simulate the step from t=0.21 successfully

2020-06-07 21:02:28.615 start writing data after this step to InfluxDB

2020-06-07 21:02:28.617 write initial data to InfluxDB successfully, status code is 204

2020-06-07 21:02:28.617 start obtaining value of specified variables

2020-06-07 21:02:28.617 obtain value of specified variables successfully

2020-06-07 21:02:28.617 FMU simulate a step from t=0.22

2020-06-07 21:02:28.617 FMU simulate the step from t=0.22 successfully

2020-06-07 21:02:28.617 start writing data after this step to InfluxDB

2020-06-07 21:02:28.619 write initial data to InfluxDB successfully, status code is 204

2020-06-07 21:02:28.619 start obtaining value of specified variables

2020-06-07 21:02:28.619 obtain value of specified variables successfully

2020-06-07 21:02:28.619 FMU simulate a step from t=0.23

2020-06-07 21:02:28.619 FMU simulate the step from t=0.23 successfully

2020-06-07 21:02:28.619 start writing data after this step to InfluxDB

2020-06-07 21:02:28.621 write initial data to InfluxDB successfully, status code is 204

2020-06-07 21:02:28.621 start obtaining value of specified variables

2020-06-07 21:02:28.621 obtain value of specified variables successfully

2020-06-07 21:02:28.621 FMU simulate a step from t=0.24

2020-06-07 21:02:28.621 FMU simulate the step from t=0.24 successfully

2020-06-07 21:02:28.621 start writing data after this step to InfluxDB

2020-06-07 21:02:28.625 write initial data to InfluxDB successfully, status code is 204

2020-06-07 21:02:28.625 start obtaining value of specified variables

2020-06-07 21:02:28.625 obtain value of specified variables successfully

2020-06-07 21:02:28.625 FMU simulate a step from t=0.25

2020-06-07 21:02:28.625 FMU simulate the step from t=0.25 successfully

2020-06-07 21:02:28.625 start writing data after this step to InfluxDB

2020-06-07 21:02:28.627 write initial data to InfluxDB successfully, status code is 204

2020-06-07 21:02:28.627 start obtaining value of specified variables

2020-06-07 21:02:28.627 obtain value of specified variables successfully

2020-06-07 21:02:28.627 FMU simulate a step from t=0.26

2020-06-07 21:02:28.628 FMU simulate the step from t=0.26 successfully

2020-06-07 21:02:28.628 start writing data after this step to InfluxDB

2020-06-07 21:02:28.630 write initial data to InfluxDB successfully, status code is 204

2020-06-07 21:02:28.630 start obtaining value of specified variables

2020-06-07 21:02:28.630 obtain value of specified variables successfully

2020-06-07 21:02:28.630 FMU simulate a step from t=0.27

2020-06-07 21:02:28.630 FMU simulate the step from t=0.27 successfully

2020-06-07 21:02:28.630 start writing data after this step to InfluxDB

2020-06-07 21:02:28.632 write initial data to InfluxDB successfully, status code is 204

2020-06-07 21:02:28.632 start obtaining value of specified variables

2020-06-07 21:02:28.632 obtain value of specified variables successfully

2020-06-07 21:02:28.632 FMU simulate a step from t=0.28

2020-06-07 21:02:28.632 FMU simulate the step from t=0.28 successfully

2020-06-07 21:02:28.632 start writing data after this step to InfluxDB

2020-06-07 21:02:28.634 write initial data to InfluxDB successfully, status code is 204

2020-06-07 21:02:28.634 start obtaining value of specified variables

2020-06-07 21:02:28.634 obtain value of specified variables successfully

2020-06-07 21:02:28.634 FMU simulate a step from t=0.29

2020-06-07 21:02:28.634 FMU simulate the step from t=0.29 successfully

2020-06-07 21:02:28.634 start writing data after this step to InfluxDB

2020-06-07 21:02:28.637 write initial data to InfluxDB successfully, status code is 204

2020-06-07 21:02:28.637 start obtaining value of specified variables

2020-06-07 21:02:28.637 obtain value of specified variables successfully

2020-06-07 21:02:28.637 FMU simulate a step from t=0.3

2020-06-07 21:02:28.637 FMU simulate the step from t=0.3 successfully

2020-06-07 21:02:28.637 start writing data after this step to InfluxDB

2020-06-07 21:02:28.639 write initial data to InfluxDB successfully, status code is 204

2020-06-07 21:02:28.639 start obtaining value of specified variables

2020-06-07 21:02:28.639 obtain value of specified variables successfully

2020-06-07 21:02:28.639 FMU simulate a step from t=0.31

2020-06-07 21:02:28.639 FMU simulate the step from t=0.31 successfully

2020-06-07 21:02:28.639 start writing data after this step to InfluxDB

2020-06-07 21:02:28.641 write initial data to InfluxDB successfully, status code is 204

2020-06-07 21:02:28.641 start obtaining value of specified variables

2020-06-07 21:02:28.641 obtain value of specified variables successfully

2020-06-07 21:02:28.641 FMU simulate a step from t=0.32

2020-06-07 21:02:28.642 FMU simulate the step from t=0.32 successfully

2020-06-07 21:02:28.642 start writing data after this step to InfluxDB

2020-06-07 21:02:28.646 write initial data to InfluxDB successfully, status code is 204

2020-06-07 21:02:28.646 start obtaining value of specified variables

2020-06-07 21:02:28.646 obtain value of specified variables successfully

2020-06-07 21:02:28.646 FMU simulate a step from t=0.33

2020-06-07 21:02:28.647 FMU simulate the step from t=0.33 successfully

2020-06-07 21:02:28.647 start writing data after this step to InfluxDB

2020-06-07 21:02:28.649 write initial data to InfluxDB successfully, status code is 204

2020-06-07 21:02:28.649 start obtaining value of specified variables

2020-06-07 21:02:28.649 obtain value of specified variables successfully

2020-06-07 21:02:28.649 FMU simulate a step from t=0.34

2020-06-07 21:02:28.649 FMU simulate the step from t=0.34 successfully

2020-06-07 21:02:28.649 start writing data after this step to InfluxDB

2020-06-07 21:02:28.651 write initial data to InfluxDB successfully, status code is 204

2020-06-07 21:02:28.651 start obtaining value of specified variables

2020-06-07 21:02:28.651 obtain value of specified variables successfully

2020-06-07 21:02:28.651 FMU simulate a step from t=0.35

2020-06-07 21:02:28.651 FMU simulate the step from t=0.35 successfully

2020-06-07 21:02:28.651 start writing data after this step to InfluxDB

2020-06-07 21:02:28.654 write initial data to InfluxDB successfully, status code is 204

2020-06-07 21:02:28.654 start obtaining value of specified variables

2020-06-07 21:02:28.654 obtain value of specified variables successfully

2020-06-07 21:02:28.654 FMU simulate a step from t=0.36

2020-06-07 21:02:28.654 FMU simulate the step from t=0.36 successfully

2020-06-07 21:02:28.654 start writing data after this step to InfluxDB

2020-06-07 21:02:28.656 write initial data to InfluxDB successfully, status code is 204

2020-06-07 21:02:28.657 start obtaining value of specified variables

2020-06-07 21:02:28.657 obtain value of specified variables successfully

2020-06-07 21:02:28.657 FMU simulate a step from t=0.37

2020-06-07 21:02:28.657 FMU simulate the step from t=0.37 successfully

2020-06-07 21:02:28.657 start writing data after this step to InfluxDB

2020-06-07 21:02:28.659 write initial data to InfluxDB successfully, status code is 204

2020-06-07 21:02:28.659 start obtaining value of specified variables

2020-06-07 21:02:28.659 obtain value of specified variables successfully

2020-06-07 21:02:28.659 FMU simulate a step from t=0.38

2020-06-07 21:02:28.660 FMU simulate the step from t=0.38 successfully

2020-06-07 21:02:28.660 start writing data after this step to InfluxDB

2020-06-07 21:02:28.662 write initial data to InfluxDB successfully, status code is 204

2020-06-07 21:02:28.662 start obtaining value of specified variables

2020-06-07 21:02:28.662 obtain value of specified variables successfully

2020-06-07 21:02:28.662 FMU simulate a step from t=0.39

2020-06-07 21:02:28.662 FMU simulate the step from t=0.39 successfully

2020-06-07 21:02:28.662 start writing data after this step to InfluxDB

2020-06-07 21:02:28.664 write initial data to InfluxDB successfully, status code is 204

2020-06-07 21:02:28.664 start obtaining value of specified variables

2020-06-07 21:02:28.664 obtain value of specified variables successfully

2020-06-07 21:02:28.664 FMU simulate a step from t=0.4

2020-06-07 21:02:28.664 FMU simulate the step from t=0.4 successfully

2020-06-07 21:02:28.664 start writing data after this step to InfluxDB

2020-06-07 21:02:28.674 write initial data to InfluxDB successfully, status code is 204

2020-06-07 21:02:28.674 start obtaining value of specified variables

2020-06-07 21:02:28.674 obtain value of specified variables successfully

2020-06-07 21:02:28.674 FMU simulate a step from t=0.41

2020-06-07 21:02:28.675 FMU simulate the step from t=0.41 successfully

2020-06-07 21:02:28.675 start writing data after this step to InfluxDB

2020-06-07 21:02:28.678 write initial data to InfluxDB successfully, status code is 204

2020-06-07 21:02:28.678 start obtaining value of specified variables

2020-06-07 21:02:28.679 obtain value of specified variables successfully

2020-06-07 21:02:28.679 FMU simulate a step from t=0.42

2020-06-07 21:02:28.679 FMU simulate the step from t=0.42 successfully

2020-06-07 21:02:28.679 start writing data after this step to InfluxDB

2020-06-07 21:02:28.681 write initial data to InfluxDB successfully, status code is 204

2020-06-07 21:02:28.681 start obtaining value of specified variables

2020-06-07 21:02:28.681 obtain value of specified variables successfully

2020-06-07 21:02:28.681 FMU simulate a step from t=0.43

2020-06-07 21:02:28.681 FMU simulate the step from t=0.43 successfully

2020-06-07 21:02:28.681 start writing data after this step to InfluxDB

2020-06-07 21:02:28.683 write initial data to InfluxDB successfully, status code is 204

2020-06-07 21:02:28.683 start obtaining value of specified variables

2020-06-07 21:02:28.683 obtain value of specified variables successfully

2020-06-07 21:02:28.683 FMU simulate a step from t=0.44

2020-06-07 21:02:28.683 FMU simulate the step from t=0.44 successfully

2020-06-07 21:02:28.683 start writing data after this step to InfluxDB

2020-06-07 21:02:28.686 write initial data to InfluxDB successfully, status code is 204

2020-06-07 21:02:28.686 start obtaining value of specified variables

2020-06-07 21:02:28.686 obtain value of specified variables successfully

2020-06-07 21:02:28.686 FMU simulate a step from t=0.45

2020-06-07 21:02:28.686 FMU simulate the step from t=0.45 successfully

2020-06-07 21:02:28.686 start writing data after this step to InfluxDB

2020-06-07 21:02:28.688 write initial data to InfluxDB successfully, status code is 204

2020-06-07 21:02:28.688 start obtaining value of specified variables

2020-06-07 21:02:28.688 obtain value of specified variables successfully

2020-06-07 21:02:28.688 FMU simulate a step from t=0.46

2020-06-07 21:02:28.688 FMU simulate the step from t=0.46 successfully

2020-06-07 21:02:28.688 start writing data after this step to InfluxDB

2020-06-07 21:02:28.690 write initial data to InfluxDB successfully, status code is 204

2020-06-07 21:02:28.690 start obtaining value of specified variables

2020-06-07 21:02:28.690 obtain value of specified variables successfully

2020-06-07 21:02:28.690 FMU simulate a step from t=0.47

2020-06-07 21:02:28.690 FMU simulate the step from t=0.47 successfully

2020-06-07 21:02:28.690 start writing data after this step to InfluxDB

2020-06-07 21:02:28.692 write initial data to InfluxDB successfully, status code is 204

2020-06-07 21:02:28.692 start obtaining value of specified variables

2020-06-07 21:02:28.692 obtain value of specified variables successfully

2020-06-07 21:02:28.692 FMU simulate a step from t=0.48

2020-06-07 21:02:28.692 FMU simulate the step from t=0.48 successfully

2020-06-07 21:02:28.692 start writing data after this step to InfluxDB

2020-06-07 21:02:28.694 write initial data to InfluxDB successfully, status code is 204

2020-06-07 21:02:28.694 start obtaining value of specified variables

2020-06-07 21:02:28.694 obtain value of specified variables successfully

2020-06-07 21:02:28.694 FMU simulate a step from t=0.49

2020-06-07 21:02:28.694 FMU simulate the step from t=0.49 successfully

2020-06-07 21:02:28.694 start writing data after this step to InfluxDB

2020-06-07 21:02:28.696 write initial data to InfluxDB successfully, status code is 204

2020-06-07 21:02:28.696 start obtaining value of specified variables

2020-06-07 21:02:28.696 obtain value of specified variables successfully

2020-06-07 21:02:28.696 FMU simulate a step from t=0.5

2020-06-07 21:02:28.697 FMU simulate the step from t=0.5 successfully

2020-06-07 21:02:28.697 start writing data after this step to InfluxDB

2020-06-07 21:02:28.699 write initial data to InfluxDB successfully, status code is 204

2020-06-07 21:02:28.699 start obtaining value of specified variables

2020-06-07 21:02:28.699 obtain value of specified variables successfully

2020-06-07 21:02:28.699 FMU simulate a step from t=0.51

2020-06-07 21:02:28.699 FMU simulate the step from t=0.51 successfully

2020-06-07 21:02:28.699 start writing data after this step to InfluxDB

2020-06-07 21:02:28.701 write initial data to InfluxDB successfully, status code is 204

2020-06-07 21:02:28.702 start obtaining value of specified variables

2020-06-07 21:02:28.702 obtain value of specified variables successfully

2020-06-07 21:02:28.702 FMU simulate a step from t=0.52

2020-06-07 21:02:28.702 FMU simulate the step from t=0.52 successfully

2020-06-07 21:02:28.702 start writing data after this step to InfluxDB

2020-06-07 21:02:28.704 write initial data to InfluxDB successfully, status code is 204

2020-06-07 21:02:28.704 start obtaining value of specified variables

2020-06-07 21:02:28.704 obtain value of specified variables successfully

2020-06-07 21:02:28.704 FMU simulate a step from t=0.53

2020-06-07 21:02:28.704 FMU simulate the step from t=0.53 successfully

2020-06-07 21:02:28.704 start writing data after this step to InfluxDB

2020-06-07 21:02:28.706 write initial data to InfluxDB successfully, status code is 204

2020-06-07 21:02:28.706 start obtaining value of specified variables

2020-06-07 21:02:28.706 obtain value of specified variables successfully

2020-06-07 21:02:28.706 FMU simulate a step from t=0.54

2020-06-07 21:02:28.706 FMU simulate the step from t=0.54 successfully

2020-06-07 21:02:28.706 start writing data after this step to InfluxDB

2020-06-07 21:02:28.708 write initial data to InfluxDB successfully, status code is 204

2020-06-07 21:02:28.708 start obtaining value of specified variables

2020-06-07 21:02:28.708 obtain value of specified variables successfully

2020-06-07 21:02:28.708 FMU simulate a step from t=0.55

2020-06-07 21:02:28.708 FMU simulate the step from t=0.55 successfully

2020-06-07 21:02:28.708 start writing data after this step to InfluxDB

2020-06-07 21:02:28.710 write initial data to InfluxDB successfully, status code is 204

2020-06-07 21:02:28.710 start obtaining value of specified variables

2020-06-07 21:02:28.710 obtain value of specified variables successfully

2020-06-07 21:02:28.710 FMU simulate a step from t=0.56

2020-06-07 21:02:28.710 FMU simulate the step from t=0.56 successfully

2020-06-07 21:02:28.710 start writing data after this step to InfluxDB

2020-06-07 21:02:28.712 write initial data to InfluxDB successfully, status code is 204

2020-06-07 21:02:28.712 start obtaining value of specified variables

2020-06-07 21:02:28.712 obtain value of specified variables successfully

2020-06-07 21:02:28.712 FMU simulate a step from t=0.57

2020-06-07 21:02:28.713 FMU simulate the step from t=0.57 successfully

2020-06-07 21:02:28.713 start writing data after this step to InfluxDB

2020-06-07 21:02:28.715 write initial data to InfluxDB successfully, status code is 204

2020-06-07 21:02:28.715 start obtaining value of specified variables

2020-06-07 21:02:28.715 obtain value of specified variables successfully

2020-06-07 21:02:28.715 FMU simulate a step from t=0.58

2020-06-07 21:02:28.715 FMU simulate the step from t=0.58 successfully

2020-06-07 21:02:28.715 start writing data after this step to InfluxDB

2020-06-07 21:02:28.717 write initial data to InfluxDB successfully, status code is 204

2020-06-07 21:02:28.717 start obtaining value of specified variables

2020-06-07 21:02:28.717 obtain value of specified variables successfully

2020-06-07 21:02:28.717 FMU simulate a step from t=0.59

2020-06-07 21:02:28.718 FMU simulate the step from t=0.59 successfully

2020-06-07 21:02:28.718 start writing data after this step to InfluxDB

2020-06-07 21:02:28.719 write initial data to InfluxDB successfully, status code is 204

2020-06-07 21:02:28.719 start obtaining value of specified variables

2020-06-07 21:02:28.719 obtain value of specified variables successfully

2020-06-07 21:02:28.719 FMU simulate a step from t=0.6

2020-06-07 21:02:28.720 FMU simulate the step from t=0.6 successfully

2020-06-07 21:02:28.720 start writing data after this step to InfluxDB

2020-06-07 21:02:28.722 write initial data to InfluxDB successfully, status code is 204

2020-06-07 21:02:28.722 start obtaining value of specified variables

2020-06-07 21:02:28.722 obtain value of specified variables successfully

2020-06-07 21:02:28.722 FMU simulate a step from t=0.61

2020-06-07 21:02:28.723 FMU simulate the step from t=0.61 successfully

2020-06-07 21:02:28.723 start writing data after this step to InfluxDB

2020-06-07 21:02:28.725 write initial data to InfluxDB successfully, status code is 204

2020-06-07 21:02:28.725 start obtaining value of specified variables

2020-06-07 21:02:28.725 obtain value of specified variables successfully

2020-06-07 21:02:28.725 FMU simulate a step from t=0.62

2020-06-07 21:02:28.726 FMU simulate the step from t=0.62 successfully

2020-06-07 21:02:28.726 start writing data after this step to InfluxDB

2020-06-07 21:02:28.728 write initial data to InfluxDB successfully, status code is 204

2020-06-07 21:02:28.728 start obtaining value of specified variables

2020-06-07 21:02:28.728 obtain value of specified variables successfully

2020-06-07 21:02:28.728 FMU simulate a step from t=0.63

2020-06-07 21:02:28.728 FMU simulate the step from t=0.63 successfully

2020-06-07 21:02:28.728 start writing data after this step to InfluxDB

2020-06-07 21:02:28.730 write initial data to InfluxDB successfully, status code is 204

2020-06-07 21:02:28.730 start obtaining value of specified variables

2020-06-07 21:02:28.730 obtain value of specified variables successfully

2020-06-07 21:02:28.730 FMU simulate a step from t=0.64

2020-06-07 21:02:28.730 FMU simulate the step from t=0.64 successfully

2020-06-07 21:02:28.730 start writing data after this step to InfluxDB

2020-06-07 21:02:28.731 write initial data to InfluxDB successfully, status code is 204

2020-06-07 21:02:28.732 start obtaining value of specified variables

2020-06-07 21:02:28.732 obtain value of specified variables successfully

2020-06-07 21:02:28.732 FMU simulate a step from t=0.65

2020-06-07 21:02:28.732 FMU simulate the step from t=0.65 successfully

2020-06-07 21:02:28.732 start writing data after this step to InfluxDB

2020-06-07 21:02:28.733 write initial data to InfluxDB successfully, status code is 204

2020-06-07 21:02:28.733 start obtaining value of specified variables

2020-06-07 21:02:28.733 obtain value of specified variables successfully

2020-06-07 21:02:28.733 FMU simulate a step from t=0.66

2020-06-07 21:02:28.734 FMU simulate the step from t=0.66 successfully

2020-06-07 21:02:28.734 start writing data after this step to InfluxDB

2020-06-07 21:02:28.735 write initial data to InfluxDB successfully, status code is 204

2020-06-07 21:02:28.735 start obtaining value of specified variables

2020-06-07 21:02:28.735 obtain value of specified variables successfully

2020-06-07 21:02:28.735 FMU simulate a step from t=0.67

2020-06-07 21:02:28.736 FMU simulate the step from t=0.67 successfully

2020-06-07 21:02:28.736 start writing data after this step to InfluxDB

2020-06-07 21:02:28.737 write initial data to InfluxDB successfully, status code is 204

2020-06-07 21:02:28.737 start obtaining value of specified variables

2020-06-07 21:02:28.738 obtain value of specified variables successfully

2020-06-07 21:02:28.738 FMU simulate a step from t=0.68

2020-06-07 21:02:28.738 FMU simulate the step from t=0.68 successfully

2020-06-07 21:02:28.738 start writing data after this step to InfluxDB

2020-06-07 21:02:28.740 write initial data to InfluxDB successfully, status code is 204

2020-06-07 21:02:28.740 start obtaining value of specified variables

2020-06-07 21:02:28.740 obtain value of specified variables successfully

2020-06-07 21:02:28.740 FMU simulate a step from t=0.69

2020-06-07 21:02:28.740 FMU simulate the step from t=0.69 successfully

2020-06-07 21:02:28.740 start writing data after this step to InfluxDB

2020-06-07 21:02:28.742 write initial data to InfluxDB successfully, status code is 204

2020-06-07 21:02:28.742 start obtaining value of specified variables

2020-06-07 21:02:28.742 obtain value of specified variables successfully

2020-06-07 21:02:28.742 FMU simulate a step from t=0.7

2020-06-07 21:02:28.742 FMU simulate the step from t=0.7 successfully

2020-06-07 21:02:28.742 start writing data after this step to InfluxDB

2020-06-07 21:02:28.743 write initial data to InfluxDB successfully, status code is 204

2020-06-07 21:02:28.743 start obtaining value of specified variables

2020-06-07 21:02:28.744 obtain value of specified variables successfully

2020-06-07 21:02:28.744 FMU simulate a step from t=0.71

2020-06-07 21:02:28.744 FMU simulate the step from t=0.71 successfully

2020-06-07 21:02:28.744 start writing data after this step to InfluxDB

2020-06-07 21:02:28.745 write initial data to InfluxDB successfully, status code is 204

2020-06-07 21:02:28.746 start obtaining value of specified variables

2020-06-07 21:02:28.746 obtain value of specified variables successfully

2020-06-07 21:02:28.746 FMU simulate a step from t=0.72

2020-06-07 21:02:28.746 FMU simulate the step from t=0.72 successfully

2020-06-07 21:02:28.746 start writing data after this step to InfluxDB

2020-06-07 21:02:28.755 write initial data to InfluxDB successfully, status code is 204

2020-06-07 21:02:28.755 start obtaining value of specified variables

2020-06-07 21:02:28.755 obtain value of specified variables successfully

2020-06-07 21:02:28.755 FMU simulate a step from t=0.73

2020-06-07 21:02:28.755 FMU simulate the step from t=0.73 successfully

2020-06-07 21:02:28.755 start writing data after this step to InfluxDB

2020-06-07 21:02:28.757 write initial data to InfluxDB successfully, status code is 204

2020-06-07 21:02:28.757 start obtaining value of specified variables

2020-06-07 21:02:28.758 obtain value of specified variables successfully

2020-06-07 21:02:28.758 FMU simulate a step from t=0.74

2020-06-07 21:02:28.758 FMU simulate the step from t=0.74 successfully

2020-06-07 21:02:28.758 start writing data after this step to InfluxDB

2020-06-07 21:02:28.760 write initial data to InfluxDB successfully, status code is 204

2020-06-07 21:02:28.761 start obtaining value of specified variables

2020-06-07 21:02:28.761 obtain value of specified variables successfully

2020-06-07 21:02:28.761 FMU simulate a step from t=0.75

2020-06-07 21:02:28.761 FMU simulate the step from t=0.75 successfully

2020-06-07 21:02:28.761 start writing data after this step to InfluxDB

2020-06-07 21:02:28.764 write initial data to InfluxDB successfully, status code is 204

2020-06-07 21:02:28.764 start obtaining value of specified variables

2020-06-07 21:02:28.764 obtain value of specified variables successfully

2020-06-07 21:02:28.764 FMU simulate a step from t=0.76

2020-06-07 21:02:28.764 FMU simulate the step from t=0.76 successfully

2020-06-07 21:02:28.764 start writing data after this step to InfluxDB

2020-06-07 21:02:28.767 write initial data to InfluxDB successfully, status code is 204

2020-06-07 21:02:28.767 start obtaining value of specified variables

2020-06-07 21:02:28.767 obtain value of specified variables successfully

2020-06-07 21:02:28.767 FMU simulate a step from t=0.77

2020-06-07 21:02:28.767 FMU simulate the step from t=0.77 successfully

2020-06-07 21:02:28.767 start writing data after this step to InfluxDB

2020-06-07 21:02:28.770 write initial data to InfluxDB successfully, status code is 204

2020-06-07 21:02:28.770 start obtaining value of specified variables

2020-06-07 21:02:28.770 obtain value of specified variables successfully

2020-06-07 21:02:28.770 FMU simulate a step from t=0.78

2020-06-07 21:02:28.770 FMU simulate the step from t=0.78 successfully

2020-06-07 21:02:28.770 start writing data after this step to InfluxDB

2020-06-07 21:02:28.772 write initial data to InfluxDB successfully, status code is 204

2020-06-07 21:02:28.772 start obtaining value of specified variables

2020-06-07 21:02:28.772 obtain value of specified variables successfully

2020-06-07 21:02:28.772 FMU simulate a step from t=0.79

2020-06-07 21:02:28.772 FMU simulate the step from t=0.79 successfully

2020-06-07 21:02:28.772 start writing data after this step to InfluxDB

2020-06-07 21:02:28.774 write initial data to InfluxDB successfully, status code is 204

2020-06-07 21:02:28.774 start obtaining value of specified variables

2020-06-07 21:02:28.774 obtain value of specified variables successfully

2020-06-07 21:02:28.774 FMU simulate a step from t=0.8

2020-06-07 21:02:28.774 FMU simulate the step from t=0.8 successfully

2020-06-07 21:02:28.774 start writing data after this step to InfluxDB

2020-06-07 21:02:28.776 write initial data to InfluxDB successfully, status code is 204

2020-06-07 21:02:28.776 start obtaining value of specified variables

2020-06-07 21:02:28.776 obtain value of specified variables successfully

2020-06-07 21:02:28.776 FMU simulate a step from t=0.81

2020-06-07 21:02:28.777 FMU simulate the step from t=0.81 successfully

2020-06-07 21:02:28.777 start writing data after this step to InfluxDB

2020-06-07 21:02:28.778 write initial data to InfluxDB successfully, status code is 204

2020-06-07 21:02:28.778 start obtaining value of specified variables

2020-06-07 21:02:28.778 obtain value of specified variables successfully

2020-06-07 21:02:28.779 FMU simulate a step from t=0.82

2020-06-07 21:02:28.779 FMU simulate the step from t=0.82 successfully

2020-06-07 21:02:28.779 start writing data after this step to InfluxDB

2020-06-07 21:02:28.780 write initial data to InfluxDB successfully, status code is 204

2020-06-07 21:02:28.780 start obtaining value of specified variables

2020-06-07 21:02:28.780 obtain value of specified variables successfully

2020-06-07 21:02:28.780 FMU simulate a step from t=0.83

2020-06-07 21:02:28.781 FMU simulate the step from t=0.83 successfully

2020-06-07 21:02:28.781 start writing data after this step to InfluxDB

2020-06-07 21:02:28.782 write initial data to InfluxDB successfully, status code is 204

2020-06-07 21:02:28.782 start obtaining value of specified variables

2020-06-07 21:02:28.782 obtain value of specified variables successfully

2020-06-07 21:02:28.782 FMU simulate a step from t=0.84

2020-06-07 21:02:28.783 FMU simulate the step from t=0.84 successfully

2020-06-07 21:02:28.783 start writing data after this step to InfluxDB

2020-06-07 21:02:28.784 write initial data to InfluxDB successfully, status code is 204

2020-06-07 21:02:28.784 start obtaining value of specified variables

2020-06-07 21:02:28.784 obtain value of specified variables successfully

2020-06-07 21:02:28.784 FMU simulate a step from t=0.85

2020-06-07 21:02:28.785 FMU simulate the step from t=0.85 successfully

2020-06-07 21:02:28.785 start writing data after this step to InfluxDB

2020-06-07 21:02:28.787 write initial data to InfluxDB successfully, status code is 204

2020-06-07 21:02:28.787 start obtaining value of specified variables

2020-06-07 21:02:28.787 obtain value of specified variables successfully

2020-06-07 21:02:28.787 FMU simulate a step from t=0.86

2020-06-07 21:02:28.787 FMU simulate the step from t=0.86 successfully

2020-06-07 21:02:28.787 start writing data after this step to InfluxDB

2020-06-07 21:02:28.789 write initial data to InfluxDB successfully, status code is 204

2020-06-07 21:02:28.789 start obtaining value of specified variables

2020-06-07 21:02:28.789 obtain value of specified variables successfully

2020-06-07 21:02:28.789 FMU simulate a step from t=0.87

2020-06-07 21:02:28.789 FMU simulate the step from t=0.87 successfully

2020-06-07 21:02:28.789 start writing data after this step to InfluxDB

2020-06-07 21:02:28.790 write initial data to InfluxDB successfully, status code is 204

2020-06-07 21:02:28.791 start obtaining value of specified variables

2020-06-07 21:02:28.791 obtain value of specified variables successfully

2020-06-07 21:02:28.791 FMU simulate a step from t=0.88

2020-06-07 21:02:28.791 FMU simulate the step from t=0.88 successfully

2020-06-07 21:02:28.791 start writing data after this step to InfluxDB

2020-06-07 21:02:28.792 write initial data to InfluxDB successfully, status code is 204

2020-06-07 21:02:28.792 start obtaining value of specified variables

2020-06-07 21:02:28.792 obtain value of specified variables successfully

2020-06-07 21:02:28.792 FMU simulate a step from t=0.89

2020-06-07 21:02:28.793 FMU simulate the step from t=0.89 successfully

2020-06-07 21:02:28.793 start writing data after this step to InfluxDB

2020-06-07 21:02:28.795 write initial data to InfluxDB successfully, status code is 204

2020-06-07 21:02:28.795 start obtaining value of specified variables

2020-06-07 21:02:28.795 obtain value of specified variables successfully

2020-06-07 21:02:28.795 FMU simulate a step from t=0.9

2020-06-07 21:02:28.796 FMU simulate the step from t=0.9 successfully

2020-06-07 21:02:28.796 start writing data after this step to InfluxDB

2020-06-07 21:02:28.798 write initial data to InfluxDB successfully, status code is 204

2020-06-07 21:02:28.798 start obtaining value of specified variables

2020-06-07 21:02:28.798 obtain value of specified variables successfully

2020-06-07 21:02:28.798 FMU simulate a step from t=0.91

2020-06-07 21:02:28.798 FMU simulate the step from t=0.91 successfully

2020-06-07 21:02:28.798 start writing data after this step to InfluxDB

2020-06-07 21:02:28.800 write initial data to InfluxDB successfully, status code is 204

2020-06-07 21:02:28.800 start obtaining value of specified variables

2020-06-07 21:02:28.800 obtain value of specified variables successfully

2020-06-07 21:02:28.800 FMU simulate a step from t=0.92

2020-06-07 21:02:28.800 FMU simulate the step from t=0.92 successfully

2020-06-07 21:02:28.800 start writing data after this step to InfluxDB

2020-06-07 21:02:28.801 write initial data to InfluxDB successfully, status code is 204

2020-06-07 21:02:28.802 start obtaining value of specified variables

2020-06-07 21:02:28.802 obtain value of specified variables successfully

2020-06-07 21:02:28.802 FMU simulate a step from t=0.93

2020-06-07 21:02:28.802 FMU simulate the step from t=0.93 successfully

2020-06-07 21:02:28.802 start writing data after this step to InfluxDB

2020-06-07 21:02:28.813 write initial data to InfluxDB successfully, status code is 204

2020-06-07 21:02:28.813 start obtaining value of specified variables

2020-06-07 21:02:28.813 obtain value of specified variables successfully

2020-06-07 21:02:28.813 FMU simulate a step from t=0.94

2020-06-07 21:02:28.813 FMU simulate the step from t=0.94 successfully

2020-06-07 21:02:28.813 start writing data after this step to InfluxDB

2020-06-07 21:02:28.815 write initial data to InfluxDB successfully, status code is 204

2020-06-07 21:02:28.815 start obtaining value of specified variables

2020-06-07 21:02:28.815 obtain value of specified variables successfully

2020-06-07 21:02:28.816 FMU simulate a step from t=0.95

2020-06-07 21:02:28.816 FMU simulate the step from t=0.95 successfully

2020-06-07 21:02:28.816 start writing data after this step to InfluxDB

2020-06-07 21:02:28.818 write initial data to InfluxDB successfully, status code is 204

2020-06-07 21:02:28.818 start obtaining value of specified variables

2020-06-07 21:02:28.818 obtain value of specified variables successfully

2020-06-07 21:02:28.818 FMU simulate a step from t=0.96

2020-06-07 21:02:28.818 FMU simulate the step from t=0.96 successfully

2020-06-07 21:02:28.818 start writing data after this step to InfluxDB

2020-06-07 21:02:28.820 write initial data to InfluxDB successfully, status code is 204

2020-06-07 21:02:28.820 start obtaining value of specified variables

2020-06-07 21:02:28.820 obtain value of specified variables successfully

2020-06-07 21:02:28.820 FMU simulate a step from t=0.97

2020-06-07 21:02:28.820 FMU simulate the step from t=0.97 successfully

2020-06-07 21:02:28.820 start writing data after this step to InfluxDB

2020-06-07 21:02:28.822 write initial data to InfluxDB successfully, status code is 204

2020-06-07 21:02:28.822 start obtaining value of specified variables

2020-06-07 21:02:28.822 obtain value of specified variables successfully

2020-06-07 21:02:28.822 FMU simulate a step from t=0.98

2020-06-07 21:02:28.822 FMU simulate the step from t=0.98 successfully

2020-06-07 21:02:28.822 start writing data after this step to InfluxDB

2020-06-07 21:02:28.825 write initial data to InfluxDB successfully, status code is 204

2020-06-07 21:02:28.825 start obtaining value of specified variables

2020-06-07 21:02:28.825 obtain value of specified variables successfully

2020-06-07 21:02:28.825 FMU simulate a step from t=0.99

2020-06-07 21:02:28.825 FMU simulate the step from t=0.99 successfully

2020-06-07 21:02:28.825 start writing data after this step to InfluxDB

2020-06-07 21:02:28.827 write initial data to InfluxDB successfully, status code is 204

2020-06-07 21:02:28.827 start obtaining value of specified variables

2020-06-07 21:02:28.827 obtain value of specified variables successfully

2020-06-07 21:02:28.827 FMU simulate a step from t=1

2020-06-07 21:02:28.827 FMU simulate the step from t=1 successfully

2020-06-07 21:02:28.827 start writing data after this step to InfluxDB

2020-06-07 21:02:28.829 write initial data to InfluxDB successfully, status code is 204

2020-06-07 21:02:28.829 start obtaining value of specified variables

2020-06-07 21:02:28.829 obtain value of specified variables successfully

2020-06-07 21:02:28.829 FMU simulate a step from t=1.01

2020-06-07 21:02:28.829 FMU simulate the step from t=1.01 successfully

2020-06-07 21:02:28.829 start writing data after this step to InfluxDB

2020-06-07 21:02:28.832 write initial data to InfluxDB successfully, status code is 204

2020-06-07 21:02:28.832 start obtaining value of specified variables

2020-06-07 21:02:28.832 obtain value of specified variables successfully

2020-06-07 21:02:28.832 FMU simulate a step from t=1.02

2020-06-07 21:02:28.832 FMU simulate the step from t=1.02 successfully

2020-06-07 21:02:28.832 start writing data after this step to InfluxDB

2020-06-07 21:02:28.834 write initial data to InfluxDB successfully, status code is 204

2020-06-07 21:02:28.834 start obtaining value of specified variables

2020-06-07 21:02:28.834 obtain value of specified variables successfully

2020-06-07 21:02:28.834 FMU simulate a step from t=1.03

2020-06-07 21:02:28.834 FMU simulate the step from t=1.03 successfully

2020-06-07 21:02:28.834 start writing data after this step to InfluxDB

2020-06-07 21:02:28.843 write initial data to InfluxDB successfully, status code is 204

2020-06-07 21:02:28.844 start obtaining value of specified variables

2020-06-07 21:02:28.844 obtain value of specified variables successfully

2020-06-07 21:02:28.844 FMU simulate a step from t=1.04

2020-06-07 21:02:28.844 FMU simulate the step from t=1.04 successfully

2020-06-07 21:02:28.844 start writing data after this step to InfluxDB

2020-06-07 21:02:28.847 write initial data to InfluxDB successfully, status code is 204

2020-06-07 21:02:28.847 start obtaining value of specified variables

2020-06-07 21:02:28.847 obtain value of specified variables successfully

2020-06-07 21:02:28.847 FMU simulate a step from t=1.05

2020-06-07 21:02:28.847 FMU simulate the step from t=1.05 successfully

2020-06-07 21:02:28.847 start writing data after this step to InfluxDB

2020-06-07 21:02:28.849 write initial data to InfluxDB successfully, status code is 204

2020-06-07 21:02:28.849 start obtaining value of specified variables

2020-06-07 21:02:28.849 obtain value of specified variables successfully

2020-06-07 21:02:28.849 FMU simulate a step from t=1.06

2020-06-07 21:02:28.849 FMU simulate the step from t=1.06 successfully

2020-06-07 21:02:28.849 start writing data after this step to InfluxDB

2020-06-07 21:02:28.852 write initial data to InfluxDB successfully, status code is 204

2020-06-07 21:02:28.852 start obtaining value of specified variables

2020-06-07 21:02:28.852 obtain value of specified variables successfully

2020-06-07 21:02:28.852 FMU simulate a step from t=1.07

2020-06-07 21:02:28.853 FMU simulate the step from t=1.07 successfully

2020-06-07 21:02:28.853 start writing data after this step to InfluxDB

2020-06-07 21:02:28.854 write initial data to InfluxDB successfully, status code is 204

2020-06-07 21:02:28.854 start obtaining value of specified variables

2020-06-07 21:02:28.855 obtain value of specified variables successfully

2020-06-07 21:02:28.855 FMU simulate a step from t=1.08

2020-06-07 21:02:28.855 FMU simulate the step from t=1.08 successfully

2020-06-07 21:02:28.855 start writing data after this step to InfluxDB

2020-06-07 21:02:28.857 write initial data to InfluxDB successfully, status code is 204

2020-06-07 21:02:28.857 start obtaining value of specified variables

2020-06-07 21:02:28.857 obtain value of specified variables successfully

2020-06-07 21:02:28.857 FMU simulate a step from t=1.09

2020-06-07 21:02:28.858 FMU simulate the step from t=1.09 successfully

2020-06-07 21:02:28.858 start writing data after this step to InfluxDB

2020-06-07 21:02:28.859 write initial data to InfluxDB successfully, status code is 204

2020-06-07 21:02:28.859 start obtaining value of specified variables

2020-06-07 21:02:28.859 obtain value of specified variables successfully

2020-06-07 21:02:28.859 FMU simulate a step from t=1.1

2020-06-07 21:02:28.859 FMU simulate the step from t=1.1 successfully

2020-06-07 21:02:28.859 start writing data after this step to InfluxDB

2020-06-07 21:02:28.861 write initial data to InfluxDB successfully, status code is 204

2020-06-07 21:02:28.861 start obtaining value of specified variables

2020-06-07 21:02:28.861 obtain value of specified variables successfully

2020-06-07 21:02:28.861 FMU simulate a step from t=1.11

2020-06-07 21:02:28.861 FMU simulate the step from t=1.11 successfully

2020-06-07 21:02:28.861 start writing data after this step to InfluxDB

2020-06-07 21:02:28.863 write initial data to InfluxDB successfully, status code is 204

2020-06-07 21:02:28.863 start obtaining value of specified variables

2020-06-07 21:02:28.863 obtain value of specified variables successfully

2020-06-07 21:02:28.863 FMU simulate a step from t=1.12

2020-06-07 21:02:28.863 FMU simulate the step from t=1.12 successfully

2020-06-07 21:02:28.863 start writing data after this step to InfluxDB

2020-06-07 21:02:28.865 write initial data to InfluxDB successfully, status code is 204

2020-06-07 21:02:28.865 start obtaining value of specified variables

2020-06-07 21:02:28.865 obtain value of specified variables successfully

2020-06-07 21:02:28.865 FMU simulate a step from t=1.13

2020-06-07 21:02:28.865 FMU simulate the step from t=1.13 successfully

2020-06-07 21:02:28.866 start writing data after this step to InfluxDB

2020-06-07 21:02:28.867 write initial data to InfluxDB successfully, status code is 204

2020-06-07 21:02:28.867 start obtaining value of specified variables

2020-06-07 21:02:28.867 obtain value of specified variables successfully

2020-06-07 21:02:28.867 FMU simulate a step from t=1.14

2020-06-07 21:02:28.867 FMU simulate the step from t=1.14 successfully

2020-06-07 21:02:28.867 start writing data after this step to InfluxDB

2020-06-07 21:02:28.869 write initial data to InfluxDB successfully, status code is 204

2020-06-07 21:02:28.869 start obtaining value of specified variables

2020-06-07 21:02:28.869 obtain value of specified variables successfully

2020-06-07 21:02:28.869 FMU simulate a step from t=1.15

2020-06-07 21:02:28.869 FMU simulate the step from t=1.15 successfully

2020-06-07 21:02:28.869 start writing data after this step to InfluxDB

2020-06-07 21:02:28.871 write initial data to InfluxDB successfully, status code is 204

2020-06-07 21:02:28.871 start obtaining value of specified variables

2020-06-07 21:02:28.871 obtain value of specified variables successfully

2020-06-07 21:02:28.871 FMU simulate a step from t=1.16

2020-06-07 21:02:28.871 FMU simulate the step from t=1.16 successfully

2020-06-07 21:02:28.871 start writing data after this step to InfluxDB

2020-06-07 21:02:28.873 write initial data to InfluxDB successfully, status code is 204

2020-06-07 21:02:28.873 start obtaining value of specified variables

2020-06-07 21:02:28.873 obtain value of specified variables successfully

2020-06-07 21:02:28.873 FMU simulate a step from t=1.17

2020-06-07 21:02:28.873 FMU simulate the step from t=1.17 successfully

2020-06-07 21:02:28.873 start writing data after this step to InfluxDB

2020-06-07 21:02:28.875 write initial data to InfluxDB successfully, status code is 204

2020-06-07 21:02:28.875 start obtaining value of specified variables

2020-06-07 21:02:28.875 obtain value of specified variables successfully

2020-06-07 21:02:28.875 FMU simulate a step from t=1.18

2020-06-07 21:02:28.876 FMU simulate the step from t=1.18 successfully

2020-06-07 21:02:28.876 start writing data after this step to InfluxDB

2020-06-07 21:02:28.878 write initial data to InfluxDB successfully, status code is 204

2020-06-07 21:02:28.878 start obtaining value of specified variables

2020-06-07 21:02:28.878 obtain value of specified variables successfully

2020-06-07 21:02:28.878 FMU simulate a step from t=1.19

2020-06-07 21:02:28.878 FMU simulate the step from t=1.19 successfully

2020-06-07 21:02:28.878 start writing data after this step to InfluxDB

2020-06-07 21:02:28.880 write initial data to InfluxDB successfully, status code is 204

2020-06-07 21:02:28.880 start obtaining value of specified variables

2020-06-07 21:02:28.880 obtain value of specified variables successfully

2020-06-07 21:02:28.880 FMU simulate a step from t=1.2

2020-06-07 21:02:28.880 FMU simulate the step from t=1.2 successfully

2020-06-07 21:02:28.880 start writing data after this step to InfluxDB

2020-06-07 21:02:28.882 write initial data to InfluxDB successfully, status code is 204

2020-06-07 21:02:28.882 start obtaining value of specified variables

2020-06-07 21:02:28.882 obtain value of specified variables successfully

2020-06-07 21:02:28.882 FMU simulate a step from t=1.21

2020-06-07 21:02:28.882 FMU simulate the step from t=1.21 successfully

2020-06-07 21:02:28.882 start writing data after this step to InfluxDB

2020-06-07 21:02:28.884 write initial data to InfluxDB successfully, status code is 204

2020-06-07 21:02:28.884 start obtaining value of specified variables

2020-06-07 21:02:28.884 obtain value of specified variables successfully

2020-06-07 21:02:28.884 FMU simulate a step from t=1.22

2020-06-07 21:02:28.884 FMU simulate the step from t=1.22 successfully

2020-06-07 21:02:28.884 start writing data after this step to InfluxDB

2020-06-07 21:02:28.886 write initial data to InfluxDB successfully, status code is 204

2020-06-07 21:02:28.886 start obtaining value of specified variables

2020-06-07 21:02:28.886 obtain value of specified variables successfully

2020-06-07 21:02:28.886 FMU simulate a step from t=1.23

2020-06-07 21:02:28.889 FMU simulate the step from t=1.23 successfully

2020-06-07 21:02:28.890 start writing data after this step to InfluxDB

2020-06-07 21:02:28.891 write initial data to InfluxDB successfully, status code is 204

2020-06-07 21:02:28.892 start obtaining value of specified variables

2020-06-07 21:02:28.892 obtain value of specified variables successfully

2020-06-07 21:02:28.892 FMU simulate a step from t=1.24

2020-06-07 21:02:28.895 FMU simulate the step from t=1.24 successfully

2020-06-07 21:02:28.895 start writing data after this step to InfluxDB

2020-06-07 21:02:28.897 write initial data to InfluxDB successfully, status code is 204

2020-06-07 21:02:28.897 start obtaining value of specified variables

2020-06-07 21:02:28.897 obtain value of specified variables successfully

2020-06-07 21:02:28.897 FMU simulate a step from t=1.25

2020-06-07 21:02:28.898 FMU simulate the step from t=1.25 successfully

2020-06-07 21:02:28.898 start writing data after this step to InfluxDB

2020-06-07 21:02:28.899 write initial data to InfluxDB successfully, status code is 204

2020-06-07 21:02:28.899 start obtaining value of specified variables

2020-06-07 21:02:28.900 obtain value of specified variables successfully

2020-06-07 21:02:28.900 FMU simulate a step from t=1.26

2020-06-07 21:02:28.900 FMU simulate the step from t=1.26 successfully

2020-06-07 21:02:28.900 start writing data after this step to InfluxDB

2020-06-07 21:02:28.902 write initial data to InfluxDB successfully, status code is 204

2020-06-07 21:02:28.902 start obtaining value of specified variables

2020-06-07 21:02:28.902 obtain value of specified variables successfully

2020-06-07 21:02:28.902 FMU simulate a step from t=1.27

2020-06-07 21:02:28.902 FMU simulate the step from t=1.27 successfully

2020-06-07 21:02:28.902 start writing data after this step to InfluxDB

2020-06-07 21:02:28.904 write initial data to InfluxDB successfully, status code is 204

2020-06-07 21:02:28.904 start obtaining value of specified variables

2020-06-07 21:02:28.904 obtain value of specified variables successfully

2020-06-07 21:02:28.904 FMU simulate a step from t=1.28

2020-06-07 21:02:28.904 FMU simulate the step from t=1.28 successfully

2020-06-07 21:02:28.904 start writing data after this step to InfluxDB

2020-06-07 21:02:28.906 write initial data to InfluxDB successfully, status code is 204

2020-06-07 21:02:28.906 start obtaining value of specified variables

2020-06-07 21:02:28.906 obtain value of specified variables successfully

2020-06-07 21:02:28.906 FMU simulate a step from t=1.29

2020-06-07 21:02:28.906 FMU simulate the step from t=1.29 successfully

2020-06-07 21:02:28.906 start writing data after this step to InfluxDB

2020-06-07 21:02:28.909 write initial data to InfluxDB successfully, status code is 204

2020-06-07 21:02:28.909 start obtaining value of specified variables

2020-06-07 21:02:28.909 obtain value of specified variables successfully

2020-06-07 21:02:28.909 FMU simulate a step from t=1.3

2020-06-07 21:02:28.909 FMU simulate the step from t=1.3 successfully

2020-06-07 21:02:28.909 start writing data after this step to InfluxDB

2020-06-07 21:02:28.911 write initial data to InfluxDB successfully, status code is 204

2020-06-07 21:02:28.911 start obtaining value of specified variables

2020-06-07 21:02:28.912 obtain value of specified variables successfully

2020-06-07 21:02:28.912 FMU simulate a step from t=1.31

2020-06-07 21:02:28.912 FMU simulate the step from t=1.31 successfully

2020-06-07 21:02:28.912 start writing data after this step to InfluxDB

2020-06-07 21:02:28.914 write initial data to InfluxDB successfully, status code is 204

2020-06-07 21:02:28.914 start obtaining value of specified variables

2020-06-07 21:02:28.914 obtain value of specified variables successfully

2020-06-07 21:02:28.914 FMU simulate a step from t=1.32

2020-06-07 21:02:28.914 FMU simulate the step from t=1.32 successfully

2020-06-07 21:02:28.914 start writing data after this step to InfluxDB

2020-06-07 21:02:28.916 write initial data to InfluxDB successfully, status code is 204

2020-06-07 21:02:28.916 start obtaining value of specified variables

2020-06-07 21:02:28.916 obtain value of specified variables successfully

2020-06-07 21:02:28.916 FMU simulate a step from t=1.33

2020-06-07 21:02:28.916 FMU simulate the step from t=1.33 successfully

2020-06-07 21:02:28.916 start writing data after this step to InfluxDB

2020-06-07 21:02:28.918 write initial data to InfluxDB successfully, status code is 204

2020-06-07 21:02:28.918 start obtaining value of specified variables

2020-06-07 21:02:28.918 obtain value of specified variables successfully

2020-06-07 21:02:28.918 FMU simulate a step from t=1.34

2020-06-07 21:02:28.923 FMU simulate the step from t=1.34 successfully

2020-06-07 21:02:28.923 start writing data after this step to InfluxDB

2020-06-07 21:02:28.931 write initial data to InfluxDB successfully, status code is 204

2020-06-07 21:02:28.931 start obtaining value of specified variables

2020-06-07 21:02:28.931 obtain value of specified variables successfully

2020-06-07 21:02:28.931 FMU simulate a step from t=1.35

2020-06-07 21:02:28.945 FMU simulate the step from t=1.35 successfully

2020-06-07 21:02:28.945 start writing data after this step to InfluxDB

2020-06-07 21:02:28.947 write initial data to InfluxDB successfully, status code is 204

2020-06-07 21:02:28.947 start obtaining value of specified variables

2020-06-07 21:02:28.947 obtain value of specified variables successfully

2020-06-07 21:02:28.947 FMU simulate a step from t=1.36

2020-06-07 21:02:28.949 FMU simulate the step from t=1.36 successfully

2020-06-07 21:02:28.949 start writing data after this step to InfluxDB

2020-06-07 21:02:28.951 write initial data to InfluxDB successfully, status code is 204

2020-06-07 21:02:28.951 start obtaining value of specified variables

2020-06-07 21:02:28.951 obtain value of specified variables successfully

2020-06-07 21:02:28.951 FMU simulate a step from t=1.37

2020-06-07 21:02:28.952 FMU simulate the step from t=1.37 successfully

2020-06-07 21:02:28.952 start writing data after this step to InfluxDB

2020-06-07 21:02:28.954 write initial data to InfluxDB successfully, status code is 204

2020-06-07 21:02:28.954 start obtaining value of specified variables

2020-06-07 21:02:28.954 obtain value of specified variables successfully

2020-06-07 21:02:28.954 FMU simulate a step from t=1.38

2020-06-07 21:02:28.954 FMU simulate the step from t=1.38 successfully

2020-06-07 21:02:28.954 start writing data after this step to InfluxDB

2020-06-07 21:02:28.957 write initial data to InfluxDB successfully, status code is 204

2020-06-07 21:02:28.957 start obtaining value of specified variables

2020-06-07 21:02:28.957 obtain value of specified variables successfully

2020-06-07 21:02:28.957 FMU simulate a step from t=1.39

2020-06-07 21:02:28.957 FMU simulate the step from t=1.39 successfully

2020-06-07 21:02:28.957 start writing data after this step to InfluxDB

2020-06-07 21:02:28.961 write initial data to InfluxDB successfully, status code is 204

2020-06-07 21:02:28.961 start obtaining value of specified variables

2020-06-07 21:02:28.961 obtain value of specified variables successfully

2020-06-07 21:02:28.961 FMU simulate a step from t=1.4

2020-06-07 21:02:28.966 FMU simulate the step from t=1.4 successfully

2020-06-07 21:02:28.966 start writing data after this step to InfluxDB

2020-06-07 21:02:28.968 write initial data to InfluxDB successfully, status code is 204

2020-06-07 21:02:28.968 start obtaining value of specified variables

2020-06-07 21:02:28.968 obtain value of specified variables successfully

2020-06-07 21:02:28.968 FMU simulate a step from t=1.41

2020-06-07 21:02:28.969 FMU simulate the step from t=1.41 successfully

2020-06-07 21:02:28.969 start writing data after this step to InfluxDB

2020-06-07 21:02:28.972 write initial data to InfluxDB successfully, status code is 204

2020-06-07 21:02:28.972 start obtaining value of specified variables

2020-06-07 21:02:28.972 obtain value of specified variables successfully

2020-06-07 21:02:28.972 FMU simulate a step from t=1.42

2020-06-07 21:02:28.972 FMU simulate the step from t=1.42 successfully

2020-06-07 21:02:28.973 start writing data after this step to InfluxDB

2020-06-07 21:02:28.974 write initial data to InfluxDB successfully, status code is 204

2020-06-07 21:02:28.974 start obtaining value of specified variables

2020-06-07 21:02:28.974 obtain value of specified variables successfully

2020-06-07 21:02:28.975 FMU simulate a step from t=1.43

2020-06-07 21:02:28.975 FMU simulate the step from t=1.43 successfully

2020-06-07 21:02:28.975 start writing data after this step to InfluxDB

2020-06-07 21:02:28.977 write initial data to InfluxDB successfully, status code is 204

2020-06-07 21:02:28.977 start obtaining value of specified variables

2020-06-07 21:02:28.977 obtain value of specified variables successfully

2020-06-07 21:02:28.977 FMU simulate a step from t=1.44

2020-06-07 21:02:28.978 FMU simulate the step from t=1.44 successfully

2020-06-07 21:02:28.978 start writing data after this step to InfluxDB

2020-06-07 21:02:28.979 write initial data to InfluxDB successfully, status code is 204

2020-06-07 21:02:28.979 start obtaining value of specified variables

2020-06-07 21:02:28.979 obtain value of specified variables successfully

2020-06-07 21:02:28.979 FMU simulate a step from t=1.45

2020-06-07 21:02:28.980 FMU simulate the step from t=1.45 successfully

2020-06-07 21:02:28.980 start writing data after this step to InfluxDB

2020-06-07 21:02:28.982 write initial data to InfluxDB successfully, status code is 204

2020-06-07 21:02:28.982 start obtaining value of specified variables

2020-06-07 21:02:28.982 obtain value of specified variables successfully

2020-06-07 21:02:28.982 FMU simulate a step from t=1.46

2020-06-07 21:02:28.992 FMU simulate the step from t=1.46 successfully

2020-06-07 21:02:28.992 start writing data after this step to InfluxDB

2020-06-07 21:02:28.994 write initial data to InfluxDB successfully, status code is 204

2020-06-07 21:02:28.994 start obtaining value of specified variables

2020-06-07 21:02:28.994 obtain value of specified variables successfully

2020-06-07 21:02:28.994 FMU simulate a step from t=1.47

2020-06-07 21:02:28.998 FMU simulate the step from t=1.47 successfully

2020-06-07 21:02:28.998 start writing data after this step to InfluxDB

2020-06-07 21:02:29.001 write initial data to InfluxDB successfully, status code is 204

2020-06-07 21:02:29.001 start obtaining value of specified variables

2020-06-07 21:02:29.002 obtain value of specified variables successfully

2020-06-07 21:02:29.002 FMU simulate a step from t=1.48

2020-06-07 21:02:29.003 FMU simulate the step from t=1.48 successfully

2020-06-07 21:02:29.003 start writing data after this step to InfluxDB

2020-06-07 21:02:29.006 write initial data to InfluxDB successfully, status code is 204

2020-06-07 21:02:29.006 start obtaining value of specified variables

2020-06-07 21:02:29.006 obtain value of specified variables successfully

2020-06-07 21:02:29.006 FMU simulate a step from t=1.49

2020-06-07 21:02:29.011 FMU simulate the step from t=1.49 successfully

2020-06-07 21:02:29.011 start writing data after this step to InfluxDB

2020-06-07 21:02:29.014 write initial data to InfluxDB successfully, status code is 204

2020-06-07 21:02:29.014 start obtaining value of specified variables

2020-06-07 21:02:29.014 obtain value of specified variables successfully

2020-06-07 21:02:29.016 end simulation successfully

2020-06-07 21:02:29.117 release 'fmu10/fmu/cs/win64/fullRobot_cs.fmu' successfully

2020-06-07 21:02:29.117 disconnect from InfluxDB  127.0.0.1 : 8086 successfully

2020-06-08 10:12:10.558 start loading 'fmu10/fmu/cs/win64/bouncingBall.fmu'

2020-06-08 10:12:10.705 load 'fmu10/fmu/cs/win64/bouncingBall.fmu' successfully

2020-06-08 10:12:10.705 start connecting to InfluxDB 127.0.0.1 : 8086

2020-06-08 10:12:10.713 connect to InfluxDB 127.0.0.1 : 8086 successfully

2020-06-08 10:12:10.713 start instantiating fmu

2020-06-08 10:12:10.714 instantiate fmu successfully

2020-06-08 10:12:10.714 start initializing fmu

2020-06-08 10:12:10.714 initialize fmu successfully

2020-06-08 10:12:10.714 start setting inputs

2020-06-08 10:12:10.714 set inputs successfully

2020-06-08 10:12:10.714 FMU Simulator: run 'fmu10/fmu/cs/win64/bouncingBall.fmu' from t=0..2 with step size h=0.1

2020-06-08 10:12:10.738 write initial data to InfluxDB successfully, status code is 204

2020-06-08 10:12:10.738 FMU simulate a step from t=0

2020-06-08 10:12:10.738 FMU simulate the step from t=0 successfully

2020-06-08 10:12:10.738 start writing data after this step to InfluxDB

2020-06-08 10:12:10.741 write initial data to InfluxDB successfully, status code is 204

2020-06-08 10:12:10.741 start obtaining value of specified variables

2020-06-08 10:12:10.742 obtain value of specified variables successfully

2020-06-08 10:12:10.742 FMU simulate a step from t=0.1

2020-06-08 10:12:10.742 FMU simulate the step from t=0.1 successfully

2020-06-08 10:12:10.742 start writing data after this step to InfluxDB

2020-06-08 10:12:10.745 write initial data to InfluxDB successfully, status code is 204

2020-06-08 10:12:10.745 start obtaining value of specified variables

2020-06-08 10:12:10.745 obtain value of specified variables successfully

2020-06-08 10:12:10.745 FMU simulate a step from t=0.2

2020-06-08 10:12:10.745 FMU simulate the step from t=0.2 successfully

2020-06-08 10:12:10.745 start writing data after this step to InfluxDB

2020-06-08 10:12:10.748 write initial data to InfluxDB successfully, status code is 204

2020-06-08 10:12:10.748 start obtaining value of specified variables

2020-06-08 10:12:10.748 obtain value of specified variables successfully

2020-06-08 10:12:10.748 FMU simulate a step from t=0.3

2020-06-08 10:12:10.748 FMU simulate the step from t=0.3 successfully

2020-06-08 10:12:10.748 start writing data after this step to InfluxDB

2020-06-08 10:12:10.750 write initial data to InfluxDB successfully, status code is 204

2020-06-08 10:12:10.751 start obtaining value of specified variables

2020-06-08 10:12:10.751 obtain value of specified variables successfully

2020-06-08 10:12:10.751 FMU simulate a step from t=0.4

2020-06-08 10:12:10.751 FMU simulate the step from t=0.4 successfully

2020-06-08 10:12:10.751 start writing data after this step to InfluxDB

2020-06-08 10:12:10.753 write initial data to InfluxDB successfully, status code is 204

2020-06-08 10:12:10.753 start obtaining value of specified variables

2020-06-08 10:12:10.753 obtain value of specified variables successfully

2020-06-08 10:12:10.753 FMU simulate a step from t=0.5

2020-06-08 10:12:10.753 FMU simulate the step from t=0.5 successfully

2020-06-08 10:12:10.753 start writing data after this step to InfluxDB

2020-06-08 10:12:10.755 write initial data to InfluxDB successfully, status code is 204

2020-06-08 10:12:10.755 start obtaining value of specified variables

2020-06-08 10:12:10.755 obtain value of specified variables successfully

2020-06-08 10:12:10.755 FMU simulate a step from t=0.6

2020-06-08 10:12:10.755 FMU simulate the step from t=0.6 successfully

2020-06-08 10:12:10.755 start writing data after this step to InfluxDB

2020-06-08 10:12:10.756 write initial data to InfluxDB successfully, status code is 204

2020-06-08 10:12:10.756 start obtaining value of specified variables

2020-06-08 10:12:10.756 obtain value of specified variables successfully

2020-06-08 10:12:10.757 FMU simulate a step from t=0.7

2020-06-08 10:12:10.757 FMU simulate the step from t=0.7 successfully

2020-06-08 10:12:10.757 start writing data after this step to InfluxDB

2020-06-08 10:12:10.758 write initial data to InfluxDB successfully, status code is 204

2020-06-08 10:12:10.758 start obtaining value of specified variables

2020-06-08 10:12:10.758 obtain value of specified variables successfully

2020-06-08 10:12:10.758 FMU simulate a step from t=0.8

2020-06-08 10:12:10.758 FMU simulate the step from t=0.8 successfully

2020-06-08 10:12:10.758 start writing data after this step to InfluxDB

2020-06-08 10:12:10.760 write initial data to InfluxDB successfully, status code is 204

2020-06-08 10:12:10.760 start obtaining value of specified variables

2020-06-08 10:12:10.760 obtain value of specified variables successfully

2020-06-08 10:12:10.760 FMU simulate a step from t=0.9

2020-06-08 10:12:10.760 FMU simulate the step from t=0.9 successfully

2020-06-08 10:12:10.760 start writing data after this step to InfluxDB

2020-06-08 10:12:10.761 write initial data to InfluxDB successfully, status code is 204

2020-06-08 10:12:10.761 start obtaining value of specified variables

2020-06-08 10:12:10.761 obtain value of specified variables successfully

2020-06-08 10:12:10.761 FMU simulate a step from t=1

2020-06-08 10:12:10.761 FMU simulate the step from t=1 successfully

2020-06-08 10:12:10.761 start writing data after this step to InfluxDB

2020-06-08 10:12:10.763 write initial data to InfluxDB successfully, status code is 204

2020-06-08 10:12:10.763 start obtaining value of specified variables

2020-06-08 10:12:10.763 obtain value of specified variables successfully

2020-06-08 10:12:10.763 FMU simulate a step from t=1.1

2020-06-08 10:12:10.763 FMU simulate the step from t=1.1 successfully

2020-06-08 10:12:10.763 start writing data after this step to InfluxDB

2020-06-08 10:12:10.765 write initial data to InfluxDB successfully, status code is 204

2020-06-08 10:12:10.765 start obtaining value of specified variables

2020-06-08 10:12:10.765 obtain value of specified variables successfully

2020-06-08 10:12:10.765 FMU simulate a step from t=1.2

2020-06-08 10:12:10.765 FMU simulate the step from t=1.2 successfully

2020-06-08 10:12:10.765 start writing data after this step to InfluxDB

2020-06-08 10:12:10.767 write initial data to InfluxDB successfully, status code is 204

2020-06-08 10:12:10.767 start obtaining value of specified variables

2020-06-08 10:12:10.767 obtain value of specified variables successfully

2020-06-08 10:12:10.767 FMU simulate a step from t=1.3

2020-06-08 10:12:10.767 FMU simulate the step from t=1.3 successfully

2020-06-08 10:12:10.767 start writing data after this step to InfluxDB

2020-06-08 10:12:10.768 write initial data to InfluxDB successfully, status code is 204

2020-06-08 10:12:10.769 start obtaining value of specified variables

2020-06-08 10:12:10.769 obtain value of specified variables successfully

2020-06-08 10:12:10.769 FMU simulate a step from t=1.4

2020-06-08 10:12:10.769 FMU simulate the step from t=1.4 successfully

2020-06-08 10:12:10.769 start writing data after this step to InfluxDB

2020-06-08 10:12:10.770 write initial data to InfluxDB successfully, status code is 204

2020-06-08 10:12:10.770 start obtaining value of specified variables

2020-06-08 10:12:10.770 obtain value of specified variables successfully

2020-06-08 10:12:10.770 FMU simulate a step from t=1.5

2020-06-08 10:12:10.770 FMU simulate the step from t=1.5 successfully

2020-06-08 10:12:10.770 start writing data after this step to InfluxDB

2020-06-08 10:12:10.772 write initial data to InfluxDB successfully, status code is 204

2020-06-08 10:12:10.772 start obtaining value of specified variables

2020-06-08 10:12:10.772 obtain value of specified variables successfully

2020-06-08 10:12:10.772 FMU simulate a step from t=1.6

2020-06-08 10:12:10.772 FMU simulate the step from t=1.6 successfully

2020-06-08 10:12:10.772 start writing data after this step to InfluxDB

2020-06-08 10:12:10.773 write initial data to InfluxDB successfully, status code is 204

2020-06-08 10:12:10.773 start obtaining value of specified variables

2020-06-08 10:12:10.773 obtain value of specified variables successfully

2020-06-08 10:12:10.773 FMU simulate a step from t=1.7

2020-06-08 10:12:10.773 FMU simulate the step from t=1.7 successfully

2020-06-08 10:12:10.774 start writing data after this step to InfluxDB

2020-06-08 10:12:10.775 write initial data to InfluxDB successfully, status code is 204

2020-06-08 10:12:10.775 start obtaining value of specified variables

2020-06-08 10:12:10.775 obtain value of specified variables successfully

2020-06-08 10:12:10.775 FMU simulate a step from t=1.8

2020-06-08 10:12:10.775 FMU simulate the step from t=1.8 successfully

2020-06-08 10:12:10.775 start writing data after this step to InfluxDB

2020-06-08 10:12:10.776 write initial data to InfluxDB successfully, status code is 204

2020-06-08 10:12:10.776 start obtaining value of specified variables

2020-06-08 10:12:10.776 obtain value of specified variables successfully

2020-06-08 10:12:10.777 FMU simulate a step from t=1.9

2020-06-08 10:12:10.777 FMU simulate the step from t=1.9 successfully

2020-06-08 10:12:10.777 start writing data after this step to InfluxDB

2020-06-08 10:12:10.778 write initial data to InfluxDB successfully, status code is 204

2020-06-08 10:12:10.778 start obtaining value of specified variables

2020-06-08 10:12:10.778 obtain value of specified variables successfully

2020-06-08 10:12:10.778 end simulation successfully

2020-06-08 10:12:10.849 release 'fmu10/fmu/cs/win64/bouncingBall.fmu' successfully

2020-06-08 10:12:10.849 disconnect from InfluxDB  127.0.0.1 : 8086 successfully

2020-06-08 10:12:56.200 start loading 'fmu10/fmu/cs/win64/bouncingBall.fmu'

2020-06-08 10:12:56.301 load 'fmu10/fmu/cs/win64/bouncingBall.fmu' successfully

2020-06-08 10:12:56.301 start connecting to InfluxDB 127.0.0.1 : 8086

2020-06-08 10:12:56.309 connect to InfluxDB 127.0.0.1 : 8086 successfully

2020-06-08 10:12:56.309 start instantiating fmu

2020-06-08 10:12:56.310 instantiate fmu successfully

2020-06-08 10:12:56.310 start initializing fmu

2020-06-08 10:12:56.310 initialize fmu successfully

2020-06-08 10:12:56.310 start setting inputs

2020-06-08 10:12:56.310 set inputs successfully

2020-06-08 10:12:56.311 FMU Simulator: run 'fmu10/fmu/cs/win64/bouncingBall.fmu' from t=0..2 with step size h=0.1

2020-06-08 10:12:56.314 write initial data to InfluxDB successfully, status code is 204

2020-06-08 10:12:56.314 FMU simulate a step from t=0

2020-06-08 10:12:56.314 FMU simulate the step from t=0 successfully

2020-06-08 10:12:56.314 start writing data after this step to InfluxDB

2020-06-08 10:12:56.316 write initial data to InfluxDB successfully, status code is 204

2020-06-08 10:12:56.316 start obtaining value of specified variables

2020-06-08 10:12:56.316 obtain value of specified variables successfully

2020-06-08 10:12:56.316 FMU simulate a step from t=0.1

2020-06-08 10:12:56.316 FMU simulate the step from t=0.1 successfully

2020-06-08 10:12:56.316 start writing data after this step to InfluxDB

2020-06-08 10:12:56.318 write initial data to InfluxDB successfully, status code is 204

2020-06-08 10:12:56.318 start obtaining value of specified variables

2020-06-08 10:12:56.318 obtain value of specified variables successfully

2020-06-08 10:12:56.318 FMU simulate a step from t=0.2

2020-06-08 10:12:56.318 FMU simulate the step from t=0.2 successfully

2020-06-08 10:12:56.318 start writing data after this step to InfluxDB

2020-06-08 10:12:56.320 write initial data to InfluxDB successfully, status code is 204

2020-06-08 10:12:56.320 start obtaining value of specified variables

2020-06-08 10:12:56.320 obtain value of specified variables successfully

2020-06-08 10:12:56.320 FMU simulate a step from t=0.3

2020-06-08 10:12:56.320 FMU simulate the step from t=0.3 successfully

2020-06-08 10:12:56.320 start writing data after this step to InfluxDB

2020-06-08 10:12:56.321 write initial data to InfluxDB successfully, status code is 204

2020-06-08 10:12:56.321 start obtaining value of specified variables

2020-06-08 10:12:56.321 obtain value of specified variables successfully

2020-06-08 10:12:56.322 FMU simulate a step from t=0.4

2020-06-08 10:12:56.322 FMU simulate the step from t=0.4 successfully

2020-06-08 10:12:56.322 start writing data after this step to InfluxDB

2020-06-08 10:12:56.323 write initial data to InfluxDB successfully, status code is 204

2020-06-08 10:12:56.323 start obtaining value of specified variables

2020-06-08 10:12:56.323 obtain value of specified variables successfully

2020-06-08 10:12:56.323 FMU simulate a step from t=0.5

2020-06-08 10:12:56.323 FMU simulate the step from t=0.5 successfully

2020-06-08 10:12:56.323 start writing data after this step to InfluxDB

2020-06-08 10:12:56.325 write initial data to InfluxDB successfully, status code is 204

2020-06-08 10:12:56.325 start obtaining value of specified variables

2020-06-08 10:12:56.325 obtain value of specified variables successfully

2020-06-08 10:12:56.325 FMU simulate a step from t=0.6

2020-06-08 10:12:56.325 FMU simulate the step from t=0.6 successfully

2020-06-08 10:12:56.325 start writing data after this step to InfluxDB

2020-06-08 10:12:56.326 write initial data to InfluxDB successfully, status code is 204

2020-06-08 10:12:56.327 start obtaining value of specified variables

2020-06-08 10:12:56.327 obtain value of specified variables successfully

2020-06-08 10:12:56.327 FMU simulate a step from t=0.7

2020-06-08 10:12:56.327 FMU simulate the step from t=0.7 successfully

2020-06-08 10:12:56.327 start writing data after this step to InfluxDB

2020-06-08 10:12:56.328 write initial data to InfluxDB successfully, status code is 204

2020-06-08 10:12:56.328 start obtaining value of specified variables

2020-06-08 10:12:56.328 obtain value of specified variables successfully

2020-06-08 10:12:56.328 FMU simulate a step from t=0.8

2020-06-08 10:12:56.328 FMU simulate the step from t=0.8 successfully

2020-06-08 10:12:56.329 start writing data after this step to InfluxDB

2020-06-08 10:12:56.330 write initial data to InfluxDB successfully, status code is 204

2020-06-08 10:12:56.330 start obtaining value of specified variables

2020-06-08 10:12:56.330 obtain value of specified variables successfully

2020-06-08 10:12:56.330 FMU simulate a step from t=0.9

2020-06-08 10:12:56.330 FMU simulate the step from t=0.9 successfully

2020-06-08 10:12:56.330 start writing data after this step to InfluxDB

2020-06-08 10:12:56.333 write initial data to InfluxDB successfully, status code is 204

2020-06-08 10:12:56.333 start obtaining value of specified variables

2020-06-08 10:12:56.334 obtain value of specified variables successfully

2020-06-08 10:12:56.334 FMU simulate a step from t=1

2020-06-08 10:12:56.334 FMU simulate the step from t=1 successfully

2020-06-08 10:12:56.334 start writing data after this step to InfluxDB

2020-06-08 10:12:56.335 write initial data to InfluxDB successfully, status code is 204

2020-06-08 10:12:56.335 start obtaining value of specified variables

2020-06-08 10:12:56.335 obtain value of specified variables successfully

2020-06-08 10:12:56.335 FMU simulate a step from t=1.1

2020-06-08 10:12:56.335 FMU simulate the step from t=1.1 successfully

2020-06-08 10:12:56.335 start writing data after this step to InfluxDB

2020-06-08 10:12:56.337 write initial data to InfluxDB successfully, status code is 204

2020-06-08 10:12:56.337 start obtaining value of specified variables

2020-06-08 10:12:56.337 obtain value of specified variables successfully

2020-06-08 10:12:56.337 FMU simulate a step from t=1.2

2020-06-08 10:12:56.337 FMU simulate the step from t=1.2 successfully

2020-06-08 10:12:56.337 start writing data after this step to InfluxDB

2020-06-08 10:12:56.339 write initial data to InfluxDB successfully, status code is 204

2020-06-08 10:12:56.339 start obtaining value of specified variables

2020-06-08 10:12:56.339 obtain value of specified variables successfully

2020-06-08 10:12:56.339 FMU simulate a step from t=1.3

2020-06-08 10:12:56.339 FMU simulate the step from t=1.3 successfully

2020-06-08 10:12:56.339 start writing data after this step to InfluxDB

2020-06-08 10:12:56.341 write initial data to InfluxDB successfully, status code is 204

2020-06-08 10:12:56.341 start obtaining value of specified variables

2020-06-08 10:12:56.341 obtain value of specified variables successfully

2020-06-08 10:12:56.341 FMU simulate a step from t=1.4

2020-06-08 10:12:56.341 FMU simulate the step from t=1.4 successfully

2020-06-08 10:12:56.341 start writing data after this step to InfluxDB

2020-06-08 10:12:56.342 write initial data to InfluxDB successfully, status code is 204

2020-06-08 10:12:56.342 start obtaining value of specified variables

2020-06-08 10:12:56.343 obtain value of specified variables successfully

2020-06-08 10:12:56.343 FMU simulate a step from t=1.5

2020-06-08 10:12:56.343 FMU simulate the step from t=1.5 successfully

2020-06-08 10:12:56.343 start writing data after this step to InfluxDB

2020-06-08 10:12:56.344 write initial data to InfluxDB successfully, status code is 204

2020-06-08 10:12:56.344 start obtaining value of specified variables

2020-06-08 10:12:56.344 obtain value of specified variables successfully

2020-06-08 10:12:56.344 FMU simulate a step from t=1.6

2020-06-08 10:12:56.344 FMU simulate the step from t=1.6 successfully

2020-06-08 10:12:56.344 start writing data after this step to InfluxDB

2020-06-08 10:12:56.354 write initial data to InfluxDB successfully, status code is 204

2020-06-08 10:12:56.354 start obtaining value of specified variables

2020-06-08 10:12:56.354 obtain value of specified variables successfully

2020-06-08 10:12:56.354 FMU simulate a step from t=1.7

2020-06-08 10:12:56.354 FMU simulate the step from t=1.7 successfully

2020-06-08 10:12:56.354 start writing data after this step to InfluxDB

2020-06-08 10:12:56.356 write initial data to InfluxDB successfully, status code is 204

2020-06-08 10:12:56.356 start obtaining value of specified variables

2020-06-08 10:12:56.356 obtain value of specified variables successfully

2020-06-08 10:12:56.356 FMU simulate a step from t=1.8

2020-06-08 10:12:56.356 FMU simulate the step from t=1.8 successfully

2020-06-08 10:12:56.356 start writing data after this step to InfluxDB

2020-06-08 10:12:56.358 write initial data to InfluxDB successfully, status code is 204

2020-06-08 10:12:56.358 start obtaining value of specified variables

2020-06-08 10:12:56.358 obtain value of specified variables successfully

2020-06-08 10:12:56.358 FMU simulate a step from t=1.9

2020-06-08 10:12:56.358 FMU simulate the step from t=1.9 successfully

2020-06-08 10:12:56.358 start writing data after this step to InfluxDB

2020-06-08 10:12:56.359 write initial data to InfluxDB successfully, status code is 204

2020-06-08 10:12:56.360 start obtaining value of specified variables

2020-06-08 10:12:56.360 obtain value of specified variables successfully

2020-06-08 10:12:56.360 end simulation successfully

2020-06-08 10:12:56.406 release 'fmu10/fmu/cs/win64/bouncingBall.fmu' successfully

2020-06-08 10:12:56.406 disconnect from InfluxDB  127.0.0.1 : 8086 successfully

2020-06-08 10:19:59.786 start loading 'fmu10/fmu/cs/win64/inc.fmu'

2020-06-08 10:19:59.912 load 'fmu10/fmu/cs/win64/inc.fmu' successfully

2020-06-08 10:19:59.912 start connecting to InfluxDB 127.0.0.1 : 8086

2020-06-08 10:19:59.919 connect to InfluxDB 127.0.0.1 : 8086 successfully

2020-06-08 10:19:59.919 start instantiating fmu

2020-06-08 10:19:59.920 instantiate fmu successfully

2020-06-08 10:19:59.920 start initializing fmu

2020-06-08 10:19:59.920 initialize fmu successfully

2020-06-08 10:19:59.920 start setting inputs

2020-06-08 10:19:59.920 set inputs successfully

2020-06-08 10:19:59.920 FMU Simulator: run 'fmu10/fmu/cs/win64/inc.fmu' from t=0..1 with step size h=0.1

2020-06-08 10:19:59.935 write initial data to InfluxDB successfully, status code is 204

2020-06-08 10:19:59.935 FMU simulate a step from t=0

2020-06-08 10:19:59.935 FMU simulate the step from t=0 successfully

2020-06-08 10:19:59.935 start writing data after this step to InfluxDB

2020-06-08 10:19:59.939 write initial data to InfluxDB successfully, status code is 204

2020-06-08 10:19:59.939 start obtaining value of specified variables

2020-06-08 10:19:59.939 obtain value of specified variables successfully

2020-06-08 10:19:59.940 FMU simulate a step from t=0.1

2020-06-08 10:19:59.940 FMU simulate the step from t=0.1 successfully

2020-06-08 10:19:59.940 start writing data after this step to InfluxDB

2020-06-08 10:19:59.941 write initial data to InfluxDB successfully, status code is 204

2020-06-08 10:19:59.942 start obtaining value of specified variables

2020-06-08 10:19:59.942 obtain value of specified variables successfully

2020-06-08 10:19:59.942 FMU simulate a step from t=0.2

2020-06-08 10:19:59.942 FMU simulate the step from t=0.2 successfully

2020-06-08 10:19:59.942 start writing data after this step to InfluxDB

2020-06-08 10:19:59.943 write initial data to InfluxDB successfully, status code is 204

2020-06-08 10:19:59.943 start obtaining value of specified variables

2020-06-08 10:19:59.944 obtain value of specified variables successfully

2020-06-08 10:19:59.944 FMU simulate a step from t=0.3

2020-06-08 10:19:59.944 FMU simulate the step from t=0.3 successfully

2020-06-08 10:19:59.944 start writing data after this step to InfluxDB

2020-06-08 10:19:59.946 write initial data to InfluxDB successfully, status code is 204

2020-06-08 10:19:59.946 start obtaining value of specified variables

2020-06-08 10:19:59.946 obtain value of specified variables successfully

2020-06-08 10:19:59.946 FMU simulate a step from t=0.4

2020-06-08 10:19:59.946 FMU simulate the step from t=0.4 successfully

2020-06-08 10:19:59.946 start writing data after this step to InfluxDB

2020-06-08 10:19:59.948 write initial data to InfluxDB successfully, status code is 204

2020-06-08 10:19:59.948 start obtaining value of specified variables

2020-06-08 10:19:59.948 obtain value of specified variables successfully

2020-06-08 10:19:59.948 FMU simulate a step from t=0.5

2020-06-08 10:19:59.948 FMU simulate the step from t=0.5 successfully

2020-06-08 10:19:59.948 start writing data after this step to InfluxDB

2020-06-08 10:19:59.950 write initial data to InfluxDB successfully, status code is 204

2020-06-08 10:19:59.950 start obtaining value of specified variables

2020-06-08 10:19:59.950 obtain value of specified variables successfully

2020-06-08 10:19:59.950 FMU simulate a step from t=0.6

2020-06-08 10:19:59.950 FMU simulate the step from t=0.6 successfully

2020-06-08 10:19:59.950 start writing data after this step to InfluxDB

2020-06-08 10:19:59.952 write initial data to InfluxDB successfully, status code is 204

2020-06-08 10:19:59.952 start obtaining value of specified variables

2020-06-08 10:19:59.952 obtain value of specified variables successfully

2020-06-08 10:19:59.952 FMU simulate a step from t=0.7

2020-06-08 10:19:59.952 FMU simulate the step from t=0.7 successfully

2020-06-08 10:19:59.952 start writing data after this step to InfluxDB

2020-06-08 10:19:59.955 write initial data to InfluxDB successfully, status code is 204

2020-06-08 10:19:59.955 start obtaining value of specified variables

2020-06-08 10:19:59.955 obtain value of specified variables successfully

2020-06-08 10:19:59.955 FMU simulate a step from t=0.8

2020-06-08 10:19:59.955 FMU simulate the step from t=0.8 successfully

2020-06-08 10:19:59.955 start writing data after this step to InfluxDB

2020-06-08 10:19:59.958 write initial data to InfluxDB successfully, status code is 204

2020-06-08 10:19:59.958 start obtaining value of specified variables

2020-06-08 10:19:59.958 obtain value of specified variables successfully

2020-06-08 10:19:59.958 FMU simulate a step from t=0.9

2020-06-08 10:19:59.958 FMU simulate the step from t=0.9 successfully

2020-06-08 10:19:59.958 start writing data after this step to InfluxDB

2020-06-08 10:19:59.960 write initial data to InfluxDB successfully, status code is 204

2020-06-08 10:19:59.960 start obtaining value of specified variables

2020-06-08 10:19:59.960 obtain value of specified variables successfully

2020-06-08 10:19:59.960 FMU simulate a step from t=1

2020-06-08 10:19:59.960 FMU simulate the step from t=1 successfully

2020-06-08 10:19:59.960 start writing data after this step to InfluxDB

2020-06-08 10:19:59.962 write initial data to InfluxDB successfully, status code is 204

2020-06-08 10:19:59.962 start obtaining value of specified variables

2020-06-08 10:19:59.962 obtain value of specified variables successfully

2020-06-08 10:19:59.963 end simulation successfully

2020-06-08 10:20:00.016 release 'fmu10/fmu/cs/win64/inc.fmu' successfully

2020-06-08 10:20:00.016 disconnect from InfluxDB  127.0.0.1 : 8086 successfully

2020-06-08 10:20:23.672 start loading 'fmu10/fmu/cs/win64/inc.fmu'

2020-06-08 10:20:23.761 load 'fmu10/fmu/cs/win64/inc.fmu' successfully

2020-06-08 10:20:23.761 start connecting to InfluxDB 127.0.0.1 : 8086

2020-06-08 10:20:23.768 connect to InfluxDB 127.0.0.1 : 8086 successfully

2020-06-08 10:20:23.768 start instantiating fmu

2020-06-08 10:20:23.770 instantiate fmu successfully

2020-06-08 10:20:23.770 start initializing fmu

2020-06-08 10:20:23.770 initialize fmu successfully

2020-06-08 10:20:23.770 start setting inputs

2020-06-08 10:20:23.770 set inputs successfully

2020-06-08 10:20:23.770 FMU Simulator: run 'fmu10/fmu/cs/win64/inc.fmu' from t=0..1 with step size h=0.1

2020-06-08 10:20:23.772 write initial data to InfluxDB failed, status code is 400

2020-06-08 10:20:54.688 start loading 'fmu10/fmu/cs/win64/inc.fmu'

2020-06-08 10:20:54.797 load 'fmu10/fmu/cs/win64/inc.fmu' successfully

2020-06-08 10:20:54.797 start connecting to InfluxDB 127.0.0.1 : 8086

2020-06-08 10:20:54.805 connect to InfluxDB 127.0.0.1 : 8086 successfully

2020-06-08 10:20:54.806 start instantiating fmu

2020-06-08 10:20:54.807 instantiate fmu successfully

2020-06-08 10:20:54.807 start initializing fmu

2020-06-08 10:20:54.807 initialize fmu successfully

2020-06-08 10:20:54.807 start setting inputs

2020-06-08 10:20:54.807 set inputs successfully

2020-06-08 10:20:54.807 FMU Simulator: run 'fmu10/fmu/cs/win64/inc.fmu' from t=0..1 with step size h=0.1

2020-06-08 10:20:54.821 write initial data to InfluxDB successfully, status code is 204

2020-06-08 10:20:54.821 FMU simulate a step from t=0

2020-06-08 10:20:54.821 could not simulate this step from t=0

2020-06-08 10:25:53.751 start loading 'fmu10/fmu/cs/win64/dq.fmu'

2020-06-08 10:25:53.861 load 'fmu10/fmu/cs/win64/dq.fmu' successfully

2020-06-08 10:25:53.861 start connecting to InfluxDB 127.0.0.1 : 8086

2020-06-08 10:25:53.868 connect to InfluxDB 127.0.0.1 : 8086 successfully

2020-06-08 10:25:53.868 start instantiating fmu

2020-06-08 10:25:53.869 instantiate fmu successfully

2020-06-08 10:25:53.869 start initializing fmu

2020-06-08 10:25:53.869 initialize fmu successfully

2020-06-08 10:25:53.870 start setting inputs

2020-06-08 10:25:53.870 set inputs successfully

2020-06-08 10:25:53.870 FMU Simulator: run 'fmu10/fmu/cs/win64/dq.fmu' from t=0..1 with step size h=0.1

2020-06-08 10:25:53.884 write initial data to InfluxDB successfully, status code is 204

2020-06-08 10:25:53.884 FMU simulate a step from t=0

2020-06-08 10:25:53.884 FMU simulate the step from t=0 successfully

2020-06-08 10:25:53.884 start writing data after this step to InfluxDB

2020-06-08 10:25:53.886 write initial data to InfluxDB successfully, status code is 204

2020-06-08 10:25:53.886 start obtaining value of specified variables

2020-06-08 10:25:53.886 obtain value of specified variables successfully

2020-06-08 10:25:53.886 FMU simulate a step from t=0.1

2020-06-08 10:25:53.886 FMU simulate the step from t=0.1 successfully

2020-06-08 10:25:53.886 start writing data after this step to InfluxDB

2020-06-08 10:25:53.888 write initial data to InfluxDB successfully, status code is 204

2020-06-08 10:25:53.888 start obtaining value of specified variables

2020-06-08 10:25:53.888 obtain value of specified variables successfully

2020-06-08 10:25:53.888 FMU simulate a step from t=0.2

2020-06-08 10:25:53.888 FMU simulate the step from t=0.2 successfully

2020-06-08 10:25:53.888 start writing data after this step to InfluxDB

2020-06-08 10:25:53.890 write initial data to InfluxDB successfully, status code is 204

2020-06-08 10:25:53.891 start obtaining value of specified variables

2020-06-08 10:25:53.891 obtain value of specified variables successfully

2020-06-08 10:25:53.891 FMU simulate a step from t=0.3

2020-06-08 10:25:53.891 FMU simulate the step from t=0.3 successfully

2020-06-08 10:25:53.891 start writing data after this step to InfluxDB

2020-06-08 10:25:53.893 write initial data to InfluxDB successfully, status code is 204

2020-06-08 10:25:53.893 start obtaining value of specified variables

2020-06-08 10:25:53.893 obtain value of specified variables successfully

2020-06-08 10:25:53.893 FMU simulate a step from t=0.4

2020-06-08 10:25:53.893 FMU simulate the step from t=0.4 successfully

2020-06-08 10:25:53.893 start writing data after this step to InfluxDB

2020-06-08 10:25:53.894 write initial data to InfluxDB successfully, status code is 204

2020-06-08 10:25:53.894 start obtaining value of specified variables

2020-06-08 10:25:53.894 obtain value of specified variables successfully

2020-06-08 10:25:53.894 FMU simulate a step from t=0.5

2020-06-08 10:25:53.894 FMU simulate the step from t=0.5 successfully

2020-06-08 10:25:53.894 start writing data after this step to InfluxDB

2020-06-08 10:25:53.896 write initial data to InfluxDB successfully, status code is 204

2020-06-08 10:25:53.896 start obtaining value of specified variables

2020-06-08 10:25:53.896 obtain value of specified variables successfully

2020-06-08 10:25:53.896 FMU simulate a step from t=0.6

2020-06-08 10:25:53.896 FMU simulate the step from t=0.6 successfully

2020-06-08 10:25:53.896 start writing data after this step to InfluxDB

2020-06-08 10:25:53.897 write initial data to InfluxDB successfully, status code is 204

2020-06-08 10:25:53.897 start obtaining value of specified variables

2020-06-08 10:25:53.898 obtain value of specified variables successfully

2020-06-08 10:25:53.898 FMU simulate a step from t=0.7

2020-06-08 10:25:53.898 FMU simulate the step from t=0.7 successfully

2020-06-08 10:25:53.898 start writing data after this step to InfluxDB

2020-06-08 10:25:53.899 write initial data to InfluxDB successfully, status code is 204

2020-06-08 10:25:53.899 start obtaining value of specified variables

2020-06-08 10:25:53.899 obtain value of specified variables successfully

2020-06-08 10:25:53.899 FMU simulate a step from t=0.8

2020-06-08 10:25:53.899 FMU simulate the step from t=0.8 successfully

2020-06-08 10:25:53.899 start writing data after this step to InfluxDB

2020-06-08 10:25:53.900 write initial data to InfluxDB successfully, status code is 204

2020-06-08 10:25:53.901 start obtaining value of specified variables

2020-06-08 10:25:53.901 obtain value of specified variables successfully

2020-06-08 10:25:53.901 FMU simulate a step from t=0.9

2020-06-08 10:25:53.901 FMU simulate the step from t=0.9 successfully

2020-06-08 10:25:53.901 start writing data after this step to InfluxDB

2020-06-08 10:25:53.902 write initial data to InfluxDB successfully, status code is 204

2020-06-08 10:25:53.902 start obtaining value of specified variables

2020-06-08 10:25:53.902 obtain value of specified variables successfully

2020-06-08 10:25:53.902 FMU simulate a step from t=1

2020-06-08 10:25:53.902 FMU simulate the step from t=1 successfully

2020-06-08 10:25:53.902 start writing data after this step to InfluxDB

2020-06-08 10:25:53.904 write initial data to InfluxDB successfully, status code is 204

2020-06-08 10:25:53.904 start obtaining value of specified variables

2020-06-08 10:25:53.904 obtain value of specified variables successfully

2020-06-08 10:25:53.904 end simulation successfully

2020-06-08 10:25:53.974 release 'fmu10/fmu/cs/win64/dq.fmu' successfully

2020-06-08 10:25:53.974 disconnect from InfluxDB  127.0.0.1 : 8086 successfully

2020-06-08 10:26:05.822 start loading 'fmu10/fmu/cs/win64/dq.fmu'

2020-06-08 10:26:05.909 load 'fmu10/fmu/cs/win64/dq.fmu' successfully

2020-06-08 10:26:05.909 start connecting to InfluxDB 127.0.0.1 : 8086

2020-06-08 10:26:05.916 connect to InfluxDB 127.0.0.1 : 8086 successfully

2020-06-08 10:26:05.916 start instantiating fmu

2020-06-08 10:26:05.917 instantiate fmu successfully

2020-06-08 10:26:05.917 start initializing fmu

2020-06-08 10:26:05.917 initialize fmu successfully

2020-06-08 10:26:05.917 start setting inputs

2020-06-08 10:26:05.917 set inputs successfully

2020-06-08 10:26:05.918 FMU Simulator: run 'fmu10/fmu/cs/win64/dq.fmu' from t=0..1 with step size h=0.1

2020-06-08 10:26:05.922 write initial data to InfluxDB successfully, status code is 204

2020-06-08 10:26:05.922 FMU simulate a step from t=0

2020-06-08 10:26:05.922 FMU simulate the step from t=0 successfully

2020-06-08 10:26:05.922 start writing data after this step to InfluxDB

2020-06-08 10:26:05.926 write initial data to InfluxDB successfully, status code is 204

2020-06-08 10:26:05.927 start obtaining value of specified variables

2020-06-08 10:26:05.927 obtain value of specified variables successfully

2020-06-08 10:26:05.927 FMU simulate a step from t=0.1

2020-06-08 10:26:05.927 FMU simulate the step from t=0.1 successfully

2020-06-08 10:26:05.927 start writing data after this step to InfluxDB

2020-06-08 10:26:05.929 write initial data to InfluxDB successfully, status code is 204

2020-06-08 10:26:05.929 start obtaining value of specified variables

2020-06-08 10:26:05.929 obtain value of specified variables successfully

2020-06-08 10:26:05.929 FMU simulate a step from t=0.2

2020-06-08 10:26:05.929 FMU simulate the step from t=0.2 successfully

2020-06-08 10:26:05.929 start writing data after this step to InfluxDB

2020-06-08 10:26:05.931 write initial data to InfluxDB successfully, status code is 204

2020-06-08 10:26:05.931 start obtaining value of specified variables

2020-06-08 10:26:05.931 obtain value of specified variables successfully

2020-06-08 10:26:05.931 FMU simulate a step from t=0.3

2020-06-08 10:26:05.931 FMU simulate the step from t=0.3 successfully

2020-06-08 10:26:05.931 start writing data after this step to InfluxDB

2020-06-08 10:26:05.932 write initial data to InfluxDB successfully, status code is 204

2020-06-08 10:26:05.932 start obtaining value of specified variables

2020-06-08 10:26:05.932 obtain value of specified variables successfully

2020-06-08 10:26:05.933 FMU simulate a step from t=0.4

2020-06-08 10:26:05.933 FMU simulate the step from t=0.4 successfully

2020-06-08 10:26:05.933 start writing data after this step to InfluxDB

2020-06-08 10:26:05.935 write initial data to InfluxDB successfully, status code is 204

2020-06-08 10:26:05.935 start obtaining value of specified variables

2020-06-08 10:26:05.935 obtain value of specified variables successfully

2020-06-08 10:26:05.935 FMU simulate a step from t=0.5

2020-06-08 10:26:05.935 FMU simulate the step from t=0.5 successfully

2020-06-08 10:26:05.935 start writing data after this step to InfluxDB

2020-06-08 10:26:05.937 write initial data to InfluxDB successfully, status code is 204

2020-06-08 10:26:05.937 start obtaining value of specified variables

2020-06-08 10:26:05.937 obtain value of specified variables successfully

2020-06-08 10:26:05.937 FMU simulate a step from t=0.6

2020-06-08 10:26:05.937 FMU simulate the step from t=0.6 successfully

2020-06-08 10:26:05.937 start writing data after this step to InfluxDB

2020-06-08 10:26:05.939 write initial data to InfluxDB successfully, status code is 204

2020-06-08 10:26:05.939 start obtaining value of specified variables

2020-06-08 10:26:05.939 obtain value of specified variables successfully

2020-06-08 10:26:05.939 FMU simulate a step from t=0.7

2020-06-08 10:26:05.939 FMU simulate the step from t=0.7 successfully

2020-06-08 10:26:05.939 start writing data after this step to InfluxDB

2020-06-08 10:26:05.941 write initial data to InfluxDB successfully, status code is 204

2020-06-08 10:26:05.941 start obtaining value of specified variables

2020-06-08 10:26:05.941 obtain value of specified variables successfully

2020-06-08 10:26:05.941 FMU simulate a step from t=0.8

2020-06-08 10:26:05.941 FMU simulate the step from t=0.8 successfully

2020-06-08 10:26:05.941 start writing data after this step to InfluxDB

2020-06-08 10:26:05.942 write initial data to InfluxDB successfully, status code is 204

2020-06-08 10:26:05.942 start obtaining value of specified variables

2020-06-08 10:26:05.942 obtain value of specified variables successfully

2020-06-08 10:26:05.942 FMU simulate a step from t=0.9

2020-06-08 10:26:05.942 FMU simulate the step from t=0.9 successfully

2020-06-08 10:26:05.942 start writing data after this step to InfluxDB

2020-06-08 10:26:05.944 write initial data to InfluxDB successfully, status code is 204

2020-06-08 10:26:05.944 start obtaining value of specified variables

2020-06-08 10:26:05.944 obtain value of specified variables successfully

2020-06-08 10:26:05.944 FMU simulate a step from t=1

2020-06-08 10:26:05.944 FMU simulate the step from t=1 successfully

2020-06-08 10:26:05.944 start writing data after this step to InfluxDB

2020-06-08 10:26:05.945 write initial data to InfluxDB successfully, status code is 204

2020-06-08 10:26:05.945 start obtaining value of specified variables

2020-06-08 10:26:05.945 obtain value of specified variables successfully

2020-06-08 10:26:05.945 end simulation successfully

2020-06-08 10:26:05.990 release 'fmu10/fmu/cs/win64/dq.fmu' successfully

2020-06-08 10:26:05.991 disconnect from InfluxDB  127.0.0.1 : 8086 successfully

2020-06-08 10:30:54.156 start loading 'fmu10/fmu/cs/win64/vanDerPol.fmu'

2020-06-08 10:30:54.270 load 'fmu10/fmu/cs/win64/vanDerPol.fmu' successfully

2020-06-08 10:30:54.270 start connecting to InfluxDB 127.0.0.1 : 8086

2020-06-08 10:30:54.279 connect to InfluxDB 127.0.0.1 : 8086 successfully

2020-06-08 10:30:54.279 start instantiating fmu

2020-06-08 10:30:54.280 instantiate fmu successfully

2020-06-08 10:30:54.280 start initializing fmu

2020-06-08 10:30:54.280 initialize fmu successfully

2020-06-08 10:30:54.280 start setting inputs

2020-06-08 10:30:54.280 set inputs successfully

2020-06-08 10:30:54.280 FMU Simulator: run 'fmu10/fmu/cs/win64/vanDerPol.fmu' from t=0..2 with step size h=0.1

2020-06-08 10:30:54.308 write initial data to InfluxDB successfully, status code is 204

2020-06-08 10:30:54.308 FMU simulate a step from t=0

2020-06-08 10:30:54.308 FMU simulate the step from t=0 successfully

2020-06-08 10:30:54.308 start writing data after this step to InfluxDB

2020-06-08 10:30:54.313 write initial data to InfluxDB successfully, status code is 204

2020-06-08 10:30:54.313 start obtaining value of specified variables

2020-06-08 10:30:54.313 obtain value of specified variables successfully

2020-06-08 10:30:54.313 FMU simulate a step from t=0.1

2020-06-08 10:30:54.313 FMU simulate the step from t=0.1 successfully

2020-06-08 10:30:54.313 start writing data after this step to InfluxDB

2020-06-08 10:30:54.315 write initial data to InfluxDB successfully, status code is 204

2020-06-08 10:30:54.315 start obtaining value of specified variables

2020-06-08 10:30:54.315 obtain value of specified variables successfully

2020-06-08 10:30:54.315 FMU simulate a step from t=0.2

2020-06-08 10:30:54.315 FMU simulate the step from t=0.2 successfully

2020-06-08 10:30:54.315 start writing data after this step to InfluxDB

2020-06-08 10:30:54.318 write initial data to InfluxDB successfully, status code is 204

2020-06-08 10:30:54.318 start obtaining value of specified variables

2020-06-08 10:30:54.318 obtain value of specified variables successfully

2020-06-08 10:30:54.318 FMU simulate a step from t=0.3

2020-06-08 10:30:54.318 FMU simulate the step from t=0.3 successfully

2020-06-08 10:30:54.318 start writing data after this step to InfluxDB

2020-06-08 10:30:54.319 write initial data to InfluxDB successfully, status code is 204

2020-06-08 10:30:54.319 start obtaining value of specified variables

2020-06-08 10:30:54.319 obtain value of specified variables successfully

2020-06-08 10:30:54.319 FMU simulate a step from t=0.4

2020-06-08 10:30:54.319 FMU simulate the step from t=0.4 successfully

2020-06-08 10:30:54.319 start writing data after this step to InfluxDB

2020-06-08 10:30:54.322 write initial data to InfluxDB successfully, status code is 204

2020-06-08 10:30:54.322 start obtaining value of specified variables

2020-06-08 10:30:54.322 obtain value of specified variables successfully

2020-06-08 10:30:54.322 FMU simulate a step from t=0.5

2020-06-08 10:30:54.322 FMU simulate the step from t=0.5 successfully

2020-06-08 10:30:54.322 start writing data after this step to InfluxDB

2020-06-08 10:30:54.331 write initial data to InfluxDB successfully, status code is 204

2020-06-08 10:30:54.331 start obtaining value of specified variables

2020-06-08 10:30:54.331 obtain value of specified variables successfully

2020-06-08 10:30:54.331 FMU simulate a step from t=0.6

2020-06-08 10:30:54.331 FMU simulate the step from t=0.6 successfully

2020-06-08 10:30:54.331 start writing data after this step to InfluxDB

2020-06-08 10:30:54.334 write initial data to InfluxDB successfully, status code is 204

2020-06-08 10:30:54.334 start obtaining value of specified variables

2020-06-08 10:30:54.334 obtain value of specified variables successfully

2020-06-08 10:30:54.334 FMU simulate a step from t=0.7

2020-06-08 10:30:54.334 FMU simulate the step from t=0.7 successfully

2020-06-08 10:30:54.334 start writing data after this step to InfluxDB

2020-06-08 10:30:54.336 write initial data to InfluxDB successfully, status code is 204

2020-06-08 10:30:54.336 start obtaining value of specified variables

2020-06-08 10:30:54.336 obtain value of specified variables successfully

2020-06-08 10:30:54.336 FMU simulate a step from t=0.8

2020-06-08 10:30:54.336 FMU simulate the step from t=0.8 successfully

2020-06-08 10:30:54.336 start writing data after this step to InfluxDB

2020-06-08 10:30:54.338 write initial data to InfluxDB successfully, status code is 204

2020-06-08 10:30:54.338 start obtaining value of specified variables

2020-06-08 10:30:54.338 obtain value of specified variables successfully

2020-06-08 10:30:54.338 FMU simulate a step from t=0.9

2020-06-08 10:30:54.338 FMU simulate the step from t=0.9 successfully

2020-06-08 10:30:54.338 start writing data after this step to InfluxDB

2020-06-08 10:30:54.339 write initial data to InfluxDB successfully, status code is 204

2020-06-08 10:30:54.340 start obtaining value of specified variables

2020-06-08 10:30:54.340 obtain value of specified variables successfully

2020-06-08 10:30:54.340 FMU simulate a step from t=1

2020-06-08 10:30:54.340 FMU simulate the step from t=1 successfully

2020-06-08 10:30:54.340 start writing data after this step to InfluxDB

2020-06-08 10:30:54.342 write initial data to InfluxDB successfully, status code is 204

2020-06-08 10:30:54.342 start obtaining value of specified variables

2020-06-08 10:30:54.342 obtain value of specified variables successfully

2020-06-08 10:30:54.342 FMU simulate a step from t=1.1

2020-06-08 10:30:54.342 FMU simulate the step from t=1.1 successfully

2020-06-08 10:30:54.342 start writing data after this step to InfluxDB

2020-06-08 10:30:54.345 write initial data to InfluxDB successfully, status code is 204

2020-06-08 10:30:54.345 start obtaining value of specified variables

2020-06-08 10:30:54.345 obtain value of specified variables successfully

2020-06-08 10:30:54.345 FMU simulate a step from t=1.2

2020-06-08 10:30:54.345 FMU simulate the step from t=1.2 successfully

2020-06-08 10:30:54.345 start writing data after this step to InfluxDB

2020-06-08 10:30:54.348 write initial data to InfluxDB successfully, status code is 204

2020-06-08 10:30:54.348 start obtaining value of specified variables

2020-06-08 10:30:54.348 obtain value of specified variables successfully

2020-06-08 10:30:54.348 FMU simulate a step from t=1.3

2020-06-08 10:30:54.348 FMU simulate the step from t=1.3 successfully

2020-06-08 10:30:54.348 start writing data after this step to InfluxDB

2020-06-08 10:30:54.350 write initial data to InfluxDB successfully, status code is 204

2020-06-08 10:30:54.350 start obtaining value of specified variables

2020-06-08 10:30:54.350 obtain value of specified variables successfully

2020-06-08 10:30:54.350 FMU simulate a step from t=1.4

2020-06-08 10:30:54.350 FMU simulate the step from t=1.4 successfully

2020-06-08 10:30:54.350 start writing data after this step to InfluxDB

2020-06-08 10:30:54.352 write initial data to InfluxDB successfully, status code is 204

2020-06-08 10:30:54.352 start obtaining value of specified variables

2020-06-08 10:30:54.352 obtain value of specified variables successfully

2020-06-08 10:30:54.352 FMU simulate a step from t=1.5

2020-06-08 10:30:54.353 FMU simulate the step from t=1.5 successfully

2020-06-08 10:30:54.353 start writing data after this step to InfluxDB

2020-06-08 10:30:54.355 write initial data to InfluxDB successfully, status code is 204

2020-06-08 10:30:54.355 start obtaining value of specified variables

2020-06-08 10:30:54.355 obtain value of specified variables successfully

2020-06-08 10:30:54.355 FMU simulate a step from t=1.6

2020-06-08 10:30:54.355 FMU simulate the step from t=1.6 successfully

2020-06-08 10:30:54.355 start writing data after this step to InfluxDB

2020-06-08 10:30:54.357 write initial data to InfluxDB successfully, status code is 204

2020-06-08 10:30:54.357 start obtaining value of specified variables

2020-06-08 10:30:54.357 obtain value of specified variables successfully

2020-06-08 10:30:54.358 FMU simulate a step from t=1.7

2020-06-08 10:30:54.358 FMU simulate the step from t=1.7 successfully

2020-06-08 10:30:54.358 start writing data after this step to InfluxDB

2020-06-08 10:30:54.360 write initial data to InfluxDB successfully, status code is 204

2020-06-08 10:30:54.360 start obtaining value of specified variables

2020-06-08 10:30:54.360 obtain value of specified variables successfully

2020-06-08 10:30:54.360 FMU simulate a step from t=1.8

2020-06-08 10:30:54.360 FMU simulate the step from t=1.8 successfully

2020-06-08 10:30:54.360 start writing data after this step to InfluxDB

2020-06-08 10:30:54.363 write initial data to InfluxDB successfully, status code is 204

2020-06-08 10:30:54.363 start obtaining value of specified variables

2020-06-08 10:30:54.363 obtain value of specified variables successfully

2020-06-08 10:30:54.363 FMU simulate a step from t=1.9

2020-06-08 10:30:54.363 FMU simulate the step from t=1.9 successfully

2020-06-08 10:30:54.363 start writing data after this step to InfluxDB

2020-06-08 10:30:54.367 write initial data to InfluxDB successfully, status code is 204

2020-06-08 10:30:54.367 start obtaining value of specified variables

2020-06-08 10:30:54.367 obtain value of specified variables successfully

2020-06-08 10:30:54.367 end simulation successfully

2020-06-08 10:30:54.425 release 'fmu10/fmu/cs/win64/vanDerPol.fmu' successfully

2020-06-08 10:30:54.426 disconnect from InfluxDB  127.0.0.1 : 8086 successfully

2020-06-08 10:31:05.300 start loading 'fmu10/fmu/cs/win64/vanDerPol.fmu'

2020-06-08 10:31:05.384 load 'fmu10/fmu/cs/win64/vanDerPol.fmu' successfully

2020-06-08 10:31:05.384 start connecting to InfluxDB 127.0.0.1 : 8086

2020-06-08 10:31:05.395 connect to InfluxDB 127.0.0.1 : 8086 successfully

2020-06-08 10:31:05.395 start instantiating fmu

2020-06-08 10:31:05.396 instantiate fmu successfully

2020-06-08 10:31:05.396 start initializing fmu

2020-06-08 10:31:05.396 initialize fmu successfully

2020-06-08 10:31:05.396 start setting inputs

2020-06-08 10:31:05.396 set inputs successfully

2020-06-08 10:31:05.396 FMU Simulator: run 'fmu10/fmu/cs/win64/vanDerPol.fmu' from t=0..2 with step size h=0.1

2020-06-08 10:31:05.406 write initial data to InfluxDB successfully, status code is 204

2020-06-08 10:31:05.406 FMU simulate a step from t=0

2020-06-08 10:31:05.406 FMU simulate the step from t=0 successfully

2020-06-08 10:31:05.406 start writing data after this step to InfluxDB

2020-06-08 10:31:05.409 write initial data to InfluxDB successfully, status code is 204

2020-06-08 10:31:05.409 start obtaining value of specified variables

2020-06-08 10:31:05.409 obtain value of specified variables successfully

2020-06-08 10:31:05.409 FMU simulate a step from t=0.1

2020-06-08 10:31:05.409 FMU simulate the step from t=0.1 successfully

2020-06-08 10:31:05.409 start writing data after this step to InfluxDB

2020-06-08 10:31:05.411 write initial data to InfluxDB successfully, status code is 204

2020-06-08 10:31:05.411 start obtaining value of specified variables

2020-06-08 10:31:05.411 obtain value of specified variables successfully

2020-06-08 10:31:05.411 FMU simulate a step from t=0.2

2020-06-08 10:31:05.411 FMU simulate the step from t=0.2 successfully

2020-06-08 10:31:05.411 start writing data after this step to InfluxDB

2020-06-08 10:31:05.413 write initial data to InfluxDB successfully, status code is 204

2020-06-08 10:31:05.413 start obtaining value of specified variables

2020-06-08 10:31:05.413 obtain value of specified variables successfully

2020-06-08 10:31:05.413 FMU simulate a step from t=0.3

2020-06-08 10:31:05.413 FMU simulate the step from t=0.3 successfully

2020-06-08 10:31:05.413 start writing data after this step to InfluxDB

2020-06-08 10:31:05.414 write initial data to InfluxDB successfully, status code is 204

2020-06-08 10:31:05.414 start obtaining value of specified variables

2020-06-08 10:31:05.414 obtain value of specified variables successfully

2020-06-08 10:31:05.415 FMU simulate a step from t=0.4

2020-06-08 10:31:05.415 FMU simulate the step from t=0.4 successfully

2020-06-08 10:31:05.415 start writing data after this step to InfluxDB

2020-06-08 10:31:05.416 write initial data to InfluxDB successfully, status code is 204

2020-06-08 10:31:05.416 start obtaining value of specified variables

2020-06-08 10:31:05.416 obtain value of specified variables successfully

2020-06-08 10:31:05.416 FMU simulate a step from t=0.5

2020-06-08 10:31:05.416 FMU simulate the step from t=0.5 successfully

2020-06-08 10:31:05.416 start writing data after this step to InfluxDB

2020-06-08 10:31:05.419 write initial data to InfluxDB successfully, status code is 204

2020-06-08 10:31:05.419 start obtaining value of specified variables

2020-06-08 10:31:05.419 obtain value of specified variables successfully

2020-06-08 10:31:05.419 FMU simulate a step from t=0.6

2020-06-08 10:31:05.419 FMU simulate the step from t=0.6 successfully

2020-06-08 10:31:05.419 start writing data after this step to InfluxDB

2020-06-08 10:31:05.421 write initial data to InfluxDB successfully, status code is 204

2020-06-08 10:31:05.421 start obtaining value of specified variables

2020-06-08 10:31:05.421 obtain value of specified variables successfully

2020-06-08 10:31:05.421 FMU simulate a step from t=0.7

2020-06-08 10:31:05.421 FMU simulate the step from t=0.7 successfully

2020-06-08 10:31:05.421 start writing data after this step to InfluxDB

2020-06-08 10:31:05.423 write initial data to InfluxDB successfully, status code is 204

2020-06-08 10:31:05.423 start obtaining value of specified variables

2020-06-08 10:31:05.423 obtain value of specified variables successfully

2020-06-08 10:31:05.423 FMU simulate a step from t=0.8

2020-06-08 10:31:05.423 FMU simulate the step from t=0.8 successfully

2020-06-08 10:31:05.423 start writing data after this step to InfluxDB

2020-06-08 10:31:05.424 write initial data to InfluxDB successfully, status code is 204

2020-06-08 10:31:05.424 start obtaining value of specified variables

2020-06-08 10:31:05.424 obtain value of specified variables successfully

2020-06-08 10:31:05.425 FMU simulate a step from t=0.9

2020-06-08 10:31:05.425 FMU simulate the step from t=0.9 successfully

2020-06-08 10:31:05.425 start writing data after this step to InfluxDB

2020-06-08 10:31:05.426 write initial data to InfluxDB successfully, status code is 204

2020-06-08 10:31:05.426 start obtaining value of specified variables

2020-06-08 10:31:05.426 obtain value of specified variables successfully

2020-06-08 10:31:05.426 FMU simulate a step from t=1

2020-06-08 10:31:05.426 FMU simulate the step from t=1 successfully

2020-06-08 10:31:05.426 start writing data after this step to InfluxDB

2020-06-08 10:31:05.428 write initial data to InfluxDB successfully, status code is 204

2020-06-08 10:31:05.428 start obtaining value of specified variables

2020-06-08 10:31:05.428 obtain value of specified variables successfully

2020-06-08 10:31:05.428 FMU simulate a step from t=1.1

2020-06-08 10:31:05.428 FMU simulate the step from t=1.1 successfully

2020-06-08 10:31:05.428 start writing data after this step to InfluxDB

2020-06-08 10:31:05.429 write initial data to InfluxDB successfully, status code is 204

2020-06-08 10:31:05.429 start obtaining value of specified variables

2020-06-08 10:31:05.430 obtain value of specified variables successfully

2020-06-08 10:31:05.430 FMU simulate a step from t=1.2

2020-06-08 10:31:05.430 FMU simulate the step from t=1.2 successfully

2020-06-08 10:31:05.430 start writing data after this step to InfluxDB

2020-06-08 10:31:05.431 write initial data to InfluxDB successfully, status code is 204

2020-06-08 10:31:05.431 start obtaining value of specified variables

2020-06-08 10:31:05.431 obtain value of specified variables successfully

2020-06-08 10:31:05.431 FMU simulate a step from t=1.3

2020-06-08 10:31:05.431 FMU simulate the step from t=1.3 successfully

2020-06-08 10:31:05.431 start writing data after this step to InfluxDB

2020-06-08 10:31:05.433 write initial data to InfluxDB successfully, status code is 204

2020-06-08 10:31:05.433 start obtaining value of specified variables

2020-06-08 10:31:05.433 obtain value of specified variables successfully

2020-06-08 10:31:05.433 FMU simulate a step from t=1.4

2020-06-08 10:31:05.433 FMU simulate the step from t=1.4 successfully

2020-06-08 10:31:05.433 start writing data after this step to InfluxDB

2020-06-08 10:31:05.434 write initial data to InfluxDB successfully, status code is 204

2020-06-08 10:31:05.434 start obtaining value of specified variables

2020-06-08 10:31:05.434 obtain value of specified variables successfully

2020-06-08 10:31:05.434 FMU simulate a step from t=1.5

2020-06-08 10:31:05.434 FMU simulate the step from t=1.5 successfully

2020-06-08 10:31:05.434 start writing data after this step to InfluxDB

2020-06-08 10:31:05.436 write initial data to InfluxDB successfully, status code is 204

2020-06-08 10:31:05.436 start obtaining value of specified variables

2020-06-08 10:31:05.436 obtain value of specified variables successfully

2020-06-08 10:31:05.436 FMU simulate a step from t=1.6

2020-06-08 10:31:05.436 FMU simulate the step from t=1.6 successfully

2020-06-08 10:31:05.436 start writing data after this step to InfluxDB

2020-06-08 10:31:05.437 write initial data to InfluxDB successfully, status code is 204

2020-06-08 10:31:05.437 start obtaining value of specified variables

2020-06-08 10:31:05.437 obtain value of specified variables successfully

2020-06-08 10:31:05.437 FMU simulate a step from t=1.7

2020-06-08 10:31:05.437 FMU simulate the step from t=1.7 successfully

2020-06-08 10:31:05.437 start writing data after this step to InfluxDB

2020-06-08 10:31:05.439 write initial data to InfluxDB successfully, status code is 204

2020-06-08 10:31:05.439 start obtaining value of specified variables

2020-06-08 10:31:05.439 obtain value of specified variables successfully

2020-06-08 10:31:05.439 FMU simulate a step from t=1.8

2020-06-08 10:31:05.439 FMU simulate the step from t=1.8 successfully

2020-06-08 10:31:05.439 start writing data after this step to InfluxDB

2020-06-08 10:31:05.441 write initial data to InfluxDB successfully, status code is 204

2020-06-08 10:31:05.441 start obtaining value of specified variables

2020-06-08 10:31:05.441 obtain value of specified variables successfully

2020-06-08 10:31:05.441 FMU simulate a step from t=1.9

2020-06-08 10:31:05.441 FMU simulate the step from t=1.9 successfully

2020-06-08 10:31:05.441 start writing data after this step to InfluxDB

2020-06-08 10:31:05.443 write initial data to InfluxDB successfully, status code is 204

2020-06-08 10:31:05.443 start obtaining value of specified variables

2020-06-08 10:31:05.443 obtain value of specified variables successfully

2020-06-08 10:31:05.443 end simulation successfully

2020-06-08 10:31:05.487 release 'fmu10/fmu/cs/win64/vanDerPol.fmu' successfully

2020-06-08 10:31:05.487 disconnect from InfluxDB  127.0.0.1 : 8086 successfully

2020-06-08 10:41:44.110 start loading 'fmu10/fmu/cs/win64/vanDerPol.fmu'

2020-06-08 10:41:44.229 load 'fmu10/fmu/cs/win64/vanDerPol.fmu' successfully

2020-06-08 10:41:44.229 start connecting to InfluxDB 127.0.0.1 : 8086

2020-06-08 10:41:44.240 connect to InfluxDB 127.0.0.1 : 8086 successfully

2020-06-08 10:41:44.240 start instantiating fmu

2020-06-08 10:41:44.241 instantiate fmu successfully

2020-06-08 10:41:44.241 start initializing fmu

2020-06-08 10:41:44.241 initialize fmu successfully

2020-06-08 10:41:44.241 start setting inputs

2020-06-08 10:41:44.241 set inputs successfully

2020-06-08 10:41:44.241 FMU Simulator: run 'fmu10/fmu/cs/win64/vanDerPol.fmu' from t=0..6 with step size h=0.1

2020-06-08 10:41:44.245 write initial data to InfluxDB successfully, status code is 204

2020-06-08 10:41:44.245 FMU simulate a step from t=0

2020-06-08 10:41:44.245 FMU simulate the step from t=0 successfully

2020-06-08 10:41:44.245 start writing data after this step to InfluxDB

2020-06-08 10:41:44.248 write initial data to InfluxDB successfully, status code is 204

2020-06-08 10:41:44.248 start obtaining value of specified variables

2020-06-08 10:41:44.248 obtain value of specified variables successfully

2020-06-08 10:41:44.248 FMU simulate a step from t=0.1

2020-06-08 10:41:44.248 FMU simulate the step from t=0.1 successfully

2020-06-08 10:41:44.248 start writing data after this step to InfluxDB

2020-06-08 10:41:44.252 write initial data to InfluxDB successfully, status code is 204

2020-06-08 10:41:44.252 start obtaining value of specified variables

2020-06-08 10:41:44.252 obtain value of specified variables successfully

2020-06-08 10:41:44.252 FMU simulate a step from t=0.2

2020-06-08 10:41:44.252 FMU simulate the step from t=0.2 successfully

2020-06-08 10:41:44.252 start writing data after this step to InfluxDB

2020-06-08 10:41:44.255 write initial data to InfluxDB successfully, status code is 204

2020-06-08 10:41:44.255 start obtaining value of specified variables

2020-06-08 10:41:44.255 obtain value of specified variables successfully

2020-06-08 10:41:44.255 FMU simulate a step from t=0.3

2020-06-08 10:41:44.255 FMU simulate the step from t=0.3 successfully

2020-06-08 10:41:44.255 start writing data after this step to InfluxDB

2020-06-08 10:41:44.258 write initial data to InfluxDB successfully, status code is 204

2020-06-08 10:41:44.258 start obtaining value of specified variables

2020-06-08 10:41:44.258 obtain value of specified variables successfully

2020-06-08 10:41:44.258 FMU simulate a step from t=0.4

2020-06-08 10:41:44.259 FMU simulate the step from t=0.4 successfully

2020-06-08 10:41:44.259 start writing data after this step to InfluxDB

2020-06-08 10:41:44.261 write initial data to InfluxDB successfully, status code is 204

2020-06-08 10:41:44.261 start obtaining value of specified variables

2020-06-08 10:41:44.261 obtain value of specified variables successfully

2020-06-08 10:41:44.261 FMU simulate a step from t=0.5

2020-06-08 10:41:44.261 FMU simulate the step from t=0.5 successfully

2020-06-08 10:41:44.261 start writing data after this step to InfluxDB

2020-06-08 10:41:44.266 write initial data to InfluxDB successfully, status code is 204

2020-06-08 10:41:44.266 start obtaining value of specified variables

2020-06-08 10:41:44.266 obtain value of specified variables successfully

2020-06-08 10:41:44.266 FMU simulate a step from t=0.6

2020-06-08 10:41:44.266 FMU simulate the step from t=0.6 successfully

2020-06-08 10:41:44.266 start writing data after this step to InfluxDB

2020-06-08 10:41:44.268 write initial data to InfluxDB successfully, status code is 204

2020-06-08 10:41:44.268 start obtaining value of specified variables

2020-06-08 10:41:44.268 obtain value of specified variables successfully

2020-06-08 10:41:44.268 FMU simulate a step from t=0.7

2020-06-08 10:41:44.268 FMU simulate the step from t=0.7 successfully

2020-06-08 10:41:44.268 start writing data after this step to InfluxDB

2020-06-08 10:41:44.270 write initial data to InfluxDB successfully, status code is 204

2020-06-08 10:41:44.271 start obtaining value of specified variables

2020-06-08 10:41:44.271 obtain value of specified variables successfully

2020-06-08 10:41:44.271 FMU simulate a step from t=0.8

2020-06-08 10:41:44.271 FMU simulate the step from t=0.8 successfully

2020-06-08 10:41:44.271 start writing data after this step to InfluxDB

2020-06-08 10:41:44.272 write initial data to InfluxDB successfully, status code is 204

2020-06-08 10:41:44.272 start obtaining value of specified variables

2020-06-08 10:41:44.272 obtain value of specified variables successfully

2020-06-08 10:41:44.272 FMU simulate a step from t=0.9

2020-06-08 10:41:44.272 FMU simulate the step from t=0.9 successfully

2020-06-08 10:41:44.272 start writing data after this step to InfluxDB

2020-06-08 10:41:44.274 write initial data to InfluxDB successfully, status code is 204

2020-06-08 10:41:44.274 start obtaining value of specified variables

2020-06-08 10:41:44.274 obtain value of specified variables successfully

2020-06-08 10:41:44.274 FMU simulate a step from t=1

2020-06-08 10:41:44.274 FMU simulate the step from t=1 successfully

2020-06-08 10:41:44.274 start writing data after this step to InfluxDB

2020-06-08 10:41:44.275 write initial data to InfluxDB successfully, status code is 204

2020-06-08 10:41:44.275 start obtaining value of specified variables

2020-06-08 10:41:44.275 obtain value of specified variables successfully

2020-06-08 10:41:44.275 FMU simulate a step from t=1.1

2020-06-08 10:41:44.275 FMU simulate the step from t=1.1 successfully

2020-06-08 10:41:44.275 start writing data after this step to InfluxDB

2020-06-08 10:41:44.277 write initial data to InfluxDB successfully, status code is 204

2020-06-08 10:41:44.277 start obtaining value of specified variables

2020-06-08 10:41:44.277 obtain value of specified variables successfully

2020-06-08 10:41:44.277 FMU simulate a step from t=1.2

2020-06-08 10:41:44.277 FMU simulate the step from t=1.2 successfully

2020-06-08 10:41:44.277 start writing data after this step to InfluxDB

2020-06-08 10:41:44.278 write initial data to InfluxDB successfully, status code is 204

2020-06-08 10:41:44.278 start obtaining value of specified variables

2020-06-08 10:41:44.278 obtain value of specified variables successfully

2020-06-08 10:41:44.278 FMU simulate a step from t=1.3

2020-06-08 10:41:44.279 FMU simulate the step from t=1.3 successfully

2020-06-08 10:41:44.279 start writing data after this step to InfluxDB

2020-06-08 10:41:44.280 write initial data to InfluxDB successfully, status code is 204

2020-06-08 10:41:44.280 start obtaining value of specified variables

2020-06-08 10:41:44.280 obtain value of specified variables successfully

2020-06-08 10:41:44.280 FMU simulate a step from t=1.4

2020-06-08 10:41:44.280 FMU simulate the step from t=1.4 successfully

2020-06-08 10:41:44.280 start writing data after this step to InfluxDB

2020-06-08 10:41:44.281 write initial data to InfluxDB successfully, status code is 204

2020-06-08 10:41:44.282 start obtaining value of specified variables

2020-06-08 10:41:44.282 obtain value of specified variables successfully

2020-06-08 10:41:44.282 FMU simulate a step from t=1.5

2020-06-08 10:41:44.282 FMU simulate the step from t=1.5 successfully

2020-06-08 10:41:44.282 start writing data after this step to InfluxDB

2020-06-08 10:41:44.283 write initial data to InfluxDB successfully, status code is 204

2020-06-08 10:41:44.283 start obtaining value of specified variables

2020-06-08 10:41:44.283 obtain value of specified variables successfully

2020-06-08 10:41:44.283 FMU simulate a step from t=1.6

2020-06-08 10:41:44.283 FMU simulate the step from t=1.6 successfully

2020-06-08 10:41:44.283 start writing data after this step to InfluxDB

2020-06-08 10:41:44.285 write initial data to InfluxDB successfully, status code is 204

2020-06-08 10:41:44.285 start obtaining value of specified variables

2020-06-08 10:41:44.285 obtain value of specified variables successfully

2020-06-08 10:41:44.285 FMU simulate a step from t=1.7

2020-06-08 10:41:44.285 FMU simulate the step from t=1.7 successfully

2020-06-08 10:41:44.285 start writing data after this step to InfluxDB

2020-06-08 10:41:44.286 write initial data to InfluxDB successfully, status code is 204

2020-06-08 10:41:44.287 start obtaining value of specified variables

2020-06-08 10:41:44.287 obtain value of specified variables successfully

2020-06-08 10:41:44.287 FMU simulate a step from t=1.8

2020-06-08 10:41:44.287 FMU simulate the step from t=1.8 successfully

2020-06-08 10:41:44.287 start writing data after this step to InfluxDB

2020-06-08 10:41:44.288 write initial data to InfluxDB successfully, status code is 204

2020-06-08 10:41:44.288 start obtaining value of specified variables

2020-06-08 10:41:44.288 obtain value of specified variables successfully

2020-06-08 10:41:44.288 FMU simulate a step from t=1.9

2020-06-08 10:41:44.288 FMU simulate the step from t=1.9 successfully

2020-06-08 10:41:44.288 start writing data after this step to InfluxDB

2020-06-08 10:41:44.290 write initial data to InfluxDB successfully, status code is 204

2020-06-08 10:41:44.290 start obtaining value of specified variables

2020-06-08 10:41:44.290 obtain value of specified variables successfully

2020-06-08 10:41:44.290 FMU simulate a step from t=2

2020-06-08 10:41:44.290 FMU simulate the step from t=2 successfully

2020-06-08 10:41:44.290 start writing data after this step to InfluxDB

2020-06-08 10:41:44.291 write initial data to InfluxDB successfully, status code is 204

2020-06-08 10:41:44.291 start obtaining value of specified variables

2020-06-08 10:41:44.291 obtain value of specified variables successfully

2020-06-08 10:41:44.291 FMU simulate a step from t=2.1

2020-06-08 10:41:44.291 FMU simulate the step from t=2.1 successfully

2020-06-08 10:41:44.291 start writing data after this step to InfluxDB

2020-06-08 10:41:44.293 write initial data to InfluxDB successfully, status code is 204

2020-06-08 10:41:44.293 start obtaining value of specified variables

2020-06-08 10:41:44.293 obtain value of specified variables successfully

2020-06-08 10:41:44.293 FMU simulate a step from t=2.2

2020-06-08 10:41:44.293 FMU simulate the step from t=2.2 successfully

2020-06-08 10:41:44.293 start writing data after this step to InfluxDB

2020-06-08 10:41:44.294 write initial data to InfluxDB successfully, status code is 204

2020-06-08 10:41:44.294 start obtaining value of specified variables

2020-06-08 10:41:44.295 obtain value of specified variables successfully

2020-06-08 10:41:44.295 FMU simulate a step from t=2.3

2020-06-08 10:41:44.295 FMU simulate the step from t=2.3 successfully

2020-06-08 10:41:44.295 start writing data after this step to InfluxDB

2020-06-08 10:41:44.296 write initial data to InfluxDB successfully, status code is 204

2020-06-08 10:41:44.296 start obtaining value of specified variables

2020-06-08 10:41:44.296 obtain value of specified variables successfully

2020-06-08 10:41:44.296 FMU simulate a step from t=2.4

2020-06-08 10:41:44.296 FMU simulate the step from t=2.4 successfully

2020-06-08 10:41:44.296 start writing data after this step to InfluxDB

2020-06-08 10:41:44.298 write initial data to InfluxDB successfully, status code is 204

2020-06-08 10:41:44.298 start obtaining value of specified variables

2020-06-08 10:41:44.298 obtain value of specified variables successfully

2020-06-08 10:41:44.298 FMU simulate a step from t=2.5

2020-06-08 10:41:44.298 FMU simulate the step from t=2.5 successfully

2020-06-08 10:41:44.298 start writing data after this step to InfluxDB

2020-06-08 10:41:44.300 write initial data to InfluxDB successfully, status code is 204

2020-06-08 10:41:44.300 start obtaining value of specified variables

2020-06-08 10:41:44.300 obtain value of specified variables successfully

2020-06-08 10:41:44.300 FMU simulate a step from t=2.6

2020-06-08 10:41:44.300 FMU simulate the step from t=2.6 successfully

2020-06-08 10:41:44.300 start writing data after this step to InfluxDB

2020-06-08 10:41:44.302 write initial data to InfluxDB successfully, status code is 204

2020-06-08 10:41:44.302 start obtaining value of specified variables

2020-06-08 10:41:44.302 obtain value of specified variables successfully

2020-06-08 10:41:44.302 FMU simulate a step from t=2.7

2020-06-08 10:41:44.302 FMU simulate the step from t=2.7 successfully

2020-06-08 10:41:44.302 start writing data after this step to InfluxDB

2020-06-08 10:41:44.303 write initial data to InfluxDB successfully, status code is 204

2020-06-08 10:41:44.303 start obtaining value of specified variables

2020-06-08 10:41:44.303 obtain value of specified variables successfully

2020-06-08 10:41:44.303 FMU simulate a step from t=2.8

2020-06-08 10:41:44.303 FMU simulate the step from t=2.8 successfully

2020-06-08 10:41:44.303 start writing data after this step to InfluxDB

2020-06-08 10:41:44.305 write initial data to InfluxDB successfully, status code is 204

2020-06-08 10:41:44.305 start obtaining value of specified variables

2020-06-08 10:41:44.305 obtain value of specified variables successfully

2020-06-08 10:41:44.305 FMU simulate a step from t=2.9

2020-06-08 10:41:44.305 FMU simulate the step from t=2.9 successfully

2020-06-08 10:41:44.305 start writing data after this step to InfluxDB

2020-06-08 10:41:44.306 write initial data to InfluxDB successfully, status code is 204

2020-06-08 10:41:44.306 start obtaining value of specified variables

2020-06-08 10:41:44.306 obtain value of specified variables successfully

2020-06-08 10:41:44.307 FMU simulate a step from t=3

2020-06-08 10:41:44.307 FMU simulate the step from t=3 successfully

2020-06-08 10:41:44.307 start writing data after this step to InfluxDB

2020-06-08 10:41:44.308 write initial data to InfluxDB successfully, status code is 204

2020-06-08 10:41:44.308 start obtaining value of specified variables

2020-06-08 10:41:44.308 obtain value of specified variables successfully

2020-06-08 10:41:44.308 FMU simulate a step from t=3.1

2020-06-08 10:41:44.308 FMU simulate the step from t=3.1 successfully

2020-06-08 10:41:44.308 start writing data after this step to InfluxDB

2020-06-08 10:41:44.310 write initial data to InfluxDB successfully, status code is 204

2020-06-08 10:41:44.310 start obtaining value of specified variables

2020-06-08 10:41:44.310 obtain value of specified variables successfully

2020-06-08 10:41:44.310 FMU simulate a step from t=3.2

2020-06-08 10:41:44.310 FMU simulate the step from t=3.2 successfully

2020-06-08 10:41:44.310 start writing data after this step to InfluxDB

2020-06-08 10:41:44.312 write initial data to InfluxDB successfully, status code is 204

2020-06-08 10:41:44.312 start obtaining value of specified variables

2020-06-08 10:41:44.312 obtain value of specified variables successfully

2020-06-08 10:41:44.312 FMU simulate a step from t=3.3

2020-06-08 10:41:44.312 FMU simulate the step from t=3.3 successfully

2020-06-08 10:41:44.312 start writing data after this step to InfluxDB

2020-06-08 10:41:44.314 write initial data to InfluxDB successfully, status code is 204

2020-06-08 10:41:44.314 start obtaining value of specified variables

2020-06-08 10:41:44.314 obtain value of specified variables successfully

2020-06-08 10:41:44.314 FMU simulate a step from t=3.4

2020-06-08 10:41:44.314 FMU simulate the step from t=3.4 successfully

2020-06-08 10:41:44.314 start writing data after this step to InfluxDB

2020-06-08 10:41:44.316 write initial data to InfluxDB successfully, status code is 204

2020-06-08 10:41:44.316 start obtaining value of specified variables

2020-06-08 10:41:44.316 obtain value of specified variables successfully

2020-06-08 10:41:44.316 FMU simulate a step from t=3.5

2020-06-08 10:41:44.316 FMU simulate the step from t=3.5 successfully

2020-06-08 10:41:44.316 start writing data after this step to InfluxDB

2020-06-08 10:41:44.319 write initial data to InfluxDB successfully, status code is 204

2020-06-08 10:41:44.319 start obtaining value of specified variables

2020-06-08 10:41:44.319 obtain value of specified variables successfully

2020-06-08 10:41:44.319 FMU simulate a step from t=3.6

2020-06-08 10:41:44.319 FMU simulate the step from t=3.6 successfully

2020-06-08 10:41:44.320 start writing data after this step to InfluxDB

2020-06-08 10:41:44.322 write initial data to InfluxDB successfully, status code is 204

2020-06-08 10:41:44.322 start obtaining value of specified variables

2020-06-08 10:41:44.322 obtain value of specified variables successfully

2020-06-08 10:41:44.322 FMU simulate a step from t=3.7

2020-06-08 10:41:44.322 FMU simulate the step from t=3.7 successfully

2020-06-08 10:41:44.322 start writing data after this step to InfluxDB

2020-06-08 10:41:44.324 write initial data to InfluxDB successfully, status code is 204

2020-06-08 10:41:44.324 start obtaining value of specified variables

2020-06-08 10:41:44.324 obtain value of specified variables successfully

2020-06-08 10:41:44.324 FMU simulate a step from t=3.8

2020-06-08 10:41:44.324 FMU simulate the step from t=3.8 successfully

2020-06-08 10:41:44.324 start writing data after this step to InfluxDB

2020-06-08 10:41:44.326 write initial data to InfluxDB successfully, status code is 204

2020-06-08 10:41:44.326 start obtaining value of specified variables

2020-06-08 10:41:44.326 obtain value of specified variables successfully

2020-06-08 10:41:44.326 FMU simulate a step from t=3.9

2020-06-08 10:41:44.326 FMU simulate the step from t=3.9 successfully

2020-06-08 10:41:44.326 start writing data after this step to InfluxDB

2020-06-08 10:41:44.329 write initial data to InfluxDB successfully, status code is 204

2020-06-08 10:41:44.329 start obtaining value of specified variables

2020-06-08 10:41:44.329 obtain value of specified variables successfully

2020-06-08 10:41:44.329 FMU simulate a step from t=4

2020-06-08 10:41:44.329 FMU simulate the step from t=4 successfully

2020-06-08 10:41:44.329 start writing data after this step to InfluxDB

2020-06-08 10:41:44.332 write initial data to InfluxDB successfully, status code is 204

2020-06-08 10:41:44.332 start obtaining value of specified variables

2020-06-08 10:41:44.332 obtain value of specified variables successfully

2020-06-08 10:41:44.332 FMU simulate a step from t=4.1

2020-06-08 10:41:44.332 FMU simulate the step from t=4.1 successfully

2020-06-08 10:41:44.332 start writing data after this step to InfluxDB

2020-06-08 10:41:44.334 write initial data to InfluxDB successfully, status code is 204

2020-06-08 10:41:44.334 start obtaining value of specified variables

2020-06-08 10:41:44.334 obtain value of specified variables successfully

2020-06-08 10:41:44.334 FMU simulate a step from t=4.2

2020-06-08 10:41:44.334 FMU simulate the step from t=4.2 successfully

2020-06-08 10:41:44.334 start writing data after this step to InfluxDB

2020-06-08 10:41:44.336 write initial data to InfluxDB successfully, status code is 204

2020-06-08 10:41:44.337 start obtaining value of specified variables

2020-06-08 10:41:44.337 obtain value of specified variables successfully

2020-06-08 10:41:44.337 FMU simulate a step from t=4.3

2020-06-08 10:41:44.337 FMU simulate the step from t=4.3 successfully

2020-06-08 10:41:44.337 start writing data after this step to InfluxDB

2020-06-08 10:41:44.339 write initial data to InfluxDB successfully, status code is 204

2020-06-08 10:41:44.339 start obtaining value of specified variables

2020-06-08 10:41:44.339 obtain value of specified variables successfully

2020-06-08 10:41:44.339 FMU simulate a step from t=4.4

2020-06-08 10:41:44.339 FMU simulate the step from t=4.4 successfully

2020-06-08 10:41:44.339 start writing data after this step to InfluxDB

2020-06-08 10:41:44.341 write initial data to InfluxDB successfully, status code is 204

2020-06-08 10:41:44.341 start obtaining value of specified variables

2020-06-08 10:41:44.341 obtain value of specified variables successfully

2020-06-08 10:41:44.342 FMU simulate a step from t=4.5

2020-06-08 10:41:44.342 FMU simulate the step from t=4.5 successfully

2020-06-08 10:41:44.342 start writing data after this step to InfluxDB

2020-06-08 10:41:44.343 write initial data to InfluxDB successfully, status code is 204

2020-06-08 10:41:44.343 start obtaining value of specified variables

2020-06-08 10:41:44.344 obtain value of specified variables successfully

2020-06-08 10:41:44.344 FMU simulate a step from t=4.6

2020-06-08 10:41:44.344 FMU simulate the step from t=4.6 successfully

2020-06-08 10:41:44.344 start writing data after this step to InfluxDB

2020-06-08 10:41:44.346 write initial data to InfluxDB successfully, status code is 204

2020-06-08 10:41:44.346 start obtaining value of specified variables

2020-06-08 10:41:44.346 obtain value of specified variables successfully

2020-06-08 10:41:44.346 FMU simulate a step from t=4.7

2020-06-08 10:41:44.346 FMU simulate the step from t=4.7 successfully

2020-06-08 10:41:44.346 start writing data after this step to InfluxDB

2020-06-08 10:41:44.348 write initial data to InfluxDB successfully, status code is 204

2020-06-08 10:41:44.348 start obtaining value of specified variables

2020-06-08 10:41:44.348 obtain value of specified variables successfully

2020-06-08 10:41:44.348 FMU simulate a step from t=4.8

2020-06-08 10:41:44.349 FMU simulate the step from t=4.8 successfully

2020-06-08 10:41:44.349 start writing data after this step to InfluxDB

2020-06-08 10:41:44.350 write initial data to InfluxDB successfully, status code is 204

2020-06-08 10:41:44.351 start obtaining value of specified variables

2020-06-08 10:41:44.351 obtain value of specified variables successfully

2020-06-08 10:41:44.351 FMU simulate a step from t=4.9

2020-06-08 10:41:44.351 FMU simulate the step from t=4.9 successfully

2020-06-08 10:41:44.351 start writing data after this step to InfluxDB

2020-06-08 10:41:44.352 write initial data to InfluxDB successfully, status code is 204

2020-06-08 10:41:44.352 start obtaining value of specified variables

2020-06-08 10:41:44.353 obtain value of specified variables successfully

2020-06-08 10:41:44.353 FMU simulate a step from t=5

2020-06-08 10:41:44.353 FMU simulate the step from t=5 successfully

2020-06-08 10:41:44.353 start writing data after this step to InfluxDB

2020-06-08 10:41:44.354 write initial data to InfluxDB successfully, status code is 204

2020-06-08 10:41:44.355 start obtaining value of specified variables

2020-06-08 10:41:44.355 obtain value of specified variables successfully

2020-06-08 10:41:44.355 FMU simulate a step from t=5.1

2020-06-08 10:41:44.355 FMU simulate the step from t=5.1 successfully

2020-06-08 10:41:44.355 start writing data after this step to InfluxDB

2020-06-08 10:41:44.357 write initial data to InfluxDB successfully, status code is 204

2020-06-08 10:41:44.357 start obtaining value of specified variables

2020-06-08 10:41:44.357 obtain value of specified variables successfully

2020-06-08 10:41:44.357 FMU simulate a step from t=5.2

2020-06-08 10:41:44.357 FMU simulate the step from t=5.2 successfully

2020-06-08 10:41:44.357 start writing data after this step to InfluxDB

2020-06-08 10:41:44.360 write initial data to InfluxDB successfully, status code is 204

2020-06-08 10:41:44.360 start obtaining value of specified variables

2020-06-08 10:41:44.360 obtain value of specified variables successfully

2020-06-08 10:41:44.360 FMU simulate a step from t=5.3

2020-06-08 10:41:44.360 FMU simulate the step from t=5.3 successfully

2020-06-08 10:41:44.360 start writing data after this step to InfluxDB

2020-06-08 10:41:44.361 write initial data to InfluxDB successfully, status code is 204

2020-06-08 10:41:44.362 start obtaining value of specified variables

2020-06-08 10:41:44.362 obtain value of specified variables successfully

2020-06-08 10:41:44.362 FMU simulate a step from t=5.4

2020-06-08 10:41:44.362 FMU simulate the step from t=5.4 successfully

2020-06-08 10:41:44.362 start writing data after this step to InfluxDB

2020-06-08 10:41:44.363 write initial data to InfluxDB successfully, status code is 204

2020-06-08 10:41:44.364 start obtaining value of specified variables

2020-06-08 10:41:44.364 obtain value of specified variables successfully

2020-06-08 10:41:44.364 FMU simulate a step from t=5.5

2020-06-08 10:41:44.364 FMU simulate the step from t=5.5 successfully

2020-06-08 10:41:44.364 start writing data after this step to InfluxDB

2020-06-08 10:41:44.366 write initial data to InfluxDB successfully, status code is 204

2020-06-08 10:41:44.366 start obtaining value of specified variables

2020-06-08 10:41:44.366 obtain value of specified variables successfully

2020-06-08 10:41:44.366 FMU simulate a step from t=5.6

2020-06-08 10:41:44.366 FMU simulate the step from t=5.6 successfully

2020-06-08 10:41:44.366 start writing data after this step to InfluxDB

2020-06-08 10:41:44.367 write initial data to InfluxDB successfully, status code is 204

2020-06-08 10:41:44.368 start obtaining value of specified variables

2020-06-08 10:41:44.368 obtain value of specified variables successfully

2020-06-08 10:41:44.368 FMU simulate a step from t=5.7

2020-06-08 10:41:44.368 FMU simulate the step from t=5.7 successfully

2020-06-08 10:41:44.368 start writing data after this step to InfluxDB

2020-06-08 10:41:44.370 write initial data to InfluxDB successfully, status code is 204

2020-06-08 10:41:44.370 start obtaining value of specified variables

2020-06-08 10:41:44.370 obtain value of specified variables successfully

2020-06-08 10:41:44.370 FMU simulate a step from t=5.8

2020-06-08 10:41:44.370 FMU simulate the step from t=5.8 successfully

2020-06-08 10:41:44.370 start writing data after this step to InfluxDB

2020-06-08 10:41:44.373 write initial data to InfluxDB successfully, status code is 204

2020-06-08 10:41:44.373 start obtaining value of specified variables

2020-06-08 10:41:44.374 obtain value of specified variables successfully

2020-06-08 10:41:44.374 FMU simulate a step from t=5.9

2020-06-08 10:41:44.374 FMU simulate the step from t=5.9 successfully

2020-06-08 10:41:44.374 start writing data after this step to InfluxDB

2020-06-08 10:41:44.377 write initial data to InfluxDB successfully, status code is 204

2020-06-08 10:41:44.377 start obtaining value of specified variables

2020-06-08 10:41:44.377 obtain value of specified variables successfully

2020-06-08 10:41:44.377 FMU simulate a step from t=6

2020-06-08 10:41:44.377 FMU simulate the step from t=6 successfully

2020-06-08 10:41:44.377 start writing data after this step to InfluxDB

2020-06-08 10:41:44.386 write initial data to InfluxDB successfully, status code is 204

2020-06-08 10:41:44.386 start obtaining value of specified variables

2020-06-08 10:41:44.386 obtain value of specified variables successfully

2020-06-08 10:41:44.387 end simulation successfully

2020-06-08 10:41:44.444 release 'fmu10/fmu/cs/win64/vanDerPol.fmu' successfully

2020-06-08 10:41:44.444 disconnect from InfluxDB  127.0.0.1 : 8086 successfully

2020-06-08 11:55:50.543 start loading 'fmu10/fmu/cs/win64/inc.fmu'

2020-06-08 11:55:50.638 load 'fmu10/fmu/cs/win64/inc.fmu' successfully

2020-06-08 11:55:50.638 start connecting to InfluxDB 127.0.0.1 : 8086

2020-06-08 11:55:50.647 connect to InfluxDB 127.0.0.1 : 8086 successfully

2020-06-08 11:55:50.647 start instantiating fmu

2020-06-08 11:55:50.648 instantiate fmu successfully

2020-06-08 11:55:50.648 start initializing fmu

2020-06-08 11:55:50.648 initialize fmu successfully

2020-06-08 11:55:50.648 start setting inputs

2020-06-08 11:55:50.648 set inputs successfully

2020-06-08 11:55:50.648 FMU Simulator: run 'fmu10/fmu/cs/win64/inc.fmu' from t=0..1 with step size h=0.1

2020-06-08 11:55:50.664 write initial data to InfluxDB successfully, status code is 204

2020-06-08 11:55:50.664 FMU simulate a step from t=0

2020-06-08 11:55:50.664 FMU simulate the step from t=0 successfully

2020-06-08 11:55:50.664 start writing data after this step to InfluxDB

2020-06-08 11:55:50.667 write initial data to InfluxDB successfully, status code is 204

2020-06-08 11:55:50.667 start obtaining value of specified variables

2020-06-08 11:55:50.667 obtain value of specified variables successfully

2020-06-08 11:55:50.667 FMU simulate a step from t=0.1

2020-06-08 11:55:50.667 FMU simulate the step from t=0.1 successfully

2020-06-08 11:55:50.667 start writing data after this step to InfluxDB

2020-06-08 11:55:50.670 write initial data to InfluxDB successfully, status code is 204

2020-06-08 11:55:50.670 start obtaining value of specified variables

2020-06-08 11:55:50.670 obtain value of specified variables successfully

2020-06-08 11:55:50.670 FMU simulate a step from t=0.2

2020-06-08 11:55:50.671 FMU simulate the step from t=0.2 successfully

2020-06-08 11:55:50.671 start writing data after this step to InfluxDB

2020-06-08 11:55:50.673 write initial data to InfluxDB successfully, status code is 204

2020-06-08 11:55:50.673 start obtaining value of specified variables

2020-06-08 11:55:50.673 obtain value of specified variables successfully

2020-06-08 11:55:50.673 FMU simulate a step from t=0.3

2020-06-08 11:55:50.673 FMU simulate the step from t=0.3 successfully

2020-06-08 11:55:50.673 start writing data after this step to InfluxDB

2020-06-08 11:55:50.676 write initial data to InfluxDB successfully, status code is 204

2020-06-08 11:55:50.676 start obtaining value of specified variables

2020-06-08 11:55:50.676 obtain value of specified variables successfully

2020-06-08 11:55:50.676 FMU simulate a step from t=0.4

2020-06-08 11:55:50.676 FMU simulate the step from t=0.4 successfully

2020-06-08 11:55:50.676 start writing data after this step to InfluxDB

2020-06-08 11:55:50.679 write initial data to InfluxDB successfully, status code is 204

2020-06-08 11:55:50.679 start obtaining value of specified variables

2020-06-08 11:55:50.679 obtain value of specified variables successfully

2020-06-08 11:55:50.679 FMU simulate a step from t=0.5

2020-06-08 11:55:50.679 FMU simulate the step from t=0.5 successfully

2020-06-08 11:55:50.679 start writing data after this step to InfluxDB

2020-06-08 11:55:50.681 write initial data to InfluxDB successfully, status code is 204

2020-06-08 11:55:50.682 start obtaining value of specified variables

2020-06-08 11:55:50.682 obtain value of specified variables successfully

2020-06-08 11:55:50.682 FMU simulate a step from t=0.6

2020-06-08 11:55:50.682 FMU simulate the step from t=0.6 successfully

2020-06-08 11:55:50.682 start writing data after this step to InfluxDB

2020-06-08 11:55:50.685 write initial data to InfluxDB successfully, status code is 204

2020-06-08 11:55:50.685 start obtaining value of specified variables

2020-06-08 11:55:50.685 obtain value of specified variables successfully

2020-06-08 11:55:50.685 FMU simulate a step from t=0.7

2020-06-08 11:55:50.685 FMU simulate the step from t=0.7 successfully

2020-06-08 11:55:50.685 start writing data after this step to InfluxDB

2020-06-08 11:55:50.687 write initial data to InfluxDB successfully, status code is 204

2020-06-08 11:55:50.687 start obtaining value of specified variables

2020-06-08 11:55:50.687 obtain value of specified variables successfully

2020-06-08 11:55:50.687 FMU simulate a step from t=0.8

2020-06-08 11:55:50.687 FMU simulate the step from t=0.8 successfully

2020-06-08 11:55:50.687 start writing data after this step to InfluxDB

2020-06-08 11:55:50.688 write initial data to InfluxDB successfully, status code is 204

2020-06-08 11:55:50.688 start obtaining value of specified variables

2020-06-08 11:55:50.688 obtain value of specified variables successfully

2020-06-08 11:55:50.688 FMU simulate a step from t=0.9

2020-06-08 11:55:50.689 FMU simulate the step from t=0.9 successfully

2020-06-08 11:55:50.689 start writing data after this step to InfluxDB

2020-06-08 11:55:50.690 write initial data to InfluxDB successfully, status code is 204

2020-06-08 11:55:50.690 start obtaining value of specified variables

2020-06-08 11:55:50.690 obtain value of specified variables successfully

2020-06-08 11:55:50.690 FMU simulate a step from t=1

2020-06-08 11:55:50.690 FMU simulate the step from t=1 successfully

2020-06-08 11:55:50.690 start writing data after this step to InfluxDB

2020-06-08 11:55:50.691 write initial data to InfluxDB successfully, status code is 204

2020-06-08 11:55:50.692 start obtaining value of specified variables

2020-06-08 11:55:50.692 obtain value of specified variables successfully

2020-06-08 11:55:50.692 end simulation successfully

2020-06-08 11:55:50.741 release 'fmu10/fmu/cs/win64/inc.fmu' successfully

2020-06-08 11:55:50.741 disconnect from InfluxDB  127.0.0.1 : 8086 successfully

2020-06-08 14:52:42.211 start loading 'fmu10/fmu/cs/win64/inc.fmu'

2020-06-08 14:52:42.358 load 'fmu10/fmu/cs/win64/inc.fmu' successfully

2020-06-08 14:52:42.358 start connecting to InfluxDB 127.0.0.1 : 8086

2020-06-08 14:52:42.368 connect to InfluxDB 127.0.0.1 : 8086 successfully

2020-06-08 14:52:42.368 start instantiating fmu

2020-06-08 14:52:42.369 instantiate fmu successfully

2020-06-08 14:52:42.369 start initializing fmu

2020-06-08 14:52:42.369 initialize fmu successfully

2020-06-08 14:52:42.369 start setting inputs

2020-06-08 14:52:42.369 set inputs successfully

2020-06-08 14:52:42.369 FMU Simulator: run 'fmu10/fmu/cs/win64/inc.fmu' from t=0..1 with step size h=0.1

2020-06-08 14:52:42.370 write initial data to InfluxDB failed, status code is 400

2020-06-08 14:53:52.841 start loading 'fmu10/fmu/cs/win64/inc.fmu'

2020-06-08 14:53:52.936 load 'fmu10/fmu/cs/win64/inc.fmu' successfully

2020-06-08 14:53:52.936 start connecting to InfluxDB 127.0.0.1 : 8086

2020-06-08 14:53:52.944 connect to InfluxDB 127.0.0.1 : 8086 successfully

2020-06-08 14:53:52.945 start instantiating fmu

2020-06-08 14:53:52.945 instantiate fmu successfully

2020-06-08 14:53:52.945 start initializing fmu

2020-06-08 14:53:52.946 initialize fmu successfully

2020-06-08 14:53:52.946 start setting inputs

2020-06-08 14:53:52.946 set inputs successfully

2020-06-08 14:53:52.946 FMU Simulator: run 'fmu10/fmu/cs/win64/inc.fmu' from t=0..1 with step size h=0.1

2020-06-08 14:53:52.957 write initial data to InfluxDB successfully, status code is 204

2020-06-08 14:53:52.957 FMU simulate a step from t=0

2020-06-08 14:53:52.957 FMU simulate the step from t=0 successfully

2020-06-08 14:53:52.957 start writing data after this step to InfluxDB

2020-06-08 14:53:52.962 write initial data to InfluxDB successfully, status code is 204

2020-06-08 14:53:52.963 start obtaining value of specified variables

2020-06-08 14:53:52.963 obtain value of specified variables successfully

2020-06-08 14:53:52.963 FMU simulate a step from t=0.1

2020-06-08 14:53:52.963 FMU simulate the step from t=0.1 successfully

2020-06-08 14:53:52.963 start writing data after this step to InfluxDB

2020-06-08 14:53:52.973 write initial data to InfluxDB successfully, status code is 204

2020-06-08 14:53:52.973 start obtaining value of specified variables

2020-06-08 14:53:52.973 obtain value of specified variables successfully

2020-06-08 14:53:52.973 FMU simulate a step from t=0.2

2020-06-08 14:53:52.973 FMU simulate the step from t=0.2 successfully

2020-06-08 14:53:52.973 start writing data after this step to InfluxDB

2020-06-08 14:53:52.976 write initial data to InfluxDB successfully, status code is 204

2020-06-08 14:53:52.976 start obtaining value of specified variables

2020-06-08 14:53:52.976 obtain value of specified variables successfully

2020-06-08 14:53:52.976 FMU simulate a step from t=0.3

2020-06-08 14:53:52.976 FMU simulate the step from t=0.3 successfully

2020-06-08 14:53:52.976 start writing data after this step to InfluxDB

2020-06-08 14:53:52.979 write initial data to InfluxDB successfully, status code is 204

2020-06-08 14:53:52.979 start obtaining value of specified variables

2020-06-08 14:53:52.979 obtain value of specified variables successfully

2020-06-08 14:53:52.979 FMU simulate a step from t=0.4

2020-06-08 14:53:52.979 FMU simulate the step from t=0.4 successfully

2020-06-08 14:53:52.979 start writing data after this step to InfluxDB

2020-06-08 14:53:52.983 write initial data to InfluxDB successfully, status code is 204

2020-06-08 14:53:52.983 start obtaining value of specified variables

2020-06-08 14:53:52.983 obtain value of specified variables successfully

2020-06-08 14:53:52.983 FMU simulate a step from t=0.5

2020-06-08 14:53:52.983 FMU simulate the step from t=0.5 successfully

2020-06-08 14:53:52.983 start writing data after this step to InfluxDB

2020-06-08 14:53:52.986 write initial data to InfluxDB successfully, status code is 204

2020-06-08 14:53:52.986 start obtaining value of specified variables

2020-06-08 14:53:52.986 obtain value of specified variables successfully

2020-06-08 14:53:52.986 FMU simulate a step from t=0.6

2020-06-08 14:53:52.986 FMU simulate the step from t=0.6 successfully

2020-06-08 14:53:52.986 start writing data after this step to InfluxDB

2020-06-08 14:53:52.988 write initial data to InfluxDB successfully, status code is 204

2020-06-08 14:53:52.988 start obtaining value of specified variables

2020-06-08 14:53:52.988 obtain value of specified variables successfully

2020-06-08 14:53:52.988 FMU simulate a step from t=0.7

2020-06-08 14:53:52.988 FMU simulate the step from t=0.7 successfully

2020-06-08 14:53:52.988 start writing data after this step to InfluxDB

2020-06-08 14:53:52.990 write initial data to InfluxDB successfully, status code is 204

2020-06-08 14:53:52.990 start obtaining value of specified variables

2020-06-08 14:53:52.990 obtain value of specified variables successfully

2020-06-08 14:53:52.990 FMU simulate a step from t=0.8

2020-06-08 14:53:52.990 FMU simulate the step from t=0.8 successfully

2020-06-08 14:53:52.990 start writing data after this step to InfluxDB

2020-06-08 14:53:52.992 write initial data to InfluxDB successfully, status code is 204

2020-06-08 14:53:52.992 start obtaining value of specified variables

2020-06-08 14:53:52.992 obtain value of specified variables successfully

2020-06-08 14:53:52.992 FMU simulate a step from t=0.9

2020-06-08 14:53:52.992 FMU simulate the step from t=0.9 successfully

2020-06-08 14:53:52.992 start writing data after this step to InfluxDB

2020-06-08 14:53:52.994 write initial data to InfluxDB successfully, status code is 204

2020-06-08 14:53:52.994 start obtaining value of specified variables

2020-06-08 14:53:52.994 obtain value of specified variables successfully

2020-06-08 14:53:52.994 FMU simulate a step from t=1

2020-06-08 14:53:52.994 FMU simulate the step from t=1 successfully

2020-06-08 14:53:52.995 start writing data after this step to InfluxDB

2020-06-08 14:53:52.997 write initial data to InfluxDB successfully, status code is 204

2020-06-08 14:53:52.998 start obtaining value of specified variables

2020-06-08 14:53:52.998 obtain value of specified variables successfully

2020-06-08 14:53:52.998 end simulation successfully

2020-06-08 14:53:53.063 release 'fmu10/fmu/cs/win64/inc.fmu' successfully

2020-06-08 14:53:53.063 disconnect from InfluxDB  127.0.0.1 : 8086 successfully

2020-06-08 15:02:31.756 start loading 'fmu10/fmu/cs/win64/inc.fmu'

2020-06-08 15:02:31.844 load 'fmu10/fmu/cs/win64/inc.fmu' successfully

2020-06-08 15:02:31.844 start connecting to InfluxDB 127.0.0.1 : 8086

2020-06-08 15:02:31.852 connect to InfluxDB 127.0.0.1 : 8086 successfully

2020-06-08 15:02:31.852 start instantiating fmu

2020-06-08 15:02:31.853 instantiate fmu successfully

2020-06-08 15:02:31.853 start initializing fmu

2020-06-08 15:02:31.853 initialize fmu successfully

2020-06-08 15:02:31.853 start setting inputs

2020-06-08 15:02:31.853 set inputs successfully

2020-06-08 15:02:31.854 FMU Simulator: run 'fmu10/fmu/cs/win64/inc.fmu' from t=0..1 with step size h=0.1

2020-06-08 15:02:31.864 write initial data to InfluxDB successfully, status code is 204

2020-06-08 15:02:31.864 FMU simulate a step from t=0

2020-06-08 15:02:31.864 FMU simulate the step from t=0 successfully

2020-06-08 15:02:31.864 start writing data after this step to InfluxDB

2020-06-08 15:02:31.866 write initial data to InfluxDB successfully, status code is 204

2020-06-08 15:02:31.866 start obtaining value of specified variables

2020-06-08 15:02:31.866 obtain value of specified variables successfully

2020-06-08 15:02:31.866 FMU simulate a step from t=0.1

2020-06-08 15:02:31.866 FMU simulate the step from t=0.1 successfully

2020-06-08 15:02:31.866 start writing data after this step to InfluxDB

2020-06-08 15:02:31.868 write initial data to InfluxDB successfully, status code is 204

2020-06-08 15:02:31.868 start obtaining value of specified variables

2020-06-08 15:02:31.868 obtain value of specified variables successfully

2020-06-08 15:02:31.868 FMU simulate a step from t=0.2

2020-06-08 15:02:31.868 FMU simulate the step from t=0.2 successfully

2020-06-08 15:02:31.869 start writing data after this step to InfluxDB

2020-06-08 15:02:31.870 write initial data to InfluxDB successfully, status code is 204

2020-06-08 15:02:31.870 start obtaining value of specified variables

2020-06-08 15:02:31.870 obtain value of specified variables successfully

2020-06-08 15:02:31.870 FMU simulate a step from t=0.3

2020-06-08 15:02:31.871 FMU simulate the step from t=0.3 successfully

2020-06-08 15:02:31.871 start writing data after this step to InfluxDB

2020-06-08 15:02:31.873 write initial data to InfluxDB successfully, status code is 204

2020-06-08 15:02:31.874 start obtaining value of specified variables

2020-06-08 15:02:31.874 obtain value of specified variables successfully

2020-06-08 15:02:31.874 FMU simulate a step from t=0.4

2020-06-08 15:02:31.874 FMU simulate the step from t=0.4 successfully

2020-06-08 15:02:31.874 start writing data after this step to InfluxDB

2020-06-08 15:02:31.876 write initial data to InfluxDB successfully, status code is 204

2020-06-08 15:02:31.876 start obtaining value of specified variables

2020-06-08 15:02:31.876 obtain value of specified variables successfully

2020-06-08 15:02:31.876 FMU simulate a step from t=0.5

2020-06-08 15:02:31.876 FMU simulate the step from t=0.5 successfully

2020-06-08 15:02:31.876 start writing data after this step to InfluxDB

2020-06-08 15:02:31.878 write initial data to InfluxDB successfully, status code is 204

2020-06-08 15:02:31.878 start obtaining value of specified variables

2020-06-08 15:02:31.878 obtain value of specified variables successfully

2020-06-08 15:02:31.878 FMU simulate a step from t=0.6

2020-06-08 15:02:31.878 FMU simulate the step from t=0.6 successfully

2020-06-08 15:02:31.878 start writing data after this step to InfluxDB

2020-06-08 15:02:31.880 write initial data to InfluxDB successfully, status code is 204

2020-06-08 15:02:31.880 start obtaining value of specified variables

2020-06-08 15:02:31.880 obtain value of specified variables successfully

2020-06-08 15:02:31.880 FMU simulate a step from t=0.7

2020-06-08 15:02:31.880 FMU simulate the step from t=0.7 successfully

2020-06-08 15:02:31.880 start writing data after this step to InfluxDB

2020-06-08 15:02:31.882 write initial data to InfluxDB successfully, status code is 204

2020-06-08 15:02:31.882 start obtaining value of specified variables

2020-06-08 15:02:31.882 obtain value of specified variables successfully

2020-06-08 15:02:31.882 FMU simulate a step from t=0.8

2020-06-08 15:02:31.882 FMU simulate the step from t=0.8 successfully

2020-06-08 15:02:31.882 start writing data after this step to InfluxDB

2020-06-08 15:02:31.884 write initial data to InfluxDB successfully, status code is 204

2020-06-08 15:02:31.884 start obtaining value of specified variables

2020-06-08 15:02:31.884 obtain value of specified variables successfully

2020-06-08 15:02:31.884 FMU simulate a step from t=0.9

2020-06-08 15:02:31.884 FMU simulate the step from t=0.9 successfully

2020-06-08 15:02:31.884 start writing data after this step to InfluxDB

2020-06-08 15:02:31.885 write initial data to InfluxDB successfully, status code is 204

2020-06-08 15:02:31.885 start obtaining value of specified variables

2020-06-08 15:02:31.885 obtain value of specified variables successfully

2020-06-08 15:02:31.885 FMU simulate a step from t=1

2020-06-08 15:02:31.886 FMU simulate the step from t=1 successfully

2020-06-08 15:02:31.886 start writing data after this step to InfluxDB

2020-06-08 15:02:31.887 write initial data to InfluxDB successfully, status code is 204

2020-06-08 15:02:31.887 start obtaining value of specified variables

2020-06-08 15:02:31.887 obtain value of specified variables successfully

2020-06-08 15:02:31.887 end simulation successfully

2020-06-08 15:02:31.934 release 'fmu10/fmu/cs/win64/inc.fmu' successfully

2020-06-08 15:02:31.934 disconnect from InfluxDB  127.0.0.1 : 8086 successfully

2020-06-08 15:12:07.913 start loading 'fmu10/fmu/cs/win64/inc.fmu'

2020-06-08 15:12:08.012 load 'fmu10/fmu/cs/win64/inc.fmu' successfully

2020-06-08 15:12:08.012 start connecting to InfluxDB 127.0.0.1 : 8086

2020-06-08 15:12:08.022 connect to InfluxDB 127.0.0.1 : 8086 successfully

2020-06-08 15:12:08.022 start instantiating fmu

2020-06-08 15:12:08.023 instantiate fmu successfully

2020-06-08 15:12:08.023 start initializing fmu

2020-06-08 15:12:08.023 initialize fmu successfully

2020-06-08 15:12:08.023 start setting inputs

2020-06-08 15:12:08.023 set inputs successfully

2020-06-08 15:12:08.023 FMU Simulator: run 'fmu10/fmu/cs/win64/inc.fmu' from t=0..1 with step size h=0.1

2020-06-08 15:12:08.027 write initial data to InfluxDB successfully, status code is 204

2020-06-08 15:12:08.027 FMU simulate a step from t=0

2020-06-08 15:12:08.027 FMU simulate the step from t=0 successfully

2020-06-08 15:12:08.027 start writing data after this step to InfluxDB

2020-06-08 15:12:08.029 write initial data to InfluxDB successfully, status code is 204

2020-06-08 15:12:08.029 start obtaining value of specified variables

2020-06-08 15:12:08.029 obtain value of specified variables successfully

2020-06-08 15:12:08.029 FMU simulate a step from t=0.1

2020-06-08 15:12:08.029 FMU simulate the step from t=0.1 successfully

2020-06-08 15:12:08.029 start writing data after this step to InfluxDB

2020-06-08 15:12:08.032 write initial data to InfluxDB successfully, status code is 204

2020-06-08 15:12:08.032 start obtaining value of specified variables

2020-06-08 15:12:08.032 obtain value of specified variables successfully

2020-06-08 15:12:08.032 FMU simulate a step from t=0.2

2020-06-08 15:12:08.032 FMU simulate the step from t=0.2 successfully

2020-06-08 15:12:08.032 start writing data after this step to InfluxDB

2020-06-08 15:12:08.036 write initial data to InfluxDB successfully, status code is 204

2020-06-08 15:12:08.036 start obtaining value of specified variables

2020-06-08 15:12:08.036 obtain value of specified variables successfully

2020-06-08 15:12:08.036 FMU simulate a step from t=0.3

2020-06-08 15:12:08.036 FMU simulate the step from t=0.3 successfully

2020-06-08 15:12:08.036 start writing data after this step to InfluxDB

2020-06-08 15:12:08.038 write initial data to InfluxDB successfully, status code is 204

2020-06-08 15:12:08.038 start obtaining value of specified variables

2020-06-08 15:12:08.038 obtain value of specified variables successfully

2020-06-08 15:12:08.038 FMU simulate a step from t=0.4

2020-06-08 15:12:08.038 FMU simulate the step from t=0.4 successfully

2020-06-08 15:12:08.038 start writing data after this step to InfluxDB

2020-06-08 15:12:08.040 write initial data to InfluxDB successfully, status code is 204

2020-06-08 15:12:08.040 start obtaining value of specified variables

2020-06-08 15:12:08.040 obtain value of specified variables successfully

2020-06-08 15:12:08.040 FMU simulate a step from t=0.5

2020-06-08 15:12:08.040 FMU simulate the step from t=0.5 successfully

2020-06-08 15:12:08.040 start writing data after this step to InfluxDB

2020-06-08 15:12:08.042 write initial data to InfluxDB successfully, status code is 204

2020-06-08 15:12:08.042 start obtaining value of specified variables

2020-06-08 15:12:08.042 obtain value of specified variables successfully

2020-06-08 15:12:08.042 FMU simulate a step from t=0.6

2020-06-08 15:12:08.042 FMU simulate the step from t=0.6 successfully

2020-06-08 15:12:08.042 start writing data after this step to InfluxDB

2020-06-08 15:12:08.044 write initial data to InfluxDB successfully, status code is 204

2020-06-08 15:12:08.044 start obtaining value of specified variables

2020-06-08 15:12:08.044 obtain value of specified variables successfully

2020-06-08 15:12:08.044 FMU simulate a step from t=0.7

2020-06-08 15:12:08.044 FMU simulate the step from t=0.7 successfully

2020-06-08 15:12:08.044 start writing data after this step to InfluxDB

2020-06-08 15:12:08.046 write initial data to InfluxDB successfully, status code is 204

2020-06-08 15:12:08.046 start obtaining value of specified variables

2020-06-08 15:12:08.046 obtain value of specified variables successfully

2020-06-08 15:12:08.046 FMU simulate a step from t=0.8

2020-06-08 15:12:08.046 FMU simulate the step from t=0.8 successfully

2020-06-08 15:12:08.047 start writing data after this step to InfluxDB

2020-06-08 15:12:08.049 write initial data to InfluxDB successfully, status code is 204

2020-06-08 15:12:08.049 start obtaining value of specified variables

2020-06-08 15:12:08.049 obtain value of specified variables successfully

2020-06-08 15:12:08.049 FMU simulate a step from t=0.9

2020-06-08 15:12:08.049 FMU simulate the step from t=0.9 successfully

2020-06-08 15:12:08.049 start writing data after this step to InfluxDB

2020-06-08 15:12:08.052 write initial data to InfluxDB successfully, status code is 204

2020-06-08 15:12:08.052 start obtaining value of specified variables

2020-06-08 15:12:08.052 obtain value of specified variables successfully

2020-06-08 15:12:08.052 FMU simulate a step from t=1

2020-06-08 15:12:08.052 FMU simulate the step from t=1 successfully

2020-06-08 15:12:08.052 start writing data after this step to InfluxDB

2020-06-08 15:12:08.054 write initial data to InfluxDB successfully, status code is 204

2020-06-08 15:12:08.055 start obtaining value of specified variables

2020-06-08 15:12:08.055 obtain value of specified variables successfully

2020-06-08 15:12:08.055 end simulation successfully

2020-06-08 15:12:08.111 release 'fmu10/fmu/cs/win64/inc.fmu' successfully

2020-06-08 15:12:08.112 disconnect from InfluxDB  127.0.0.1 : 8086 successfully

2020-06-08 15:55:21.373 start loading 'fmu10/fmu/cs/win64/inc.fmu'

2020-06-08 15:55:21.466 load 'fmu10/fmu/cs/win64/inc.fmu' successfully

2020-06-08 15:55:21.466 start connecting to InfluxDB 127.0.0.1 : 8086

2020-06-08 15:55:21.474 connect to InfluxDB 127.0.0.1 : 8086 successfully

2020-06-08 15:55:21.474 start instantiating fmu

2020-06-08 15:55:21.475 instantiate fmu successfully

2020-06-08 15:55:21.475 start initializing fmu

2020-06-08 15:55:21.475 initialize fmu successfully

2020-06-08 15:55:21.475 start setting inputs

2020-06-08 15:55:21.475 set inputs successfully

2020-06-08 15:55:21.476 FMU Simulator: run 'fmu10/fmu/cs/win64/inc.fmu' from t=0..1 with step size h=0.1

2020-06-08 15:55:21.480 write initial data to InfluxDB successfully, status code is 204

2020-06-08 15:55:21.480 FMU simulate a step from t=0

2020-06-08 15:55:21.480 FMU simulate the step from t=0 successfully

2020-06-08 15:55:21.480 start writing data after this step to InfluxDB

2020-06-08 15:55:21.484 write initial data to InfluxDB successfully, status code is 204

2020-06-08 15:55:21.484 start obtaining value of specified variables

2020-06-08 15:55:21.484 obtain value of specified variables successfully

2020-06-08 15:55:21.484 FMU simulate a step from t=0.1

2020-06-08 15:55:21.484 FMU simulate the step from t=0.1 successfully

2020-06-08 15:55:21.484 start writing data after this step to InfluxDB

2020-06-08 15:55:21.487 write initial data to InfluxDB successfully, status code is 204

2020-06-08 15:55:21.487 start obtaining value of specified variables

2020-06-08 15:55:21.487 obtain value of specified variables successfully

2020-06-08 15:55:21.487 FMU simulate a step from t=0.2

2020-06-08 15:55:21.487 FMU simulate the step from t=0.2 successfully

2020-06-08 15:55:21.487 start writing data after this step to InfluxDB

2020-06-08 15:55:21.490 write initial data to InfluxDB successfully, status code is 204

2020-06-08 15:55:21.490 start obtaining value of specified variables

2020-06-08 15:55:21.490 obtain value of specified variables successfully

2020-06-08 15:55:21.490 FMU simulate a step from t=0.3

2020-06-08 15:55:21.490 FMU simulate the step from t=0.3 successfully

2020-06-08 15:55:21.490 start writing data after this step to InfluxDB

2020-06-08 15:55:21.492 write initial data to InfluxDB successfully, status code is 204

2020-06-08 15:55:21.492 start obtaining value of specified variables

2020-06-08 15:55:21.492 obtain value of specified variables successfully

2020-06-08 15:55:21.492 FMU simulate a step from t=0.4

2020-06-08 15:55:21.492 FMU simulate the step from t=0.4 successfully

2020-06-08 15:55:21.492 start writing data after this step to InfluxDB

2020-06-08 15:55:21.495 write initial data to InfluxDB successfully, status code is 204

2020-06-08 15:55:21.495 start obtaining value of specified variables

2020-06-08 15:55:21.495 obtain value of specified variables successfully

2020-06-08 15:55:21.495 FMU simulate a step from t=0.5

2020-06-08 15:55:21.495 FMU simulate the step from t=0.5 successfully

2020-06-08 15:55:21.495 start writing data after this step to InfluxDB

2020-06-08 15:55:21.497 write initial data to InfluxDB successfully, status code is 204

2020-06-08 15:55:21.497 start obtaining value of specified variables

2020-06-08 15:55:21.497 obtain value of specified variables successfully

2020-06-08 15:55:21.497 FMU simulate a step from t=0.6

2020-06-08 15:55:21.497 FMU simulate the step from t=0.6 successfully

2020-06-08 15:55:21.498 start writing data after this step to InfluxDB

2020-06-08 15:55:21.500 write initial data to InfluxDB successfully, status code is 204

2020-06-08 15:55:21.500 start obtaining value of specified variables

2020-06-08 15:55:21.500 obtain value of specified variables successfully

2020-06-08 15:55:21.500 FMU simulate a step from t=0.7

2020-06-08 15:55:21.501 FMU simulate the step from t=0.7 successfully

2020-06-08 15:55:21.501 start writing data after this step to InfluxDB

2020-06-08 15:55:21.510 write initial data to InfluxDB successfully, status code is 204

2020-06-08 15:55:21.510 start obtaining value of specified variables

2020-06-08 15:55:21.510 obtain value of specified variables successfully

2020-06-08 15:55:21.510 FMU simulate a step from t=0.8

2020-06-08 15:55:21.510 FMU simulate the step from t=0.8 successfully

2020-06-08 15:55:21.510 start writing data after this step to InfluxDB

2020-06-08 15:55:21.514 write initial data to InfluxDB successfully, status code is 204

2020-06-08 15:55:21.514 start obtaining value of specified variables

2020-06-08 15:55:21.514 obtain value of specified variables successfully

2020-06-08 15:55:21.514 FMU simulate a step from t=0.9

2020-06-08 15:55:21.514 FMU simulate the step from t=0.9 successfully

2020-06-08 15:55:21.514 start writing data after this step to InfluxDB

2020-06-08 15:55:21.518 write initial data to InfluxDB successfully, status code is 204

2020-06-08 15:55:21.518 start obtaining value of specified variables

2020-06-08 15:55:21.518 obtain value of specified variables successfully

2020-06-08 15:55:21.518 FMU simulate a step from t=1

2020-06-08 15:55:21.518 FMU simulate the step from t=1 successfully

2020-06-08 15:55:21.518 start writing data after this step to InfluxDB

2020-06-08 15:55:21.520 write initial data to InfluxDB successfully, status code is 204

2020-06-08 15:55:21.520 start obtaining value of specified variables

2020-06-08 15:55:21.520 obtain value of specified variables successfully

2020-06-08 15:55:21.520 end simulation successfully

2020-06-08 15:55:21.566 release 'fmu10/fmu/cs/win64/inc.fmu' successfully

2020-06-08 15:55:21.566 disconnect from InfluxDB  127.0.0.1 : 8086 successfully

2020-06-08 15:56:59.746 start loading 'fmu10/fmu/cs/win64/fullRobot_cs.fmu'

2020-06-08 15:56:59.894 load 'fmu10/fmu/cs/win64/fullRobot_cs.fmu' successfully

2020-06-08 15:56:59.894 start connecting to InfluxDB 127.0.0.1 : 8086

2020-06-08 15:56:59.901 connect to InfluxDB 127.0.0.1 : 8086 successfully

2020-06-08 15:56:59.901 start instantiating fmu

2020-06-08 15:56:59.903 instantiate fmu successfully

2020-06-08 15:56:59.903 start initializing fmu

2020-06-08 15:56:59.906 initialize fmu successfully

2020-06-08 15:56:59.906 start setting inputs

2020-06-08 15:56:59.906 set inputs successfully

2020-06-08 15:56:59.906 FMU Simulator: run 'fmu10/fmu/cs/win64/fullRobot_cs.fmu' from t=0..1.5 with step size h=0.1

2020-06-08 15:56:59.920 write initial data to InfluxDB successfully, status code is 204

2020-06-08 15:56:59.920 FMU simulate a step from t=0

2020-06-08 15:56:59.961 FMU simulate the step from t=0 successfully

2020-06-08 15:56:59.961 start writing data after this step to InfluxDB

2020-06-08 15:56:59.963 write initial data to InfluxDB successfully, status code is 204

2020-06-08 15:56:59.963 start obtaining value of specified variables

2020-06-08 15:56:59.963 obtain value of specified variables successfully

2020-06-08 15:56:59.963 FMU simulate a step from t=0.1

2020-06-08 15:56:59.969 FMU simulate the step from t=0.1 successfully

2020-06-08 15:56:59.970 start writing data after this step to InfluxDB

2020-06-08 15:56:59.972 write initial data to InfluxDB successfully, status code is 204

2020-06-08 15:56:59.972 start obtaining value of specified variables

2020-06-08 15:56:59.972 obtain value of specified variables successfully

2020-06-08 15:56:59.972 FMU simulate a step from t=0.2

2020-06-08 15:56:59.974 FMU simulate the step from t=0.2 successfully

2020-06-08 15:56:59.975 start writing data after this step to InfluxDB

2020-06-08 15:56:59.977 write initial data to InfluxDB successfully, status code is 204

2020-06-08 15:56:59.977 start obtaining value of specified variables

2020-06-08 15:56:59.977 obtain value of specified variables successfully

2020-06-08 15:56:59.977 FMU simulate a step from t=0.3

2020-06-08 15:56:59.978 FMU simulate the step from t=0.3 successfully

2020-06-08 15:56:59.978 start writing data after this step to InfluxDB

2020-06-08 15:56:59.980 write initial data to InfluxDB successfully, status code is 204

2020-06-08 15:56:59.980 start obtaining value of specified variables

2020-06-08 15:56:59.980 obtain value of specified variables successfully

2020-06-08 15:56:59.980 FMU simulate a step from t=0.4

2020-06-08 15:56:59.982 FMU simulate the step from t=0.4 successfully

2020-06-08 15:56:59.982 start writing data after this step to InfluxDB

2020-06-08 15:56:59.984 write initial data to InfluxDB successfully, status code is 204

2020-06-08 15:56:59.984 start obtaining value of specified variables

2020-06-08 15:56:59.984 obtain value of specified variables successfully

2020-06-08 15:56:59.984 FMU simulate a step from t=0.5

2020-06-08 15:56:59.986 FMU simulate the step from t=0.5 successfully

2020-06-08 15:56:59.986 start writing data after this step to InfluxDB

2020-06-08 15:56:59.988 write initial data to InfluxDB successfully, status code is 204

2020-06-08 15:56:59.988 start obtaining value of specified variables

2020-06-08 15:56:59.988 obtain value of specified variables successfully

2020-06-08 15:56:59.988 FMU simulate a step from t=0.6

2020-06-08 15:56:59.990 FMU simulate the step from t=0.6 successfully

2020-06-08 15:56:59.990 start writing data after this step to InfluxDB

2020-06-08 15:56:59.993 write initial data to InfluxDB successfully, status code is 204

2020-06-08 15:56:59.993 start obtaining value of specified variables

2020-06-08 15:56:59.993 obtain value of specified variables successfully

2020-06-08 15:56:59.993 FMU simulate a step from t=0.7

2020-06-08 15:56:59.995 FMU simulate the step from t=0.7 successfully

2020-06-08 15:56:59.995 start writing data after this step to InfluxDB

2020-06-08 15:56:59.997 write initial data to InfluxDB successfully, status code is 204

2020-06-08 15:56:59.997 start obtaining value of specified variables

2020-06-08 15:56:59.997 obtain value of specified variables successfully

2020-06-08 15:56:59.997 FMU simulate a step from t=0.8

2020-06-08 15:56:59.998 FMU simulate the step from t=0.8 successfully

2020-06-08 15:56:59.999 start writing data after this step to InfluxDB

2020-06-08 15:57:00.001 write initial data to InfluxDB successfully, status code is 204

2020-06-08 15:57:00.001 start obtaining value of specified variables

2020-06-08 15:57:00.001 obtain value of specified variables successfully

2020-06-08 15:57:00.001 FMU simulate a step from t=0.9

2020-06-08 15:57:00.004 FMU simulate the step from t=0.9 successfully

2020-06-08 15:57:00.004 start writing data after this step to InfluxDB

2020-06-08 15:57:00.006 write initial data to InfluxDB successfully, status code is 204

2020-06-08 15:57:00.006 start obtaining value of specified variables

2020-06-08 15:57:00.006 obtain value of specified variables successfully

2020-06-08 15:57:00.006 FMU simulate a step from t=1

2020-06-08 15:57:00.008 FMU simulate the step from t=1 successfully

2020-06-08 15:57:00.008 start writing data after this step to InfluxDB

2020-06-08 15:57:00.010 write initial data to InfluxDB successfully, status code is 204

2020-06-08 15:57:00.010 start obtaining value of specified variables

2020-06-08 15:57:00.010 obtain value of specified variables successfully

2020-06-08 15:57:00.010 FMU simulate a step from t=1.1

2020-06-08 15:57:00.012 FMU simulate the step from t=1.1 successfully

2020-06-08 15:57:00.012 start writing data after this step to InfluxDB

2020-06-08 15:57:00.016 write initial data to InfluxDB successfully, status code is 204

2020-06-08 15:57:00.016 start obtaining value of specified variables

2020-06-08 15:57:00.016 obtain value of specified variables successfully

2020-06-08 15:57:00.016 FMU simulate a step from t=1.2

2020-06-08 15:57:00.023 FMU simulate the step from t=1.2 successfully

2020-06-08 15:57:00.023 start writing data after this step to InfluxDB

2020-06-08 15:57:00.025 write initial data to InfluxDB successfully, status code is 204

2020-06-08 15:57:00.025 start obtaining value of specified variables

2020-06-08 15:57:00.025 obtain value of specified variables successfully

2020-06-08 15:57:00.025 FMU simulate a step from t=1.3

2020-06-08 15:57:00.047 FMU simulate the step from t=1.3 successfully

2020-06-08 15:57:00.047 start writing data after this step to InfluxDB

2020-06-08 15:57:00.049 write initial data to InfluxDB successfully, status code is 204

2020-06-08 15:57:00.049 start obtaining value of specified variables

2020-06-08 15:57:00.049 obtain value of specified variables successfully

2020-06-08 15:57:00.049 FMU simulate a step from t=1.4

2020-06-08 15:57:00.074 FMU simulate the step from t=1.4 successfully

2020-06-08 15:57:00.075 start writing data after this step to InfluxDB

2020-06-08 15:57:00.079 write initial data to InfluxDB successfully, status code is 204

2020-06-08 15:57:00.079 start obtaining value of specified variables

2020-06-08 15:57:00.079 obtain value of specified variables successfully

2020-06-08 15:57:00.081 end simulation successfully

2020-06-08 15:57:00.194 release 'fmu10/fmu/cs/win64/fullRobot_cs.fmu' successfully

2020-06-08 15:57:00.194 disconnect from InfluxDB  127.0.0.1 : 8086 successfully

2020-06-08 16:24:09.413 start loading 'fmu10/fmu/cs/win64/inc.fmu'

2020-06-08 16:24:09.508 load 'fmu10/fmu/cs/win64/inc.fmu' successfully

2020-06-08 16:24:09.508 start connecting to InfluxDB 127.0.0.1 : 8086

2020-06-08 16:24:09.519 connect to InfluxDB 127.0.0.1 : 8086 successfully

2020-06-08 16:24:09.519 start instantiating fmu

2020-06-08 16:24:09.520 instantiate fmu successfully

2020-06-08 16:24:09.520 start initializing fmu

2020-06-08 16:24:09.520 initialize fmu successfully

2020-06-08 16:24:09.520 start setting inputs

2020-06-08 16:24:09.520 set inputs successfully

2020-06-08 16:24:09.520 FMU Simulator: run 'fmu10/fmu/cs/win64/inc.fmu' from t=0..1 with step size h=0.1

2020-06-08 16:24:09.520 start simulating the whole process and writing data to InfluxDB

2020-06-08 16:24:09.524 write initial data to InfluxDB successfully, status code is 204

2020-06-08 16:24:09.524 FMU simulate a step from t=0

2020-06-08 16:24:09.524 FMU simulate the step from t=0 successfully

2020-06-08 16:24:09.527 write data to InfluxDB successfully, status code is 204

2020-06-08 16:24:09.527 FMU simulate a step from t=0.1

2020-06-08 16:24:09.527 FMU simulate the step from t=0.1 successfully

2020-06-08 16:24:09.530 write data to InfluxDB successfully, status code is 204

2020-06-08 16:24:09.531 FMU simulate a step from t=0.2

2020-06-08 16:24:09.531 FMU simulate the step from t=0.2 successfully

2020-06-08 16:24:09.533 write data to InfluxDB successfully, status code is 204

2020-06-08 16:24:09.533 FMU simulate a step from t=0.3

2020-06-08 16:24:09.534 FMU simulate the step from t=0.3 successfully

2020-06-08 16:24:09.536 write data to InfluxDB successfully, status code is 204

2020-06-08 16:24:09.536 FMU simulate a step from t=0.4

2020-06-08 16:24:09.536 FMU simulate the step from t=0.4 successfully

2020-06-08 16:24:09.539 write data to InfluxDB successfully, status code is 204

2020-06-08 16:24:09.539 FMU simulate a step from t=0.5

2020-06-08 16:24:09.539 FMU simulate the step from t=0.5 successfully

2020-06-08 16:24:09.541 write data to InfluxDB successfully, status code is 204

2020-06-08 16:24:09.541 FMU simulate a step from t=0.6

2020-06-08 16:24:09.542 FMU simulate the step from t=0.6 successfully

2020-06-08 16:24:09.545 write data to InfluxDB successfully, status code is 204

2020-06-08 16:24:09.545 FMU simulate a step from t=0.7

2020-06-08 16:24:09.545 FMU simulate the step from t=0.7 successfully

2020-06-08 16:24:09.547 write data to InfluxDB successfully, status code is 204

2020-06-08 16:24:09.547 FMU simulate a step from t=0.8

2020-06-08 16:24:09.547 FMU simulate the step from t=0.8 successfully

2020-06-08 16:24:09.549 write data to InfluxDB successfully, status code is 204

2020-06-08 16:24:09.549 FMU simulate a step from t=0.9

2020-06-08 16:24:09.549 FMU simulate the step from t=0.9 successfully

2020-06-08 16:24:09.551 write data to InfluxDB successfully, status code is 204

2020-06-08 16:24:09.551 FMU simulate a step from t=1

2020-06-08 16:24:09.551 FMU simulate the step from t=1 successfully

2020-06-08 16:24:09.553 write data to InfluxDB successfully, status code is 204

2020-06-08 16:24:09.553 simulate the whole process and write data to InfluxDB successfully

2020-06-08 16:24:09.553 end simulation successfully

2020-06-08 16:24:09.602 release 'fmu10/fmu/cs/win64/inc.fmu' successfully

2020-06-08 16:24:09.603 disconnect from InfluxDB  127.0.0.1 : 8086 successfully

2020-06-08 17:05:06.639 start loading 'fmu10/fmu/cs/win64/inc.fmu'

2020-06-08 17:05:06.733 load 'fmu10/fmu/cs/win64/inc.fmu' successfully

2020-06-08 17:05:06.733 start connecting to InfluxDB 127.0.0.1 : 8086

2020-06-08 17:05:06.741 connect to InfluxDB 127.0.0.1 : 8086 successfully

2020-06-08 17:05:06.741 start instantiating fmu

2020-06-08 17:05:06.742 instantiate fmu successfully

2020-06-08 17:05:06.742 start initializing fmu

2020-06-08 17:05:06.742 initialize fmu successfully

2020-06-08 17:05:06.742 start setting inputs

2020-06-08 17:05:06.742 set inputs successfully

2020-06-08 17:05:06.742 FMU Simulator: run 'fmu10/fmu/cs/win64/inc.fmu' from t=0..1 with step size h=0.1

2020-06-08 17:05:06.746 write initial data to InfluxDB successfully, status code is 204

2020-06-08 17:05:06.746 FMU simulate a step from t=0

2020-06-08 17:05:06.746 FMU simulate the step from t=0 successfully

2020-06-08 17:05:06.747 start writing data after this step to InfluxDB

2020-06-08 17:05:06.753 write initial data to InfluxDB successfully, status code is 204

2020-06-08 17:05:06.753 start obtaining value of specified variables

2020-06-08 17:05:06.753 obtain value of specified variables successfully

2020-06-08 17:05:06.753 FMU simulate a step from t=0.1

2020-06-08 17:05:06.753 FMU simulate the step from t=0.1 successfully

2020-06-08 17:05:06.753 start writing data after this step to InfluxDB

2020-06-08 17:05:06.756 write initial data to InfluxDB successfully, status code is 204

2020-06-08 17:05:06.756 start obtaining value of specified variables

2020-06-08 17:05:06.756 obtain value of specified variables successfully

2020-06-08 17:05:06.756 FMU simulate a step from t=0.2

2020-06-08 17:05:06.756 FMU simulate the step from t=0.2 successfully

2020-06-08 17:05:06.756 start writing data after this step to InfluxDB

2020-06-08 17:05:06.759 write initial data to InfluxDB successfully, status code is 204

2020-06-08 17:05:06.759 start obtaining value of specified variables

2020-06-08 17:05:06.759 obtain value of specified variables successfully

2020-06-08 17:05:06.759 FMU simulate a step from t=0.3

2020-06-08 17:05:06.759 FMU simulate the step from t=0.3 successfully

2020-06-08 17:05:06.759 start writing data after this step to InfluxDB

2020-06-08 17:05:06.761 write initial data to InfluxDB successfully, status code is 204

2020-06-08 17:05:06.762 start obtaining value of specified variables

2020-06-08 17:05:06.762 obtain value of specified variables successfully

2020-06-08 17:05:06.762 FMU simulate a step from t=0.4

2020-06-08 17:05:06.762 FMU simulate the step from t=0.4 successfully

2020-06-08 17:05:06.762 start writing data after this step to InfluxDB

2020-06-08 17:05:06.765 write initial data to InfluxDB successfully, status code is 204

2020-06-08 17:05:06.765 start obtaining value of specified variables

2020-06-08 17:05:06.765 obtain value of specified variables successfully

2020-06-08 17:05:06.765 FMU simulate a step from t=0.5

2020-06-08 17:05:06.765 FMU simulate the step from t=0.5 successfully

2020-06-08 17:05:06.765 start writing data after this step to InfluxDB

2020-06-08 17:05:06.769 write initial data to InfluxDB successfully, status code is 204

2020-06-08 17:05:06.769 start obtaining value of specified variables

2020-06-08 17:05:06.769 obtain value of specified variables successfully

2020-06-08 17:05:06.769 FMU simulate a step from t=0.6

2020-06-08 17:05:06.769 FMU simulate the step from t=0.6 successfully

2020-06-08 17:05:06.769 start writing data after this step to InfluxDB

2020-06-08 17:05:06.771 write initial data to InfluxDB successfully, status code is 204

2020-06-08 17:05:06.771 start obtaining value of specified variables

2020-06-08 17:05:06.771 obtain value of specified variables successfully

2020-06-08 17:05:06.771 FMU simulate a step from t=0.7

2020-06-08 17:05:06.771 FMU simulate the step from t=0.7 successfully

2020-06-08 17:05:06.772 start writing data after this step to InfluxDB

2020-06-08 17:05:06.773 write initial data to InfluxDB successfully, status code is 204

2020-06-08 17:05:06.773 start obtaining value of specified variables

2020-06-08 17:05:06.773 obtain value of specified variables successfully

2020-06-08 17:05:06.773 FMU simulate a step from t=0.8

2020-06-08 17:05:06.773 FMU simulate the step from t=0.8 successfully

2020-06-08 17:05:06.773 start writing data after this step to InfluxDB

2020-06-08 17:05:06.775 write initial data to InfluxDB successfully, status code is 204

2020-06-08 17:05:06.775 start obtaining value of specified variables

2020-06-08 17:05:06.775 obtain value of specified variables successfully

2020-06-08 17:05:06.775 FMU simulate a step from t=0.9

2020-06-08 17:05:06.775 FMU simulate the step from t=0.9 successfully

2020-06-08 17:05:06.775 start writing data after this step to InfluxDB

2020-06-08 17:05:06.776 write initial data to InfluxDB successfully, status code is 204

2020-06-08 17:05:06.776 start obtaining value of specified variables

2020-06-08 17:05:06.776 obtain value of specified variables successfully

2020-06-08 17:05:06.776 FMU simulate a step from t=1

2020-06-08 17:05:06.776 FMU simulate the step from t=1 successfully

2020-06-08 17:05:06.776 start writing data after this step to InfluxDB

2020-06-08 17:05:06.778 write initial data to InfluxDB successfully, status code is 204

2020-06-08 17:05:06.778 start obtaining value of specified variables

2020-06-08 17:05:06.778 obtain value of specified variables successfully

2020-06-08 17:05:06.778 end simulation successfully

2020-06-08 17:05:06.829 release 'fmu10/fmu/cs/win64/inc.fmu' successfully

2020-06-08 17:05:06.829 disconnect from InfluxDB  127.0.0.1 : 8086 successfully

2020-06-08 17:05:23.261 start loading 'fmu10/fmu/cs/win64/inc.fmu'

2020-06-08 17:05:23.354 load 'fmu10/fmu/cs/win64/inc.fmu' successfully

2020-06-08 17:05:23.354 start connecting to InfluxDB 127.0.0.1 : 8086

2020-06-08 17:05:23.363 connect to InfluxDB 127.0.0.1 : 8086 successfully

2020-06-08 17:05:23.364 start instantiating fmu

2020-06-08 17:05:23.365 instantiate fmu successfully

2020-06-08 17:05:23.365 start initializing fmu

2020-06-08 17:05:23.365 initialize fmu successfully

2020-06-08 17:05:23.365 start setting inputs

2020-06-08 17:05:23.366 set inputs successfully

2020-06-08 17:05:23.366 FMU Simulator: run 'fmu10/fmu/cs/win64/inc.fmu' from t=0..1 with step size h=0.1

2020-06-08 17:05:23.376 write initial data to InfluxDB successfully, status code is 204

2020-06-08 17:05:23.376 FMU simulate a step from t=0

2020-06-08 17:05:23.376 FMU simulate the step from t=0 successfully

2020-06-08 17:05:23.376 start writing data after this step to InfluxDB

2020-06-08 17:05:23.378 write initial data to InfluxDB successfully, status code is 204

2020-06-08 17:05:23.378 start obtaining value of specified variables

2020-06-08 17:05:23.378 obtain value of specified variables successfully

2020-06-08 17:05:23.378 FMU simulate a step from t=0.1

2020-06-08 17:05:23.378 FMU simulate the step from t=0.1 successfully

2020-06-08 17:05:23.378 start writing data after this step to InfluxDB

2020-06-08 17:05:23.380 write initial data to InfluxDB successfully, status code is 204

2020-06-08 17:05:23.380 start obtaining value of specified variables

2020-06-08 17:05:23.380 obtain value of specified variables successfully

2020-06-08 17:05:23.380 FMU simulate a step from t=0.2

2020-06-08 17:05:23.380 FMU simulate the step from t=0.2 successfully

2020-06-08 17:05:23.380 start writing data after this step to InfluxDB

2020-06-08 17:05:23.382 write initial data to InfluxDB successfully, status code is 204

2020-06-08 17:05:23.382 start obtaining value of specified variables

2020-06-08 17:05:23.383 obtain value of specified variables successfully

2020-06-08 17:05:23.383 FMU simulate a step from t=0.3

2020-06-08 17:05:23.383 FMU simulate the step from t=0.3 successfully

2020-06-08 17:05:23.383 start writing data after this step to InfluxDB

2020-06-08 17:05:23.385 write initial data to InfluxDB successfully, status code is 204

2020-06-08 17:05:23.385 start obtaining value of specified variables

2020-06-08 17:05:23.385 obtain value of specified variables successfully

2020-06-08 17:05:23.385 FMU simulate a step from t=0.4

2020-06-08 17:05:23.385 FMU simulate the step from t=0.4 successfully

2020-06-08 17:05:23.385 start writing data after this step to InfluxDB

2020-06-08 17:05:23.388 write initial data to InfluxDB successfully, status code is 204

2020-06-08 17:05:23.388 start obtaining value of specified variables

2020-06-08 17:05:23.389 obtain value of specified variables successfully

2020-06-08 17:05:23.389 FMU simulate a step from t=0.5

2020-06-08 17:05:23.389 FMU simulate the step from t=0.5 successfully

2020-06-08 17:05:23.389 start writing data after this step to InfluxDB

2020-06-08 17:05:23.392 write initial data to InfluxDB successfully, status code is 204

2020-06-08 17:05:23.392 start obtaining value of specified variables

2020-06-08 17:05:23.392 obtain value of specified variables successfully

2020-06-08 17:05:23.392 FMU simulate a step from t=0.6

2020-06-08 17:05:23.392 FMU simulate the step from t=0.6 successfully

2020-06-08 17:05:23.392 start writing data after this step to InfluxDB

2020-06-08 17:05:23.394 write initial data to InfluxDB successfully, status code is 204

2020-06-08 17:05:23.394 start obtaining value of specified variables

2020-06-08 17:05:23.394 obtain value of specified variables successfully

2020-06-08 17:05:23.394 FMU simulate a step from t=0.7

2020-06-08 17:05:23.394 FMU simulate the step from t=0.7 successfully

2020-06-08 17:05:23.394 start writing data after this step to InfluxDB

2020-06-08 17:05:23.396 write initial data to InfluxDB successfully, status code is 204

2020-06-08 17:05:23.396 start obtaining value of specified variables

2020-06-08 17:05:23.396 obtain value of specified variables successfully

2020-06-08 17:05:23.396 FMU simulate a step from t=0.8

2020-06-08 17:05:23.396 FMU simulate the step from t=0.8 successfully

2020-06-08 17:05:23.396 start writing data after this step to InfluxDB

2020-06-08 17:05:23.398 write initial data to InfluxDB successfully, status code is 204

2020-06-08 17:05:23.398 start obtaining value of specified variables

2020-06-08 17:05:23.400 obtain value of specified variables successfully

2020-06-08 17:05:23.400 FMU simulate a step from t=0.9

2020-06-08 17:05:23.400 FMU simulate the step from t=0.9 successfully

2020-06-08 17:05:23.400 start writing data after this step to InfluxDB

2020-06-08 17:05:23.402 write initial data to InfluxDB successfully, status code is 204

2020-06-08 17:05:23.403 start obtaining value of specified variables

2020-06-08 17:05:23.403 obtain value of specified variables successfully

2020-06-08 17:05:23.403 FMU simulate a step from t=1

2020-06-08 17:05:23.403 FMU simulate the step from t=1 successfully

2020-06-08 17:05:23.403 start writing data after this step to InfluxDB

2020-06-08 17:05:23.405 write initial data to InfluxDB successfully, status code is 204

2020-06-08 17:05:23.405 start obtaining value of specified variables

2020-06-08 17:05:23.405 obtain value of specified variables successfully

2020-06-08 17:05:23.406 end simulation successfully

2020-06-08 17:05:23.451 release 'fmu10/fmu/cs/win64/inc.fmu' successfully

2020-06-08 17:05:23.451 disconnect from InfluxDB  127.0.0.1 : 8086 successfully

2020-06-08 17:08:49.240 start loading 'fmu10/fmu/cs/win64/inc.fmu'

2020-06-08 17:08:49.346 load 'fmu10/fmu/cs/win64/inc.fmu' successfully

2020-06-08 17:08:49.346 start connecting to InfluxDB 127.0.0.1 : 8086

2020-06-08 17:08:49.356 connect to InfluxDB 127.0.0.1 : 8086 successfully

2020-06-08 17:08:49.356 start instantiating fmu

2020-06-08 17:08:49.357 instantiate fmu successfully

2020-06-08 17:08:49.357 start initializing fmu

2020-06-08 17:08:49.357 initialize fmu successfully

2020-06-08 17:08:49.357 start setting inputs

2020-06-08 17:08:49.357 set inputs successfully

2020-06-08 17:08:49.357 FMU Simulator: run 'fmu10/fmu/cs/win64/inc.fmu' from t=0..1 with step size h=0.1

2020-06-08 17:08:49.360 write initial data to InfluxDB successfully, status code is 204

2020-06-08 17:08:49.360 FMU simulate a step from t=0

2020-06-08 17:08:49.360 FMU simulate the step from t=0 successfully

2020-06-08 17:08:49.361 start writing data after this step to InfluxDB

2020-06-08 17:08:49.362 write initial data to InfluxDB successfully, status code is 204

2020-06-08 17:08:49.362 start obtaining value of specified variables

2020-06-08 17:08:49.363 obtain value of specified variables successfully

2020-06-08 17:08:49.363 FMU simulate a step from t=0.1

2020-06-08 17:08:49.363 FMU simulate the step from t=0.1 successfully

2020-06-08 17:08:49.363 start writing data after this step to InfluxDB

2020-06-08 17:08:49.365 write initial data to InfluxDB successfully, status code is 204

2020-06-08 17:08:49.366 start obtaining value of specified variables

2020-06-08 17:08:49.366 obtain value of specified variables successfully

2020-06-08 17:08:49.366 FMU simulate a step from t=0.2

2020-06-08 17:08:49.366 FMU simulate the step from t=0.2 successfully

2020-06-08 17:08:49.366 start writing data after this step to InfluxDB

2020-06-08 17:08:49.368 write initial data to InfluxDB successfully, status code is 204

2020-06-08 17:08:49.368 start obtaining value of specified variables

2020-06-08 17:08:49.368 obtain value of specified variables successfully

2020-06-08 17:08:49.368 FMU simulate a step from t=0.3

2020-06-08 17:08:49.368 FMU simulate the step from t=0.3 successfully

2020-06-08 17:08:49.368 start writing data after this step to InfluxDB

2020-06-08 17:08:49.370 write initial data to InfluxDB successfully, status code is 204

2020-06-08 17:08:49.370 start obtaining value of specified variables

2020-06-08 17:08:49.372 obtain value of specified variables successfully

2020-06-08 17:08:49.373 FMU simulate a step from t=0.4

2020-06-08 17:08:49.373 FMU simulate the step from t=0.4 successfully

2020-06-08 17:08:49.373 start writing data after this step to InfluxDB

2020-06-08 17:08:49.375 write initial data to InfluxDB successfully, status code is 204

2020-06-08 17:08:49.375 start obtaining value of specified variables

2020-06-08 17:08:49.378 obtain value of specified variables successfully

2020-06-08 17:08:49.378 FMU simulate a step from t=0.5

2020-06-08 17:08:49.378 FMU simulate the step from t=0.5 successfully

2020-06-08 17:08:49.378 start writing data after this step to InfluxDB

2020-06-08 17:08:49.380 write initial data to InfluxDB successfully, status code is 204

2020-06-08 17:08:49.380 start obtaining value of specified variables

2020-06-08 17:08:49.380 obtain value of specified variables successfully

2020-06-08 17:08:49.380 FMU simulate a step from t=0.6

2020-06-08 17:08:49.380 FMU simulate the step from t=0.6 successfully

2020-06-08 17:08:49.380 start writing data after this step to InfluxDB

2020-06-08 17:08:49.382 write initial data to InfluxDB successfully, status code is 204

2020-06-08 17:08:49.382 start obtaining value of specified variables

2020-06-08 17:08:49.384 obtain value of specified variables successfully

2020-06-08 17:08:49.384 FMU simulate a step from t=0.7

2020-06-08 17:08:49.384 FMU simulate the step from t=0.7 successfully

2020-06-08 17:08:49.384 start writing data after this step to InfluxDB

2020-06-08 17:08:49.385 write initial data to InfluxDB successfully, status code is 204

2020-06-08 17:08:49.386 start obtaining value of specified variables

2020-06-08 17:08:49.386 obtain value of specified variables successfully

2020-06-08 17:08:49.386 FMU simulate a step from t=0.8

2020-06-08 17:08:49.386 FMU simulate the step from t=0.8 successfully

2020-06-08 17:08:49.386 start writing data after this step to InfluxDB

2020-06-08 17:08:49.388 write initial data to InfluxDB successfully, status code is 204

2020-06-08 17:08:49.389 start obtaining value of specified variables

2020-06-08 17:08:49.391 obtain value of specified variables successfully

2020-06-08 17:08:49.391 FMU simulate a step from t=0.9

2020-06-08 17:08:49.391 FMU simulate the step from t=0.9 successfully

2020-06-08 17:08:49.391 start writing data after this step to InfluxDB

2020-06-08 17:08:49.394 write initial data to InfluxDB successfully, status code is 204

2020-06-08 17:08:49.394 start obtaining value of specified variables

2020-06-08 17:08:49.394 obtain value of specified variables successfully

2020-06-08 17:08:49.394 FMU simulate a step from t=1

2020-06-08 17:08:49.394 FMU simulate the step from t=1 successfully

2020-06-08 17:08:49.394 start writing data after this step to InfluxDB

2020-06-08 17:08:49.396 write initial data to InfluxDB successfully, status code is 204

2020-06-08 17:08:49.396 start obtaining value of specified variables

2020-06-08 17:08:49.396 obtain value of specified variables successfully

2020-06-08 17:08:49.396 end simulation successfully

2020-06-08 17:08:49.446 release 'fmu10/fmu/cs/win64/inc.fmu' successfully

2020-06-08 17:08:49.446 disconnect from InfluxDB  127.0.0.1 : 8086 successfully

